Archive member included because of file (symbol)

.\CortexM0\ARM_GCC_493\Debug\CapSense_CSD_P4_Sample.a(cyfitter_cfg.o)
                              .\CortexM0\ARM_GCC_493\Debug\Cm0Start.o (cyfitter_cfg)
.\CortexM0\ARM_GCC_493\Debug\CapSense_CSD_P4_Sample.a(LED_CONTROL.o)
                              .\CortexM0\ARM_GCC_493\Debug\main.o (LED_CONTROL_WriteCompare)
.\CortexM0\ARM_GCC_493\Debug\CapSense_CSD_P4_Sample.a(CyBootAsmGnu.o)
                              .\CortexM0\ARM_GCC_493\Debug\CapSense_CSD_P4_Sample.a(LED_CONTROL.o) (CyEnterCriticalSection)
.\CortexM0\ARM_GCC_493\Debug\CapSense_CSD_P4_Sample.a(CyLib.o)
                              .\CortexM0\ARM_GCC_493\Debug\CapSense_CSD_P4_Sample.a(cyfitter_cfg.o) (CySysClkWriteImoFreq)
.\CortexM0\ARM_GCC_493\Debug\CapSense_CSD_P4_Sample.a(I2C_Slave.o)
                              .\CortexM0\ARM_GCC_493\Debug\main.o (I2C_Slave_Start)
.\CortexM0\ARM_GCC_493\Debug\CapSense_CSD_P4_Sample.a(I2C_Slave_I2C.o)
                              .\CortexM0\ARM_GCC_493\Debug\CapSense_CSD_P4_Sample.a(I2C_Slave.o) (I2C_Slave_I2CInit)
.\CortexM0\ARM_GCC_493\Debug\CapSense_CSD_P4_Sample.a(I2C_Slave_I2C_SLAVE.o)
                              .\CortexM0\ARM_GCC_493\Debug\CapSense_CSD_P4_Sample.a(I2C_Slave_I2C.o) (I2C_Slave_slStatus)
.\CortexM0\ARM_GCC_493\Debug\CapSense_CSD_P4_Sample.a(CapSense.o)
                              .\CortexM0\ARM_GCC_493\Debug\main.o (CapSense_Start)
.\CortexM0\ARM_GCC_493\Debug\CapSense_CSD_P4_Sample.a(CapSense_CSHL.o)
                              .\CortexM0\ARM_GCC_493\Debug\CapSense_CSD_P4_Sample.a(CapSense.o) (CapSense_rawDataIndex)
.\CortexM0\ARM_GCC_493\Debug\CapSense_CSD_P4_Sample.a(CapSense_INT.o)
                              .\CortexM0\ARM_GCC_493\Debug\CapSense_CSD_P4_Sample.a(CapSense.o) (CapSense_ISR)
.\CortexM0\ARM_GCC_493\Debug\CapSense_CSD_P4_Sample.a(CapSense_SMS.o)
                              .\CortexM0\ARM_GCC_493\Debug\CapSense_CSD_P4_Sample.a(CapSense_CSHL.o) (CapSense_config)
.\CortexM0\ARM_GCC_493\Debug\CapSense_CSD_P4_Sample.a(LED1.o)
                              .\CortexM0\ARM_GCC_493\Debug\main.o (LED1_Write)
.\CortexM0\ARM_GCC_493\Debug\CapSense_CSD_P4_Sample.a(LED2.o)
                              .\CortexM0\ARM_GCC_493\Debug\main.o (LED2_Write)
.\CortexM0\ARM_GCC_493\Debug\CapSense_CSD_P4_Sample.a(LED3.o)
                              .\CortexM0\ARM_GCC_493\Debug\main.o (LED3_Write)
.\CortexM0\ARM_GCC_493\Debug\CapSense_CSD_P4_Sample.a(LED4.o)
                              .\CortexM0\ARM_GCC_493\Debug\main.o (LED4_Write)
.\CortexM0\ARM_GCC_493\Debug\CapSense_CSD_P4_Sample.a(LED5.o)
                              .\CortexM0\ARM_GCC_493\Debug\main.o (LED5_Write)
.\CortexM0\ARM_GCC_493\Debug\CapSense_CSD_P4_Sample.a(CapSense_SampleClk.o)
                              .\CortexM0\ARM_GCC_493\Debug\CapSense_CSD_P4_Sample.a(CapSense.o) (CapSense_SampleClk_Start)
.\CortexM0\ARM_GCC_493\Debug\CapSense_CSD_P4_Sample.a(CapSense_SenseClk.o)
                              .\CortexM0\ARM_GCC_493\Debug\CapSense_CSD_P4_Sample.a(CapSense.o) (CapSense_SenseClk_Start)
.\CortexM0\ARM_GCC_493\Debug\CapSense_CSD_P4_Sample.a(InterPin.o)
                              .\CortexM0\ARM_GCC_493\Debug\main.o (InterPin_Write)
.\CortexM0\ARM_GCC_493\Debug\CapSense_CSD_P4_Sample.a(UART.o)
                              .\CortexM0\ARM_GCC_493\Debug\main.o (UART_Start)
.\CortexM0\ARM_GCC_493\Debug\CapSense_CSD_P4_Sample.a(UART_UART.o)
                              .\CortexM0\ARM_GCC_493\Debug\CapSense_CSD_P4_Sample.a(UART.o) (UART_UartInit)
.\CortexM0\ARM_GCC_493\Debug\CapSense_CSD_P4_Sample.a(LED6.o)
                              .\CortexM0\ARM_GCC_493\Debug\main.o (LED6_Write)
.\CortexM0\ARM_GCC_493\Debug\CapSense_CSD_P4_Sample.a(LED7.o)
                              .\CortexM0\ARM_GCC_493\Debug\main.o (LED7_Write)
.\CortexM0\ARM_GCC_493\Debug\CapSense_CSD_P4_Sample.a(I2C_Slave_I2C_INT.o)
                              .\CortexM0\ARM_GCC_493\Debug\CapSense_CSD_P4_Sample.a(I2C_Slave_I2C.o) (I2C_Slave_I2C_ISR)
.\CortexM0\ARM_GCC_493\Debug\CapSense_CSD_P4_Sample.a(UART_SPI_UART.o)
                              .\CortexM0\ARM_GCC_493\Debug\CapSense_CSD_P4_Sample.a(UART_UART.o) (UART_SpiUartReadRxData)
C:\Program Files (x86)\Cypress\PSoC Creator\3.3\PSoC Creator\psoc\content\cycomponentlibrary\CyComponentLibrary.cylib\CapSense_CSD_P4_v2_40\PSoC4\Library\CapsenseP4Library_GCC.a(CSD_P4_SmartSense_v2_40.o)
                              .\CortexM0\ARM_GCC_493\Debug\CapSense_CSD_P4_Sample.a(CapSense_SMS.o) (CalibrateSensors_P4_v2_40)
c:/program files (x86)/cypress/psoc creator/3.3/psoc creator/import/gnu/arm/4.9.3/bin/../lib/gcc/arm-none-eabi/4.9.3/armv6-m\libgcc.a(_udivsi3.o)
                              .\CortexM0\ARM_GCC_493\Debug\CapSense_CSD_P4_Sample.a(CyLib.o) (__aeabi_uidiv)
c:/program files (x86)/cypress/psoc creator/3.3/psoc creator/import/gnu/arm/4.9.3/bin/../lib/gcc/arm-none-eabi/4.9.3/armv6-m\libgcc.a(_divsi3.o)
[...]
Memory Configuration

Name             Origin             Length             Attributes
rom              0x00000000         0x00008000         xr
ram              0x20000000         0x00001000         xrw
*default*        0x00000000         0xffffffff

Linker script and memory map

LOAD c:/program files (x86)/cypress/psoc creator/3.3/psoc creator/import/gnu/arm/4.9.3/bin/../lib/gcc/arm-none-eabi/4.9.3/armv6-m/crti.o
LOAD c:/program files (x86)/cypress/psoc creator/3.3/psoc creator/import/gnu/arm/4.9.3/bin/../lib/gcc/arm-none-eabi/4.9.3/armv6-m/crtbegin.o
LOAD c:/program files (x86)/cypress/psoc creator/3.3/psoc creator/import/gnu/arm/4.9.3/bin/../lib/gcc/arm-none-eabi/4.9.3/../../../../arm-none-eabi/lib/armv6-m/crt0.o
START GROUP
LOAD .\CortexM0\ARM_GCC_493\Debug\main.o
LOAD .\CortexM0\ARM_GCC_493\Debug\cymetadata.o
LOAD .\CortexM0\ARM_GCC_493\Debug\Cm0Start.o
LOAD .\CortexM0\ARM_GCC_493\Debug\CapSense_CSD_P4_Sample.a
LOAD C:\Program Files (x86)\Cypress\PSoC Creator\3.3\PSoC Creator\psoc\content\cycomponentlibrary\CyComponentLibrary.cylib\CapSense_CSD_P4_v2_40\PSoC4\Library\CapsenseP4Library_GCC.a
LOAD C:\Program Files (x86)\Cypress\PSoC Creator\3.3\PSoC Creator\psoc\content\cycomponentlibrary\CyComponentLibrary.cylib\CortexM0\ARM_GCC_493\Debug\CyComponentLibrary.a
END GROUP
START GROUP
LOAD c:/program files (x86)/cypress/psoc creator/3.3/psoc creator/import/gnu/arm/4.9.3/bin/../lib/gcc/arm-none-eabi/4.9.3/armv6-m\libgcc.a
LOAD c:/program files (x86)/cypress/psoc creator/3.3/psoc creator/import/gnu/arm/4.9.3/bin/../lib/gcc/arm-none-eabi/4.9.3/../../../../arm-none-eabi/lib/armv6-m\libg_nano.a
LOAD c:/program files (x86)/cypress/psoc creator/3.3/psoc creator/import/gnu/arm/4.9.3/bin/../lib/gcc/arm-none-eabi/4.9.3/../../../../arm-none-eabi/lib/armv6-m\libc_nano.a
END GROUP
START GROUP
LOAD c:/program files (x86)/cypress/psoc creator/3.3/psoc creator/import/gnu/arm/4.9.3/bin/../lib/gcc/arm-none-eabi/4.9.3/armv6-m\libgcc.a
LOAD c:/program files (x86)/cypress/psoc creator/3.3/psoc creator/import/gnu/arm/4.9.3/bin/../lib/gcc/arm-none-eabi/4.9.3/../../../../arm-none-eabi/lib/armv6-m\libc_nano.a
END GROUP
LOAD c:/program files (x86)/cypress/psoc creator/3.3/psoc creator/import/gnu/arm/4.9.3/bin/../lib/gcc/arm-none-eabi/4.9.3/armv6-m/crtend.o
LOAD c:/program files (x86)/cypress/psoc creator/3.3/psoc creator/import/gnu/arm/4.9.3/bin/../lib/gcc/arm-none-eabi/4.9.3/armv6-m/crtn.o
START GROUP
LOAD c:/program files (x86)/cypress/psoc creator/3.3/psoc creator/import/gnu/arm/4.9.3/bin/../lib/gcc/arm-none-eabi/4.9.3/armv6-m\libgcc.a
LOAD c:/program files (x86)/cypress/psoc creator/3.3/psoc creator/import/gnu/arm/4.9.3/bin/../lib/gcc/arm-none-eabi/4.9.3/../../../../arm-none-eabi/lib/armv6-m\libc.a
LOAD c:/program files (x86)/cypress/psoc creator/3.3/psoc creator/import/gnu/arm/4.9.3/bin/../lib/gcc/arm-none-eabi/4.9.3/../../../../arm-none-eabi/lib/armv6-m\libnosys.a
END GROUP
                0x00000000                CY_APPL_ORIGIN = 0x0
                0x00000080                CY_FLASH_ROW_SIZE = 0x80
                0x00000001                CY_APPL_NUM = 0x1
                0x00000001                CY_APPL_MAX = 0x1
                0x00000040                CY_METADATA_SIZE = 0x40
                0x00000000                CY_APPL_LOADABLE = 0x0
                0x00000000                CY_CHECKSUM_EXCLUDE_SIZE = ALIGN (0x0, CY_FLASH_ROW_SIZE)
                0x00000000                CY_APP_FOR_STACK_AND_COPIER = 0x0
                0x20000290                PROVIDE (__cy_heap_start, _end)
                0x00000001                PROVIDE (__cy_region_num, ((__cy_regions_end - __cy_regions) / 0x10))
                0x20001000                PROVIDE (__cy_stack, (ORIGIN (ram) + 0x1000))
                0x20000c00                PROVIDE (__cy_heap_end, (__cy_stack - 0x400))

.cybootloader   0x00000000        0x0
 *(.cybootloader)
                0x00000000                appl1_start = CY_APPL_ORIGIN?CY_APPL_ORIGIN:ALIGN (CY_FLASH_ROW_SIZE)
                0x00003f80                appl2_start = (appl1_start + ALIGN ((((0x8000 - appl1_start) - (0x2 * CY_FLASH_ROW_SIZE)) / 0x2), CY_FLASH_ROW_SIZE))
                0x00000000                appl_start = (CY_APPL_NUM == 0x1)?appl1_start:appl2_start
                0x00000001                cy_project_type_bootloader = (appl_start == 0x0)?0x1:0x0
                0x00000000                cy_project_type_app_for_stack_and_copier = (CY_APP_FOR_STACK_AND_COPIER == 0x1)?0x1:0x0

.text           0x00000000     0x37bc
 CREATE_OBJECT_SYMBOLS
                0x00000000                PROVIDE (__cy_interrupt_vector, RomVectors)
 *(.romvectors)
 .romvectors    0x00000000       0x10 .\CortexM0\ARM_GCC_493\Debug\Cm0Start.o
                0x00000000                RomVectors
                0x00000001                ASSERT ((. != __cy_interrupt_vector), No interrupt vector)
                0x00000001                ASSERT (CY_APPL_ORIGIN?(SIZEOF (.cybootloader) <= CY_APPL_ORIGIN):0x1, Wrong image location)
                0x00000010                PROVIDE (__cy_reset, Reset)
 *(.text.Reset)
 .text.Reset    0x00000010        0x8 .\CortexM0\ARM_GCC_493\Debug\Cm0Start.o
                0x00000010                Reset
                0x00000001                ASSERT ((. != __cy_reset), No reset code)
 *(.psocinit)
 .psocinit      0x00000018      0x298 .\CortexM0\ARM_GCC_493\Debug\CapSense_CSD_P4_Sample.a(cyfitter_cfg.o)
                0x000000ec                cyfitter_cfg
                0x000002b0                . = MAX (., 0x100)
 *(.text .text.* .gnu.linkonce.t.*)
 .text          0x000002b0       0x60 c:/program files (x86)/cypress/psoc creator/3.3/psoc creator/import/gnu/arm/4.9.3/bin/../lib/gcc/arm-none-eabi/4.9.3/armv6-m/crtbegin.o
 .text.main     0x00000310       0xd8 .\CortexM0\ARM_GCC_493\Debug\main.o
                0x00000310                main
 .text.CapSense_DisplayState
                0x000003e8      0x1bc .\CortexM0\ARM_GCC_493\Debug\main.o
                0x000003e8                CapSense_DisplayState
 .text.ExecuteCommand
                0x000005a4      0x118 .\CortexM0\ARM_GCC_493\Debug\main.o
                0x000005a4                ExecuteCommand
 .text.UpdateSwitchLeds
                0x000006bc       0x6c .\CortexM0\ARM_GCC_493\Debug\main.o
                0x000006bc                UpdateSwitchLeds
 .text.UpdateLeds
                0x00000728       0xc8 .\CortexM0\ARM_GCC_493\Debug\main.o
                0x00000728                UpdateLeds
 .text.IntDefaultHandler
                0x000007f0        0x8 .\CortexM0\ARM_GCC_493\Debug\Cm0Start.o
                0x000007f0                IntDefaultHandler
 .text.Start_c  0x000007f8       0x98 .\CortexM0\ARM_GCC_493\Debug\Cm0Start.o
                0x000007f8                Start_c
 .text.initialize_psoc
                0x00000890       0x64 .\CortexM0\ARM_GCC_493\Debug\Cm0Start.o
                0x00000890                initialize_psoc
 .text.CYMEMZERO
                0x000008f4       0x20 .\CortexM0\ARM_GCC_493\Debug\CapSense_CSD_P4_Sample.a(cyfitter_cfg.o)
 .text.cfg_write_bytes32
                0x00000914       0x80 .\CortexM0\ARM_GCC_493\Debug\CapSense_CSD_P4_Sample.a(cyfitter_cfg.o)
 .text.AnalogSetDefault
                0x00000994       0x10 .\CortexM0\ARM_GCC_493\Debug\CapSense_CSD_P4_Sample.a(cyfitter_cfg.o)
 .text.SetAnalogRoutingPumps
                0x000009a4       0x70 .\CortexM0\ARM_GCC_493\Debug\CapSense_CSD_P4_Sample.a(cyfitter_cfg.o)
                0x000009a4                SetAnalogRoutingPumps
 .text.LED_CONTROL_Init
                0x00000a14       0x58 .\CortexM0\ARM_GCC_493\Debug\CapSense_CSD_P4_Sample.a(LED_CONTROL.o)
                0x00000a14                LED_CONTROL_Init
 .text.LED_CONTROL_Enable
                0x00000a6c       0x38 .\CortexM0\ARM_GCC_493\Debug\CapSense_CSD_P4_Sample.a(LED_CONTROL.o)
                0x00000a6c                LED_CONTROL_Enable
 .text.LED_CONTROL_Start
                0x00000aa4       0x24 .\CortexM0\ARM_GCC_493\Debug\CapSense_CSD_P4_Sample.a(LED_CONTROL.o)
                0x00000aa4                LED_CONTROL_Start
 .text.LED_CONTROL_WriteCounter
                0x00000ac8       0x1c .\CortexM0\ARM_GCC_493\Debug\CapSense_CSD_P4_Sample.a(LED_CONTROL.o)
                0x00000ac8                LED_CONTROL_WriteCounter
 .text.LED_CONTROL_WritePeriod
                0x00000ae4       0x1c .\CortexM0\ARM_GCC_493\Debug\CapSense_CSD_P4_Sample.a(LED_CONTROL.o)
                0x00000ae4                LED_CONTROL_WritePeriod
 .text.LED_CONTROL_WriteCompare
                0x00000b00       0x1c .\CortexM0\ARM_GCC_493\Debug\CapSense_CSD_P4_Sample.a(LED_CONTROL.o)
                0x00000b00                LED_CONTROL_WriteCompare
 .text.LED_CONTROL_TriggerCommand
                0x00000b1c       0x38 .\CortexM0\ARM_GCC_493\Debug\CapSense_CSD_P4_Sample.a(LED_CONTROL.o)
                0x00000b1c                LED_CONTROL_TriggerCommand
 .text.LED_CONTROL_SetInterruptMode
                0x00000b54       0x18 .\CortexM0\ARM_GCC_493\Debug\CapSense_CSD_P4_Sample.a(LED_CONTROL.o)
                0x00000b54                LED_CONTROL_SetInterruptMode
 *fill*         0x00000b6c        0x4 
 .text          0x00000b70       0x28 .\CortexM0\ARM_GCC_493\Debug\CapSense_CSD_P4_Sample.a(CyBootAsmGnu.o)
                0x00000b70                CyDelayCycles
                0x00000b84                CyEnterCriticalSection
                0x00000b8c                CyExitCriticalSection
 .text.CySysClkWriteImoFreq
                0x00000b98      0x1ec .\CortexM0\ARM_GCC_493\Debug\CapSense_CSD_P4_Sample.a(CyLib.o)
                0x00000b98                CySysClkWriteImoFreq
 .text.CyIntSetVector
                0x00000d84       0x4c .\CortexM0\ARM_GCC_493\Debug\CapSense_CSD_P4_Sample.a(CyLib.o)
                0x00000d84                CyIntSetVector
 .text.CyIntSetPriority
                0x00000dd0       0xa8 .\CortexM0\ARM_GCC_493\Debug\CapSense_CSD_P4_Sample.a(CyLib.o)
                0x00000dd0                CyIntSetPriority
 .text.CyIntEnable
                0x00000e78       0x28 .\CortexM0\ARM_GCC_493\Debug\CapSense_CSD_P4_Sample.a(CyLib.o)
                0x00000e78                CyIntEnable
 .text.CyIntDisable
                0x00000ea0       0x28 .\CortexM0\ARM_GCC_493\Debug\CapSense_CSD_P4_Sample.a(CyLib.o)
                0x00000ea0                CyIntDisable
 .text.CyHalt   0x00000ec8       0x14 .\CortexM0\ARM_GCC_493\Debug\CapSense_CSD_P4_Sample.a(CyLib.o)
                0x00000ec8                CyHalt
 .text.CyDelayUs
                0x00000edc       0x28 .\CortexM0\ARM_GCC_493\Debug\CapSense_CSD_P4_Sample.a(CyLib.o)
                0x00000edc                CyDelayUs
 .text.I2C_Slave_Init
                0x00000f04        0xc .\CortexM0\ARM_GCC_493\Debug\CapSense_CSD_P4_Sample.a(I2C_Slave.o)
                0x00000f04                I2C_Slave_Init
 .text.I2C_Slave_Enable
                0x00000f10       0x24 .\CortexM0\ARM_GCC_493\Debug\CapSense_CSD_P4_Sample.a(I2C_Slave.o)
                0x00000f10                I2C_Slave_Enable
 .text.I2C_Slave_Start
                0x00000f34       0x24 .\CortexM0\ARM_GCC_493\Debug\CapSense_CSD_P4_Sample.a(I2C_Slave.o)
                0x00000f34                I2C_Slave_Start
 .text.I2C_Slave_ScbEnableIntr
                0x00000f58       0x10 .\CortexM0\ARM_GCC_493\Debug\CapSense_CSD_P4_Sample.a(I2C_Slave.o)
 .text.I2C_Slave_ScbModePostEnable
                0x00000f68        0x8 .\CortexM0\ARM_GCC_493\Debug\CapSense_CSD_P4_Sample.a(I2C_Slave.o)
 .text.I2C_Slave_I2CSlaveNackGeneration
                0x00000f70       0x50 .\CortexM0\ARM_GCC_493\Debug\CapSense_CSD_P4_Sample.a(I2C_Slave.o)
                0x00000f70                I2C_Slave_I2CSlaveNackGeneration
 .text.I2C_Slave_I2CInit
                0x00000fc0       0xf8 .\CortexM0\ARM_GCC_493\Debug\CapSense_CSD_P4_Sample.a(I2C_Slave_I2C.o)
                0x00000fc0                I2C_Slave_I2CInit
 .text.I2C_Slave_I2CSlaveStatus
                0x000010b8       0x14 .\CortexM0\ARM_GCC_493\Debug\CapSense_CSD_P4_Sample.a(I2C_Slave_I2C_SLAVE.o)
                0x000010b8                I2C_Slave_I2CSlaveStatus
 .text.I2C_Slave_I2CSlaveClearReadStatus
                0x000010cc       0x40 .\CortexM0\ARM_GCC_493\Debug\CapSense_CSD_P4_Sample.a(I2C_Slave_I2C_SLAVE.o)
                0x000010cc                I2C_Slave_I2CSlaveClearReadStatus
 .text.I2C_Slave_I2CSlaveClearWriteStatus
                0x0000110c       0x40 .\CortexM0\ARM_GCC_493\Debug\CapSense_CSD_P4_Sample.a(I2C_Slave_I2C_SLAVE.o)
                0x0000110c                I2C_Slave_I2CSlaveClearWriteStatus
 .text.I2C_Slave_I2CSlaveInitReadBuf
                0x0000114c       0x4c .\CortexM0\ARM_GCC_493\Debug\CapSense_CSD_P4_Sample.a(I2C_Slave_I2C_SLAVE.o)
                0x0000114c                I2C_Slave_I2CSlaveInitReadBuf
 .text.I2C_Slave_I2CSlaveInitWriteBuf
                0x00001198       0x40 .\CortexM0\ARM_GCC_493\Debug\CapSense_CSD_P4_Sample.a(I2C_Slave_I2C_SLAVE.o)
                0x00001198                I2C_Slave_I2CSlaveInitWriteBuf
 .text.I2C_Slave_I2CSlaveGetWriteBufSize
                0x000011d8       0x14 .\CortexM0\ARM_GCC_493\Debug\CapSense_CSD_P4_Sample.a(I2C_Slave_I2C_SLAVE.o)
                0x000011d8                I2C_Slave_I2CSlaveGetWriteBufSize
 .text.I2C_Slave_I2CSlaveClearReadBuf
                0x000011ec       0x14 .\CortexM0\ARM_GCC_493\Debug\CapSense_CSD_P4_Sample.a(I2C_Slave_I2C_SLAVE.o)
                0x000011ec                I2C_Slave_I2CSlaveClearReadBuf
 .text.I2C_Slave_I2CSlaveClearWriteBuf
                0x00001200       0x14 .\CortexM0\ARM_GCC_493\Debug\CapSense_CSD_P4_Sample.a(I2C_Slave_I2C_SLAVE.o)
                0x00001200                I2C_Slave_I2CSlaveClearWriteBuf
 .text.CapSense_Init
                0x00001214       0x38 .\CortexM0\ARM_GCC_493\Debug\CapSense_CSD_P4_Sample.a(CapSense.o)
                0x00001214                CapSense_Init
 .text.CapSense_CsdHwBlockInit
                0x0000124c       0xc0 .\CortexM0\ARM_GCC_493\Debug\CapSense_CSD_P4_Sample.a(CapSense.o)
                0x0000124c                CapSense_CsdHwBlockInit
 .text.CapSense_Enable
                0x0000130c       0x50 .\CortexM0\ARM_GCC_493\Debug\CapSense_CSD_P4_Sample.a(CapSense.o)
                0x0000130c                CapSense_Enable
 .text.CapSense_Start
                0x0000135c       0x44 .\CortexM0\ARM_GCC_493\Debug\CapSense_CSD_P4_Sample.a(CapSense.o)
                0x0000135c                CapSense_Start
 .text.CapSense_FindNextSensor
                0x000013a0       0x48 .\CortexM0\ARM_GCC_493\Debug\CapSense_CSD_P4_Sample.a(CapSense.o)
                0x000013a0                CapSense_FindNextSensor
 .text.CapSense_ScanSensor
                0x000013e8       0x34 .\CortexM0\ARM_GCC_493\Debug\CapSense_CSD_P4_Sample.a(CapSense.o)
                0x000013e8                CapSense_ScanSensor
 .text.CapSense_ScanEnabledWidgets
                0x0000141c       0x58 .\CortexM0\ARM_GCC_493\Debug\CapSense_CSD_P4_Sample.a(CapSense.o)
                0x0000141c                CapSense_ScanEnabledWidgets
 .text.CapSense_IsBusy
                0x00001474       0x1c .\CortexM0\ARM_GCC_493\Debug\CapSense_CSD_P4_Sample.a(CapSense.o)
                0x00001474                CapSense_IsBusy
 .text.CapSense_ReadSensorRaw
                0x00001490       0x1c .\CortexM0\ARM_GCC_493\Debug\CapSense_CSD_P4_Sample.a(CapSense.o)
                0x00001490                CapSense_ReadSensorRaw
 .text.CapSense_ClearSensors
                0x000014ac       0x28 .\CortexM0\ARM_GCC_493\Debug\CapSense_CSD_P4_Sample.a(CapSense.o)
                0x000014ac                CapSense_ClearSensors
 .text.CapSense_EnableScanSlot
                0x000014d4       0xa4 .\CortexM0\ARM_GCC_493\Debug\CapSense_CSD_P4_Sample.a(CapSense.o)
                0x000014d4                CapSense_EnableScanSlot
 .text.CapSense_DisableScanSlot
                0x00001578       0xa4 .\CortexM0\ARM_GCC_493\Debug\CapSense_CSD_P4_Sample.a(CapSense.o)
                0x00001578                CapSense_DisableScanSlot
 .text.CapSense_EnableSensor
                0x0000161c       0xc8 .\CortexM0\ARM_GCC_493\Debug\CapSense_CSD_P4_Sample.a(CapSense.o)
                0x0000161c                CapSense_EnableSensor
 .text.CapSense_DisableSensor
                0x000016e4      0x118 .\CortexM0\ARM_GCC_493\Debug\CapSense_CSD_P4_Sample.a(CapSense.o)
                0x000016e4                CapSense_DisableSensor
 .text.CapSense_PreScan
                0x000017fc      0x138 .\CortexM0\ARM_GCC_493\Debug\CapSense_CSD_P4_Sample.a(CapSense.o)
                0x000017fc                CapSense_PreScan
 .text.CapSense_PostScan
                0x00001934       0x74 .\CortexM0\ARM_GCC_493\Debug\CapSense_CSD_P4_Sample.a(CapSense.o)
                0x00001934                CapSense_PostScan
 .text.CapSense_SetShieldDelay
                0x000019a8       0x30 .\CortexM0\ARM_GCC_493\Debug\CapSense_CSD_P4_Sample.a(CapSense.o)
                0x000019a8                CapSense_SetShieldDelay
 .text.CapSense_GetBitValue
                0x000019d8       0x44 .\CortexM0\ARM_GCC_493\Debug\CapSense_CSD_P4_Sample.a(CapSense.o)
                0x000019d8                CapSense_GetBitValue
 .text.CapSense_SetBitValue
                0x00001a1c       0x68 .\CortexM0\ARM_GCC_493\Debug\CapSense_CSD_P4_Sample.a(CapSense.o)
                0x00001a1c                CapSense_SetBitValue
 .text.CapSense_GetSensorRaw
                0x00001a84       0x50 .\CortexM0\ARM_GCC_493\Debug\CapSense_CSD_P4_Sample.a(CapSense.o)
                0x00001a84                CapSense_GetSensorRaw
 .text.CapSense_SetUnscannedSensorState
                0x00001ad4       0xb4 .\CortexM0\ARM_GCC_493\Debug\CapSense_CSD_P4_Sample.a(CapSense.o)
                0x00001ad4                CapSense_SetUnscannedSensorState
 .text.CapSense_NormalizeWidgets
                0x00001b88       0x9c .\CortexM0\ARM_GCC_493\Debug\CapSense_CSD_P4_Sample.a(CapSense.o)
                0x00001b88                CapSense_NormalizeWidgets
 .text.CapSense_BaseInit
                0x00001c24       0x90 .\CortexM0\ARM_GCC_493\Debug\CapSense_CSD_P4_Sample.a(CapSense_CSHL.o)
                0x00001c24                CapSense_BaseInit
 .text.CapSense_InitializeSensorBaseline
                0x00001cb4       0x28 .\CortexM0\ARM_GCC_493\Debug\CapSense_CSD_P4_Sample.a(CapSense_CSHL.o)
                0x00001cb4                CapSense_InitializeSensorBaseline
 .text.CapSense_InitializeAllBaselines
                0x00001cdc       0x28 .\CortexM0\ARM_GCC_493\Debug\CapSense_CSD_P4_Sample.a(CapSense_CSHL.o)
                0x00001cdc                CapSense_InitializeAllBaselines
 .text.CapSense_UpdateBaselineNoThreshold
                0x00001d04      0x238 .\CortexM0\ARM_GCC_493\Debug\CapSense_CSD_P4_Sample.a(CapSense_CSHL.o)
                0x00001d04                CapSense_UpdateBaselineNoThreshold
 .text.CapSense_UpdateSensorBaseline
                0x00001f3c       0x20 .\CortexM0\ARM_GCC_493\Debug\CapSense_CSD_P4_Sample.a(CapSense_CSHL.o)
                0x00001f3c                CapSense_UpdateSensorBaseline
 .text.CapSense_UpdateEnabledBaselines
                0x00001f5c       0x40 .\CortexM0\ARM_GCC_493\Debug\CapSense_CSD_P4_Sample.a(CapSense_CSHL.o)
                0x00001f5c                CapSense_UpdateEnabledBaselines
 .text.CapSense_FindMaximum
                0x00001f9c       0xb8 .\CortexM0\ARM_GCC_493\Debug\CapSense_CSD_P4_Sample.a(CapSense_CSHL.o)
                0x00001f9c                CapSense_FindMaximum
 .text.CapSense_CalcCentroid
                0x00002054      0x1a0 .\CortexM0\ARM_GCC_493\Debug\CapSense_CSD_P4_Sample.a(CapSense_CSHL.o)
                0x00002054                CapSense_CalcCentroid
 .text.CapSense_GetCentroidPos
                0x000021f4      0x170 .\CortexM0\ARM_GCC_493\Debug\CapSense_CSD_P4_Sample.a(CapSense_CSHL.o)
                0x000021f4                CapSense_GetCentroidPos
 .text.CapSense_IIR4Filter
                0x00002364       0x3c .\CortexM0\ARM_GCC_493\Debug\CapSense_CSD_P4_Sample.a(CapSense_CSHL.o)
                0x00002364                CapSense_IIR4Filter
 .text.CapSense_JitterFilter
                0x000023a0       0x4c .\CortexM0\ARM_GCC_493\Debug\CapSense_CSD_P4_Sample.a(CapSense_CSHL.o)
                0x000023a0                CapSense_JitterFilter
 .text.CapSense_ISR
                0x000023ec       0xd8 .\CortexM0\ARM_GCC_493\Debug\CapSense_CSD_P4_Sample.a(CapSense_INT.o)
                0x000023ec                CapSense_ISR
 .text.CapSense_AutoTune
                0x000024c4      0x10c .\CortexM0\ARM_GCC_493\Debug\CapSense_CSD_P4_Sample.a(CapSense_SMS.o)
                0x000024c4                CapSense_AutoTune
 .text.CapSense_UpdateThresholds
                0x000025d0       0xf0 .\CortexM0\ARM_GCC_493\Debug\CapSense_CSD_P4_Sample.a(CapSense_SMS.o)
                0x000025d0                CapSense_UpdateThresholds
 .text.CapSense_SetAnalogSwitchesSrcDirect
                0x000026c0       0x18 .\CortexM0\ARM_GCC_493\Debug\CapSense_CSD_P4_Sample.a(CapSense_SMS.o)
                0x000026c0                CapSense_SetAnalogSwitchesSrcDirect
 .text.CapSense_DisableBaselineIDAC
                0x000026d8       0x34 .\CortexM0\ARM_GCC_493\Debug\CapSense_CSD_P4_Sample.a(CapSense_SMS.o)
                0x000026d8                CapSense_DisableBaselineIDAC
 .text.CapSense_EnableBaselineIDAC
                0x0000270c       0x90 .\CortexM0\ARM_GCC_493\Debug\CapSense_CSD_P4_Sample.a(CapSense_SMS.o)
                0x0000270c                CapSense_EnableBaselineIDAC
 .text.LED1_Write
                0x0000279c       0x48 .\CortexM0\ARM_GCC_493\Debug\CapSense_CSD_P4_Sample.a(LED1.o)
                0x0000279c                LED1_Write
 .text.LED2_Write
                0x000027e4       0x4c .\CortexM0\ARM_GCC_493\Debug\CapSense_CSD_P4_Sample.a(LED2.o)
                0x000027e4                LED2_Write
 .text.LED3_Write
                0x00002830       0x4c .\CortexM0\ARM_GCC_493\Debug\CapSense_CSD_P4_Sample.a(LED3.o)
                0x00002830                LED3_Write
 .text.LED4_Write
                0x0000287c       0x4c .\CortexM0\ARM_GCC_493\Debug\CapSense_CSD_P4_Sample.a(LED4.o)
                0x0000287c                LED4_Write
 .text.LED5_Write
                0x000028c8       0x4c .\CortexM0\ARM_GCC_493\Debug\CapSense_CSD_P4_Sample.a(LED5.o)
                0x000028c8                LED5_Write
 .text.CapSense_SampleClk_Start
                0x00002914       0x1c .\CortexM0\ARM_GCC_493\Debug\CapSense_CSD_P4_Sample.a(CapSense_SampleClk.o)
                0x00002914                CapSense_SampleClk_Start
 .text.CapSense_SampleClk_Stop
                0x00002930       0x18 .\CortexM0\ARM_GCC_493\Debug\CapSense_CSD_P4_Sample.a(CapSense_SampleClk.o)
                0x00002930                CapSense_SampleClk_Stop
 .text.CapSense_SampleClk_SetFractionalDividerRegister
                0x00002948       0x38 .\CortexM0\ARM_GCC_493\Debug\CapSense_CSD_P4_Sample.a(CapSense_SampleClk.o)
                0x00002948                CapSense_SampleClk_SetFractionalDividerRegister
 .text.CapSense_SenseClk_Start
                0x00002980       0x1c .\CortexM0\ARM_GCC_493\Debug\CapSense_CSD_P4_Sample.a(CapSense_SenseClk.o)
                0x00002980                CapSense_SenseClk_Start
 .text.CapSense_SenseClk_Stop
                0x0000299c       0x18 .\CortexM0\ARM_GCC_493\Debug\CapSense_CSD_P4_Sample.a(CapSense_SenseClk.o)
                0x0000299c                CapSense_SenseClk_Stop
 .text.CapSense_SenseClk_SetFractionalDividerRegister
                0x000029b4       0x38 .\CortexM0\ARM_GCC_493\Debug\CapSense_CSD_P4_Sample.a(CapSense_SenseClk.o)
                0x000029b4                CapSense_SenseClk_SetFractionalDividerRegister
 .text.InterPin_Write
                0x000029ec       0x4c .\CortexM0\ARM_GCC_493\Debug\CapSense_CSD_P4_Sample.a(InterPin.o)
                0x000029ec                InterPin_Write
 .text.InterPin_Read
                0x00002a38       0x1c .\CortexM0\ARM_GCC_493\Debug\CapSense_CSD_P4_Sample.a(InterPin.o)
                0x00002a38                InterPin_Read
 .text.UART_Init
                0x00002a54        0xc .\CortexM0\ARM_GCC_493\Debug\CapSense_CSD_P4_Sample.a(UART.o)
                0x00002a54                UART_Init
 .text.UART_Enable
                0x00002a60       0x24 .\CortexM0\ARM_GCC_493\Debug\CapSense_CSD_P4_Sample.a(UART.o)
                0x00002a60                UART_Enable
 .text.UART_Start
                0x00002a84       0x24 .\CortexM0\ARM_GCC_493\Debug\CapSense_CSD_P4_Sample.a(UART.o)
                0x00002a84                UART_Start
 .text.UART_ScbEnableIntr
                0x00002aa8        0x8 .\CortexM0\ARM_GCC_493\Debug\CapSense_CSD_P4_Sample.a(UART.o)
 .text.UART_ScbModePostEnable
                0x00002ab0        0xc .\CortexM0\ARM_GCC_493\Debug\CapSense_CSD_P4_Sample.a(UART.o)
 .text.UART_UartInit
                0x00002abc       0xa8 .\CortexM0\ARM_GCC_493\Debug\CapSense_CSD_P4_Sample.a(UART_UART.o)
                0x00002abc                UART_UartInit
 .text.UART_UartPostEnable
                0x00002b64       0x24 .\CortexM0\ARM_GCC_493\Debug\CapSense_CSD_P4_Sample.a(UART_UART.o)
                0x00002b64                UART_UartPostEnable
 .text.UART_UartPutString
                0x00002b88       0x34 .\CortexM0\ARM_GCC_493\Debug\CapSense_CSD_P4_Sample.a(UART_UART.o)
                0x00002b88                UART_UartPutString
 .text.LED6_Write
                0x00002bbc       0x48 .\CortexM0\ARM_GCC_493\Debug\CapSense_CSD_P4_Sample.a(LED6.o)
                0x00002bbc                LED6_Write
 .text.LED7_Write
                0x00002c04       0x48 .\CortexM0\ARM_GCC_493\Debug\CapSense_CSD_P4_Sample.a(LED7.o)
                0x00002c04                LED7_Write
 .text.I2C_Slave_I2C_ISR
                0x00002c4c      0x530 .\CortexM0\ARM_GCC_493\Debug\CapSense_CSD_P4_Sample.a(I2C_Slave_I2C_INT.o)
                0x00002c4c                I2C_Slave_I2C_ISR
 .text.UART_SpiUartWriteTxData
                0x0000317c       0x2c .\CortexM0\ARM_GCC_493\Debug\CapSense_CSD_P4_Sample.a(UART_SPI_UART.o)
                0x0000317c                UART_SpiUartWriteTxData
 .text.CalibrateOneDAC_P4_v2_40
                0x000031a8       0x40 C:\Program Files (x86)\Cypress\PSoC Creator\3.3\PSoC Creator\psoc\content\cycomponentlibrary\CyComponentLibrary.cylib\CapSense_CSD_P4_v2_40\PSoC4\Library\CapsenseP4Library_GCC.a(CSD_P4_SmartSense_v2_40.o)
                0x000031a8                CalibrateOneDAC_P4_v2_40
 .text.CalibrateSensors_P4_v2_40
                0x000031e8       0x22 C:\Program Files (x86)\Cypress\PSoC Creator\3.3\PSoC Creator\psoc\content\cycomponentlibrary\CyComponentLibrary.cylib\CapSense_CSD_P4_v2_40\PSoC4\Library\CapsenseP4Library_GCC.a(CSD_P4_SmartSense_v2_40.o)
                0x000031e8                CalibrateSensors_P4_v2_40
 .text.TunePrescalers_P4_v2_40
                0x0000320a       0x42 C:\Program Files (x86)\Cypress\PSoC Creator\3.3\PSoC Creator\psoc\content\cycomponentlibrary\CyComponentLibrary.cylib\CapSense_CSD_P4_v2_40\PSoC4\Library\CapsenseP4Library_GCC.a(CSD_P4_SmartSense_v2_40.o)
                0x0000320a                TunePrescalers_P4_v2_40
 .text.TuneSensitivity_P4_v2_40
                0x0000324c       0xdc C:\Program Files (x86)\Cypress\PSoC Creator\3.3\PSoC Creator\psoc\content\cycomponentlibrary\CyComponentLibrary.cylib\CapSense_CSD_P4_v2_40\PSoC4\Library\CapsenseP4Library_GCC.a(CSD_P4_SmartSense_v2_40.o)
                0x0000324c                TuneSensitivity_P4_v2_40
 .text.MeasureNoiseEnvelope_P4_v2_40
                0x00003328       0xfc C:\Program Files (x86)\Cypress\PSoC Creator\3.3\PSoC Creator\psoc\content\cycomponentlibrary\CyComponentLibrary.cylib\CapSense_CSD_P4_v2_40\PSoC4\Library\CapsenseP4Library_GCC.a(CSD_P4_SmartSense_v2_40.o)
                0x00003328                MeasureNoiseEnvelope_P4_v2_40
 .text.CalculateThresholds_P4_v2_40
                0x00003424       0x36 C:\Program Files (x86)\Cypress\PSoC Creator\3.3\PSoC Creator\psoc\content\cycomponentlibrary\CyComponentLibrary.cylib\CapSense_CSD_P4_v2_40\PSoC4\Library\CapsenseP4Library_GCC.a(CSD_P4_SmartSense_v2_40.o)
                0x00003424                CalculateThresholds_P4_v2_40
 *fill*         0x0000345a        0x2 
 .text          0x0000345c      0x120 c:/program files (x86)/cypress/psoc creator/3.3/psoc creator/import/gnu/arm/4.9.3/bin/../lib/gcc/arm-none-eabi/4.9.3/armv6-m\libgcc.a(_udivsi3.o)
                0x0000345c                __aeabi_uidiv
                0x0000345c                __udivsi3
                0x00003568                __aeabi_uidivmod
 .text          0x0000357c      0x1e0 c:/program files (x86)/cypress/psoc creator/3.3/psoc creator/import/gnu/arm/4.9.3/bin/../lib/gcc/arm-none-eabi/4.9.3/armv6-m\libgcc.a(_divsi3.o)
                0x0000357c                __divsi3
                0x0000357c                __aeabi_idiv
                0x00003748                __aeabi_idivmod
 .text          0x0000375c        0x4 c:/program files (x86)/cypress/psoc creator/3.3/psoc creator/import/gnu/arm/4.9.3/bin/../lib/gcc/arm-none-eabi/4.9.3/armv6-m\libgcc.a(_dvmd_tls.o)
                0x0000375c                __aeabi_idiv0
                0x0000375c                __aeabi_ldiv0
 .text.__libc_init_array
                0x00003760       0x4c c:/program files (x86)/cypress/psoc creator/3.3/psoc creator/import/gnu/arm/4.9.3/bin/../lib/gcc/arm-none-eabi/4.9.3/../../../../arm-none-eabi/lib/armv6-m\libg_nano.a(lib_a-init.o)
                0x00003760                __libc_init_array
 .text.memset   0x000037ac       0x10 c:/program files (x86)/cypress/psoc creator/3.3/psoc creator/import/gnu/arm/4.9.3/bin/../lib/gcc/arm-none-eabi/4.9.3/../../../../arm-none-eabi/lib/armv6-m\libg_nano.a(lib_a-memset.o)
                0x000037ac                memset
 *(.plt)
 *(.gnu.warning)
 *(.glue_7t)
 .glue_7t       0x00000000        0x0 linker stubs
 *(.glue_7)
 .glue_7        0x00000000        0x0 linker stubs
 *(.vfp11_veneer)
 .vfp11_veneer  0x00000000        0x0 linker stubs
 *(.bootloader)
 *(.ARM.extab* .gnu.linkonce.armextab.*)
 *(.gcc_except_table)

.v4_bx          0x000037bc        0x0
 .v4_bx         0x00000000        0x0 linker stubs

.iplt           0x000037bc        0x0
 .iplt          0x00000000        0x0 c:/program files (x86)/cypress/psoc creator/3.3/psoc creator/import/gnu/arm/4.9.3/bin/../lib/gcc/arm-none-eabi/4.9.3/armv6-m/crtbegin.o

.eh_frame_hdr
 *(.eh_frame_hdr)

.eh_frame       0x000037bc        0x4
 *(.eh_frame)
 .eh_frame      0x000037bc        0x0 c:/program files (x86)/cypress/psoc creator/3.3/psoc creator/import/gnu/arm/4.9.3/bin/../lib/gcc/arm-none-eabi/4.9.3/armv6-m/crtbegin.o
 .eh_frame      0x000037bc        0x4 c:/program files (x86)/cypress/psoc creator/3.3/psoc creator/import/gnu/arm/4.9.3/bin/../lib/gcc/arm-none-eabi/4.9.3/armv6-m/crtend.o
                0x000037c0                PROVIDE (__exidx_start, .)

.ARM.exidx
 *(.ARM.exidx* .gnu.linkonce.armexidx.*)
                0x000037c0                __exidx_end = .

.rodata         0x000037c0      0x438
 *(.rodata .rodata.* .gnu.linkonce.r.*)
 .rodata        0x000037c0      0x274 .\CortexM0\ARM_GCC_493\Debug\main.o
 .rodata        0x00003a34       0x68 .\CortexM0\ARM_GCC_493\Debug\CapSense_CSD_P4_Sample.a(cyfitter_cfg.o)
 .rodata        0x00003a9c       0x30 .\CortexM0\ARM_GCC_493\Debug\CapSense_CSD_P4_Sample.a(CyLib.o)
                0x00003a9c                cyImoFreqMhz2Reg
 .rodata        0x00003acc       0x7c .\CortexM0\ARM_GCC_493\Debug\CapSense_CSD_P4_Sample.a(CapSense.o)
                0x00003acc                CapSense_portTable
                0x00003ad4                CapSense_indexTable
                0x00003adc                CapSense_maskTable
                0x00003afc                CapSense_pinShiftTbl
                0x00003b04                CapSense_widgetNumber
                0x00003b0c                CapSense_prtSelTbl
                0x00003b20                CapSense_prtCfgTbl
                0x00003b34                CapSense_prtDRTbl
 .rodata        0x00003b48        0xc .\CortexM0\ARM_GCC_493\Debug\CapSense_CSD_P4_Sample.a(CapSense_CSHL.o)
                0x00003b48                CapSense_rawDataIndex
                0x00003b4c                CapSense_numberOfSensors
 .rodata        0x00003b54       0x6c .\CortexM0\ARM_GCC_493\Debug\CapSense_CSD_P4_Sample.a(CapSense_SMS.o)
                0x00003b54                CapSense_prescalerTable
                0x00003b64                CapSense_configPointers
                0x00003bc0                . = ALIGN (0x4)
 *(.init)
 .init          0x00003bc0        0x4 c:/program files (x86)/cypress/psoc creator/3.3/psoc creator/import/gnu/arm/4.9.3/bin/../lib/gcc/arm-none-eabi/4.9.3/armv6-m/crti.o
                0x00003bc0                _init
 .init          0x00003bc4        0x8 c:/program files (x86)/cypress/psoc creator/3.3/psoc creator/import/gnu/arm/4.9.3/bin/../lib/gcc/arm-none-eabi/4.9.3/armv6-m/crtn.o
                0x00003bcc                . = ALIGN (0x4)
                0x00003bcc                __preinit_array_start = .
 *(.preinit_array)
                0x00003bcc                __preinit_array_end = .
                0x00003bcc                . = ALIGN (0x4)
                0x00003bcc                __init_array_start = .
 *(SORT(.init_array.*))
 *(.init_array)
 .init_array    0x00003bcc        0x4 c:/program files (x86)/cypress/psoc creator/3.3/psoc creator/import/gnu/arm/4.9.3/bin/../lib/gcc/arm-none-eabi/4.9.3/armv6-m/crtbegin.o
 .init_array    0x00003bd0        0x4 .\CortexM0\ARM_GCC_493\Debug\Cm0Start.o
                0x00003bd4                __init_array_end = .
                0x00003bd4                . = ALIGN (0x4)
 *(.fini)
 .fini          0x00003bd4        0x4 c:/program files (x86)/cypress/psoc creator/3.3/psoc creator/import/gnu/arm/4.9.3/bin/../lib/gcc/arm-none-eabi/4.9.3/armv6-m/crti.o
                0x00003bd4                _fini
 .fini          0x00003bd8        0x8 c:/program files (x86)/cypress/psoc creator/3.3/psoc creator/import/gnu/arm/4.9.3/bin/../lib/gcc/arm-none-eabi/4.9.3/armv6-m/crtn.o
                0x00003be0                . = ALIGN (0x4)
                0x00003be0                __fini_array_start = .
 *(.fini_array)
 .fini_array    0x00003be0        0x4 c:/program files (x86)/cypress/psoc creator/3.3/psoc creator/import/gnu/arm/4.9.3/bin/../lib/gcc/arm-none-eabi/4.9.3/armv6-m/crtbegin.o
 *(SORT(.fini_array.*))
                0x00003be4                __fini_array_end = .
                0x00003be4                . = ALIGN (0x4)
 *crtbegin.o(.ctors)
 *(EXCLUDE_FILE(*crtend.o) .ctors)
 *(SORT(.ctors.*))
 *crtend.o(.ctors)
                0x00003be4                . = ALIGN (0x4)
 *crtbegin.o(.dtors)
 *(EXCLUDE_FILE(*crtend.o) .dtors)
 *(SORT(.dtors.*))
 *crtend.o(.dtors)
                0x00003be4                . = ALIGN (0x4)
                0x00003be4                __cy_regions = .
                0x00003be4        0x4 LONG 0x3bf8 __cy_region_init_ram
                0x00003be8        0x4 LONG 0x200000c8 __cy_region_start_data
                0x00003bec        0x4 LONG 0x68 __cy_region_init_size_ram
                0x00003bf0        0x4 LONG 0x160 __cy_region_zero_size_ram
                0x00003bf4                __cy_regions_end = .
                0x00003bf8                . = ALIGN (0x8)
 *fill*         0x00003bf4        0x4 
                0x00003bf8                _etext = .

.cy_checksum_exclude
                0x00003bf8        0x0
 *(.cy_checksum_exclude)

.ramvectors     0x20000000       0xc0
                0x20000000                __cy_region_start_ram = .
 *(.ramvectors)
 .ramvectors    0x20000000       0xc0 .\CortexM0\ARM_GCC_493\Debug\Cm0Start.o
                0x20000000                CyRamVectors

.noinit         0x200000c0        0x4
 *(.noinit)
 .noinit        0x200000c0        0x4 .\CortexM0\ARM_GCC_493\Debug\Cm0Start.o

.data           0x200000c8       0x68 load address 0x00003bf8
                0x200000c8                __cy_region_start_data = .
 *(.jcr)
 .jcr           0x200000c8        0x0 c:/program files (x86)/cypress/psoc creator/3.3/psoc creator/import/gnu/arm/4.9.3/bin/../lib/gcc/arm-none-eabi/4.9.3/armv6-m/crtbegin.o
 .jcr           0x200000c8        0x4 c:/program files (x86)/cypress/psoc creator/3.3/psoc creator/import/gnu/arm/4.9.3/bin/../lib/gcc/arm-none-eabi/4.9.3/armv6-m/crtend.o
 *(.got.plt)
 *(.got)
 *(.shdata)
 *(.data .data.* .gnu.linkonce.d.*)
 .data          0x200000cc       0x10 .\CortexM0\ARM_GCC_493\Debug\CapSense_CSD_P4_Sample.a(CyLib.o)
                0x200000cc                cydelayFreqHz
                0x200000d0                cydelayFreqKhz
                0x200000d4                cydelayFreqMhz
                0x200000d8                cydelay32kMs
 .data          0x200000dc       0x34 .\CortexM0\ARM_GCC_493\Debug\CapSense_CSD_P4_Sample.a(CapSense.o)
                0x200000dc                CapSense_sensorEnableMask
                0x200000e0                CapSense_pcTable
                0x20000100                CapSense_widgetResolution
 .data          0x20000110       0x18 .\CortexM0\ARM_GCC_493\Debug\CapSense_CSD_P4_Sample.a(CapSense_CSHL.o)
                0x20000110                CapSense_lowBaselineReset
                0x20000118                CapSense_enableRawFilters
                0x2000011c                CapSense_debounce
 .data          0x20000128        0x8 .\CortexM0\ARM_GCC_493\Debug\CapSense_CSD_P4_Sample.a(CapSense_SMS.o)
                0x20000128                CapSense_sensorSensitivity
                0x20000130                . = ALIGN (0x8)
 *(.ram)
                0x20000130                _edata = .

.igot.plt       0x20000130        0x0 load address 0x00003c60
 .igot.plt      0x00000000        0x0 c:/program files (x86)/cypress/psoc creator/3.3/psoc creator/import/gnu/arm/4.9.3/bin/../lib/gcc/arm-none-eabi/4.9.3/armv6-m/crtbegin.o

.bss            0x20000130      0x160 load address 0x00003c60
                0x20000130                PROVIDE (__bss_start__, .)
 *(.shbss)
 *(.bss .bss.* .gnu.linkonce.b.*)
 .bss           0x20000130       0x1c c:/program files (x86)/cypress/psoc creator/3.3/psoc creator/import/gnu/arm/4.9.3/bin/../lib/gcc/arm-none-eabi/4.9.3/armv6-m/crtbegin.o
 .bss           0x2000014c        0x1 .\CortexM0\ARM_GCC_493\Debug\main.o
 .bss           0x2000014d        0x1 .\CortexM0\ARM_GCC_493\Debug\CapSense_CSD_P4_Sample.a(LED_CONTROL.o)
                0x2000014d                LED_CONTROL_initVar
 *fill*         0x2000014e        0x2 
 .bss           0x20000150        0x8 .\CortexM0\ARM_GCC_493\Debug\CapSense_CSD_P4_Sample.a(I2C_Slave.o)
                0x20000150                I2C_Slave_initVar
                0x20000154                I2C_Slave_customIntrHandler
 .bss           0x20000158       0x18 .\CortexM0\ARM_GCC_493\Debug\CapSense_CSD_P4_Sample.a(CapSense.o)
                0x20000158                CapSense_lowLevelTuningDone
                0x20000159                CapSense_prescalersTuningDone
                0x2000015a                CapSense_csdStatusVar
                0x2000015b                CapSense_sensorIndex
                0x2000015c                CapSense_sensorRaw
 .bss           0x20000170       0x2c .\CortexM0\ARM_GCC_493\Debug\CapSense_CSD_P4_Sample.a(CapSense_CSHL.o)
                0x20000170                CapSense_sensorBaseline
                0x20000180                CapSense_sensorBaselineLow
                0x20000188                CapSense_sensorSignal
                0x20000190                CapSense_sensorOnMask
 .bss           0x2000019c        0x1 .\CortexM0\ARM_GCC_493\Debug\CapSense_CSD_P4_Sample.a(CapSense_INT.o)
 .bss           0x2000019d        0x1 .\CortexM0\ARM_GCC_493\Debug\CapSense_CSD_P4_Sample.a(UART.o)
                0x2000019d                UART_initVar
 *(COMMON)
 *fill*         0x2000019e        0x2 
 COMMON         0x200001a0       0x16 .\CortexM0\ARM_GCC_493\Debug\main.o
                0x200001a0                curPos
                0x200001a4                i2cWriteBuffer
                0x200001a6                but1
                0x200001a8                oldPos
                0x200001aa                but0
                0x200001ac                data
                0x200001b4                i2cReadBuffer
 COMMON         0x200001b6        0x1 .\CortexM0\ARM_GCC_493\Debug\CapSense_CSD_P4_Sample.a(I2C_Slave_I2C.o)
                0x200001b6                I2C_Slave_state
 *fill*         0x200001b7        0x1 
 COMMON         0x200001b8       0x1e .\CortexM0\ARM_GCC_493\Debug\CapSense_CSD_P4_Sample.a(I2C_Slave_I2C_SLAVE.o)
                0x200001b8                I2C_Slave_slRdBufIndexTmp
                0x200001bc                I2C_Slave_slRdBufIndex
                0x200001c0                I2C_Slave_slWrBufSize
                0x200001c4                I2C_Slave_slWrBufIndex
                0x200001c8                I2C_Slave_slRdBufPtr
                0x200001cc                I2C_Slave_slWrBufPtr
                0x200001d0                I2C_Slave_slRdBufSize
                0x200001d4                I2C_Slave_slStatus
                0x200001d5                I2C_Slave_slOverFlowCount
 *fill*         0x200001d6        0x2 
 COMMON         0x200001d8       0x34 .\CortexM0\ARM_GCC_493\Debug\CapSense_CSD_P4_Sample.a(CapSense.o)
                0x200001d8                CapSense_csdTrim1
                0x200001dc                CapSense_scanSpeedTbl
                0x200001e0                CapSense_sensorEnableMaskBackup
                0x200001e4                CapSense_senseClkDividerVal
                0x200001ec                CapSense_modulationIDAC
                0x200001f4                CapSense_compensationIDAC
                0x200001fc                CapSense_unscannedSnsDriveMode
                0x20000204                CapSense_sampleClkDividerVal
 COMMON         0x2000020c       0x28 .\CortexM0\ARM_GCC_493\Debug\CapSense_CSD_P4_Sample.a(CapSense_CSHL.o)
                0x2000020c                CapSense_noiseThreshold
                0x20000210                CapSense_lowBaselineResetCnt
                0x20000218                CapSense_negativeNoiseThreshold
                0x2000021c                CapSense_rawFilterData1
                0x2000022c                CapSense_hysteresis
                0x20000230                CapSense_fingerThreshold
 COMMON         0x20000234       0x5c .\CortexM0\ARM_GCC_493\Debug\CapSense_CSD_P4_Sample.a(CapSense_SMS.o)
                0x20000234                CapSense_runningDifferenceTbl
                0x2000023c                CapSense_signRegisterTbl
                0x20000244                CapSense_sampleMaxTbl
                0x20000254                CapSense_noiseEnvelopeTbl
                0x2000025c                CapSense_previousSampleTbl
                0x2000026c                CapSense_sampleMinTbl
                0x2000027c                CapSense_config
                0x20000288                CapSense_kValueTbl
                0x20000290                . = ALIGN (0x8)
 *(.ram.b)
                0x20000290                _end = .
                0x20000290                __end = .
                0x20000290                PROVIDE (end, .)
                0x20000290                PROVIDE (__bss_end__, .)
                0x00003bf8                __cy_region_init_ram = LOADADDR (.data)
                0x00000068                __cy_region_init_size_ram = (_edata - ADDR (.data))
                0x00000160                __cy_region_zero_size_ram = (_end - _edata)

.heap           0x20000290      0x100 load address 0x00003c60
                0x20000290                . = _end
                0x20000390                . = (. + 0x100)
 *fill*         0x20000290      0x100 
                0x20000390                __cy_heap_limit = .

.stack          0x20000c00      0x400
                0x20000c00                __cy_stack_limit = .
                0x20001000                . = (. + 0x400)
 *fill*         0x20000c00      0x400 
                0x00000001                ASSERT ((__cy_stack_limit >= __cy_heap_limit), region RAM overflowed with stack)
                0x00000000                cy_checksum_exclude_size = (CY_APPL_LOADABLE == 0x1)?SIZEOF (.cy_checksum_exclude):0x0
                0x00000001                ASSERT ((cy_checksum_exclude_size <= CY_CHECKSUM_EXCLUDE_SIZE), CY_BOOT: Section .cy_checksum_exclude size exceedes specified limit.)
                0x00007fc0                cyloadermeta_start = (cy_project_type_bootloader || cy_project_type_app_for_stack_and_copier)?(0x8000 - CY_METADATA_SIZE):0xf0000000

.cyloadermeta
 *(.cyloadermeta)
                0x00007fc0                cyloadablemeta_start = cy_project_type_app_for_stack_and_copier?((0x8000 - CY_FLASH_ROW_SIZE) - CY_METADATA_SIZE):((0x8000 - (CY_FLASH_ROW_SIZE * (CY_APPL_NUM - 0x1))) - CY_METADATA_SIZE)

.cyloadablemeta
 *(.cyloadablemeta)

.cyflashprotect
                0x90400000       0x20
 *(.cyflashprotect)
 .cyflashprotect
                0x90400000       0x20 .\CortexM0\ARM_GCC_493\Debug\cymetadata.o
                0x90400000                cy_meta_flashprotect

.cymeta         0x90500000        0xc
 *(.cymeta)
 .cymeta        0x90500000        0xc .\CortexM0\ARM_GCC_493\Debug\cymetadata.o
                0x90500000                cy_metadata

.cychipprotect  0x90600000        0x4
 *(.cychipprotect)
 .cychipprotect
                0x90600000        0x4 .\CortexM0\ARM_GCC_493\Debug\cymetadata.o
                0x90600000                cy_meta_chipprotect

.rel.dyn        0x00003c60        0x0 load address 0x90600004
 .rel.iplt      0x00000000        0x0 c:/program files (x86)/cypress/psoc creator/3.3/psoc creator/import/gnu/arm/4.9.3/bin/../lib/gcc/arm-none-eabi/4.9.3/armv6-m/crtbegin.o

.stab
 *(.stab)

.stabstr
 *(.stabstr)

.debug
 *(.debug)

.line
 *(.line)

.debug_srcinfo
 *(.debug_srcinfo)

.debug_sfnames
 *(.debug_sfnames)

.debug_aranges  0x00000000      0xc78
 *(.debug_aranges)
 .debug_aranges
                0x00000000       0x40 .\CortexM0\ARM_GCC_493\Debug\main.o
 .debug_aranges
                0x00000040       0x18 .\CortexM0\ARM_GCC_493\Debug\cymetadata.o
 .debug_aranges
                0x00000058       0x48 .\CortexM0\ARM_GCC_493\Debug\Cm0Start.o
 .debug_aranges
                0x000000a0       0x58 .\CortexM0\ARM_GCC_493\Debug\CapSense_CSD_P4_Sample.a(cyfitter_cfg.o)
 .debug_aranges
                0x000000f8      0x158 .\CortexM0\ARM_GCC_493\Debug\CapSense_CSD_P4_Sample.a(LED_CONTROL.o)
 .debug_aranges
                0x00000250       0x20 .\CortexM0\ARM_GCC_493\Debug\CapSense_CSD_P4_Sample.a(CyBootAsmGnu.o)
 .debug_aranges
                0x00000270      0x178 .\CortexM0\ARM_GCC_493\Debug\CapSense_CSD_P4_Sample.a(CyLib.o)
 .debug_aranges
                0x000003e8       0x70 .\CortexM0\ARM_GCC_493\Debug\CapSense_CSD_P4_Sample.a(I2C_Slave.o)
 .debug_aranges
                0x00000458       0x28 .\CortexM0\ARM_GCC_493\Debug\CapSense_CSD_P4_Sample.a(I2C_Slave_I2C.o)
 .debug_aranges
                0x00000480       0x70 .\CortexM0\ARM_GCC_493\Debug\CapSense_CSD_P4_Sample.a(I2C_Slave_I2C_SLAVE.o)
 .debug_aranges
                0x000004f0      0x168 .\CortexM0\ARM_GCC_493\Debug\CapSense_CSD_P4_Sample.a(CapSense.o)
 .debug_aranges
                0x00000658      0x150 .\CortexM0\ARM_GCC_493\Debug\CapSense_CSD_P4_Sample.a(CapSense_CSHL.o)
 .debug_aranges
                0x000007a8       0x20 .\CortexM0\ARM_GCC_493\Debug\CapSense_CSD_P4_Sample.a(CapSense_INT.o)
 .debug_aranges
                0x000007c8       0x60 .\CortexM0\ARM_GCC_493\Debug\CapSense_CSD_P4_Sample.a(CapSense_SMS.o)
 .debug_aranges
                0x00000828       0x48 .\CortexM0\ARM_GCC_493\Debug\CapSense_CSD_P4_Sample.a(LED1.o)
 .debug_aranges
                0x00000870       0x48 .\CortexM0\ARM_GCC_493\Debug\CapSense_CSD_P4_Sample.a(LED2.o)
 .debug_aranges
                0x000008b8       0x48 .\CortexM0\ARM_GCC_493\Debug\CapSense_CSD_P4_Sample.a(LED3.o)
 .debug_aranges
                0x00000900       0x48 .\CortexM0\ARM_GCC_493\Debug\CapSense_CSD_P4_Sample.a(LED4.o)
 .debug_aranges
                0x00000948       0x48 .\CortexM0\ARM_GCC_493\Debug\CapSense_CSD_P4_Sample.a(LED5.o)
 .debug_aranges
                0x00000990       0x40 .\CortexM0\ARM_GCC_493\Debug\CapSense_CSD_P4_Sample.a(CapSense_SampleClk.o)
 .debug_aranges
                0x000009d0       0x40 .\CortexM0\ARM_GCC_493\Debug\CapSense_CSD_P4_Sample.a(CapSense_SenseClk.o)
 .debug_aranges
                0x00000a10       0x48 .\CortexM0\ARM_GCC_493\Debug\CapSense_CSD_P4_Sample.a(InterPin.o)
 .debug_aranges
                0x00000a58       0x68 .\CortexM0\ARM_GCC_493\Debug\CapSense_CSD_P4_Sample.a(UART.o)
 .debug_aranges
                0x00000ac0       0x60 .\CortexM0\ARM_GCC_493\Debug\CapSense_CSD_P4_Sample.a(UART_UART.o)
 .debug_aranges
                0x00000b20       0x48 .\CortexM0\ARM_GCC_493\Debug\CapSense_CSD_P4_Sample.a(LED6.o)
 .debug_aranges
                0x00000b68       0x48 .\CortexM0\ARM_GCC_493\Debug\CapSense_CSD_P4_Sample.a(LED7.o)
 .debug_aranges
                0x00000bb0       0x20 .\CortexM0\ARM_GCC_493\Debug\CapSense_CSD_P4_Sample.a(I2C_Slave_I2C_INT.o)
 .debug_aranges
                0x00000bd0       0x60 .\CortexM0\ARM_GCC_493\Debug\CapSense_CSD_P4_Sample.a(UART_SPI_UART.o)
 .debug_aranges
                0x00000c30       0x48 C:\Program Files (x86)\Cypress\PSoC Creator\3.3\PSoC Creator\psoc\content\cycomponentlibrary\CyComponentLibrary.cylib\CapSense_CSD_P4_v2_40\PSoC4\Library\CapsenseP4Library_GCC.a(CSD_P4_SmartSense_v2_40.o)

.debug_pubnames
 *(.debug_pubnames)

.debug_info     0x00000000     0x5fa1
 *(.debug_info .gnu.linkonce.wi.*)
 .debug_info    0x00000000      0x234 .\CortexM0\ARM_GCC_493\Debug\main.o
 .debug_info    0x00000234       0xfe .\CortexM0\ARM_GCC_493\Debug\cymetadata.o
 .debug_info    0x00000332      0x302 .\CortexM0\ARM_GCC_493\Debug\Cm0Start.o
 .debug_info    0x00000634      0x38b .\CortexM0\ARM_GCC_493\Debug\CapSense_CSD_P4_Sample.a(cyfitter_cfg.o)
 .debug_info    0x000009bf      0x6f4 .\CortexM0\ARM_GCC_493\Debug\CapSense_CSD_P4_Sample.a(LED_CONTROL.o)
 .debug_info    0x000010b3       0x74 .\CortexM0\ARM_GCC_493\Debug\CapSense_CSD_P4_Sample.a(CyBootAsmGnu.o)
 .debug_info    0x00001127      0x8ac .\CortexM0\ARM_GCC_493\Debug\CapSense_CSD_P4_Sample.a(CyLib.o)
 .debug_info    0x000019d3      0x1f6 .\CortexM0\ARM_GCC_493\Debug\CapSense_CSD_P4_Sample.a(I2C_Slave.o)
 .debug_info    0x00001bc9      0x116 .\CortexM0\ARM_GCC_493\Debug\CapSense_CSD_P4_Sample.a(I2C_Slave_I2C.o)
 .debug_info    0x00001cdf      0x2db .\CortexM0\ARM_GCC_493\Debug\CapSense_CSD_P4_Sample.a(I2C_Slave_I2C_SLAVE.o)
 .debug_info    0x00001fba      0xd3d .\CortexM0\ARM_GCC_493\Debug\CapSense_CSD_P4_Sample.a(CapSense.o)
 .debug_info    0x00002cf7      0xe92 .\CortexM0\ARM_GCC_493\Debug\CapSense_CSD_P4_Sample.a(CapSense_CSHL.o)
 .debug_info    0x00003b89      0x11d .\CortexM0\ARM_GCC_493\Debug\CapSense_CSD_P4_Sample.a(CapSense_INT.o)
 .debug_info    0x00003ca6      0x653 .\CortexM0\ARM_GCC_493\Debug\CapSense_CSD_P4_Sample.a(CapSense_SMS.o)
 .debug_info    0x000042f9      0x19a .\CortexM0\ARM_GCC_493\Debug\CapSense_CSD_P4_Sample.a(LED1.o)
 .debug_info    0x00004493      0x19a .\CortexM0\ARM_GCC_493\Debug\CapSense_CSD_P4_Sample.a(LED2.o)
 .debug_info    0x0000462d      0x19a .\CortexM0\ARM_GCC_493\Debug\CapSense_CSD_P4_Sample.a(LED3.o)
 .debug_info    0x000047c7      0x19a .\CortexM0\ARM_GCC_493\Debug\CapSense_CSD_P4_Sample.a(LED4.o)
 .debug_info    0x00004961      0x19a .\CortexM0\ARM_GCC_493\Debug\CapSense_CSD_P4_Sample.a(LED5.o)
 .debug_info    0x00004afb      0x150 .\CortexM0\ARM_GCC_493\Debug\CapSense_CSD_P4_Sample.a(CapSense_SampleClk.o)
 .debug_info    0x00004c4b      0x150 .\CortexM0\ARM_GCC_493\Debug\CapSense_CSD_P4_Sample.a(CapSense_SenseClk.o)
 .debug_info    0x00004d9b      0x19a .\CortexM0\ARM_GCC_493\Debug\CapSense_CSD_P4_Sample.a(InterPin.o)
 .debug_info    0x00004f35      0x1b8 .\CortexM0\ARM_GCC_493\Debug\CapSense_CSD_P4_Sample.a(UART.o)
 .debug_info    0x000050ed      0x215 .\CortexM0\ARM_GCC_493\Debug\CapSense_CSD_P4_Sample.a(UART_UART.o)
 .debug_info    0x00005302      0x19a .\CortexM0\ARM_GCC_493\Debug\CapSense_CSD_P4_Sample.a(LED6.o)
 .debug_info    0x0000549c      0x19a .\CortexM0\ARM_GCC_493\Debug\CapSense_CSD_P4_Sample.a(LED7.o)
 .debug_info    0x00005636      0x17a .\CortexM0\ARM_GCC_493\Debug\CapSense_CSD_P4_Sample.a(I2C_Slave_I2C_INT.o)
 .debug_info    0x000057b0      0x20f .\CortexM0\ARM_GCC_493\Debug\CapSense_CSD_P4_Sample.a(UART_SPI_UART.o)
 .debug_info    0x000059bf      0x5e2 C:\Program Files (x86)\Cypress\PSoC Creator\3.3\PSoC Creator\psoc\content\cycomponentlibrary\CyComponentLibrary.cylib\CapSense_CSD_P4_v2_40\PSoC4\Library\CapsenseP4Library_GCC.a(CSD_P4_SmartSense_v2_40.o)

.debug_abbrev   0x00000000     0x1b54
 *(.debug_abbrev)
 .debug_abbrev  0x00000000      0x13a .\CortexM0\ARM_GCC_493\Debug\main.o
 .debug_abbrev  0x0000013a       0x5d .\CortexM0\ARM_GCC_493\Debug\cymetadata.o
 .debug_abbrev  0x00000197      0x17c .\CortexM0\ARM_GCC_493\Debug\Cm0Start.o
 .debug_abbrev  0x00000313      0x19d .\CortexM0\ARM_GCC_493\Debug\CapSense_CSD_P4_Sample.a(cyfitter_cfg.o)
 .debug_abbrev  0x000004b0       0xfc .\CortexM0\ARM_GCC_493\Debug\CapSense_CSD_P4_Sample.a(LED_CONTROL.o)
 .debug_abbrev  0x000005ac       0x14 .\CortexM0\ARM_GCC_493\Debug\CapSense_CSD_P4_Sample.a(CyBootAsmGnu.o)
 .debug_abbrev  0x000005c0      0x1a7 .\CortexM0\ARM_GCC_493\Debug\CapSense_CSD_P4_Sample.a(CyLib.o)
 .debug_abbrev  0x00000767       0xf3 .\CortexM0\ARM_GCC_493\Debug\CapSense_CSD_P4_Sample.a(I2C_Slave.o)
 .debug_abbrev  0x0000085a       0x90 .\CortexM0\ARM_GCC_493\Debug\CapSense_CSD_P4_Sample.a(I2C_Slave_I2C.o)
 .debug_abbrev  0x000008ea      0x13b .\CortexM0\ARM_GCC_493\Debug\CapSense_CSD_P4_Sample.a(I2C_Slave_I2C_SLAVE.o)
 .debug_abbrev  0x00000a25      0x176 .\CortexM0\ARM_GCC_493\Debug\CapSense_CSD_P4_Sample.a(CapSense.o)
 .debug_abbrev  0x00000b9b      0x1d1 .\CortexM0\ARM_GCC_493\Debug\CapSense_CSD_P4_Sample.a(CapSense_CSHL.o)
 .debug_abbrev  0x00000d6c       0x8a .\CortexM0\ARM_GCC_493\Debug\CapSense_CSD_P4_Sample.a(CapSense_INT.o)
 .debug_abbrev  0x00000df6      0x1a0 .\CortexM0\ARM_GCC_493\Debug\CapSense_CSD_P4_Sample.a(CapSense_SMS.o)
 .debug_abbrev  0x00000f96       0xaa .\CortexM0\ARM_GCC_493\Debug\CapSense_CSD_P4_Sample.a(LED1.o)
 .debug_abbrev  0x00001040       0xaa .\CortexM0\ARM_GCC_493\Debug\CapSense_CSD_P4_Sample.a(LED2.o)
 .debug_abbrev  0x000010ea       0xaa .\CortexM0\ARM_GCC_493\Debug\CapSense_CSD_P4_Sample.a(LED3.o)
 .debug_abbrev  0x00001194       0xaa .\CortexM0\ARM_GCC_493\Debug\CapSense_CSD_P4_Sample.a(LED4.o)
 .debug_abbrev  0x0000123e       0xaa .\CortexM0\ARM_GCC_493\Debug\CapSense_CSD_P4_Sample.a(LED5.o)
 .debug_abbrev  0x000012e8       0xa8 .\CortexM0\ARM_GCC_493\Debug\CapSense_CSD_P4_Sample.a(CapSense_SampleClk.o)
 .debug_abbrev  0x00001390       0xa8 .\CortexM0\ARM_GCC_493\Debug\CapSense_CSD_P4_Sample.a(CapSense_SenseClk.o)
 .debug_abbrev  0x00001438       0xaa .\CortexM0\ARM_GCC_493\Debug\CapSense_CSD_P4_Sample.a(InterPin.o)
 .debug_abbrev  0x000014e2       0xe3 .\CortexM0\ARM_GCC_493\Debug\CapSense_CSD_P4_Sample.a(UART.o)
 .debug_abbrev  0x000015c5      0x104 .\CortexM0\ARM_GCC_493\Debug\CapSense_CSD_P4_Sample.a(UART_UART.o)
 .debug_abbrev  0x000016c9       0xaa .\CortexM0\ARM_GCC_493\Debug\CapSense_CSD_P4_Sample.a(LED6.o)
 .debug_abbrev  0x00001773       0xaa .\CortexM0\ARM_GCC_493\Debug\CapSense_CSD_P4_Sample.a(LED7.o)
 .debug_abbrev  0x0000181d       0x88 .\CortexM0\ARM_GCC_493\Debug\CapSense_CSD_P4_Sample.a(I2C_Slave_I2C_INT.o)
 .debug_abbrev  0x000018a5      0x14f .\CortexM0\ARM_GCC_493\Debug\CapSense_CSD_P4_Sample.a(UART_SPI_UART.o)
 .debug_abbrev  0x000019f4      0x160 C:\Program Files (x86)\Cypress\PSoC Creator\3.3\PSoC Creator\psoc\content\cycomponentlibrary\CyComponentLibrary.cylib\CapSense_CSD_P4_v2_40\PSoC4\Library\CapsenseP4Library_GCC.a(CSD_P4_SmartSense_v2_40.o)

.debug_line     0x00000000     0x2b7e
 *(.debug_line)
 .debug_line    0x00000000      0x138 .\CortexM0\ARM_GCC_493\Debug\main.o
 .debug_line    0x00000138       0x53 .\CortexM0\ARM_GCC_493\Debug\cymetadata.o
 .debug_line    0x0000018b      0x1c9 .\CortexM0\ARM_GCC_493\Debug\Cm0Start.o
 .debug_line    0x00000354      0x1c3 .\CortexM0\ARM_GCC_493\Debug\CapSense_CSD_P4_Sample.a(cyfitter_cfg.o)
 .debug_line    0x00000517      0x37b .\CortexM0\ARM_GCC_493\Debug\CapSense_CSD_P4_Sample.a(LED_CONTROL.o)
 .debug_line    0x00000892       0x69 .\CortexM0\ARM_GCC_493\Debug\CapSense_CSD_P4_Sample.a(CyBootAsmGnu.o)
 .debug_line    0x000008fb      0x461 .\CortexM0\ARM_GCC_493\Debug\CapSense_CSD_P4_Sample.a(CyLib.o)
 .debug_line    0x00000d5c      0x15a .\CortexM0\ARM_GCC_493\Debug\CapSense_CSD_P4_Sample.a(I2C_Slave.o)
 .debug_line    0x00000eb6       0xbf .\CortexM0\ARM_GCC_493\Debug\CapSense_CSD_P4_Sample.a(I2C_Slave_I2C.o)
 .debug_line    0x00000f75      0x152 .\CortexM0\ARM_GCC_493\Debug\CapSense_CSD_P4_Sample.a(I2C_Slave_I2C_SLAVE.o)
 .debug_line    0x000010c7      0x53e .\CortexM0\ARM_GCC_493\Debug\CapSense_CSD_P4_Sample.a(CapSense.o)
 .debug_line    0x00001605      0x4bc .\CortexM0\ARM_GCC_493\Debug\CapSense_CSD_P4_Sample.a(CapSense_CSHL.o)
 .debug_line    0x00001ac1       0x91 .\CortexM0\ARM_GCC_493\Debug\CapSense_CSD_P4_Sample.a(CapSense_INT.o)
 .debug_line    0x00001b52      0x1a4 .\CortexM0\ARM_GCC_493\Debug\CapSense_CSD_P4_Sample.a(CapSense_SMS.o)
 .debug_line    0x00001cf6       0xbe .\CortexM0\ARM_GCC_493\Debug\CapSense_CSD_P4_Sample.a(LED1.o)
 .debug_line    0x00001db4       0xbe .\CortexM0\ARM_GCC_493\Debug\CapSense_CSD_P4_Sample.a(LED2.o)
 .debug_line    0x00001e72       0xbe .\CortexM0\ARM_GCC_493\Debug\CapSense_CSD_P4_Sample.a(LED3.o)
 .debug_line    0x00001f30       0xbe .\CortexM0\ARM_GCC_493\Debug\CapSense_CSD_P4_Sample.a(LED4.o)
 .debug_line    0x00001fee       0xbe .\CortexM0\ARM_GCC_493\Debug\CapSense_CSD_P4_Sample.a(LED5.o)
 .debug_line    0x000020ac       0xd2 .\CortexM0\ARM_GCC_493\Debug\CapSense_CSD_P4_Sample.a(CapSense_SampleClk.o)
 .debug_line    0x0000217e       0xd1 .\CortexM0\ARM_GCC_493\Debug\CapSense_CSD_P4_Sample.a(CapSense_SenseClk.o)
 .debug_line    0x0000224f       0xc2 .\CortexM0\ARM_GCC_493\Debug\CapSense_CSD_P4_Sample.a(InterPin.o)
 .debug_line    0x00002311      0x13d .\CortexM0\ARM_GCC_493\Debug\CapSense_CSD_P4_Sample.a(UART.o)
 .debug_line    0x0000244e      0x143 .\CortexM0\ARM_GCC_493\Debug\CapSense_CSD_P4_Sample.a(UART_UART.o)
 .debug_line    0x00002591       0xbe .\CortexM0\ARM_GCC_493\Debug\CapSense_CSD_P4_Sample.a(LED6.o)
 .debug_line    0x0000264f       0xbe .\CortexM0\ARM_GCC_493\Debug\CapSense_CSD_P4_Sample.a(LED7.o)
 .debug_line    0x0000270d      0x160 .\CortexM0\ARM_GCC_493\Debug\CapSense_CSD_P4_Sample.a(I2C_Slave_I2C_INT.o)
 .debug_line    0x0000286d      0x13c .\CortexM0\ARM_GCC_493\Debug\CapSense_CSD_P4_Sample.a(UART_SPI_UART.o)
 .debug_line    0x000029a9      0x1d5 C:\Program Files (x86)\Cypress\PSoC Creator\3.3\PSoC Creator\psoc\content\cycomponentlibrary\CyComponentLibrary.cylib\CapSense_CSD_P4_v2_40\PSoC4\Library\CapsenseP4Library_GCC.a(CSD_P4_SmartSense_v2_40.o)

.debug_frame    0x00000000     0x28c0
 *(.debug_frame)
 .debug_frame   0x00000000       0xb0 .\CortexM0\ARM_GCC_493\Debug\main.o
 .debug_frame   0x000000b0       0xc8 .\CortexM0\ARM_GCC_493\Debug\Cm0Start.o
 .debug_frame   0x00000178      0x108 .\CortexM0\ARM_GCC_493\Debug\CapSense_CSD_P4_Sample.a(cyfitter_cfg.o)
 .debug_frame   0x00000280      0x52c .\CortexM0\ARM_GCC_493\Debug\CapSense_CSD_P4_Sample.a(LED_CONTROL.o)
 .debug_frame   0x000007ac      0x568 .\CortexM0\ARM_GCC_493\Debug\CapSense_CSD_P4_Sample.a(CyLib.o)
 .debug_frame   0x00000d14      0x150 .\CortexM0\ARM_GCC_493\Debug\CapSense_CSD_P4_Sample.a(I2C_Slave.o)
 .debug_frame   0x00000e64       0x48 .\CortexM0\ARM_GCC_493\Debug\CapSense_CSD_P4_Sample.a(I2C_Slave_I2C.o)
 .debug_frame   0x00000eac      0x15c .\CortexM0\ARM_GCC_493\Debug\CapSense_CSD_P4_Sample.a(I2C_Slave_I2C_SLAVE.o)
 .debug_frame   0x00001008      0x544 .\CortexM0\ARM_GCC_493\Debug\CapSense_CSD_P4_Sample.a(CapSense.o)
 .debug_frame   0x0000154c      0x504 .\CortexM0\ARM_GCC_493\Debug\CapSense_CSD_P4_Sample.a(CapSense_CSHL.o)
 .debug_frame   0x00001a50       0x2c .\CortexM0\ARM_GCC_493\Debug\CapSense_CSD_P4_Sample.a(CapSense_INT.o)
 .debug_frame   0x00001a7c      0x130 .\CortexM0\ARM_GCC_493\Debug\CapSense_CSD_P4_Sample.a(CapSense_SMS.o)
 .debug_frame   0x00001bac       0xc8 .\CortexM0\ARM_GCC_493\Debug\CapSense_CSD_P4_Sample.a(LED1.o)
 .debug_frame   0x00001c74       0xc8 .\CortexM0\ARM_GCC_493\Debug\CapSense_CSD_P4_Sample.a(LED2.o)
 .debug_frame   0x00001d3c       0xc8 .\CortexM0\ARM_GCC_493\Debug\CapSense_CSD_P4_Sample.a(LED3.o)
 .debug_frame   0x00001e04       0xc8 .\CortexM0\ARM_GCC_493\Debug\CapSense_CSD_P4_Sample.a(LED4.o)
 .debug_frame   0x00001ecc       0xc8 .\CortexM0\ARM_GCC_493\Debug\CapSense_CSD_P4_Sample.a(LED5.o)
 .debug_frame   0x00001f94       0xa0 .\CortexM0\ARM_GCC_493\Debug\CapSense_CSD_P4_Sample.a(CapSense_SampleClk.o)
 .debug_frame   0x00002034       0xa0 .\CortexM0\ARM_GCC_493\Debug\CapSense_CSD_P4_Sample.a(CapSense_SenseClk.o)
 .debug_frame   0x000020d4       0xc8 .\CortexM0\ARM_GCC_493\Debug\CapSense_CSD_P4_Sample.a(InterPin.o)
 .debug_frame   0x0000219c      0x130 .\CortexM0\ARM_GCC_493\Debug\CapSense_CSD_P4_Sample.a(UART.o)
 .debug_frame   0x000022cc      0x124 .\CortexM0\ARM_GCC_493\Debug\CapSense_CSD_P4_Sample.a(UART_UART.o)
 .debug_frame   0x000023f0       0xc8 .\CortexM0\ARM_GCC_493\Debug\CapSense_CSD_P4_Sample.a(LED6.o)
 .debug_frame   0x000024b8       0xc8 .\CortexM0\ARM_GCC_493\Debug\CapSense_CSD_P4_Sample.a(LED7.o)
 .debug_frame   0x00002580       0x30 .\CortexM0\ARM_GCC_493\Debug\CapSense_CSD_P4_Sample.a(I2C_Slave_I2C_INT.o)
 .debug_frame   0x000025b0      0x128 .\CortexM0\ARM_GCC_493\Debug\CapSense_CSD_P4_Sample.a(UART_SPI_UART.o)
 .debug_frame   0x000026d8       0xec C:\Program Files (x86)\Cypress\PSoC Creator\3.3\PSoC Creator\psoc\content\cycomponentlibrary\CyComponentLibrary.cylib\CapSense_CSD_P4_v2_40\PSoC4\Library\CapsenseP4Library_GCC.a(CSD_P4_SmartSense_v2_40.o)
 .debug_frame   0x000027c4       0x20 c:/program files (x86)/cypress/psoc creator/3.3/psoc creator/import/gnu/arm/4.9.3/bin/../lib/gcc/arm-none-eabi/4.9.3/armv6-m\libgcc.a(_udivsi3.o)
 .debug_frame   0x000027e4       0x20 c:/program files (x86)/cypress/psoc creator/3.3/psoc creator/import/gnu/arm/4.9.3/bin/../lib/gcc/arm-none-eabi/4.9.3/armv6-m\libgcc.a(_divsi3.o)
 .debug_frame   0x00002804       0x20 c:/program files (x86)/cypress/psoc creator/3.3/psoc creator/import/gnu/arm/4.9.3/bin/../lib/gcc/arm-none-eabi/4.9.3/../../../../arm-none-eabi/lib/armv6-m\libg_nano.a(lib_a-errno.o)
 .debug_frame   0x00002824       0x28 c:/program files (x86)/cypress/psoc creator/3.3/psoc creator/import/gnu/arm/4.9.3/bin/../lib/gcc/arm-none-eabi/4.9.3/../../../../arm-none-eabi/lib/armv6-m\libg_nano.a(lib_a-exit.o)
 .debug_frame   0x0000284c       0x2c c:/program files (x86)/cypress/psoc creator/3.3/psoc creator/import/gnu/arm/4.9.3/bin/../lib/gcc/arm-none-eabi/4.9.3/../../../../arm-none-eabi/lib/armv6-m\libg_nano.a(lib_a-init.o)
 .debug_frame   0x00002878       0x28 c:/program files (x86)/cypress/psoc creator/3.3/psoc creator/import/gnu/arm/4.9.3/bin/../lib/gcc/arm-none-eabi/4.9.3/../../../../arm-none-eabi/lib/armv6-m\libg_nano.a(lib_a-memcpy.o)
 .debug_frame   0x000028a0       0x20 c:/program files (x86)/cypress/psoc creator/3.3/psoc creator/import/gnu/arm/4.9.3/bin/../lib/gcc/arm-none-eabi/4.9.3/../../../../arm-none-eabi/lib/armv6-m\libg_nano.a(lib_a-memset.o)

.debug_str      0x00000000     0x3177
 *(.debug_str)
 .debug_str     0x00000000      0x1d5 .\CortexM0\ARM_GCC_493\Debug\main.o
                                0x213 (size before relaxing)
 .debug_str     0x000001d5       0x5b .\CortexM0\ARM_GCC_493\Debug\cymetadata.o
                                0x1b2 (size before relaxing)
 .debug_str     0x00000230      0x12e .\CortexM0\ARM_GCC_493\Debug\Cm0Start.o
                                0x2a6 (size before relaxing)
 .debug_str     0x0000035e      0x11e .\CortexM0\ARM_GCC_493\Debug\CapSense_CSD_P4_Sample.a(cyfitter_cfg.o)
                                0x2bf (size before relaxing)
 .debug_str     0x0000047c      0x4ee .\CortexM0\ARM_GCC_493\Debug\CapSense_CSD_P4_Sample.a(LED_CONTROL.o)
                                0x658 (size before relaxing)
 .debug_str     0x0000096a      0x4a2 .\CortexM0\ARM_GCC_493\Debug\CapSense_CSD_P4_Sample.a(CyLib.o)
                                0x632 (size before relaxing)
 .debug_str     0x00000e0c      0x174 .\CortexM0\ARM_GCC_493\Debug\CapSense_CSD_P4_Sample.a(I2C_Slave.o)
                                0x2d8 (size before relaxing)
 .debug_str     0x00000f80       0xb8 .\CortexM0\ARM_GCC_493\Debug\CapSense_CSD_P4_Sample.a(I2C_Slave_I2C.o)
                                0x21c (size before relaxing)
 .debug_str     0x00001038      0x223 .\CortexM0\ARM_GCC_493\Debug\CapSense_CSD_P4_Sample.a(I2C_Slave_I2C_SLAVE.o)
                                0x3f1 (size before relaxing)
 .debug_str     0x0000125b      0x83d .\CortexM0\ARM_GCC_493\Debug\CapSense_CSD_P4_Sample.a(CapSense.o)
                                0x9cf (size before relaxing)
 .debug_str     0x00001a98      0x817 .\CortexM0\ARM_GCC_493\Debug\CapSense_CSD_P4_Sample.a(CapSense_CSHL.o)
                                0xb3d (size before relaxing)
 .debug_str     0x000022af       0x4a .\CortexM0\ARM_GCC_493\Debug\CapSense_CSD_P4_Sample.a(CapSense_INT.o)
                                0x213 (size before relaxing)
 .debug_str     0x000022f9      0x220 .\CortexM0\ARM_GCC_493\Debug\CapSense_CSD_P4_Sample.a(CapSense_SMS.o)
                                0x740 (size before relaxing)
 .debug_str     0x00002519       0x9d .\CortexM0\ARM_GCC_493\Debug\CapSense_CSD_P4_Sample.a(LED1.o)
                                0x213 (size before relaxing)
 .debug_str     0x000025b6       0x82 .\CortexM0\ARM_GCC_493\Debug\CapSense_CSD_P4_Sample.a(LED2.o)
                                0x213 (size before relaxing)
 .debug_str     0x00002638       0x82 .\CortexM0\ARM_GCC_493\Debug\CapSense_CSD_P4_Sample.a(LED3.o)
                                0x213 (size before relaxing)
 .debug_str     0x000026ba       0x82 .\CortexM0\ARM_GCC_493\Debug\CapSense_CSD_P4_Sample.a(LED4.o)
                                0x213 (size before relaxing)
 .debug_str     0x0000273c       0x82 .\CortexM0\ARM_GCC_493\Debug\CapSense_CSD_P4_Sample.a(LED5.o)
                                0x213 (size before relaxing)
 .debug_str     0x000027be      0x10d .\CortexM0\ARM_GCC_493\Debug\CapSense_CSD_P4_Sample.a(CapSense_SampleClk.o)
                                0x26f (size before relaxing)
 .debug_str     0x000028cb       0xdf .\CortexM0\ARM_GCC_493\Debug\CapSense_CSD_P4_Sample.a(CapSense_SenseClk.o)
                                0x269 (size before relaxing)
 .debug_str     0x000029aa       0x9e .\CortexM0\ARM_GCC_493\Debug\CapSense_CSD_P4_Sample.a(InterPin.o)
                                0x22f (size before relaxing)
 .debug_str     0x00002a48       0xd7 .\CortexM0\ARM_GCC_493\Debug\CapSense_CSD_P4_Sample.a(UART.o)
                                0x257 (size before relaxing)
 .debug_str     0x00002b1f       0xfd .\CortexM0\ARM_GCC_493\Debug\CapSense_CSD_P4_Sample.a(UART_UART.o)
                                0x278 (size before relaxing)
 .debug_str     0x00002c1c       0x82 .\CortexM0\ARM_GCC_493\Debug\CapSense_CSD_P4_Sample.a(LED6.o)
                                0x213 (size before relaxing)
 .debug_str     0x00002c9e       0x82 .\CortexM0\ARM_GCC_493\Debug\CapSense_CSD_P4_Sample.a(LED7.o)
                                0x213 (size before relaxing)
 .debug_str     0x00002d20       0x55 .\CortexM0\ARM_GCC_493\Debug\CapSense_CSD_P4_Sample.a(I2C_Slave_I2C_INT.o)
                                0x2bd (size before relaxing)
 .debug_str     0x00002d75      0x12a .\CortexM0\ARM_GCC_493\Debug\CapSense_CSD_P4_Sample.a(UART_SPI_UART.o)
                                0x2a6 (size before relaxing)
 .debug_str     0x00002e9f      0x2d8 C:\Program Files (x86)\Cypress\PSoC Creator\3.3\PSoC Creator\psoc\content\cycomponentlibrary\CyComponentLibrary.cylib\CapSense_CSD_P4_v2_40\PSoC4\Library\CapsenseP4Library_GCC.a(CSD_P4_SmartSense_v2_40.o)
                                0x59f (size before relaxing)

.debug_loc      0x00000000      0x68e
 *(.debug_loc)
 .debug_loc     0x00000000      0x68e C:\Program Files (x86)\Cypress\PSoC Creator\3.3\PSoC Creator\psoc\content\cycomponentlibrary\CyComponentLibrary.cylib\CapSense_CSD_P4_v2_40\PSoC4\Library\CapsenseP4Library_GCC.a(CSD_P4_SmartSense_v2_40.o)

.debug_macinfo
 *(.debug_macinfo)

.debug_ranges   0x00000000      0xa90
 *(.debug_ranges)
 .debug_ranges  0x00000000       0x30 .\CortexM0\ARM_GCC_493\Debug\main.o
 .debug_ranges  0x00000030       0x38 .\CortexM0\ARM_GCC_493\Debug\Cm0Start.o
 .debug_ranges  0x00000068       0x48 .\CortexM0\ARM_GCC_493\Debug\CapSense_CSD_P4_Sample.a(cyfitter_cfg.o)
 .debug_ranges  0x000000b0      0x148 .\CortexM0\ARM_GCC_493\Debug\CapSense_CSD_P4_Sample.a(LED_CONTROL.o)
 .debug_ranges  0x000001f8      0x168 .\CortexM0\ARM_GCC_493\Debug\CapSense_CSD_P4_Sample.a(CyLib.o)
 .debug_ranges  0x00000360       0x60 .\CortexM0\ARM_GCC_493\Debug\CapSense_CSD_P4_Sample.a(I2C_Slave.o)
 .debug_ranges  0x000003c0       0x18 .\CortexM0\ARM_GCC_493\Debug\CapSense_CSD_P4_Sample.a(I2C_Slave_I2C.o)
 .debug_ranges  0x000003d8       0x60 .\CortexM0\ARM_GCC_493\Debug\CapSense_CSD_P4_Sample.a(I2C_Slave_I2C_SLAVE.o)
 .debug_ranges  0x00000438      0x158 .\CortexM0\ARM_GCC_493\Debug\CapSense_CSD_P4_Sample.a(CapSense.o)
 .debug_ranges  0x00000590      0x140 .\CortexM0\ARM_GCC_493\Debug\CapSense_CSD_P4_Sample.a(CapSense_CSHL.o)
 .debug_ranges  0x000006d0       0x10 .\CortexM0\ARM_GCC_493\Debug\CapSense_CSD_P4_Sample.a(CapSense_INT.o)
 .debug_ranges  0x000006e0       0x50 .\CortexM0\ARM_GCC_493\Debug\CapSense_CSD_P4_Sample.a(CapSense_SMS.o)
 .debug_ranges  0x00000730       0x38 .\CortexM0\ARM_GCC_493\Debug\CapSense_CSD_P4_Sample.a(LED1.o)
 .debug_ranges  0x00000768       0x38 .\CortexM0\ARM_GCC_493\Debug\CapSense_CSD_P4_Sample.a(LED2.o)
 .debug_ranges  0x000007a0       0x38 .\CortexM0\ARM_GCC_493\Debug\CapSense_CSD_P4_Sample.a(LED3.o)
 .debug_ranges  0x000007d8       0x38 .\CortexM0\ARM_GCC_493\Debug\CapSense_CSD_P4_Sample.a(LED4.o)
 .debug_ranges  0x00000810       0x38 .\CortexM0\ARM_GCC_493\Debug\CapSense_CSD_P4_Sample.a(LED5.o)
 .debug_ranges  0x00000848       0x30 .\CortexM0\ARM_GCC_493\Debug\CapSense_CSD_P4_Sample.a(CapSense_SampleClk.o)
 .debug_ranges  0x00000878       0x30 .\CortexM0\ARM_GCC_493\Debug\CapSense_CSD_P4_Sample.a(CapSense_SenseClk.o)
 .debug_ranges  0x000008a8       0x38 .\CortexM0\ARM_GCC_493\Debug\CapSense_CSD_P4_Sample.a(InterPin.o)
 .debug_ranges  0x000008e0       0x58 .\CortexM0\ARM_GCC_493\Debug\CapSense_CSD_P4_Sample.a(UART.o)
 .debug_ranges  0x00000938       0x50 .\CortexM0\ARM_GCC_493\Debug\CapSense_CSD_P4_Sample.a(UART_UART.o)
 .debug_ranges  0x00000988       0x38 .\CortexM0\ARM_GCC_493\Debug\CapSense_CSD_P4_Sample.a(LED6.o)
 .debug_ranges  0x000009c0       0x38 .\CortexM0\ARM_GCC_493\Debug\CapSense_CSD_P4_Sample.a(LED7.o)
 .debug_ranges  0x000009f8       0x10 .\CortexM0\ARM_GCC_493\Debug\CapSense_CSD_P4_Sample.a(I2C_Slave_I2C_INT.o)
 .debug_ranges  0x00000a08       0x50 .\CortexM0\ARM_GCC_493\Debug\CapSense_CSD_P4_Sample.a(UART_SPI_UART.o)
 .debug_ranges  0x00000a58       0x38 C:\Program Files (x86)\Cypress\PSoC Creator\3.3\PSoC Creator\psoc\content\cycomponentlibrary\CyComponentLibrary.cylib\CapSense_CSD_P4_v2_40\PSoC4\Library\CapsenseP4Library_GCC.a(CSD_P4_SmartSense_v2_40.o)

.comment        0x00000000       0x70
 .comment       0x00000000       0x70 .\CortexM0\ARM_GCC_493\Debug\main.o
                                 0x71 (size before relaxing)
 .comment       0x00000000       0x71 .\CortexM0\ARM_GCC_493\Debug\cymetadata.o
 .comment       0x00000000       0x71 .\CortexM0\ARM_GCC_493\Debug\Cm0Start.o
 .comment       0x00000000       0x71 .\CortexM0\ARM_GCC_493\Debug\CapSense_CSD_P4_Sample.a(cyfitter_cfg.o)
 .comment       0x00000000       0x71 .\CortexM0\ARM_GCC_493\Debug\CapSense_CSD_P4_Sample.a(LED_CONTROL.o)
 .comment       0x00000000       0x71 .\CortexM0\ARM_GCC_493\Debug\CapSense_CSD_P4_Sample.a(CyLib.o)
 .comment       0x00000000       0x71 .\CortexM0\ARM_GCC_493\Debug\CapSense_CSD_P4_Sample.a(I2C_Slave.o)
 .comment       0x00000000       0x71 .\CortexM0\ARM_GCC_493\Debug\CapSense_CSD_P4_Sample.a(I2C_Slave_I2C.o)
 .comment       0x00000000       0x71 .\CortexM0\ARM_GCC_493\Debug\CapSense_CSD_P4_Sample.a(I2C_Slave_I2C_SLAVE.o)
 .comment       0x00000000       0x71 .\CortexM0\ARM_GCC_493\Debug\CapSense_CSD_P4_Sample.a(CapSense.o)
 .comment       0x00000000       0x71 .\CortexM0\ARM_GCC_493\Debug\CapSense_CSD_P4_Sample.a(CapSense_CSHL.o)
 .comment       0x00000000       0x71 .\CortexM0\ARM_GCC_493\Debug\CapSense_CSD_P4_Sample.a(CapSense_INT.o)
 .comment       0x00000000       0x71 .\CortexM0\ARM_GCC_493\Debug\CapSense_CSD_P4_Sample.a(CapSense_SMS.o)
 .comment       0x00000000       0x71 .\CortexM0\ARM_GCC_493\Debug\CapSense_CSD_P4_Sample.a(LED1.o)
 .comment       0x00000000       0x71 .\CortexM0\ARM_GCC_493\Debug\CapSense_CSD_P4_Sample.a(LED2.o)
 .comment       0x00000000       0x71 .\CortexM0\ARM_GCC_493\Debug\CapSense_CSD_P4_Sample.a(LED3.o)
 .comment       0x00000000       0x71 .\CortexM0\ARM_GCC_493\Debug\CapSense_CSD_P4_Sample.a(LED4.o)
 .comment       0x00000000       0x71 .\CortexM0\ARM_GCC_493\Debug\CapSense_CSD_P4_Sample.a(LED5.o)
 .comment       0x00000000       0x71 .\CortexM0\ARM_GCC_493\Debug\CapSense_CSD_P4_Sample.a(CapSense_SampleClk.o)
 .comment       0x00000000       0x71 .\CortexM0\ARM_GCC_493\Debug\CapSense_CSD_P4_Sample.a(CapSense_SenseClk.o)
 .comment       0x00000000       0x71 .\CortexM0\ARM_GCC_493\Debug\CapSense_CSD_P4_Sample.a(InterPin.o)
 .comment       0x00000000       0x71 .\CortexM0\ARM_GCC_493\Debug\CapSense_CSD_P4_Sample.a(UART.o)
 .comment       0x00000000       0x71 .\CortexM0\ARM_GCC_493\Debug\CapSense_CSD_P4_Sample.a(UART_UART.o)
 .comment       0x00000000       0x71 .\CortexM0\ARM_GCC_493\Debug\CapSense_CSD_P4_Sample.a(LED6.o)
 .comment       0x00000000       0x71 .\CortexM0\ARM_GCC_493\Debug\CapSense_CSD_P4_Sample.a(LED7.o)
 .comment       0x00000000       0x71 .\CortexM0\ARM_GCC_493\Debug\CapSense_CSD_P4_Sample.a(I2C_Slave_I2C_INT.o)
 .comment       0x00000000       0x71 .\CortexM0\ARM_GCC_493\Debug\CapSense_CSD_P4_Sample.a(UART_SPI_UART.o)
 .comment       0x00000000       0x71 C:\Program Files (x86)\Cypress\PSoC Creator\3.3\PSoC Creator\psoc\content\cycomponentlibrary\CyComponentLibrary.cylib\CapSense_CSD_P4_v2_40\PSoC4\Library\CapsenseP4Library_GCC.a(CSD_P4_SmartSense_v2_40.o)

.debug_weaknames
 *(.debug_weaknames)

.debug_funcnames
 *(.debug_funcnames)

.debug_typenames
 *(.debug_typenames)

.debug_varnames
 *(.debug_varnames)

.note.gnu.arm.ident
 *(.note.gnu.arm.ident)

.ARM.attributes
                0x00000000       0x28
 *(.ARM.attributes)
 .ARM.attributes
                0x00000000       0x1e c:/program files (x86)/cypress/psoc creator/3.3/psoc creator/import/gnu/arm/4.9.3/bin/../lib/gcc/arm-none-eabi/4.9.3/armv6-m/crti.o
 .ARM.attributes
                0x0000001e       0x2c c:/program files (x86)/cypress/psoc creator/3.3/psoc creator/import/gnu/arm/4.9.3/bin/../lib/gcc/arm-none-eabi/4.9.3/armv6-m/crtbegin.o
 .ARM.attributes
                0x0000004a       0x1b c:/program files (x86)/cypress/psoc creator/3.3/psoc creator/import/gnu/arm/4.9.3/bin/../lib/gcc/arm-none-eabi/4.9.3/../../../../arm-none-eabi/lib/armv6-m/crt0.o
 .ARM.attributes
                0x00000065       0x31 .\CortexM0\ARM_GCC_493\Debug\main.o
 .ARM.attributes
                0x00000096       0x31 .\CortexM0\ARM_GCC_493\Debug\cymetadata.o
 .ARM.attributes
                0x000000c7       0x31 .\CortexM0\ARM_GCC_493\Debug\Cm0Start.o
 .ARM.attributes
                0x000000f8       0x31 .\CortexM0\ARM_GCC_493\Debug\CapSense_CSD_P4_Sample.a(cyfitter_cfg.o)
 .ARM.attributes
                0x00000129       0x31 .\CortexM0\ARM_GCC_493\Debug\CapSense_CSD_P4_Sample.a(LED_CONTROL.o)
 .ARM.attributes
                0x0000015a       0x21 .\CortexM0\ARM_GCC_493\Debug\CapSense_CSD_P4_Sample.a(CyBootAsmGnu.o)
 .ARM.attributes
                0x0000017b       0x31 .\CortexM0\ARM_GCC_493\Debug\CapSense_CSD_P4_Sample.a(CyLib.o)
 .ARM.attributes
                0x000001ac       0x31 .\CortexM0\ARM_GCC_493\Debug\CapSense_CSD_P4_Sample.a(I2C_Slave.o)
 .ARM.attributes
                0x000001dd       0x31 .\CortexM0\ARM_GCC_493\Debug\CapSense_CSD_P4_Sample.a(I2C_Slave_I2C.o)
 .ARM.attributes
                0x0000020e       0x31 .\CortexM0\ARM_GCC_493\Debug\CapSense_CSD_P4_Sample.a(I2C_Slave_I2C_SLAVE.o)
 .ARM.attributes
                0x0000023f       0x31 .\CortexM0\ARM_GCC_493\Debug\CapSense_CSD_P4_Sample.a(CapSense.o)
 .ARM.attributes
                0x00000270       0x31 .\CortexM0\ARM_GCC_493\Debug\CapSense_CSD_P4_Sample.a(CapSense_CSHL.o)
 .ARM.attributes
                0x000002a1       0x31 .\CortexM0\ARM_GCC_493\Debug\CapSense_CSD_P4_Sample.a(CapSense_INT.o)
 .ARM.attributes
                0x000002d2       0x31 .\CortexM0\ARM_GCC_493\Debug\CapSense_CSD_P4_Sample.a(CapSense_SMS.o)
 .ARM.attributes
                0x00000303       0x31 .\CortexM0\ARM_GCC_493\Debug\CapSense_CSD_P4_Sample.a(LED1.o)
 .ARM.attributes
                0x00000334       0x31 .\CortexM0\ARM_GCC_493\Debug\CapSense_CSD_P4_Sample.a(LED2.o)
 .ARM.attributes
                0x00000365       0x31 .\CortexM0\ARM_GCC_493\Debug\CapSense_CSD_P4_Sample.a(LED3.o)
 .ARM.attributes
                0x00000396       0x31 .\CortexM0\ARM_GCC_493\Debug\CapSense_CSD_P4_Sample.a(LED4.o)
 .ARM.attributes
                0x000003c7       0x31 .\CortexM0\ARM_GCC_493\Debug\CapSense_CSD_P4_Sample.a(LED5.o)
 .ARM.attributes
                0x000003f8       0x31 .\CortexM0\ARM_GCC_493\Debug\CapSense_CSD_P4_Sample.a(CapSense_SampleClk.o)
 .ARM.attributes
                0x00000429       0x31 .\CortexM0\ARM_GCC_493\Debug\CapSense_CSD_P4_Sample.a(CapSense_SenseClk.o)
 .ARM.attributes
                0x0000045a       0x31 .\CortexM0\ARM_GCC_493\Debug\CapSense_CSD_P4_Sample.a(InterPin.o)
 .ARM.attributes
                0x0000048b       0x31 .\CortexM0\ARM_GCC_493\Debug\CapSense_CSD_P4_Sample.a(UART.o)
 .ARM.attributes
                0x000004bc       0x31 .\CortexM0\ARM_GCC_493\Debug\CapSense_CSD_P4_Sample.a(UART_UART.o)
 .ARM.attributes
                0x000004ed       0x31 .\CortexM0\ARM_GCC_493\Debug\CapSense_CSD_P4_Sample.a(LED6.o)
 .ARM.attributes
                0x0000051e       0x31 .\CortexM0\ARM_GCC_493\Debug\CapSense_CSD_P4_Sample.a(LED7.o)
 .ARM.attributes
                0x0000054f       0x31 .\CortexM0\ARM_GCC_493\Debug\CapSense_CSD_P4_Sample.a(I2C_Slave_I2C_INT.o)
 .ARM.attributes
                0x00000580       0x31 .\CortexM0\ARM_GCC_493\Debug\CapSense_CSD_P4_Sample.a(UART_SPI_UART.o)
 .ARM.attributes
                0x000005b1       0x31 C:\Program Files (x86)\Cypress\PSoC Creator\3.3\PSoC Creator\psoc\content\cycomponentlibrary\CyComponentLibrary.cylib\CapSense_CSD_P4_v2_40\PSoC4\Library\CapsenseP4Library_GCC.a(CSD_P4_SmartSense_v2_40.o)
 .ARM.attributes
                0x000005e2       0x1e c:/program files (x86)/cypress/psoc creator/3.3/psoc creator/import/gnu/arm/4.9.3/bin/../lib/gcc/arm-none-eabi/4.9.3/armv6-m\libgcc.a(_udivsi3.o)
 .ARM.attributes
                0x00000600       0x1e c:/program files (x86)/cypress/psoc creator/3.3/psoc creator/import/gnu/arm/4.9.3/bin/../lib/gcc/arm-none-eabi/4.9.3/armv6-m\libgcc.a(_divsi3.o)
 .ARM.attributes
                0x0000061e       0x1e c:/program files (x86)/cypress/psoc creator/3.3/psoc creator/import/gnu/arm/4.9.3/bin/../lib/gcc/arm-none-eabi/4.9.3/armv6-m\libgcc.a(_dvmd_tls.o)
 .ARM.attributes
                0x0000063c       0x2c c:/program files (x86)/cypress/psoc creator/3.3/psoc creator/import/gnu/arm/4.9.3/bin/../lib/gcc/arm-none-eabi/4.9.3/../../../../arm-none-eabi/lib/armv6-m\libg_nano.a(lib_a-errno.o)
 .ARM.attributes
                0x00000668       0x2c c:/program files (x86)/cypress/psoc creator/3.3/psoc creator/import/gnu/arm/4.9.3/bin/../lib/gcc/arm-none-eabi/4.9.3/../../../../arm-none-eabi/lib/armv6-m\libg_nano.a(lib_a-exit.o)
 .ARM.attributes
                0x00000694       0x2c c:/program files (x86)/cypress/psoc creator/3.3/psoc creator/import/gnu/arm/4.9.3/bin/../lib/gcc/arm-none-eabi/4.9.3/../../../../arm-none-eabi/lib/armv6-m\libg_nano.a(lib_a-impure.o)
 .ARM.attributes
                0x000006c0       0x2c c:/program files (x86)/cypress/psoc creator/3.3/psoc creator/import/gnu/arm/4.9.3/bin/../lib/gcc/arm-none-eabi/4.9.3/../../../../arm-none-eabi/lib/armv6-m\libg_nano.a(lib_a-init.o)
 .ARM.attributes
                0x000006ec       0x2c c:/program files (x86)/cypress/psoc creator/3.3/psoc creator/import/gnu/arm/4.9.3/bin/../lib/gcc/arm-none-eabi/4.9.3/../../../../arm-none-eabi/lib/armv6-m\libg_nano.a(lib_a-memcpy.o)
 .ARM.attributes
                0x00000718       0x2c c:/program files (x86)/cypress/psoc creator/3.3/psoc creator/import/gnu/arm/4.9.3/bin/../lib/gcc/arm-none-eabi/4.9.3/../../../../arm-none-eabi/lib/armv6-m\libg_nano.a(lib_a-memset.o)
 .ARM.attributes
                0x00000744       0x2c c:/program files (x86)/cypress/psoc creator/3.3/psoc creator/import/gnu/arm/4.9.3/bin/../lib/gcc/arm-none-eabi/4.9.3/armv6-m/crtend.o
 .ARM.attributes
                0x00000770       0x1e c:/program files (x86)/cypress/psoc creator/3.3/psoc creator/import/gnu/arm/4.9.3/bin/../lib/gcc/arm-none-eabi/4.9.3/armv6-m/crtn.o

/DISCARD/
 *(.note.GNU-stack)
OUTPUT(.\CortexM0\ARM_GCC_493\Debug\CapSense_CSD_P4_Sample.elf elf32-littlearm)
