Archive member included because of file (symbol)

.\CortexM0\ARM_GCC_493\Debug\2F5S1SOC.a(cyfitter_cfg.o)
                              .\CortexM0\ARM_GCC_493\Debug\Cm0Start.o (cyfitter_cfg)
.\CortexM0\ARM_GCC_493\Debug\2F5S1SOC.a(CyFlash.o)
                              .\CortexM0\ARM_GCC_493\Debug\main.o (CySysFlashWriteRow)
.\CortexM0\ARM_GCC_493\Debug\2F5S1SOC.a(CyLib.o)
                              .\CortexM0\ARM_GCC_493\Debug\main.o (CyDelay)
.\CortexM0\ARM_GCC_493\Debug\2F5S1SOC.a(CyLFClk.o)
                              .\CortexM0\ARM_GCC_493\Debug\2F5S1SOC.a(CyLib.o) (CySysClkWcoEnabled)
.\CortexM0\ARM_GCC_493\Debug\2F5S1SOC.a(I2C_Slave.o)
                              .\CortexM0\ARM_GCC_493\Debug\main.o (I2C_Slave_Start)
.\CortexM0\ARM_GCC_493\Debug\2F5S1SOC.a(I2C_Slave_I2C.o)
                              .\CortexM0\ARM_GCC_493\Debug\2F5S1SOC.a(I2C_Slave.o) (I2C_Slave_I2CInit)
.\CortexM0\ARM_GCC_493\Debug\2F5S1SOC.a(I2C_Slave_I2C_SLAVE.o)
                              .\CortexM0\ARM_GCC_493\Debug\2F5S1SOC.a(I2C_Slave_I2C.o) (I2C_Slave_slStatus)
.\CortexM0\ARM_GCC_493\Debug\2F5S1SOC.a(CapSense.o)
                              .\CortexM0\ARM_GCC_493\Debug\main.o (CapSense_Start)
.\CortexM0\ARM_GCC_493\Debug\2F5S1SOC.a(CapSense_CSHL.o)
                              .\CortexM0\ARM_GCC_493\Debug\2F5S1SOC.a(CapSense.o) (CapSense_rawDataIndex)
.\CortexM0\ARM_GCC_493\Debug\2F5S1SOC.a(CapSense_INT.o)
                              .\CortexM0\ARM_GCC_493\Debug\2F5S1SOC.a(CapSense.o) (CapSense_ISR)
.\CortexM0\ARM_GCC_493\Debug\2F5S1SOC.a(CapSense_SMS.o)
                              .\CortexM0\ARM_GCC_493\Debug\2F5S1SOC.a(CapSense_CSHL.o) (CapSense_config)
.\CortexM0\ARM_GCC_493\Debug\2F5S1SOC.a(LED1.o)
                              .\CortexM0\ARM_GCC_493\Debug\main.o (LED1_Write)
.\CortexM0\ARM_GCC_493\Debug\2F5S1SOC.a(LED2.o)
                              .\CortexM0\ARM_GCC_493\Debug\main.o (LED2_Write)
.\CortexM0\ARM_GCC_493\Debug\2F5S1SOC.a(LED3.o)
                              .\CortexM0\ARM_GCC_493\Debug\main.o (LED3_Write)
.\CortexM0\ARM_GCC_493\Debug\2F5S1SOC.a(LED4.o)
                              .\CortexM0\ARM_GCC_493\Debug\main.o (LED4_Write)
.\CortexM0\ARM_GCC_493\Debug\2F5S1SOC.a(LED5.o)
                              .\CortexM0\ARM_GCC_493\Debug\main.o (LED5_Write)
.\CortexM0\ARM_GCC_493\Debug\2F5S1SOC.a(CapSense_SampleClk.o)
                              .\CortexM0\ARM_GCC_493\Debug\2F5S1SOC.a(CapSense.o) (CapSense_SampleClk_StartEx)
.\CortexM0\ARM_GCC_493\Debug\2F5S1SOC.a(CapSense_SenseClk.o)
                              .\CortexM0\ARM_GCC_493\Debug\2F5S1SOC.a(CapSense.o) (CapSense_SenseClk_StartEx)
.\CortexM0\ARM_GCC_493\Debug\2F5S1SOC.a(InterPin.o)
                              .\CortexM0\ARM_GCC_493\Debug\main.o (InterPin_Write)
.\CortexM0\ARM_GCC_493\Debug\2F5S1SOC.a(UART.o)
                              .\CortexM0\ARM_GCC_493\Debug\main.o (UART_Start)
.\CortexM0\ARM_GCC_493\Debug\2F5S1SOC.a(UART_SPI_UART.o)
                              .\CortexM0\ARM_GCC_493\Debug\main.o (UART_SpiUartWriteTxData)
.\CortexM0\ARM_GCC_493\Debug\2F5S1SOC.a(UART_UART.o)
                              .\CortexM0\ARM_GCC_493\Debug\2F5S1SOC.a(UART.o) (UART_UartInit)
.\CortexM0\ARM_GCC_493\Debug\2F5S1SOC.a(LED6.o)
                              .\CortexM0\ARM_GCC_493\Debug\main.o (LED6_Write)
.\CortexM0\ARM_GCC_493\Debug\2F5S1SOC.a(LED7.o)
                              .\CortexM0\ARM_GCC_493\Debug\main.o (LED7_Write)
.\CortexM0\ARM_GCC_493\Debug\2F5S1SOC.a(LED11.o)
                              .\CortexM0\ARM_GCC_493\Debug\main.o (LED11_Write)
.\CortexM0\ARM_GCC_493\Debug\2F5S1SOC.a(LED12.o)
                              .\CortexM0\ARM_GCC_493\Debug\main.o (LED12_Write)
.\CortexM0\ARM_GCC_493\Debug\2F5S1SOC.a(LED13.o)
                              .\CortexM0\ARM_GCC_493\Debug\main.o (LED13_Write)
.\CortexM0\ARM_GCC_493\Debug\2F5S1SOC.a(LED14.o)
                              .\CortexM0\ARM_GCC_493\Debug\main.o (LED14_Write)
.\CortexM0\ARM_GCC_493\Debug\2F5S1SOC.a(LED15.o)
                              .\CortexM0\ARM_GCC_493\Debug\main.o (LED15_Write)
.\CortexM0\ARM_GCC_493\Debug\2F5S1SOC.a(LED10.o)
                              .\CortexM0\ARM_GCC_493\Debug\main.o (LED10_Write)
.\CortexM0\ARM_GCC_493\Debug\2F5S1SOC.a(LED9.o)
                              .\CortexM0\ARM_GCC_493\Debug\main.o (LED9_Write)
.\CortexM0\ARM_GCC_493\Debug\2F5S1SOC.a(LED8.o)
                              .\CortexM0\ARM_GCC_493\Debug\main.o (LED8_Write)
.\CortexM0\ARM_GCC_493\Debug\2F5S1SOC.a(LED16.o)
                              .\CortexM0\ARM_GCC_493\Debug\main.o (LED16_Write)
.\CortexM0\ARM_GCC_493\Debug\2F5S1SOC.a(LED_CONTROL1.o)
                              .\CortexM0\ARM_GCC_493\Debug\main.o (LED_CONTROL1_WriteCompare)
.\CortexM0\ARM_GCC_493\Debug\2F5S1SOC.a(LED_CONTROL2.o)
                              .\CortexM0\ARM_GCC_493\Debug\main.o (LED_CONTROL2_WriteCompare)
.\CortexM0\ARM_GCC_493\Debug\2F5S1SOC.a(Triac1.o)
[...]
Memory Configuration

Name             Origin             Length             Attributes
rom              0x00000000         0x00020000         xr
ram              0x20000000         0x00004000         xrw
*default*        0x00000000         0xffffffff

Linker script and memory map

LOAD c:/program files (x86)/cypress/psoc creator/4.0/psoc creator/import/gnu/arm/4.9.3/bin/../lib/gcc/arm-none-eabi/4.9.3/armv6-m/crti.o
LOAD c:/program files (x86)/cypress/psoc creator/4.0/psoc creator/import/gnu/arm/4.9.3/bin/../lib/gcc/arm-none-eabi/4.9.3/armv6-m/crtbegin.o
LOAD c:/program files (x86)/cypress/psoc creator/4.0/psoc creator/import/gnu/arm/4.9.3/bin/../lib/gcc/arm-none-eabi/4.9.3/../../../../arm-none-eabi/lib/armv6-m/crt0.o
START GROUP
LOAD .\CortexM0\ARM_GCC_493\Debug\main.o
LOAD .\CortexM0\ARM_GCC_493\Debug\cymetadata.o
LOAD .\CortexM0\ARM_GCC_493\Debug\Cm0Start.o
LOAD .\CortexM0\ARM_GCC_493\Debug\2F5S1SOC.a
LOAD C:\Program Files (x86)\Cypress\PSoC Creator\4.0\PSoC Creator\psoc\content\cycomponentlibrary\CyComponentLibrary.cylib\CapSense_CSD_P4_v2_40\PSoC4\Library\CapsenseP4Library_GCC.a
LOAD C:\Program Files (x86)\Cypress\PSoC Creator\4.0\PSoC Creator\psoc\content\cycomponentlibrary\CyComponentLibrary.cylib\CortexM0\ARM_GCC_493\Debug\CyComponentLibrary.a
END GROUP
START GROUP
LOAD c:/program files (x86)/cypress/psoc creator/4.0/psoc creator/import/gnu/arm/4.9.3/bin/../lib/gcc/arm-none-eabi/4.9.3/armv6-m\libgcc.a
LOAD c:/program files (x86)/cypress/psoc creator/4.0/psoc creator/import/gnu/arm/4.9.3/bin/../lib/gcc/arm-none-eabi/4.9.3/../../../../arm-none-eabi/lib/armv6-m\libg_nano.a
LOAD c:/program files (x86)/cypress/psoc creator/4.0/psoc creator/import/gnu/arm/4.9.3/bin/../lib/gcc/arm-none-eabi/4.9.3/../../../../arm-none-eabi/lib/armv6-m\libc_nano.a
END GROUP
START GROUP
LOAD c:/program files (x86)/cypress/psoc creator/4.0/psoc creator/import/gnu/arm/4.9.3/bin/../lib/gcc/arm-none-eabi/4.9.3/armv6-m\libgcc.a
LOAD c:/program files (x86)/cypress/psoc creator/4.0/psoc creator/import/gnu/arm/4.9.3/bin/../lib/gcc/arm-none-eabi/4.9.3/../../../../arm-none-eabi/lib/armv6-m\libc_nano.a
END GROUP
LOAD c:/program files (x86)/cypress/psoc creator/4.0/psoc creator/import/gnu/arm/4.9.3/bin/../lib/gcc/arm-none-eabi/4.9.3/armv6-m/crtend.o
LOAD c:/program files (x86)/cypress/psoc creator/4.0/psoc creator/import/gnu/arm/4.9.3/bin/../lib/gcc/arm-none-eabi/4.9.3/armv6-m/crtn.o
START GROUP
LOAD c:/program files (x86)/cypress/psoc creator/4.0/psoc creator/import/gnu/arm/4.9.3/bin/../lib/gcc/arm-none-eabi/4.9.3/armv6-m\libgcc.a
LOAD c:/program files (x86)/cypress/psoc creator/4.0/psoc creator/import/gnu/arm/4.9.3/bin/../lib/gcc/arm-none-eabi/4.9.3/../../../../arm-none-eabi/lib/armv6-m\libc.a
LOAD c:/program files (x86)/cypress/psoc creator/4.0/psoc creator/import/gnu/arm/4.9.3/bin/../lib/gcc/arm-none-eabi/4.9.3/../../../../arm-none-eabi/lib/armv6-m\libnosys.a
END GROUP
                0x00000000                CY_APPL_ORIGIN = 0x0
                0x00000080                CY_FLASH_ROW_SIZE = 0x80
                0x00000001                CY_APPL_NUM = 0x1
                0x00000001                CY_APPL_MAX = 0x1
                0x00000040                CY_METADATA_SIZE = 0x40
                0x00000000                CY_APPL_LOADABLE = 0x0
                0x00000000                CY_CHECKSUM_EXCLUDE_SIZE = ALIGN (0x0, CY_FLASH_ROW_SIZE)
                0x00000000                CY_APP_FOR_STACK_AND_COPIER = 0x0
                0x200004e8                PROVIDE (__cy_heap_start, _end)
                0x00000001                PROVIDE (__cy_region_num, ((__cy_regions_end - __cy_regions) / 0x10))
                0x20004000                PROVIDE (__cy_stack, (ORIGIN (ram) + 0x4000))
                0x20003c00                PROVIDE (__cy_heap_end, (__cy_stack - 0x400))

.cybootloader   0x00000000        0x0
 *(.cybootloader)
                0x00000000                appl1_start = CY_APPL_ORIGIN?CY_APPL_ORIGIN:ALIGN (CY_FLASH_ROW_SIZE)
                0x0000ff80                appl2_start = (appl1_start + ALIGN ((((0x20000 - appl1_start) - (0x2 * CY_FLASH_ROW_SIZE)) / 0x2), CY_FLASH_ROW_SIZE))
                0x00000000                appl_start = (CY_APPL_NUM == 0x1)?appl1_start:appl2_start
                0x00000001                cy_project_type_bootloader = (appl_start == 0x0)?0x1:0x0
                0x00000000                cy_project_type_app_for_stack_and_copier = (CY_APP_FOR_STACK_AND_COPIER == 0x1)?0x1:0x0

.text           0x00000000     0x4d72
 CREATE_OBJECT_SYMBOLS
                0x00000000                PROVIDE (__cy_interrupt_vector, RomVectors)
 *(.romvectors)
 .romvectors    0x00000000       0x10 .\CortexM0\ARM_GCC_493\Debug\Cm0Start.o
                0x00000000                RomVectors
                0x00000001                ASSERT ((. != __cy_interrupt_vector), No interrupt vector)
                0x00000001                ASSERT (CY_APPL_ORIGIN?(SIZEOF (.cybootloader) <= CY_APPL_ORIGIN):0x1, Wrong image location)
                0x00000010                PROVIDE (__cy_reset, Reset)
 *(.text.Reset)
 .text.Reset    0x00000010        0x8 .\CortexM0\ARM_GCC_493\Debug\Cm0Start.o
                0x00000010                Reset
                0x00000001                ASSERT ((. != __cy_reset), No reset code)
 *(.psocinit)
 .psocinit      0x00000018      0x2bc .\CortexM0\ARM_GCC_493\Debug\2F5S1SOC.a(cyfitter_cfg.o)
                0x00000110                cyfitter_cfg
                0x000002d4                . = MAX (., 0x100)
 *(.text .text.* .gnu.linkonce.t.*)
 .text          0x000002d4       0x60 c:/program files (x86)/cypress/psoc creator/4.0/psoc creator/import/gnu/arm/4.9.3/bin/../lib/gcc/arm-none-eabi/4.9.3/armv6-m/crtbegin.o
 .text.main     0x00000334      0x2fc .\CortexM0\ARM_GCC_493\Debug\main.o
                0x00000334                main
 .text.CapSense_DisplayState
                0x00000630      0x530 .\CortexM0\ARM_GCC_493\Debug\main.o
                0x00000630                CapSense_DisplayState
 .text.ExecuteCommand
                0x00000b60       0x64 .\CortexM0\ARM_GCC_493\Debug\main.o
                0x00000b60                ExecuteCommand
 .text.UpdateSwitchLeds
                0x00000bc4      0x270 .\CortexM0\ARM_GCC_493\Debug\main.o
                0x00000bc4                UpdateSwitchLeds
 .text.UpdateLedsFan1
                0x00000e34      0x11c .\CortexM0\ARM_GCC_493\Debug\main.o
                0x00000e34                UpdateLedsFan1
 .text.UpdateLedsFan2
                0x00000f50      0x110 .\CortexM0\ARM_GCC_493\Debug\main.o
                0x00000f50                UpdateLedsFan2
 .text.WdtIsrHandler
                0x00001060       0x20 .\CortexM0\ARM_GCC_493\Debug\main.o
                0x00001060                WdtIsrHandler
 .text.IntDefaultHandler
                0x00001080        0x8 .\CortexM0\ARM_GCC_493\Debug\Cm0Start.o
                0x00001080                IntDefaultHandler
 .text.Start_c  0x00001088       0x98 .\CortexM0\ARM_GCC_493\Debug\Cm0Start.o
                0x00001088                Start_c
 .text.initialize_psoc
                0x00001120       0x70 .\CortexM0\ARM_GCC_493\Debug\Cm0Start.o
                0x00001120                initialize_psoc
 .text.CYMEMZERO
                0x00001190       0x20 .\CortexM0\ARM_GCC_493\Debug\2F5S1SOC.a(cyfitter_cfg.o)
 .text.cfg_write_bytes32
                0x000011b0       0x80 .\CortexM0\ARM_GCC_493\Debug\2F5S1SOC.a(cyfitter_cfg.o)
 .text.AnalogSetDefault
                0x00001230       0x2c .\CortexM0\ARM_GCC_493\Debug\2F5S1SOC.a(cyfitter_cfg.o)
 .text.SetAnalogRoutingPumps
                0x0000125c       0x70 .\CortexM0\ARM_GCC_493\Debug\2F5S1SOC.a(cyfitter_cfg.o)
                0x0000125c                SetAnalogRoutingPumps
 .text.CySysFlashWriteRow
                0x000012cc      0x164 .\CortexM0\ARM_GCC_493\Debug\2F5S1SOC.a(CyFlash.o)
                0x000012cc                CySysFlashWriteRow
 .text.CySysFlashSetWaitCycles
                0x00001430       0x74 .\CortexM0\ARM_GCC_493\Debug\2F5S1SOC.a(CyFlash.o)
                0x00001430                CySysFlashSetWaitCycles
 .text.CySysFlashClockBackup
                0x000014a4       0x14 .\CortexM0\ARM_GCC_493\Debug\2F5S1SOC.a(CyFlash.o)
 .text.CySysFlashClockRestore
                0x000014b8       0x14 .\CortexM0\ARM_GCC_493\Debug\2F5S1SOC.a(CyFlash.o)
 .text.CySysClkImoEnableWcoLock
                0x000014cc      0x144 .\CortexM0\ARM_GCC_493\Debug\2F5S1SOC.a(CyLib.o)
                0x000014cc                CySysClkImoEnableWcoLock
 .text.CySysClkImoDisableWcoLock
                0x00001610       0x1c .\CortexM0\ARM_GCC_493\Debug\2F5S1SOC.a(CyLib.o)
                0x00001610                CySysClkImoDisableWcoLock
 .text.CySysClkImoGetWcoLock
                0x0000162c       0x20 .\CortexM0\ARM_GCC_493\Debug\2F5S1SOC.a(CyLib.o)
                0x0000162c                CySysClkImoGetWcoLock
 .text.CySysClkWriteImoFreq
                0x0000164c       0xb8 .\CortexM0\ARM_GCC_493\Debug\2F5S1SOC.a(CyLib.o)
                0x0000164c                CySysClkWriteImoFreq
 .text.CyIntSetVector
                0x00001704       0x4c .\CortexM0\ARM_GCC_493\Debug\2F5S1SOC.a(CyLib.o)
                0x00001704                CyIntSetVector
 .text.CyIntSetPriority
                0x00001750       0xa8 .\CortexM0\ARM_GCC_493\Debug\2F5S1SOC.a(CyLib.o)
                0x00001750                CyIntSetPriority
 .text.CyIntEnable
                0x000017f8       0x28 .\CortexM0\ARM_GCC_493\Debug\2F5S1SOC.a(CyLib.o)
                0x000017f8                CyIntEnable
 .text.CyIntDisable
                0x00001820       0x28 .\CortexM0\ARM_GCC_493\Debug\2F5S1SOC.a(CyLib.o)
                0x00001820                CyIntDisable
 .text.CyHalt   0x00001848       0x14 .\CortexM0\ARM_GCC_493\Debug\2F5S1SOC.a(CyLib.o)
                0x00001848                CyHalt
 .text.CyDelay  0x0000185c       0x48 .\CortexM0\ARM_GCC_493\Debug\2F5S1SOC.a(CyLib.o)
                0x0000185c                CyDelay
 .text.CyDelayUs
                0x000018a4       0x28 .\CortexM0\ARM_GCC_493\Debug\2F5S1SOC.a(CyLib.o)
                0x000018a4                CyDelayUs
 .text.CySysClkWcoEnabled
                0x000018cc       0x1c .\CortexM0\ARM_GCC_493\Debug\2F5S1SOC.a(CyLFClk.o)
                0x000018cc                CySysClkWcoEnabled
 .text.CySysWdtLock
                0x000018e8       0x34 .\CortexM0\ARM_GCC_493\Debug\2F5S1SOC.a(CyLFClk.o)
                0x000018e8                CySysWdtLock
 .text.CySysWdtLocked
                0x0000191c       0x20 .\CortexM0\ARM_GCC_493\Debug\2F5S1SOC.a(CyLFClk.o)
 .text.CySysWdtUnlock
                0x0000193c       0x4c .\CortexM0\ARM_GCC_493\Debug\2F5S1SOC.a(CyLFClk.o)
                0x0000193c                CySysWdtUnlock
 .text.CySysWdtGetEnabledStatus
                0x00001988       0x30 .\CortexM0\ARM_GCC_493\Debug\2F5S1SOC.a(CyLFClk.o)
                0x00001988                CySysWdtGetEnabledStatus
 .text.CySysWdtSetMode
                0x000019b8       0x58 .\CortexM0\ARM_GCC_493\Debug\2F5S1SOC.a(CyLFClk.o)
                0x000019b8                CySysWdtSetMode
 .text.CySysWdtSetClearOnMatch
                0x00001a10       0x6c .\CortexM0\ARM_GCC_493\Debug\2F5S1SOC.a(CyLFClk.o)
                0x00001a10                CySysWdtSetClearOnMatch
 .text.CySysWdtEnable
                0x00001a7c       0x60 .\CortexM0\ARM_GCC_493\Debug\2F5S1SOC.a(CyLFClk.o)
                0x00001a7c                CySysWdtEnable
 .text.CySysWdtDisable
                0x00001adc       0x68 .\CortexM0\ARM_GCC_493\Debug\2F5S1SOC.a(CyLFClk.o)
                0x00001adc                CySysWdtDisable
 .text.CySysWdtSetCascade
                0x00001b44       0x58 .\CortexM0\ARM_GCC_493\Debug\2F5S1SOC.a(CyLFClk.o)
                0x00001b44                CySysWdtSetCascade
 .text.CySysWdtSetMatch
                0x00001b9c       0x90 .\CortexM0\ARM_GCC_493\Debug\2F5S1SOC.a(CyLFClk.o)
                0x00001b9c                CySysWdtSetMatch
 .text.CySysWdtClearInterrupt
                0x00001c2c       0x70 .\CortexM0\ARM_GCC_493\Debug\2F5S1SOC.a(CyLFClk.o)
                0x00001c2c                CySysWdtClearInterrupt
 .text.I2C_Slave_Init
                0x00001c9c        0xc .\CortexM0\ARM_GCC_493\Debug\2F5S1SOC.a(I2C_Slave.o)
                0x00001c9c                I2C_Slave_Init
 .text.I2C_Slave_Enable
                0x00001ca8       0x24 .\CortexM0\ARM_GCC_493\Debug\2F5S1SOC.a(I2C_Slave.o)
                0x00001ca8                I2C_Slave_Enable
 .text.I2C_Slave_Start
                0x00001ccc       0x24 .\CortexM0\ARM_GCC_493\Debug\2F5S1SOC.a(I2C_Slave.o)
                0x00001ccc                I2C_Slave_Start
 .text.I2C_Slave_ScbEnableIntr
                0x00001cf0       0x10 .\CortexM0\ARM_GCC_493\Debug\2F5S1SOC.a(I2C_Slave.o)
 .text.I2C_Slave_ScbModePostEnable
                0x00001d00        0x8 .\CortexM0\ARM_GCC_493\Debug\2F5S1SOC.a(I2C_Slave.o)
 .text.I2C_Slave_I2CInit
                0x00001d08       0xe8 .\CortexM0\ARM_GCC_493\Debug\2F5S1SOC.a(I2C_Slave_I2C.o)
                0x00001d08                I2C_Slave_I2CInit
 .text.I2C_Slave_I2CSlaveStatus
                0x00001df0       0x14 .\CortexM0\ARM_GCC_493\Debug\2F5S1SOC.a(I2C_Slave_I2C_SLAVE.o)
                0x00001df0                I2C_Slave_I2CSlaveStatus
 .text.I2C_Slave_I2CSlaveClearReadStatus
                0x00001e04       0x40 .\CortexM0\ARM_GCC_493\Debug\2F5S1SOC.a(I2C_Slave_I2C_SLAVE.o)
                0x00001e04                I2C_Slave_I2CSlaveClearReadStatus
 .text.I2C_Slave_I2CSlaveClearWriteStatus
                0x00001e44       0x40 .\CortexM0\ARM_GCC_493\Debug\2F5S1SOC.a(I2C_Slave_I2C_SLAVE.o)
                0x00001e44                I2C_Slave_I2CSlaveClearWriteStatus
 .text.I2C_Slave_I2CSlaveInitReadBuf
                0x00001e84       0x4c .\CortexM0\ARM_GCC_493\Debug\2F5S1SOC.a(I2C_Slave_I2C_SLAVE.o)
                0x00001e84                I2C_Slave_I2CSlaveInitReadBuf
 .text.I2C_Slave_I2CSlaveInitWriteBuf
                0x00001ed0       0x40 .\CortexM0\ARM_GCC_493\Debug\2F5S1SOC.a(I2C_Slave_I2C_SLAVE.o)
                0x00001ed0                I2C_Slave_I2CSlaveInitWriteBuf
 .text.I2C_Slave_I2CSlaveGetWriteBufSize
                0x00001f10       0x14 .\CortexM0\ARM_GCC_493\Debug\2F5S1SOC.a(I2C_Slave_I2C_SLAVE.o)
                0x00001f10                I2C_Slave_I2CSlaveGetWriteBufSize
 .text.I2C_Slave_I2CSlaveClearReadBuf
                0x00001f24       0x14 .\CortexM0\ARM_GCC_493\Debug\2F5S1SOC.a(I2C_Slave_I2C_SLAVE.o)
                0x00001f24                I2C_Slave_I2CSlaveClearReadBuf
 .text.I2C_Slave_I2CSlaveClearWriteBuf
                0x00001f38       0x14 .\CortexM0\ARM_GCC_493\Debug\2F5S1SOC.a(I2C_Slave_I2C_SLAVE.o)
                0x00001f38                I2C_Slave_I2CSlaveClearWriteBuf
 .text.CapSense_Init
                0x00001f4c       0x38 .\CortexM0\ARM_GCC_493\Debug\2F5S1SOC.a(CapSense.o)
                0x00001f4c                CapSense_Init
 .text.CapSense_CsdHwBlockInit
                0x00001f84       0xc0 .\CortexM0\ARM_GCC_493\Debug\2F5S1SOC.a(CapSense.o)
                0x00001f84                CapSense_CsdHwBlockInit
 .text.CapSense_Enable
                0x00002044       0x54 .\CortexM0\ARM_GCC_493\Debug\2F5S1SOC.a(CapSense.o)
                0x00002044                CapSense_Enable
 .text.CapSense_Start
                0x00002098       0x44 .\CortexM0\ARM_GCC_493\Debug\2F5S1SOC.a(CapSense.o)
                0x00002098                CapSense_Start
 .text.CapSense_FindNextSensor
                0x000020dc       0x48 .\CortexM0\ARM_GCC_493\Debug\2F5S1SOC.a(CapSense.o)
                0x000020dc                CapSense_FindNextSensor
 .text.CapSense_ScanSensor
                0x00002124       0x34 .\CortexM0\ARM_GCC_493\Debug\2F5S1SOC.a(CapSense.o)
                0x00002124                CapSense_ScanSensor
 .text.CapSense_ScanEnabledWidgets
                0x00002158       0x58 .\CortexM0\ARM_GCC_493\Debug\2F5S1SOC.a(CapSense.o)
                0x00002158                CapSense_ScanEnabledWidgets
 .text.CapSense_IsBusy
                0x000021b0       0x1c .\CortexM0\ARM_GCC_493\Debug\2F5S1SOC.a(CapSense.o)
                0x000021b0                CapSense_IsBusy
 .text.CapSense_ReadSensorRaw
                0x000021cc       0x1c .\CortexM0\ARM_GCC_493\Debug\2F5S1SOC.a(CapSense.o)
                0x000021cc                CapSense_ReadSensorRaw
 .text.CapSense_ClearSensors
                0x000021e8       0x28 .\CortexM0\ARM_GCC_493\Debug\2F5S1SOC.a(CapSense.o)
                0x000021e8                CapSense_ClearSensors
 .text.CapSense_EnableSensor
                0x00002210       0xc8 .\CortexM0\ARM_GCC_493\Debug\2F5S1SOC.a(CapSense.o)
                0x00002210                CapSense_EnableSensor
 .text.CapSense_DisableSensor
                0x000022d8      0x118 .\CortexM0\ARM_GCC_493\Debug\2F5S1SOC.a(CapSense.o)
                0x000022d8                CapSense_DisableSensor
 .text.CapSense_PreScan
                0x000023f0      0x14c .\CortexM0\ARM_GCC_493\Debug\2F5S1SOC.a(CapSense.o)
                0x000023f0                CapSense_PreScan
 .text.CapSense_PostScan
                0x0000253c       0x74 .\CortexM0\ARM_GCC_493\Debug\2F5S1SOC.a(CapSense.o)
                0x0000253c                CapSense_PostScan
 .text.CapSense_SetShieldDelay
                0x000025b0       0x30 .\CortexM0\ARM_GCC_493\Debug\2F5S1SOC.a(CapSense.o)
                0x000025b0                CapSense_SetShieldDelay
 .text.CapSense_GetBitValue
                0x000025e0       0x44 .\CortexM0\ARM_GCC_493\Debug\2F5S1SOC.a(CapSense.o)
                0x000025e0                CapSense_GetBitValue
 .text.CapSense_SetBitValue
                0x00002624       0x68 .\CortexM0\ARM_GCC_493\Debug\2F5S1SOC.a(CapSense.o)
                0x00002624                CapSense_SetBitValue
 .text.CapSense_GetSensorRaw
                0x0000268c       0x50 .\CortexM0\ARM_GCC_493\Debug\2F5S1SOC.a(CapSense.o)
                0x0000268c                CapSense_GetSensorRaw
 .text.CapSense_SetUnscannedSensorState
                0x000026dc       0x24 .\CortexM0\ARM_GCC_493\Debug\2F5S1SOC.a(CapSense.o)
                0x000026dc                CapSense_SetUnscannedSensorState
 .text.CapSense_NormalizeWidgets
                0x00002700       0x9c .\CortexM0\ARM_GCC_493\Debug\2F5S1SOC.a(CapSense.o)
                0x00002700                CapSense_NormalizeWidgets
 .text.CapSense_BaseInit
                0x0000279c       0x90 .\CortexM0\ARM_GCC_493\Debug\2F5S1SOC.a(CapSense_CSHL.o)
                0x0000279c                CapSense_BaseInit
 .text.CapSense_InitializeSensorBaseline
                0x0000282c       0x28 .\CortexM0\ARM_GCC_493\Debug\2F5S1SOC.a(CapSense_CSHL.o)
                0x0000282c                CapSense_InitializeSensorBaseline
 .text.CapSense_InitializeAllBaselines
                0x00002854       0x28 .\CortexM0\ARM_GCC_493\Debug\2F5S1SOC.a(CapSense_CSHL.o)
                0x00002854                CapSense_InitializeAllBaselines
 .text.CapSense_UpdateBaselineNoThreshold
                0x0000287c      0x238 .\CortexM0\ARM_GCC_493\Debug\2F5S1SOC.a(CapSense_CSHL.o)
                0x0000287c                CapSense_UpdateBaselineNoThreshold
 .text.CapSense_UpdateSensorBaseline
                0x00002ab4       0x20 .\CortexM0\ARM_GCC_493\Debug\2F5S1SOC.a(CapSense_CSHL.o)
                0x00002ab4                CapSense_UpdateSensorBaseline
 .text.CapSense_UpdateEnabledBaselines
                0x00002ad4       0x40 .\CortexM0\ARM_GCC_493\Debug\2F5S1SOC.a(CapSense_CSHL.o)
                0x00002ad4                CapSense_UpdateEnabledBaselines
 .text.CapSense_CheckIsSensorActive
                0x00002b14      0x158 .\CortexM0\ARM_GCC_493\Debug\2F5S1SOC.a(CapSense_CSHL.o)
                0x00002b14                CapSense_CheckIsSensorActive
 .text.CapSense_CheckIsWidgetActive
                0x00002c6c       0x58 .\CortexM0\ARM_GCC_493\Debug\2F5S1SOC.a(CapSense_CSHL.o)
                0x00002c6c                CapSense_CheckIsWidgetActive
 .text.CapSense_FindMaximum
                0x00002cc4       0xb8 .\CortexM0\ARM_GCC_493\Debug\2F5S1SOC.a(CapSense_CSHL.o)
                0x00002cc4                CapSense_FindMaximum
 .text.CapSense_CalcCentroid
                0x00002d7c      0x194 .\CortexM0\ARM_GCC_493\Debug\2F5S1SOC.a(CapSense_CSHL.o)
                0x00002d7c                CapSense_CalcCentroid
 .text.CapSense_GetRadialCentroidPos
                0x00002f10      0x178 .\CortexM0\ARM_GCC_493\Debug\2F5S1SOC.a(CapSense_CSHL.o)
                0x00002f10                CapSense_GetRadialCentroidPos
 .text.CapSense_IIR4Filter
                0x00003088       0x3c .\CortexM0\ARM_GCC_493\Debug\2F5S1SOC.a(CapSense_CSHL.o)
                0x00003088                CapSense_IIR4Filter
 .text.CapSense_ISR
                0x000030c4       0xd8 .\CortexM0\ARM_GCC_493\Debug\2F5S1SOC.a(CapSense_INT.o)
                0x000030c4                CapSense_ISR
 .text.CapSense_AutoTune
                0x0000319c      0x10c .\CortexM0\ARM_GCC_493\Debug\2F5S1SOC.a(CapSense_SMS.o)
                0x0000319c                CapSense_AutoTune
 .text.CapSense_UpdateThresholds
                0x000032a8       0xf0 .\CortexM0\ARM_GCC_493\Debug\2F5S1SOC.a(CapSense_SMS.o)
                0x000032a8                CapSense_UpdateThresholds
 .text.CapSense_SetAnalogSwitchesSrcDirect
                0x00003398       0x18 .\CortexM0\ARM_GCC_493\Debug\2F5S1SOC.a(CapSense_SMS.o)
                0x00003398                CapSense_SetAnalogSwitchesSrcDirect
 .text.CapSense_DisableBaselineIDAC
                0x000033b0       0x34 .\CortexM0\ARM_GCC_493\Debug\2F5S1SOC.a(CapSense_SMS.o)
                0x000033b0                CapSense_DisableBaselineIDAC
 .text.CapSense_EnableBaselineIDAC
                0x000033e4       0x90 .\CortexM0\ARM_GCC_493\Debug\2F5S1SOC.a(CapSense_SMS.o)
                0x000033e4                CapSense_EnableBaselineIDAC
 .text.LED1_Write
                0x00003474       0x4c .\CortexM0\ARM_GCC_493\Debug\2F5S1SOC.a(LED1.o)
                0x00003474                LED1_Write
 .text.LED2_Write
                0x000034c0       0x4c .\CortexM0\ARM_GCC_493\Debug\2F5S1SOC.a(LED2.o)
                0x000034c0                LED2_Write
 .text.LED3_Write
                0x0000350c       0x48 .\CortexM0\ARM_GCC_493\Debug\2F5S1SOC.a(LED3.o)
                0x0000350c                LED3_Write
 .text.LED4_Write
                0x00003554       0x4c .\CortexM0\ARM_GCC_493\Debug\2F5S1SOC.a(LED4.o)
                0x00003554                LED4_Write
 .text.LED5_Write
                0x000035a0       0x4c .\CortexM0\ARM_GCC_493\Debug\2F5S1SOC.a(LED5.o)
                0x000035a0                LED5_Write
 .text.CapSense_SampleClk_StartEx
                0x000035ec       0x2c .\CortexM0\ARM_GCC_493\Debug\2F5S1SOC.a(CapSense_SampleClk.o)
                0x000035ec                CapSense_SampleClk_StartEx
 .text.CapSense_SampleClk_Stop
                0x00003618       0x20 .\CortexM0\ARM_GCC_493\Debug\2F5S1SOC.a(CapSense_SampleClk.o)
                0x00003618                CapSense_SampleClk_Stop
 .text.CapSense_SampleClk_SetFractionalDividerRegister
                0x00003638       0x44 .\CortexM0\ARM_GCC_493\Debug\2F5S1SOC.a(CapSense_SampleClk.o)
                0x00003638                CapSense_SampleClk_SetFractionalDividerRegister
 .text.CapSense_SenseClk_StartEx
                0x0000367c       0x2c .\CortexM0\ARM_GCC_493\Debug\2F5S1SOC.a(CapSense_SenseClk.o)
                0x0000367c                CapSense_SenseClk_StartEx
 .text.CapSense_SenseClk_Stop
                0x000036a8       0x20 .\CortexM0\ARM_GCC_493\Debug\2F5S1SOC.a(CapSense_SenseClk.o)
                0x000036a8                CapSense_SenseClk_Stop
 .text.CapSense_SenseClk_SetFractionalDividerRegister
                0x000036c8       0x44 .\CortexM0\ARM_GCC_493\Debug\2F5S1SOC.a(CapSense_SenseClk.o)
                0x000036c8                CapSense_SenseClk_SetFractionalDividerRegister
 .text.InterPin_Write
                0x0000370c       0x4c .\CortexM0\ARM_GCC_493\Debug\2F5S1SOC.a(InterPin.o)
                0x0000370c                InterPin_Write
 .text.InterPin_Read
                0x00003758       0x1c .\CortexM0\ARM_GCC_493\Debug\2F5S1SOC.a(InterPin.o)
                0x00003758                InterPin_Read
 .text.UART_Init
                0x00003774        0xc .\CortexM0\ARM_GCC_493\Debug\2F5S1SOC.a(UART.o)
                0x00003774                UART_Init
 .text.UART_Enable
                0x00003780       0x24 .\CortexM0\ARM_GCC_493\Debug\2F5S1SOC.a(UART.o)
                0x00003780                UART_Enable
 .text.UART_Start
                0x000037a4       0x24 .\CortexM0\ARM_GCC_493\Debug\2F5S1SOC.a(UART.o)
                0x000037a4                UART_Start
 .text.UART_ScbEnableIntr
                0x000037c8        0x8 .\CortexM0\ARM_GCC_493\Debug\2F5S1SOC.a(UART.o)
 .text.UART_ScbModePostEnable
                0x000037d0        0xc .\CortexM0\ARM_GCC_493\Debug\2F5S1SOC.a(UART.o)
 .text.UART_SpiUartWriteTxData
                0x000037dc       0x2c .\CortexM0\ARM_GCC_493\Debug\2F5S1SOC.a(UART_SPI_UART.o)
                0x000037dc                UART_SpiUartWriteTxData
 .text.UART_UartInit
                0x00003808       0xb0 .\CortexM0\ARM_GCC_493\Debug\2F5S1SOC.a(UART_UART.o)
                0x00003808                UART_UartInit
 .text.UART_UartPostEnable
                0x000038b8       0x1c .\CortexM0\ARM_GCC_493\Debug\2F5S1SOC.a(UART_UART.o)
                0x000038b8                UART_UartPostEnable
 .text.UART_UartPutString
                0x000038d4       0x34 .\CortexM0\ARM_GCC_493\Debug\2F5S1SOC.a(UART_UART.o)
                0x000038d4                UART_UartPutString
 .text.LED6_Write
                0x00003908       0x4c .\CortexM0\ARM_GCC_493\Debug\2F5S1SOC.a(LED6.o)
                0x00003908                LED6_Write
 .text.LED7_Write
                0x00003954       0x4c .\CortexM0\ARM_GCC_493\Debug\2F5S1SOC.a(LED7.o)
                0x00003954                LED7_Write
 .text.LED11_Write
                0x000039a0       0x48 .\CortexM0\ARM_GCC_493\Debug\2F5S1SOC.a(LED11.o)
                0x000039a0                LED11_Write
 .text.LED12_Write
                0x000039e8       0x4c .\CortexM0\ARM_GCC_493\Debug\2F5S1SOC.a(LED12.o)
                0x000039e8                LED12_Write
 .text.LED13_Write
                0x00003a34       0x4c .\CortexM0\ARM_GCC_493\Debug\2F5S1SOC.a(LED13.o)
                0x00003a34                LED13_Write
 .text.LED14_Write
                0x00003a80       0x4c .\CortexM0\ARM_GCC_493\Debug\2F5S1SOC.a(LED14.o)
                0x00003a80                LED14_Write
 .text.LED15_Write
                0x00003acc       0x4c .\CortexM0\ARM_GCC_493\Debug\2F5S1SOC.a(LED15.o)
                0x00003acc                LED15_Write
 .text.LED10_Write
                0x00003b18       0x48 .\CortexM0\ARM_GCC_493\Debug\2F5S1SOC.a(LED10.o)
                0x00003b18                LED10_Write
 .text.LED9_Write
                0x00003b60       0x4c .\CortexM0\ARM_GCC_493\Debug\2F5S1SOC.a(LED9.o)
                0x00003b60                LED9_Write
 .text.LED8_Write
                0x00003bac       0x4c .\CortexM0\ARM_GCC_493\Debug\2F5S1SOC.a(LED8.o)
                0x00003bac                LED8_Write
 .text.LED16_Write
                0x00003bf8       0x4c .\CortexM0\ARM_GCC_493\Debug\2F5S1SOC.a(LED16.o)
                0x00003bf8                LED16_Write
 .text.LED_CONTROL1_Init
                0x00003c44       0x5c .\CortexM0\ARM_GCC_493\Debug\2F5S1SOC.a(LED_CONTROL1.o)
                0x00003c44                LED_CONTROL1_Init
 .text.LED_CONTROL1_Enable
                0x00003ca0       0x38 .\CortexM0\ARM_GCC_493\Debug\2F5S1SOC.a(LED_CONTROL1.o)
                0x00003ca0                LED_CONTROL1_Enable
 .text.LED_CONTROL1_Start
                0x00003cd8       0x24 .\CortexM0\ARM_GCC_493\Debug\2F5S1SOC.a(LED_CONTROL1.o)
                0x00003cd8                LED_CONTROL1_Start
 .text.LED_CONTROL1_WriteCounter
                0x00003cfc       0x1c .\CortexM0\ARM_GCC_493\Debug\2F5S1SOC.a(LED_CONTROL1.o)
                0x00003cfc                LED_CONTROL1_WriteCounter
 .text.LED_CONTROL1_WritePeriod
                0x00003d18       0x1c .\CortexM0\ARM_GCC_493\Debug\2F5S1SOC.a(LED_CONTROL1.o)
                0x00003d18                LED_CONTROL1_WritePeriod
 .text.LED_CONTROL1_WriteCompare
                0x00003d34       0x1c .\CortexM0\ARM_GCC_493\Debug\2F5S1SOC.a(LED_CONTROL1.o)
                0x00003d34                LED_CONTROL1_WriteCompare
 .text.LED_CONTROL1_TriggerCommand
                0x00003d50       0x38 .\CortexM0\ARM_GCC_493\Debug\2F5S1SOC.a(LED_CONTROL1.o)
                0x00003d50                LED_CONTROL1_TriggerCommand
 .text.LED_CONTROL1_SetInterruptMode
                0x00003d88       0x18 .\CortexM0\ARM_GCC_493\Debug\2F5S1SOC.a(LED_CONTROL1.o)
                0x00003d88                LED_CONTROL1_SetInterruptMode
 .text.LED_CONTROL2_Init
                0x00003da0       0x5c .\CortexM0\ARM_GCC_493\Debug\2F5S1SOC.a(LED_CONTROL2.o)
                0x00003da0                LED_CONTROL2_Init
 .text.LED_CONTROL2_Enable
                0x00003dfc       0x38 .\CortexM0\ARM_GCC_493\Debug\2F5S1SOC.a(LED_CONTROL2.o)
                0x00003dfc                LED_CONTROL2_Enable
 .text.LED_CONTROL2_Start
                0x00003e34       0x24 .\CortexM0\ARM_GCC_493\Debug\2F5S1SOC.a(LED_CONTROL2.o)
                0x00003e34                LED_CONTROL2_Start
 .text.LED_CONTROL2_WriteCounter
                0x00003e58       0x1c .\CortexM0\ARM_GCC_493\Debug\2F5S1SOC.a(LED_CONTROL2.o)
                0x00003e58                LED_CONTROL2_WriteCounter
 .text.LED_CONTROL2_WritePeriod
                0x00003e74       0x1c .\CortexM0\ARM_GCC_493\Debug\2F5S1SOC.a(LED_CONTROL2.o)
                0x00003e74                LED_CONTROL2_WritePeriod
 .text.LED_CONTROL2_WriteCompare
                0x00003e90       0x1c .\CortexM0\ARM_GCC_493\Debug\2F5S1SOC.a(LED_CONTROL2.o)
                0x00003e90                LED_CONTROL2_WriteCompare
 .text.LED_CONTROL2_TriggerCommand
                0x00003eac       0x38 .\CortexM0\ARM_GCC_493\Debug\2F5S1SOC.a(LED_CONTROL2.o)
                0x00003eac                LED_CONTROL2_TriggerCommand
 .text.LED_CONTROL2_SetInterruptMode
                0x00003ee4       0x18 .\CortexM0\ARM_GCC_493\Debug\2F5S1SOC.a(LED_CONTROL2.o)
                0x00003ee4                LED_CONTROL2_SetInterruptMode
 .text.Triac1_Write
                0x00003efc       0x4c .\CortexM0\ARM_GCC_493\Debug\2F5S1SOC.a(Triac1.o)
                0x00003efc                Triac1_Write
 .text.Triac4_Write
                0x00003f48       0x48 .\CortexM0\ARM_GCC_493\Debug\2F5S1SOC.a(Triac4.o)
                0x00003f48                Triac4_Write
 .text.Triac3_Write
                0x00003f90       0x4c .\CortexM0\ARM_GCC_493\Debug\2F5S1SOC.a(Triac3.o)
                0x00003f90                Triac3_Write
 .text.Triac2_Write
                0x00003fdc       0x4c .\CortexM0\ARM_GCC_493\Debug\2F5S1SOC.a(Triac2.o)
                0x00003fdc                Triac2_Write
 .text.Triac8_Write
                0x00004028       0x4c .\CortexM0\ARM_GCC_493\Debug\2F5S1SOC.a(Triac8.o)
                0x00004028                Triac8_Write
 .text.Triac7_Write
                0x00004074       0x4c .\CortexM0\ARM_GCC_493\Debug\2F5S1SOC.a(Triac7.o)
                0x00004074                Triac7_Write
 .text.Triac5_Write
                0x000040c0       0x48 .\CortexM0\ARM_GCC_493\Debug\2F5S1SOC.a(Triac5.o)
                0x000040c0                Triac5_Write
 .text.Triac6_Write
                0x00004108       0x4c .\CortexM0\ARM_GCC_493\Debug\2F5S1SOC.a(Triac6.o)
                0x00004108                Triac6_Write
 .text.WdtIsr_StartEx
                0x00004154       0x24 .\CortexM0\ARM_GCC_493\Debug\2F5S1SOC.a(WdtIsr.o)
                0x00004154                WdtIsr_StartEx
 .text.WdtIsr_SetVector
                0x00004178       0x18 .\CortexM0\ARM_GCC_493\Debug\2F5S1SOC.a(WdtIsr.o)
                0x00004178                WdtIsr_SetVector
 .text.WdtIsr_SetPriority
                0x00004190       0x4c .\CortexM0\ARM_GCC_493\Debug\2F5S1SOC.a(WdtIsr.o)
                0x00004190                WdtIsr_SetPriority
 .text.WdtIsr_Enable
                0x000041dc       0x14 .\CortexM0\ARM_GCC_493\Debug\2F5S1SOC.a(WdtIsr.o)
                0x000041dc                WdtIsr_Enable
 .text.WdtIsr_Disable
                0x000041f0       0x14 .\CortexM0\ARM_GCC_493\Debug\2F5S1SOC.a(WdtIsr.o)
                0x000041f0                WdtIsr_Disable
 .text.WdtIsr_ClearPending
                0x00004204       0x14 .\CortexM0\ARM_GCC_493\Debug\2F5S1SOC.a(WdtIsr.o)
                0x00004204                WdtIsr_ClearPending
 .text          0x00004218       0x20 .\CortexM0\ARM_GCC_493\Debug\2F5S1SOC.a(CyBootAsmGnu.o)
                0x00004218                CyDelayCycles
                0x0000422a                CyEnterCriticalSection
                0x00004232                CyExitCriticalSection
 .text.I2C_Slave_I2C_ISR
                0x00004238      0x514 .\CortexM0\ARM_GCC_493\Debug\2F5S1SOC.a(I2C_Slave_I2C_INT.o)
                0x00004238                I2C_Slave_I2C_ISR
 .text.CalibrateOneDAC_P4_v2_40
                0x0000474c       0x40 C:\Program Files (x86)\Cypress\PSoC Creator\4.0\PSoC Creator\psoc\content\cycomponentlibrary\CyComponentLibrary.cylib\CapSense_CSD_P4_v2_40\PSoC4\Library\CapsenseP4Library_GCC.a(CSD_P4_SmartSense_v2_40.o)
                0x0000474c                CalibrateOneDAC_P4_v2_40
 .text.CalibrateSensors_P4_v2_40
                0x0000478c       0x22 C:\Program Files (x86)\Cypress\PSoC Creator\4.0\PSoC Creator\psoc\content\cycomponentlibrary\CyComponentLibrary.cylib\CapSense_CSD_P4_v2_40\PSoC4\Library\CapsenseP4Library_GCC.a(CSD_P4_SmartSense_v2_40.o)
                0x0000478c                CalibrateSensors_P4_v2_40
 .text.TunePrescalers_P4_v2_40
                0x000047ae       0x42 C:\Program Files (x86)\Cypress\PSoC Creator\4.0\PSoC Creator\psoc\content\cycomponentlibrary\CyComponentLibrary.cylib\CapSense_CSD_P4_v2_40\PSoC4\Library\CapsenseP4Library_GCC.a(CSD_P4_SmartSense_v2_40.o)
                0x000047ae                TunePrescalers_P4_v2_40
 .text.TuneSensitivity_P4_v2_40
                0x000047f0       0xdc C:\Program Files (x86)\Cypress\PSoC Creator\4.0\PSoC Creator\psoc\content\cycomponentlibrary\CyComponentLibrary.cylib\CapSense_CSD_P4_v2_40\PSoC4\Library\CapsenseP4Library_GCC.a(CSD_P4_SmartSense_v2_40.o)
                0x000047f0                TuneSensitivity_P4_v2_40
 .text.MeasureNoiseEnvelope_P4_v2_40
                0x000048cc       0xfc C:\Program Files (x86)\Cypress\PSoC Creator\4.0\PSoC Creator\psoc\content\cycomponentlibrary\CyComponentLibrary.cylib\CapSense_CSD_P4_v2_40\PSoC4\Library\CapsenseP4Library_GCC.a(CSD_P4_SmartSense_v2_40.o)
                0x000048cc                MeasureNoiseEnvelope_P4_v2_40
 .text.CalculateThresholds_P4_v2_40
                0x000049c8       0x36 C:\Program Files (x86)\Cypress\PSoC Creator\4.0\PSoC Creator\psoc\content\cycomponentlibrary\CyComponentLibrary.cylib\CapSense_CSD_P4_v2_40\PSoC4\Library\CapsenseP4Library_GCC.a(CSD_P4_SmartSense_v2_40.o)
                0x000049c8                CalculateThresholds_P4_v2_40
 *fill*         0x000049fe        0x2 
 .text          0x00004a00      0x120 c:/program files (x86)/cypress/psoc creator/4.0/psoc creator/import/gnu/arm/4.9.3/bin/../lib/gcc/arm-none-eabi/4.9.3/armv6-m\libgcc.a(_udivsi3.o)
                0x00004a00                __aeabi_uidiv
                0x00004a00                __udivsi3
                0x00004b0c                __aeabi_uidivmod
 .text          0x00004b20      0x1e0 c:/program files (x86)/cypress/psoc creator/4.0/psoc creator/import/gnu/arm/4.9.3/bin/../lib/gcc/arm-none-eabi/4.9.3/armv6-m\libgcc.a(_divsi3.o)
                0x00004b20                __divsi3
                0x00004b20                __aeabi_idiv
                0x00004cec                __aeabi_idivmod
 .text          0x00004d00        0x4 c:/program files (x86)/cypress/psoc creator/4.0/psoc creator/import/gnu/arm/4.9.3/bin/../lib/gcc/arm-none-eabi/4.9.3/armv6-m\libgcc.a(_dvmd_tls.o)
                0x00004d00                __aeabi_idiv0
                0x00004d00                __aeabi_ldiv0
 .text.__libc_init_array
                0x00004d04       0x4c c:/program files (x86)/cypress/psoc creator/4.0/psoc creator/import/gnu/arm/4.9.3/bin/../lib/gcc/arm-none-eabi/4.9.3/../../../../arm-none-eabi/lib/armv6-m\libg_nano.a(lib_a-init.o)
                0x00004d04                __libc_init_array
 .text.memcpy   0x00004d50       0x12 c:/program files (x86)/cypress/psoc creator/4.0/psoc creator/import/gnu/arm/4.9.3/bin/../lib/gcc/arm-none-eabi/4.9.3/../../../../arm-none-eabi/lib/armv6-m\libg_nano.a(lib_a-memcpy.o)
                0x00004d50                memcpy
 .text.memset   0x00004d62       0x10 c:/program files (x86)/cypress/psoc creator/4.0/psoc creator/import/gnu/arm/4.9.3/bin/../lib/gcc/arm-none-eabi/4.9.3/../../../../arm-none-eabi/lib/armv6-m\libg_nano.a(lib_a-memset.o)
                0x00004d62                memset
 *(.plt)
 *(.gnu.warning)
 *(.glue_7t)
 .glue_7t       0x00000000        0x0 linker stubs
 *(.glue_7)
 .glue_7        0x00000000        0x0 linker stubs
 *(.vfp11_veneer)
 .vfp11_veneer  0x00000000        0x0 linker stubs
 *(.bootloader)
 *(.ARM.extab* .gnu.linkonce.armextab.*)
 *(.gcc_except_table)

.v4_bx          0x00004d74        0x0
 .v4_bx         0x00000000        0x0 linker stubs

.iplt           0x00004d74        0x0
 .iplt          0x00000000        0x0 c:/program files (x86)/cypress/psoc creator/4.0/psoc creator/import/gnu/arm/4.9.3/bin/../lib/gcc/arm-none-eabi/4.9.3/armv6-m/crtbegin.o

.eh_frame_hdr
 *(.eh_frame_hdr)

.eh_frame       0x00004d74        0x4
 *(.eh_frame)
 .eh_frame      0x00004d74        0x0 c:/program files (x86)/cypress/psoc creator/4.0/psoc creator/import/gnu/arm/4.9.3/bin/../lib/gcc/arm-none-eabi/4.9.3/armv6-m/crtbegin.o
 .eh_frame      0x00004d74        0x4 c:/program files (x86)/cypress/psoc creator/4.0/psoc creator/import/gnu/arm/4.9.3/bin/../lib/gcc/arm-none-eabi/4.9.3/armv6-m/crtend.o
                0x00004d78                PROVIDE (__exidx_start, .)

.ARM.exidx
 *(.ARM.exidx* .gnu.linkonce.armexidx.*)
                0x00004d78                __exidx_end = .

.rodata         0x00004d78      0x3a0
 *(.rodata .rodata.* .gnu.linkonce.r.*)
 .rodata        0x00004d78      0x178 .\CortexM0\ARM_GCC_493\Debug\main.o
 .rodata        0x00004ef0       0x58 .\CortexM0\ARM_GCC_493\Debug\2F5S1SOC.a(cyfitter_cfg.o)
 .rodata        0x00004f48       0x48 .\CortexM0\ARM_GCC_493\Debug\2F5S1SOC.a(CyLib.o)
                0x00004f48                cyImoFreqMhz2Reg
                0x00004f78                cyImoFreqMhz2DpllOffset
 .rodata        0x00004f90       0xd0 .\CortexM0\ARM_GCC_493\Debug\2F5S1SOC.a(CapSense.o)
                0x00004f90                CapSense_portTable
                0x00004fa0                CapSense_maskTable
                0x00004fe0                CapSense_pinShiftTbl
                0x00004ff0                CapSense_widgetNumber
                0x00005000                CapSense_prtSelTbl
                0x00005020                CapSense_prtCfgTbl
                0x00005040                CapSense_prtDRTbl
 .rodata        0x00005060       0x14 .\CortexM0\ARM_GCC_493\Debug\2F5S1SOC.a(CapSense_CSHL.o)
                0x00005060                CapSense_rawDataIndex
                0x00005068                CapSense_numberOfSensors
 .rodata        0x00005074       0x6c .\CortexM0\ARM_GCC_493\Debug\2F5S1SOC.a(CapSense_SMS.o)
                0x00005074                CapSense_prescalerTable
                0x00005084                CapSense_configPointers
                0x000050e0                . = ALIGN (0x4)
 *(.init)
 .init          0x000050e0        0x4 c:/program files (x86)/cypress/psoc creator/4.0/psoc creator/import/gnu/arm/4.9.3/bin/../lib/gcc/arm-none-eabi/4.9.3/armv6-m/crti.o
                0x000050e0                _init
 .init          0x000050e4        0x8 c:/program files (x86)/cypress/psoc creator/4.0/psoc creator/import/gnu/arm/4.9.3/bin/../lib/gcc/arm-none-eabi/4.9.3/armv6-m/crtn.o
                0x000050ec                . = ALIGN (0x4)
                0x000050ec                __preinit_array_start = .
 *(.preinit_array)
                0x000050ec                __preinit_array_end = .
                0x000050ec                . = ALIGN (0x4)
                0x000050ec                __init_array_start = .
 *(SORT(.init_array.*))
 *(.init_array)
 .init_array    0x000050ec        0x4 c:/program files (x86)/cypress/psoc creator/4.0/psoc creator/import/gnu/arm/4.9.3/bin/../lib/gcc/arm-none-eabi/4.9.3/armv6-m/crtbegin.o
 .init_array    0x000050f0        0x4 .\CortexM0\ARM_GCC_493\Debug\Cm0Start.o
                0x000050f4                __init_array_end = .
                0x000050f4                . = ALIGN (0x4)
 *(.fini)
 .fini          0x000050f4        0x4 c:/program files (x86)/cypress/psoc creator/4.0/psoc creator/import/gnu/arm/4.9.3/bin/../lib/gcc/arm-none-eabi/4.9.3/armv6-m/crti.o
                0x000050f4                _fini
 .fini          0x000050f8        0x8 c:/program files (x86)/cypress/psoc creator/4.0/psoc creator/import/gnu/arm/4.9.3/bin/../lib/gcc/arm-none-eabi/4.9.3/armv6-m/crtn.o
                0x00005100                . = ALIGN (0x4)
                0x00005100                __fini_array_start = .
 *(.fini_array)
 .fini_array    0x00005100        0x4 c:/program files (x86)/cypress/psoc creator/4.0/psoc creator/import/gnu/arm/4.9.3/bin/../lib/gcc/arm-none-eabi/4.9.3/armv6-m/crtbegin.o
 *(SORT(.fini_array.*))
                0x00005104                __fini_array_end = .
                0x00005104                . = ALIGN (0x4)
 *crtbegin.o(.ctors)
 *(EXCLUDE_FILE(*crtend.o) .ctors)
 *(SORT(.ctors.*))
 *crtend.o(.ctors)
                0x00005104                . = ALIGN (0x4)
 *crtbegin.o(.dtors)
 *(EXCLUDE_FILE(*crtend.o) .dtors)
 *(SORT(.dtors.*))
 *crtend.o(.dtors)
                0x00005104                . = ALIGN (0x4)
                0x00005104                __cy_regions = .
                0x00005104        0x4 LONG 0x5118 __cy_region_init_ram
                0x00005108        0x4 LONG 0x200000c8 __cy_region_start_data
                0x0000510c        0x4 LONG 0xb0 __cy_region_init_size_ram
                0x00005110        0x4 LONG 0x370 __cy_region_zero_size_ram
                0x00005114                __cy_regions_end = .
                0x00005118                . = ALIGN (0x8)
 *fill*         0x00005114        0x4 
                0x00005118                _etext = .

.cy_checksum_exclude
                0x00005118        0x0
 *(.cy_checksum_exclude)

.ramvectors     0x20000000       0xc0
                0x20000000                __cy_region_start_ram = .
 *(.ramvectors)
 .ramvectors    0x20000000       0xc0 .\CortexM0\ARM_GCC_493\Debug\Cm0Start.o
                0x20000000                CyRamVectors

.noinit         0x200000c0        0x4
 *(.noinit)
 .noinit        0x200000c0        0x4 .\CortexM0\ARM_GCC_493\Debug\Cm0Start.o

.data           0x200000c8       0xb0 load address 0x00005118
                0x200000c8                __cy_region_start_data = .
 *(.jcr)
 .jcr           0x200000c8        0x0 c:/program files (x86)/cypress/psoc creator/4.0/psoc creator/import/gnu/arm/4.9.3/bin/../lib/gcc/arm-none-eabi/4.9.3/armv6-m/crtbegin.o
 .jcr           0x200000c8        0x4 c:/program files (x86)/cypress/psoc creator/4.0/psoc creator/import/gnu/arm/4.9.3/bin/../lib/gcc/arm-none-eabi/4.9.3/armv6-m/crtend.o
 *(.got.plt)
 *(.got)
 *(.shdata)
 *(.data .data.* .gnu.linkonce.d.*)
 .data          0x200000cc       0x10 .\CortexM0\ARM_GCC_493\Debug\2F5S1SOC.a(CyLib.o)
                0x200000cc                cydelayFreqHz
                0x200000d0                cydelayFreqKhz
                0x200000d4                cydelayFreqMhz
                0x200000d8                cydelay32kMs
 .data          0x200000dc       0x64 .\CortexM0\ARM_GCC_493\Debug\2F5S1SOC.a(CapSense.o)
                0x200000dc                CapSense_sensorEnableMask
                0x200000e0                CapSense_pcTable
                0x20000120                CapSense_widgetResolution
 .data          0x20000140       0x28 .\CortexM0\ARM_GCC_493\Debug\2F5S1SOC.a(CapSense_CSHL.o)
                0x20000140                CapSense_lowBaselineReset
                0x20000150                CapSense_enableRawFilters
                0x20000154                CapSense_debounce
 .data          0x20000168       0x10 .\CortexM0\ARM_GCC_493\Debug\2F5S1SOC.a(CapSense_SMS.o)
                0x20000168                CapSense_sensorSensitivity
                0x20000178                . = ALIGN (0x8)
 *(.ram)
                0x20000178                _edata = .

.igot.plt       0x20000178        0x0 load address 0x000051c8
 .igot.plt      0x00000000        0x0 c:/program files (x86)/cypress/psoc creator/4.0/psoc creator/import/gnu/arm/4.9.3/bin/../lib/gcc/arm-none-eabi/4.9.3/armv6-m/crtbegin.o

.bss            0x20000178      0x370 load address 0x000051c8
                0x20000178                PROVIDE (__bss_start__, .)
 *(.shbss)
 *(.bss .bss.* .gnu.linkonce.b.*)
 .bss           0x20000178       0x1c c:/program files (x86)/cypress/psoc creator/4.0/psoc creator/import/gnu/arm/4.9.3/bin/../lib/gcc/arm-none-eabi/4.9.3/armv6-m/crtbegin.o
 .bss           0x20000194      0x100 .\CortexM0\ARM_GCC_493\Debug\main.o
                0x20000194                cache
                0x20000214                update
 .bss           0x20000294        0x8 .\CortexM0\ARM_GCC_493\Debug\2F5S1SOC.a(I2C_Slave.o)
                0x20000294                I2C_Slave_initVar
                0x20000298                I2C_Slave_customIntrHandler
 .bss           0x2000029c       0x28 .\CortexM0\ARM_GCC_493\Debug\2F5S1SOC.a(CapSense.o)
                0x2000029c                CapSense_lowLevelTuningDone
                0x2000029d                CapSense_prescalersTuningDone
                0x2000029e                CapSense_csdStatusVar
                0x2000029f                CapSense_sensorIndex
                0x200002a0                CapSense_sensorRaw
 .bss           0x200002c4       0x50 .\CortexM0\ARM_GCC_493\Debug\2F5S1SOC.a(CapSense_CSHL.o)
                0x200002c4                CapSense_sensorBaseline
                0x200002e4                CapSense_sensorBaselineLow
                0x200002f4                CapSense_sensorSignal
                0x20000304                CapSense_sensorOnMask
 .bss           0x20000314        0x1 .\CortexM0\ARM_GCC_493\Debug\2F5S1SOC.a(CapSense_INT.o)
 .bss           0x20000315        0x1 .\CortexM0\ARM_GCC_493\Debug\2F5S1SOC.a(UART.o)
                0x20000315                UART_initVar
 .bss           0x20000316        0x1 .\CortexM0\ARM_GCC_493\Debug\2F5S1SOC.a(LED_CONTROL1.o)
                0x20000316                LED_CONTROL1_initVar
 .bss           0x20000317        0x1 .\CortexM0\ARM_GCC_493\Debug\2F5S1SOC.a(LED_CONTROL2.o)
                0x20000317                LED_CONTROL2_initVar
 *(COMMON)
 COMMON         0x20000318       0x50 .\CortexM0\ARM_GCC_493\Debug\main.o
                0x20000318                oldSock1
                0x2000031c                oldCurPos2
                0x20000320                but5
                0x20000324                temp2
                0x20000328                i2cWriteBuffer
                0x2000032c                but1
                0x20000330                but2
                0x20000334                temp5
                0x20000338                oldBut5
                0x2000033c                temp6
                0x2000033d                temp1
                0x2000033e                curPos1
                0x20000340                but4
                0x20000344                temp4
                0x20000348                oldBut3
                0x2000034c                oldBut1
                0x20000350                i2cReadBuffer
                0x20000352                curPos2
                0x20000354                sock1
                0x20000358                but3
                0x2000035c                oldBut2
                0x20000360                temp3
                0x20000362                oldCurPos1
                0x20000364                oldBut4
 COMMON         0x20000368        0x1 .\CortexM0\ARM_GCC_493\Debug\2F5S1SOC.a(I2C_Slave_I2C.o)
                0x20000368                I2C_Slave_state
 *fill*         0x20000369        0x3 
 COMMON         0x2000036c       0x1e .\CortexM0\ARM_GCC_493\Debug\2F5S1SOC.a(I2C_Slave_I2C_SLAVE.o)
                0x2000036c                I2C_Slave_slRdBufIndexTmp
                0x20000370                I2C_Slave_slRdBufIndex
                0x20000374                I2C_Slave_slWrBufSize
                0x20000378                I2C_Slave_slWrBufIndex
                0x2000037c                I2C_Slave_slRdBufPtr
                0x20000380                I2C_Slave_slWrBufPtr
                0x20000384                I2C_Slave_slRdBufSize
                0x20000388                I2C_Slave_slStatus
                0x20000389                I2C_Slave_slOverFlowCount
 *fill*         0x2000038a        0x2 
 COMMON         0x2000038c       0x5c .\CortexM0\ARM_GCC_493\Debug\2F5S1SOC.a(CapSense.o)
                0x2000038c                CapSense_csdTrim1
                0x20000390                CapSense_scanSpeedTbl
                0x20000394                CapSense_sensorEnableMaskBackup
                0x20000398                CapSense_senseClkDividerVal
                0x200003a8                CapSense_modulationIDAC
                0x200003b8                CapSense_compensationIDAC
                0x200003c8                CapSense_unscannedSnsDriveMode
                0x200003d8                CapSense_sampleClkDividerVal
 COMMON         0x200003e8       0x50 .\CortexM0\ARM_GCC_493\Debug\2F5S1SOC.a(CapSense_CSHL.o)
                0x200003e8                CapSense_noiseThreshold
                0x200003f0                CapSense_lowBaselineResetCnt
                0x20000400                CapSense_negativeNoiseThreshold
                0x20000408                CapSense_rawFilterData1
                0x20000428                CapSense_hysteresis
                0x20000430                CapSense_fingerThreshold
 COMMON         0x20000438       0xac .\CortexM0\ARM_GCC_493\Debug\2F5S1SOC.a(CapSense_SMS.o)
                0x20000438                CapSense_runningDifferenceTbl
                0x20000448                CapSense_signRegisterTbl
                0x20000458                CapSense_sampleMaxTbl
                0x20000478                CapSense_noiseEnvelopeTbl
                0x20000488                CapSense_previousSampleTbl
                0x200004a8                CapSense_sampleMinTbl
                0x200004c8                CapSense_config
                0x200004d4                CapSense_kValueTbl
                0x200004e8                . = ALIGN (0x8)
 *fill*         0x200004e4        0x4 
 *(.ram.b)
                0x200004e8                _end = .
                0x200004e8                __end = .
                0x200004e8                PROVIDE (end, .)
                0x200004e8                PROVIDE (__bss_end__, .)
                0x00005118                __cy_region_init_ram = LOADADDR (.data)
                0x000000b0                __cy_region_init_size_ram = (_edata - ADDR (.data))
                0x00000370                __cy_region_zero_size_ram = (_end - _edata)

.heap           0x200004e8      0x100 load address 0x000051c8
                0x200004e8                . = _end
                0x200005e8                . = (. + 0x100)
 *fill*         0x200004e8      0x100 
                0x200005e8                __cy_heap_limit = .

.stack          0x20003c00      0x400
                0x20003c00                __cy_stack_limit = .
                0x20004000                . = (. + 0x400)
 *fill*         0x20003c00      0x400 
                0x00000001                ASSERT ((__cy_stack_limit >= __cy_heap_limit), region RAM overflowed with stack)
                0x00000000                cy_checksum_exclude_size = (CY_APPL_LOADABLE == 0x1)?SIZEOF (.cy_checksum_exclude):0x0
                0x00000001                ASSERT ((cy_checksum_exclude_size <= CY_CHECKSUM_EXCLUDE_SIZE), CY_BOOT: Section .cy_checksum_exclude size exceedes specified limit.)
                0x0001ffc0                cyloadermeta_start = (cy_project_type_bootloader || cy_project_type_app_for_stack_and_copier)?(0x20000 - CY_METADATA_SIZE):0xf0000000

.cyloadermeta
 *(.cyloadermeta)
                0x0001ffc0                cyloadablemeta_start = cy_project_type_app_for_stack_and_copier?((0x20000 - CY_FLASH_ROW_SIZE) - CY_METADATA_SIZE):((0x20000 - (CY_FLASH_ROW_SIZE * (CY_APPL_NUM - 0x1))) - CY_METADATA_SIZE)

.cyloadablemeta
 *(.cyloadablemeta)

.cyflashprotect
                0x90400000       0x80
 *(.cyflashprotect)
 .cyflashprotect
                0x90400000       0x80 .\CortexM0\ARM_GCC_493\Debug\cymetadata.o
                0x90400000                cy_meta_flashprotect

.cymeta         0x90500000        0xc
 *(.cymeta)
 .cymeta        0x90500000        0xc .\CortexM0\ARM_GCC_493\Debug\cymetadata.o
                0x90500000                cy_metadata

.cychipprotect  0x90600000        0x4
 *(.cychipprotect)
 .cychipprotect
                0x90600000        0x4 .\CortexM0\ARM_GCC_493\Debug\cymetadata.o
                0x90600000                cy_meta_chipprotect

.rel.dyn        0x000051c8        0x0 load address 0x90600004
 .rel.iplt      0x00000000        0x0 c:/program files (x86)/cypress/psoc creator/4.0/psoc creator/import/gnu/arm/4.9.3/bin/../lib/gcc/arm-none-eabi/4.9.3/armv6-m/crtbegin.o

.stab
 *(.stab)

.stabstr
 *(.stabstr)

.debug
 *(.debug)

.line
 *(.line)

.debug_srcinfo
 *(.debug_srcinfo)

.debug_sfnames
 *(.debug_sfnames)

.debug_aranges  0x00000000     0x1500
 *(.debug_aranges)
 .debug_aranges
                0x00000000       0x50 .\CortexM0\ARM_GCC_493\Debug\main.o
 .debug_aranges
                0x00000050       0x18 .\CortexM0\ARM_GCC_493\Debug\cymetadata.o
 .debug_aranges
                0x00000068       0x48 .\CortexM0\ARM_GCC_493\Debug\Cm0Start.o
 .debug_aranges
                0x000000b0       0x58 .\CortexM0\ARM_GCC_493\Debug\2F5S1SOC.a(cyfitter_cfg.o)
 .debug_aranges
                0x00000108       0x40 .\CortexM0\ARM_GCC_493\Debug\2F5S1SOC.a(CyFlash.o)
 .debug_aranges
                0x00000148      0x1b8 .\CortexM0\ARM_GCC_493\Debug\2F5S1SOC.a(CyLib.o)
 .debug_aranges
                0x00000300      0x158 .\CortexM0\ARM_GCC_493\Debug\2F5S1SOC.a(CyLFClk.o)
 .debug_aranges
                0x00000458       0x68 .\CortexM0\ARM_GCC_493\Debug\2F5S1SOC.a(I2C_Slave.o)
 .debug_aranges
                0x000004c0       0x28 .\CortexM0\ARM_GCC_493\Debug\2F5S1SOC.a(I2C_Slave_I2C.o)
 .debug_aranges
                0x000004e8       0x70 .\CortexM0\ARM_GCC_493\Debug\2F5S1SOC.a(I2C_Slave_I2C_SLAVE.o)
 .debug_aranges
                0x00000558      0x158 .\CortexM0\ARM_GCC_493\Debug\2F5S1SOC.a(CapSense.o)
 .debug_aranges
                0x000006b0      0x148 .\CortexM0\ARM_GCC_493\Debug\2F5S1SOC.a(CapSense_CSHL.o)
 .debug_aranges
                0x000007f8       0x20 .\CortexM0\ARM_GCC_493\Debug\2F5S1SOC.a(CapSense_INT.o)
 .debug_aranges
                0x00000818       0x60 .\CortexM0\ARM_GCC_493\Debug\2F5S1SOC.a(CapSense_SMS.o)
 .debug_aranges
                0x00000878       0x48 .\CortexM0\ARM_GCC_493\Debug\2F5S1SOC.a(LED1.o)
 .debug_aranges
                0x000008c0       0x48 .\CortexM0\ARM_GCC_493\Debug\2F5S1SOC.a(LED2.o)
 .debug_aranges
                0x00000908       0x48 .\CortexM0\ARM_GCC_493\Debug\2F5S1SOC.a(LED3.o)
 .debug_aranges
                0x00000950       0x48 .\CortexM0\ARM_GCC_493\Debug\2F5S1SOC.a(LED4.o)
 .debug_aranges
                0x00000998       0x48 .\CortexM0\ARM_GCC_493\Debug\2F5S1SOC.a(LED5.o)
 .debug_aranges
                0x000009e0       0x40 .\CortexM0\ARM_GCC_493\Debug\2F5S1SOC.a(CapSense_SampleClk.o)
 .debug_aranges
                0x00000a20       0x40 .\CortexM0\ARM_GCC_493\Debug\2F5S1SOC.a(CapSense_SenseClk.o)
 .debug_aranges
                0x00000a60       0x48 .\CortexM0\ARM_GCC_493\Debug\2F5S1SOC.a(InterPin.o)
 .debug_aranges
                0x00000aa8       0x60 .\CortexM0\ARM_GCC_493\Debug\2F5S1SOC.a(UART.o)
 .debug_aranges
                0x00000b08       0x60 .\CortexM0\ARM_GCC_493\Debug\2F5S1SOC.a(UART_SPI_UART.o)
 .debug_aranges
                0x00000b68       0x88 .\CortexM0\ARM_GCC_493\Debug\2F5S1SOC.a(UART_UART.o)
 .debug_aranges
                0x00000bf0       0x48 .\CortexM0\ARM_GCC_493\Debug\2F5S1SOC.a(LED6.o)
 .debug_aranges
                0x00000c38       0x48 .\CortexM0\ARM_GCC_493\Debug\2F5S1SOC.a(LED7.o)
 .debug_aranges
                0x00000c80       0x48 .\CortexM0\ARM_GCC_493\Debug\2F5S1SOC.a(LED11.o)
 .debug_aranges
                0x00000cc8       0x48 .\CortexM0\ARM_GCC_493\Debug\2F5S1SOC.a(LED12.o)
 .debug_aranges
                0x00000d10       0x48 .\CortexM0\ARM_GCC_493\Debug\2F5S1SOC.a(LED13.o)
 .debug_aranges
                0x00000d58       0x48 .\CortexM0\ARM_GCC_493\Debug\2F5S1SOC.a(LED14.o)
 .debug_aranges
                0x00000da0       0x48 .\CortexM0\ARM_GCC_493\Debug\2F5S1SOC.a(LED15.o)
 .debug_aranges
                0x00000de8       0x48 .\CortexM0\ARM_GCC_493\Debug\2F5S1SOC.a(LED10.o)
 .debug_aranges
                0x00000e30       0x48 .\CortexM0\ARM_GCC_493\Debug\2F5S1SOC.a(LED9.o)
 .debug_aranges
                0x00000e78       0x48 .\CortexM0\ARM_GCC_493\Debug\2F5S1SOC.a(LED8.o)
 .debug_aranges
                0x00000ec0       0x48 .\CortexM0\ARM_GCC_493\Debug\2F5S1SOC.a(LED16.o)
 .debug_aranges
                0x00000f08      0x158 .\CortexM0\ARM_GCC_493\Debug\2F5S1SOC.a(LED_CONTROL1.o)
 .debug_aranges
                0x00001060      0x158 .\CortexM0\ARM_GCC_493\Debug\2F5S1SOC.a(LED_CONTROL2.o)
 .debug_aranges
                0x000011b8       0x48 .\CortexM0\ARM_GCC_493\Debug\2F5S1SOC.a(Triac1.o)
 .debug_aranges
                0x00001200       0x48 .\CortexM0\ARM_GCC_493\Debug\2F5S1SOC.a(Triac4.o)
 .debug_aranges
                0x00001248       0x48 .\CortexM0\ARM_GCC_493\Debug\2F5S1SOC.a(Triac3.o)
 .debug_aranges
                0x00001290       0x48 .\CortexM0\ARM_GCC_493\Debug\2F5S1SOC.a(Triac2.o)
 .debug_aranges
                0x000012d8       0x48 .\CortexM0\ARM_GCC_493\Debug\2F5S1SOC.a(Triac8.o)
 .debug_aranges
                0x00001320       0x48 .\CortexM0\ARM_GCC_493\Debug\2F5S1SOC.a(Triac7.o)
 .debug_aranges
                0x00001368       0x48 .\CortexM0\ARM_GCC_493\Debug\2F5S1SOC.a(Triac5.o)
 .debug_aranges
                0x000013b0       0x48 .\CortexM0\ARM_GCC_493\Debug\2F5S1SOC.a(Triac6.o)
 .debug_aranges
                0x000013f8       0x80 .\CortexM0\ARM_GCC_493\Debug\2F5S1SOC.a(WdtIsr.o)
 .debug_aranges
                0x00001478       0x20 .\CortexM0\ARM_GCC_493\Debug\2F5S1SOC.a(CyBootAsmGnu.o)
 .debug_aranges
                0x00001498       0x20 .\CortexM0\ARM_GCC_493\Debug\2F5S1SOC.a(I2C_Slave_I2C_INT.o)
 .debug_aranges
                0x000014b8       0x48 C:\Program Files (x86)\Cypress\PSoC Creator\4.0\PSoC Creator\psoc\content\cycomponentlibrary\CyComponentLibrary.cylib\CapSense_CSD_P4_v2_40\PSoC4\Library\CapsenseP4Library_GCC.a(CSD_P4_SmartSense_v2_40.o)

.debug_pubnames
 *(.debug_pubnames)

.debug_info     0x00000000     0x9145
 *(.debug_info .gnu.linkonce.wi.*)
 .debug_info    0x00000000      0x3ba .\CortexM0\ARM_GCC_493\Debug\main.o
 .debug_info    0x000003ba       0xfe .\CortexM0\ARM_GCC_493\Debug\cymetadata.o
 .debug_info    0x000004b8      0x302 .\CortexM0\ARM_GCC_493\Debug\Cm0Start.o
 .debug_info    0x000007ba      0x38c .\CortexM0\ARM_GCC_493\Debug\2F5S1SOC.a(cyfitter_cfg.o)
 .debug_info    0x00000b46      0x259 .\CortexM0\ARM_GCC_493\Debug\2F5S1SOC.a(CyFlash.o)
 .debug_info    0x00000d9f      0xa77 .\CortexM0\ARM_GCC_493\Debug\2F5S1SOC.a(CyLib.o)
 .debug_info    0x00001816      0x83b .\CortexM0\ARM_GCC_493\Debug\2F5S1SOC.a(CyLFClk.o)
 .debug_info    0x00002051      0x1e4 .\CortexM0\ARM_GCC_493\Debug\2F5S1SOC.a(I2C_Slave.o)
 .debug_info    0x00002235      0x116 .\CortexM0\ARM_GCC_493\Debug\2F5S1SOC.a(I2C_Slave_I2C.o)
 .debug_info    0x0000234b      0x2db .\CortexM0\ARM_GCC_493\Debug\2F5S1SOC.a(I2C_Slave_I2C_SLAVE.o)
 .debug_info    0x00002626      0xc0e .\CortexM0\ARM_GCC_493\Debug\2F5S1SOC.a(CapSense.o)
 .debug_info    0x00003234      0xe5d .\CortexM0\ARM_GCC_493\Debug\2F5S1SOC.a(CapSense_CSHL.o)
 .debug_info    0x00004091      0x11d .\CortexM0\ARM_GCC_493\Debug\2F5S1SOC.a(CapSense_INT.o)
 .debug_info    0x000041ae      0x643 .\CortexM0\ARM_GCC_493\Debug\2F5S1SOC.a(CapSense_SMS.o)
 .debug_info    0x000047f1      0x19a .\CortexM0\ARM_GCC_493\Debug\2F5S1SOC.a(LED1.o)
 .debug_info    0x0000498b      0x19a .\CortexM0\ARM_GCC_493\Debug\2F5S1SOC.a(LED2.o)
 .debug_info    0x00004b25      0x19a .\CortexM0\ARM_GCC_493\Debug\2F5S1SOC.a(LED3.o)
 .debug_info    0x00004cbf      0x19a .\CortexM0\ARM_GCC_493\Debug\2F5S1SOC.a(LED4.o)
 .debug_info    0x00004e59      0x19a .\CortexM0\ARM_GCC_493\Debug\2F5S1SOC.a(LED5.o)
 .debug_info    0x00004ff3      0x163 .\CortexM0\ARM_GCC_493\Debug\2F5S1SOC.a(CapSense_SampleClk.o)
 .debug_info    0x00005156      0x163 .\CortexM0\ARM_GCC_493\Debug\2F5S1SOC.a(CapSense_SenseClk.o)
 .debug_info    0x000052b9      0x19a .\CortexM0\ARM_GCC_493\Debug\2F5S1SOC.a(InterPin.o)
 .debug_info    0x00005453      0x1a6 .\CortexM0\ARM_GCC_493\Debug\2F5S1SOC.a(UART.o)
 .debug_info    0x000055f9      0x20f .\CortexM0\ARM_GCC_493\Debug\2F5S1SOC.a(UART_SPI_UART.o)
 .debug_info    0x00005808      0x2ba .\CortexM0\ARM_GCC_493\Debug\2F5S1SOC.a(UART_UART.o)
 .debug_info    0x00005ac2      0x19a .\CortexM0\ARM_GCC_493\Debug\2F5S1SOC.a(LED6.o)
 .debug_info    0x00005c5c      0x19a .\CortexM0\ARM_GCC_493\Debug\2F5S1SOC.a(LED7.o)
 .debug_info    0x00005df6      0x19a .\CortexM0\ARM_GCC_493\Debug\2F5S1SOC.a(LED11.o)
 .debug_info    0x00005f90      0x19a .\CortexM0\ARM_GCC_493\Debug\2F5S1SOC.a(LED12.o)
 .debug_info    0x0000612a      0x19a .\CortexM0\ARM_GCC_493\Debug\2F5S1SOC.a(LED13.o)
 .debug_info    0x000062c4      0x19a .\CortexM0\ARM_GCC_493\Debug\2F5S1SOC.a(LED14.o)
 .debug_info    0x0000645e      0x19a .\CortexM0\ARM_GCC_493\Debug\2F5S1SOC.a(LED15.o)
 .debug_info    0x000065f8      0x19a .\CortexM0\ARM_GCC_493\Debug\2F5S1SOC.a(LED10.o)
 .debug_info    0x00006792      0x19a .\CortexM0\ARM_GCC_493\Debug\2F5S1SOC.a(LED9.o)
 .debug_info    0x0000692c      0x19a .\CortexM0\ARM_GCC_493\Debug\2F5S1SOC.a(LED8.o)
 .debug_info    0x00006ac6      0x19a .\CortexM0\ARM_GCC_493\Debug\2F5S1SOC.a(LED16.o)
 .debug_info    0x00006c60      0x6f4 .\CortexM0\ARM_GCC_493\Debug\2F5S1SOC.a(LED_CONTROL1.o)
 .debug_info    0x00007354      0x6f4 .\CortexM0\ARM_GCC_493\Debug\2F5S1SOC.a(LED_CONTROL2.o)
 .debug_info    0x00007a48      0x19a .\CortexM0\ARM_GCC_493\Debug\2F5S1SOC.a(Triac1.o)
 .debug_info    0x00007be2      0x19a .\CortexM0\ARM_GCC_493\Debug\2F5S1SOC.a(Triac4.o)
 .debug_info    0x00007d7c      0x19a .\CortexM0\ARM_GCC_493\Debug\2F5S1SOC.a(Triac3.o)
 .debug_info    0x00007f16      0x19a .\CortexM0\ARM_GCC_493\Debug\2F5S1SOC.a(Triac2.o)
 .debug_info    0x000080b0      0x19a .\CortexM0\ARM_GCC_493\Debug\2F5S1SOC.a(Triac8.o)
 .debug_info    0x0000824a      0x19a .\CortexM0\ARM_GCC_493\Debug\2F5S1SOC.a(Triac7.o)
 .debug_info    0x000083e4      0x19a .\CortexM0\ARM_GCC_493\Debug\2F5S1SOC.a(Triac5.o)
 .debug_info    0x0000857e      0x19a .\CortexM0\ARM_GCC_493\Debug\2F5S1SOC.a(Triac6.o)
 .debug_info    0x00008718      0x246 .\CortexM0\ARM_GCC_493\Debug\2F5S1SOC.a(WdtIsr.o)
 .debug_info    0x0000895e       0x8b .\CortexM0\ARM_GCC_493\Debug\2F5S1SOC.a(CyBootAsmGnu.o)
 .debug_info    0x000089e9      0x17a .\CortexM0\ARM_GCC_493\Debug\2F5S1SOC.a(I2C_Slave_I2C_INT.o)
 .debug_info    0x00008b63      0x5e2 C:\Program Files (x86)\Cypress\PSoC Creator\4.0\PSoC Creator\psoc\content\cycomponentlibrary\CyComponentLibrary.cylib\CapSense_CSD_P4_v2_40\PSoC4\Library\CapsenseP4Library_GCC.a(CSD_P4_SmartSense_v2_40.o)

.debug_abbrev   0x00000000     0x2c24
 *(.debug_abbrev)
 .debug_abbrev  0x00000000       0xfe .\CortexM0\ARM_GCC_493\Debug\main.o
 .debug_abbrev  0x000000fe       0x5d .\CortexM0\ARM_GCC_493\Debug\cymetadata.o
 .debug_abbrev  0x0000015b      0x17c .\CortexM0\ARM_GCC_493\Debug\Cm0Start.o
 .debug_abbrev  0x000002d7      0x1b3 .\CortexM0\ARM_GCC_493\Debug\2F5S1SOC.a(cyfitter_cfg.o)
 .debug_abbrev  0x0000048a      0x120 .\CortexM0\ARM_GCC_493\Debug\2F5S1SOC.a(CyFlash.o)
 .debug_abbrev  0x000005aa      0x1e8 .\CortexM0\ARM_GCC_493\Debug\2F5S1SOC.a(CyLib.o)
 .debug_abbrev  0x00000792      0x224 .\CortexM0\ARM_GCC_493\Debug\2F5S1SOC.a(CyLFClk.o)
 .debug_abbrev  0x000009b6       0xdb .\CortexM0\ARM_GCC_493\Debug\2F5S1SOC.a(I2C_Slave.o)
 .debug_abbrev  0x00000a91       0x90 .\CortexM0\ARM_GCC_493\Debug\2F5S1SOC.a(I2C_Slave_I2C.o)
 .debug_abbrev  0x00000b21      0x13b .\CortexM0\ARM_GCC_493\Debug\2F5S1SOC.a(I2C_Slave_I2C_SLAVE.o)
 .debug_abbrev  0x00000c5c      0x167 .\CortexM0\ARM_GCC_493\Debug\2F5S1SOC.a(CapSense.o)
 .debug_abbrev  0x00000dc3      0x1d1 .\CortexM0\ARM_GCC_493\Debug\2F5S1SOC.a(CapSense_CSHL.o)
 .debug_abbrev  0x00000f94       0x8a .\CortexM0\ARM_GCC_493\Debug\2F5S1SOC.a(CapSense_INT.o)
 .debug_abbrev  0x0000101e      0x1a0 .\CortexM0\ARM_GCC_493\Debug\2F5S1SOC.a(CapSense_SMS.o)
 .debug_abbrev  0x000011be       0xaa .\CortexM0\ARM_GCC_493\Debug\2F5S1SOC.a(LED1.o)
 .debug_abbrev  0x00001268       0xaa .\CortexM0\ARM_GCC_493\Debug\2F5S1SOC.a(LED2.o)
 .debug_abbrev  0x00001312       0xaa .\CortexM0\ARM_GCC_493\Debug\2F5S1SOC.a(LED3.o)
 .debug_abbrev  0x000013bc       0xaa .\CortexM0\ARM_GCC_493\Debug\2F5S1SOC.a(LED4.o)
 .debug_abbrev  0x00001466       0xaa .\CortexM0\ARM_GCC_493\Debug\2F5S1SOC.a(LED5.o)
 .debug_abbrev  0x00001510       0xa8 .\CortexM0\ARM_GCC_493\Debug\2F5S1SOC.a(CapSense_SampleClk.o)
 .debug_abbrev  0x000015b8       0xa8 .\CortexM0\ARM_GCC_493\Debug\2F5S1SOC.a(CapSense_SenseClk.o)
 .debug_abbrev  0x00001660       0xaa .\CortexM0\ARM_GCC_493\Debug\2F5S1SOC.a(InterPin.o)
 .debug_abbrev  0x0000170a       0xcb .\CortexM0\ARM_GCC_493\Debug\2F5S1SOC.a(UART.o)
 .debug_abbrev  0x000017d5      0x14f .\CortexM0\ARM_GCC_493\Debug\2F5S1SOC.a(UART_SPI_UART.o)
 .debug_abbrev  0x00001924      0x104 .\CortexM0\ARM_GCC_493\Debug\2F5S1SOC.a(UART_UART.o)
 .debug_abbrev  0x00001a28       0xaa .\CortexM0\ARM_GCC_493\Debug\2F5S1SOC.a(LED6.o)
 .debug_abbrev  0x00001ad2       0xaa .\CortexM0\ARM_GCC_493\Debug\2F5S1SOC.a(LED7.o)
 .debug_abbrev  0x00001b7c       0xaa .\CortexM0\ARM_GCC_493\Debug\2F5S1SOC.a(LED11.o)
 .debug_abbrev  0x00001c26       0xaa .\CortexM0\ARM_GCC_493\Debug\2F5S1SOC.a(LED12.o)
 .debug_abbrev  0x00001cd0       0xaa .\CortexM0\ARM_GCC_493\Debug\2F5S1SOC.a(LED13.o)
 .debug_abbrev  0x00001d7a       0xaa .\CortexM0\ARM_GCC_493\Debug\2F5S1SOC.a(LED14.o)
 .debug_abbrev  0x00001e24       0xaa .\CortexM0\ARM_GCC_493\Debug\2F5S1SOC.a(LED15.o)
 .debug_abbrev  0x00001ece       0xaa .\CortexM0\ARM_GCC_493\Debug\2F5S1SOC.a(LED10.o)
 .debug_abbrev  0x00001f78       0xaa .\CortexM0\ARM_GCC_493\Debug\2F5S1SOC.a(LED9.o)
 .debug_abbrev  0x00002022       0xaa .\CortexM0\ARM_GCC_493\Debug\2F5S1SOC.a(LED8.o)
 .debug_abbrev  0x000020cc       0xaa .\CortexM0\ARM_GCC_493\Debug\2F5S1SOC.a(LED16.o)
 .debug_abbrev  0x00002176       0xfc .\CortexM0\ARM_GCC_493\Debug\2F5S1SOC.a(LED_CONTROL1.o)
 .debug_abbrev  0x00002272       0xfc .\CortexM0\ARM_GCC_493\Debug\2F5S1SOC.a(LED_CONTROL2.o)
 .debug_abbrev  0x0000236e       0xaa .\CortexM0\ARM_GCC_493\Debug\2F5S1SOC.a(Triac1.o)
 .debug_abbrev  0x00002418       0xaa .\CortexM0\ARM_GCC_493\Debug\2F5S1SOC.a(Triac4.o)
 .debug_abbrev  0x000024c2       0xaa .\CortexM0\ARM_GCC_493\Debug\2F5S1SOC.a(Triac3.o)
 .debug_abbrev  0x0000256c       0xaa .\CortexM0\ARM_GCC_493\Debug\2F5S1SOC.a(Triac2.o)
 .debug_abbrev  0x00002616       0xaa .\CortexM0\ARM_GCC_493\Debug\2F5S1SOC.a(Triac8.o)
 .debug_abbrev  0x000026c0       0xaa .\CortexM0\ARM_GCC_493\Debug\2F5S1SOC.a(Triac7.o)
 .debug_abbrev  0x0000276a       0xaa .\CortexM0\ARM_GCC_493\Debug\2F5S1SOC.a(Triac5.o)
 .debug_abbrev  0x00002814       0xaa .\CortexM0\ARM_GCC_493\Debug\2F5S1SOC.a(Triac6.o)
 .debug_abbrev  0x000028be      0x16a .\CortexM0\ARM_GCC_493\Debug\2F5S1SOC.a(WdtIsr.o)
 .debug_abbrev  0x00002a28       0x14 .\CortexM0\ARM_GCC_493\Debug\2F5S1SOC.a(CyBootAsmGnu.o)
 .debug_abbrev  0x00002a3c       0x88 .\CortexM0\ARM_GCC_493\Debug\2F5S1SOC.a(I2C_Slave_I2C_INT.o)
 .debug_abbrev  0x00002ac4      0x160 C:\Program Files (x86)\Cypress\PSoC Creator\4.0\PSoC Creator\psoc\content\cycomponentlibrary\CyComponentLibrary.cylib\CapSense_CSD_P4_v2_40\PSoC4\Library\CapsenseP4Library_GCC.a(CSD_P4_SmartSense_v2_40.o)

.debug_line     0x00000000     0x44ed
 *(.debug_line)
 .debug_line    0x00000000      0x2b8 .\CortexM0\ARM_GCC_493\Debug\main.o
 .debug_line    0x000002b8       0x51 .\CortexM0\ARM_GCC_493\Debug\cymetadata.o
 .debug_line    0x00000309      0x1c8 .\CortexM0\ARM_GCC_493\Debug\Cm0Start.o
 .debug_line    0x000004d1      0x1ca .\CortexM0\ARM_GCC_493\Debug\2F5S1SOC.a(cyfitter_cfg.o)
 .debug_line    0x0000069b      0x174 .\CortexM0\ARM_GCC_493\Debug\2F5S1SOC.a(CyFlash.o)
 .debug_line    0x0000080f      0x516 .\CortexM0\ARM_GCC_493\Debug\2F5S1SOC.a(CyLib.o)
 .debug_line    0x00000d25      0x592 .\CortexM0\ARM_GCC_493\Debug\2F5S1SOC.a(CyLFClk.o)
 .debug_line    0x000012b7      0x122 .\CortexM0\ARM_GCC_493\Debug\2F5S1SOC.a(I2C_Slave.o)
 .debug_line    0x000013d9       0xa7 .\CortexM0\ARM_GCC_493\Debug\2F5S1SOC.a(I2C_Slave_I2C.o)
 .debug_line    0x00001480      0x139 .\CortexM0\ARM_GCC_493\Debug\2F5S1SOC.a(I2C_Slave_I2C_SLAVE.o)
 .debug_line    0x000015b9      0x4d2 .\CortexM0\ARM_GCC_493\Debug\2F5S1SOC.a(CapSense.o)
 .debug_line    0x00001a8b      0x4a1 .\CortexM0\ARM_GCC_493\Debug\2F5S1SOC.a(CapSense_CSHL.o)
 .debug_line    0x00001f2c       0x8f .\CortexM0\ARM_GCC_493\Debug\2F5S1SOC.a(CapSense_INT.o)
 .debug_line    0x00001fbb      0x1a2 .\CortexM0\ARM_GCC_493\Debug\2F5S1SOC.a(CapSense_SMS.o)
 .debug_line    0x0000215d       0xbc .\CortexM0\ARM_GCC_493\Debug\2F5S1SOC.a(LED1.o)
 .debug_line    0x00002219       0xbc .\CortexM0\ARM_GCC_493\Debug\2F5S1SOC.a(LED2.o)
 .debug_line    0x000022d5       0xbc .\CortexM0\ARM_GCC_493\Debug\2F5S1SOC.a(LED3.o)
 .debug_line    0x00002391       0xbc .\CortexM0\ARM_GCC_493\Debug\2F5S1SOC.a(LED4.o)
 .debug_line    0x0000244d       0xbc .\CortexM0\ARM_GCC_493\Debug\2F5S1SOC.a(LED5.o)
 .debug_line    0x00002509       0xcf .\CortexM0\ARM_GCC_493\Debug\2F5S1SOC.a(CapSense_SampleClk.o)
 .debug_line    0x000025d8       0xce .\CortexM0\ARM_GCC_493\Debug\2F5S1SOC.a(CapSense_SenseClk.o)
 .debug_line    0x000026a6       0xc0 .\CortexM0\ARM_GCC_493\Debug\2F5S1SOC.a(InterPin.o)
 .debug_line    0x00002766      0x105 .\CortexM0\ARM_GCC_493\Debug\2F5S1SOC.a(UART.o)
 .debug_line    0x0000286b      0x123 .\CortexM0\ARM_GCC_493\Debug\2F5S1SOC.a(UART_SPI_UART.o)
 .debug_line    0x0000298e      0x18c .\CortexM0\ARM_GCC_493\Debug\2F5S1SOC.a(UART_UART.o)
 .debug_line    0x00002b1a       0xbc .\CortexM0\ARM_GCC_493\Debug\2F5S1SOC.a(LED6.o)
 .debug_line    0x00002bd6       0xbc .\CortexM0\ARM_GCC_493\Debug\2F5S1SOC.a(LED7.o)
 .debug_line    0x00002c92       0xbd .\CortexM0\ARM_GCC_493\Debug\2F5S1SOC.a(LED11.o)
 .debug_line    0x00002d4f       0xbd .\CortexM0\ARM_GCC_493\Debug\2F5S1SOC.a(LED12.o)
 .debug_line    0x00002e0c       0xbd .\CortexM0\ARM_GCC_493\Debug\2F5S1SOC.a(LED13.o)
 .debug_line    0x00002ec9       0xbd .\CortexM0\ARM_GCC_493\Debug\2F5S1SOC.a(LED14.o)
 .debug_line    0x00002f86       0xbd .\CortexM0\ARM_GCC_493\Debug\2F5S1SOC.a(LED15.o)
 .debug_line    0x00003043       0xbd .\CortexM0\ARM_GCC_493\Debug\2F5S1SOC.a(LED10.o)
 .debug_line    0x00003100       0xbc .\CortexM0\ARM_GCC_493\Debug\2F5S1SOC.a(LED9.o)
 .debug_line    0x000031bc       0xbc .\CortexM0\ARM_GCC_493\Debug\2F5S1SOC.a(LED8.o)
 .debug_line    0x00003278       0xbd .\CortexM0\ARM_GCC_493\Debug\2F5S1SOC.a(LED16.o)
 .debug_line    0x00003335      0x37a .\CortexM0\ARM_GCC_493\Debug\2F5S1SOC.a(LED_CONTROL1.o)
 .debug_line    0x000036af      0x37a .\CortexM0\ARM_GCC_493\Debug\2F5S1SOC.a(LED_CONTROL2.o)
 .debug_line    0x00003a29       0xbe .\CortexM0\ARM_GCC_493\Debug\2F5S1SOC.a(Triac1.o)
 .debug_line    0x00003ae7       0xbe .\CortexM0\ARM_GCC_493\Debug\2F5S1SOC.a(Triac4.o)
 .debug_line    0x00003ba5       0xbe .\CortexM0\ARM_GCC_493\Debug\2F5S1SOC.a(Triac3.o)
 .debug_line    0x00003c63       0xbe .\CortexM0\ARM_GCC_493\Debug\2F5S1SOC.a(Triac2.o)
 .debug_line    0x00003d21       0xbe .\CortexM0\ARM_GCC_493\Debug\2F5S1SOC.a(Triac8.o)
 .debug_line    0x00003ddf       0xbe .\CortexM0\ARM_GCC_493\Debug\2F5S1SOC.a(Triac7.o)
 .debug_line    0x00003e9d       0xbe .\CortexM0\ARM_GCC_493\Debug\2F5S1SOC.a(Triac5.o)
 .debug_line    0x00003f5b       0xbe .\CortexM0\ARM_GCC_493\Debug\2F5S1SOC.a(Triac6.o)
 .debug_line    0x00004019      0x155 .\CortexM0\ARM_GCC_493\Debug\2F5S1SOC.a(WdtIsr.o)
 .debug_line    0x0000416e       0x66 .\CortexM0\ARM_GCC_493\Debug\2F5S1SOC.a(CyBootAsmGnu.o)
 .debug_line    0x000041d4      0x144 .\CortexM0\ARM_GCC_493\Debug\2F5S1SOC.a(I2C_Slave_I2C_INT.o)
 .debug_line    0x00004318      0x1d5 C:\Program Files (x86)\Cypress\PSoC Creator\4.0\PSoC Creator\psoc\content\cycomponentlibrary\CyComponentLibrary.cylib\CapSense_CSD_P4_v2_40\PSoC4\Library\CapsenseP4Library_GCC.a(CSD_P4_SmartSense_v2_40.o)

.debug_frame    0x00000000     0x43bc
 *(.debug_frame)
 .debug_frame   0x00000000       0xe8 .\CortexM0\ARM_GCC_493\Debug\main.o
 .debug_frame   0x000000e8       0xc8 .\CortexM0\ARM_GCC_493\Debug\Cm0Start.o
 .debug_frame   0x000001b0      0x108 .\CortexM0\ARM_GCC_493\Debug\2F5S1SOC.a(cyfitter_cfg.o)
 .debug_frame   0x000002b8       0xbc .\CortexM0\ARM_GCC_493\Debug\2F5S1SOC.a(CyFlash.o)
 .debug_frame   0x00000374      0x664 .\CortexM0\ARM_GCC_493\Debug\2F5S1SOC.a(CyLib.o)
 .debug_frame   0x000009d8      0x500 .\CortexM0\ARM_GCC_493\Debug\2F5S1SOC.a(CyLFClk.o)
 .debug_frame   0x00000ed8      0x134 .\CortexM0\ARM_GCC_493\Debug\2F5S1SOC.a(I2C_Slave.o)
 .debug_frame   0x0000100c       0x48 .\CortexM0\ARM_GCC_493\Debug\2F5S1SOC.a(I2C_Slave_I2C.o)
 .debug_frame   0x00001054      0x15c .\CortexM0\ARM_GCC_493\Debug\2F5S1SOC.a(I2C_Slave_I2C_SLAVE.o)
 .debug_frame   0x000011b0      0x504 .\CortexM0\ARM_GCC_493\Debug\2F5S1SOC.a(CapSense.o)
 .debug_frame   0x000016b4      0x4e4 .\CortexM0\ARM_GCC_493\Debug\2F5S1SOC.a(CapSense_CSHL.o)
 .debug_frame   0x00001b98       0x2c .\CortexM0\ARM_GCC_493\Debug\2F5S1SOC.a(CapSense_INT.o)
 .debug_frame   0x00001bc4      0x130 .\CortexM0\ARM_GCC_493\Debug\2F5S1SOC.a(CapSense_SMS.o)
 .debug_frame   0x00001cf4       0xc8 .\CortexM0\ARM_GCC_493\Debug\2F5S1SOC.a(LED1.o)
 .debug_frame   0x00001dbc       0xc8 .\CortexM0\ARM_GCC_493\Debug\2F5S1SOC.a(LED2.o)
 .debug_frame   0x00001e84       0xc8 .\CortexM0\ARM_GCC_493\Debug\2F5S1SOC.a(LED3.o)
 .debug_frame   0x00001f4c       0xc8 .\CortexM0\ARM_GCC_493\Debug\2F5S1SOC.a(LED4.o)
 .debug_frame   0x00002014       0xc8 .\CortexM0\ARM_GCC_493\Debug\2F5S1SOC.a(LED5.o)
 .debug_frame   0x000020dc       0xa4 .\CortexM0\ARM_GCC_493\Debug\2F5S1SOC.a(CapSense_SampleClk.o)
 .debug_frame   0x00002180       0xa4 .\CortexM0\ARM_GCC_493\Debug\2F5S1SOC.a(CapSense_SenseClk.o)
 .debug_frame   0x00002224       0xc8 .\CortexM0\ARM_GCC_493\Debug\2F5S1SOC.a(InterPin.o)
 .debug_frame   0x000022ec      0x114 .\CortexM0\ARM_GCC_493\Debug\2F5S1SOC.a(UART.o)
 .debug_frame   0x00002400      0x128 .\CortexM0\ARM_GCC_493\Debug\2F5S1SOC.a(UART_SPI_UART.o)
 .debug_frame   0x00002528      0x1bc .\CortexM0\ARM_GCC_493\Debug\2F5S1SOC.a(UART_UART.o)
 .debug_frame   0x000026e4       0xc8 .\CortexM0\ARM_GCC_493\Debug\2F5S1SOC.a(LED6.o)
 .debug_frame   0x000027ac       0xc8 .\CortexM0\ARM_GCC_493\Debug\2F5S1SOC.a(LED7.o)
 .debug_frame   0x00002874       0xc8 .\CortexM0\ARM_GCC_493\Debug\2F5S1SOC.a(LED11.o)
 .debug_frame   0x0000293c       0xc8 .\CortexM0\ARM_GCC_493\Debug\2F5S1SOC.a(LED12.o)
 .debug_frame   0x00002a04       0xc8 .\CortexM0\ARM_GCC_493\Debug\2F5S1SOC.a(LED13.o)
 .debug_frame   0x00002acc       0xc8 .\CortexM0\ARM_GCC_493\Debug\2F5S1SOC.a(LED14.o)
 .debug_frame   0x00002b94       0xc8 .\CortexM0\ARM_GCC_493\Debug\2F5S1SOC.a(LED15.o)
 .debug_frame   0x00002c5c       0xc8 .\CortexM0\ARM_GCC_493\Debug\2F5S1SOC.a(LED10.o)
 .debug_frame   0x00002d24       0xc8 .\CortexM0\ARM_GCC_493\Debug\2F5S1SOC.a(LED9.o)
 .debug_frame   0x00002dec       0xc8 .\CortexM0\ARM_GCC_493\Debug\2F5S1SOC.a(LED8.o)
 .debug_frame   0x00002eb4       0xc8 .\CortexM0\ARM_GCC_493\Debug\2F5S1SOC.a(LED16.o)
 .debug_frame   0x00002f7c      0x52c .\CortexM0\ARM_GCC_493\Debug\2F5S1SOC.a(LED_CONTROL1.o)
 .debug_frame   0x000034a8      0x52c .\CortexM0\ARM_GCC_493\Debug\2F5S1SOC.a(LED_CONTROL2.o)
 .debug_frame   0x000039d4       0xc8 .\CortexM0\ARM_GCC_493\Debug\2F5S1SOC.a(Triac1.o)
 .debug_frame   0x00003a9c       0xc8 .\CortexM0\ARM_GCC_493\Debug\2F5S1SOC.a(Triac4.o)
 .debug_frame   0x00003b64       0xc8 .\CortexM0\ARM_GCC_493\Debug\2F5S1SOC.a(Triac3.o)
 .debug_frame   0x00003c2c       0xc8 .\CortexM0\ARM_GCC_493\Debug\2F5S1SOC.a(Triac2.o)
 .debug_frame   0x00003cf4       0xc8 .\CortexM0\ARM_GCC_493\Debug\2F5S1SOC.a(Triac8.o)
 .debug_frame   0x00003dbc       0xc8 .\CortexM0\ARM_GCC_493\Debug\2F5S1SOC.a(Triac7.o)
 .debug_frame   0x00003e84       0xc8 .\CortexM0\ARM_GCC_493\Debug\2F5S1SOC.a(Triac5.o)
 .debug_frame   0x00003f4c       0xc8 .\CortexM0\ARM_GCC_493\Debug\2F5S1SOC.a(Triac6.o)
 .debug_frame   0x00004014      0x190 .\CortexM0\ARM_GCC_493\Debug\2F5S1SOC.a(WdtIsr.o)
 .debug_frame   0x000041a4       0x30 .\CortexM0\ARM_GCC_493\Debug\2F5S1SOC.a(I2C_Slave_I2C_INT.o)
 .debug_frame   0x000041d4       0xec C:\Program Files (x86)\Cypress\PSoC Creator\4.0\PSoC Creator\psoc\content\cycomponentlibrary\CyComponentLibrary.cylib\CapSense_CSD_P4_v2_40\PSoC4\Library\CapsenseP4Library_GCC.a(CSD_P4_SmartSense_v2_40.o)
 .debug_frame   0x000042c0       0x20 c:/program files (x86)/cypress/psoc creator/4.0/psoc creator/import/gnu/arm/4.9.3/bin/../lib/gcc/arm-none-eabi/4.9.3/armv6-m\libgcc.a(_udivsi3.o)
 .debug_frame   0x000042e0       0x20 c:/program files (x86)/cypress/psoc creator/4.0/psoc creator/import/gnu/arm/4.9.3/bin/../lib/gcc/arm-none-eabi/4.9.3/armv6-m\libgcc.a(_divsi3.o)
 .debug_frame   0x00004300       0x20 c:/program files (x86)/cypress/psoc creator/4.0/psoc creator/import/gnu/arm/4.9.3/bin/../lib/gcc/arm-none-eabi/4.9.3/../../../../arm-none-eabi/lib/armv6-m\libg_nano.a(lib_a-errno.o)
 .debug_frame   0x00004320       0x28 c:/program files (x86)/cypress/psoc creator/4.0/psoc creator/import/gnu/arm/4.9.3/bin/../lib/gcc/arm-none-eabi/4.9.3/../../../../arm-none-eabi/lib/armv6-m\libg_nano.a(lib_a-exit.o)
 .debug_frame   0x00004348       0x2c c:/program files (x86)/cypress/psoc creator/4.0/psoc creator/import/gnu/arm/4.9.3/bin/../lib/gcc/arm-none-eabi/4.9.3/../../../../arm-none-eabi/lib/armv6-m\libg_nano.a(lib_a-init.o)
 .debug_frame   0x00004374       0x28 c:/program files (x86)/cypress/psoc creator/4.0/psoc creator/import/gnu/arm/4.9.3/bin/../lib/gcc/arm-none-eabi/4.9.3/../../../../arm-none-eabi/lib/armv6-m\libg_nano.a(lib_a-memcpy.o)
 .debug_frame   0x0000439c       0x20 c:/program files (x86)/cypress/psoc creator/4.0/psoc creator/import/gnu/arm/4.9.3/bin/../lib/gcc/arm-none-eabi/4.9.3/../../../../arm-none-eabi/lib/armv6-m\libg_nano.a(lib_a-memset.o)

.debug_str      0x00000000     0x472f
 *(.debug_str)
 .debug_str     0x00000000      0x28c .\CortexM0\ARM_GCC_493\Debug\main.o
                                0x2cc (size before relaxing)
 .debug_str     0x0000028c       0x59 .\CortexM0\ARM_GCC_493\Debug\cymetadata.o
                                0x1c9 (size before relaxing)
 .debug_str     0x000002e5      0x12c .\CortexM0\ARM_GCC_493\Debug\Cm0Start.o
                                0x2bd (size before relaxing)
 .debug_str     0x00000411      0x11c .\CortexM0\ARM_GCC_493\Debug\2F5S1SOC.a(cyfitter_cfg.o)
                                0x2d6 (size before relaxing)
 .debug_str     0x0000052d       0xe0 .\CortexM0\ARM_GCC_493\Debug\2F5S1SOC.a(CyFlash.o)
                                0x264 (size before relaxing)
 .debug_str     0x0000060d      0x594 .\CortexM0\ARM_GCC_493\Debug\2F5S1SOC.a(CyLib.o)
                                0x757 (size before relaxing)
 .debug_str     0x00000ba1      0x50d .\CortexM0\ARM_GCC_493\Debug\2F5S1SOC.a(CyLFClk.o)
                                0x6c0 (size before relaxing)
 .debug_str     0x000010ae      0x151 .\CortexM0\ARM_GCC_493\Debug\2F5S1SOC.a(I2C_Slave.o)
                                0x2ce (size before relaxing)
 .debug_str     0x000011ff       0xb6 .\CortexM0\ARM_GCC_493\Debug\2F5S1SOC.a(I2C_Slave_I2C.o)
                                0x233 (size before relaxing)
 .debug_str     0x000012b5      0x221 .\CortexM0\ARM_GCC_493\Debug\2F5S1SOC.a(I2C_Slave_I2C_SLAVE.o)
                                0x408 (size before relaxing)
 .debug_str     0x000014d6      0x7d3 .\CortexM0\ARM_GCC_493\Debug\2F5S1SOC.a(CapSense.o)
                                0x984 (size before relaxing)
 .debug_str     0x00001ca9      0x7ef .\CortexM0\ARM_GCC_493\Debug\2F5S1SOC.a(CapSense_CSHL.o)
                                0xb2e (size before relaxing)
 .debug_str     0x00002498       0x48 .\CortexM0\ARM_GCC_493\Debug\2F5S1SOC.a(CapSense_INT.o)
                                0x22a (size before relaxing)
 .debug_str     0x000024e0      0x21e .\CortexM0\ARM_GCC_493\Debug\2F5S1SOC.a(CapSense_SMS.o)
                                0x757 (size before relaxing)
 .debug_str     0x000026fe       0x9b .\CortexM0\ARM_GCC_493\Debug\2F5S1SOC.a(LED1.o)
                                0x22a (size before relaxing)
 .debug_str     0x00002799       0x80 .\CortexM0\ARM_GCC_493\Debug\2F5S1SOC.a(LED2.o)
                                0x22a (size before relaxing)
 .debug_str     0x00002819       0x80 .\CortexM0\ARM_GCC_493\Debug\2F5S1SOC.a(LED3.o)
                                0x22a (size before relaxing)
 .debug_str     0x00002899       0x80 .\CortexM0\ARM_GCC_493\Debug\2F5S1SOC.a(LED4.o)
                                0x22a (size before relaxing)
 .debug_str     0x00002919       0x80 .\CortexM0\ARM_GCC_493\Debug\2F5S1SOC.a(LED5.o)
                                0x22a (size before relaxing)
 .debug_str     0x00002999      0x119 .\CortexM0\ARM_GCC_493\Debug\2F5S1SOC.a(CapSense_SampleClk.o)
                                0x294 (size before relaxing)
 .debug_str     0x00002ab2       0xdf .\CortexM0\ARM_GCC_493\Debug\2F5S1SOC.a(CapSense_SenseClk.o)
                                0x28e (size before relaxing)
 .debug_str     0x00002b91       0x9c .\CortexM0\ARM_GCC_493\Debug\2F5S1SOC.a(InterPin.o)
                                0x246 (size before relaxing)
 .debug_str     0x00002c2d       0xb9 .\CortexM0\ARM_GCC_493\Debug\2F5S1SOC.a(UART.o)
                                0x252 (size before relaxing)
 .debug_str     0x00002ce6      0x12f .\CortexM0\ARM_GCC_493\Debug\2F5S1SOC.a(UART_SPI_UART.o)
                                0x2bd (size before relaxing)
 .debug_str     0x00002e15      0x17a .\CortexM0\ARM_GCC_493\Debug\2F5S1SOC.a(UART_UART.o)
                                0x31b (size before relaxing)
 .debug_str     0x00002f8f       0x80 .\CortexM0\ARM_GCC_493\Debug\2F5S1SOC.a(LED6.o)
                                0x22a (size before relaxing)
 .debug_str     0x0000300f       0x80 .\CortexM0\ARM_GCC_493\Debug\2F5S1SOC.a(LED7.o)
                                0x22a (size before relaxing)
 .debug_str     0x0000308f       0x87 .\CortexM0\ARM_GCC_493\Debug\2F5S1SOC.a(LED11.o)
                                0x231 (size before relaxing)
 .debug_str     0x00003116       0x87 .\CortexM0\ARM_GCC_493\Debug\2F5S1SOC.a(LED12.o)
                                0x231 (size before relaxing)
 .debug_str     0x0000319d       0x87 .\CortexM0\ARM_GCC_493\Debug\2F5S1SOC.a(LED13.o)
                                0x231 (size before relaxing)
 .debug_str     0x00003224       0x87 .\CortexM0\ARM_GCC_493\Debug\2F5S1SOC.a(LED14.o)
                                0x231 (size before relaxing)
 .debug_str     0x000032ab       0x87 .\CortexM0\ARM_GCC_493\Debug\2F5S1SOC.a(LED15.o)
                                0x231 (size before relaxing)
 .debug_str     0x00003332       0x87 .\CortexM0\ARM_GCC_493\Debug\2F5S1SOC.a(LED10.o)
                                0x231 (size before relaxing)
 .debug_str     0x000033b9       0x80 .\CortexM0\ARM_GCC_493\Debug\2F5S1SOC.a(LED9.o)
                                0x22a (size before relaxing)
 .debug_str     0x00003439       0x80 .\CortexM0\ARM_GCC_493\Debug\2F5S1SOC.a(LED8.o)
                                0x22a (size before relaxing)
 .debug_str     0x000034b9       0x87 .\CortexM0\ARM_GCC_493\Debug\2F5S1SOC.a(LED16.o)
                                0x231 (size before relaxing)
 .debug_str     0x00003540      0x504 .\CortexM0\ARM_GCC_493\Debug\2F5S1SOC.a(LED_CONTROL1.o)
                                0x699 (size before relaxing)
 .debug_str     0x00003a44      0x44d .\CortexM0\ARM_GCC_493\Debug\2F5S1SOC.a(LED_CONTROL2.o)
                                0x699 (size before relaxing)
 .debug_str     0x00003e91       0x8e .\CortexM0\ARM_GCC_493\Debug\2F5S1SOC.a(Triac1.o)
                                0x238 (size before relaxing)
 .debug_str     0x00003f1f       0x8e .\CortexM0\ARM_GCC_493\Debug\2F5S1SOC.a(Triac4.o)
                                0x238 (size before relaxing)
 .debug_str     0x00003fad       0x8e .\CortexM0\ARM_GCC_493\Debug\2F5S1SOC.a(Triac3.o)
                                0x238 (size before relaxing)
 .debug_str     0x0000403b       0x8e .\CortexM0\ARM_GCC_493\Debug\2F5S1SOC.a(Triac2.o)
                                0x238 (size before relaxing)
 .debug_str     0x000040c9       0x8e .\CortexM0\ARM_GCC_493\Debug\2F5S1SOC.a(Triac8.o)
                                0x238 (size before relaxing)
 .debug_str     0x00004157       0x8e .\CortexM0\ARM_GCC_493\Debug\2F5S1SOC.a(Triac7.o)
                                0x238 (size before relaxing)
 .debug_str     0x000041e5       0x8e .\CortexM0\ARM_GCC_493\Debug\2F5S1SOC.a(Triac5.o)
                                0x238 (size before relaxing)
 .debug_str     0x00004273       0x8e .\CortexM0\ARM_GCC_493\Debug\2F5S1SOC.a(Triac6.o)
                                0x238 (size before relaxing)
 .debug_str     0x00004301      0x103 .\CortexM0\ARM_GCC_493\Debug\2F5S1SOC.a(WdtIsr.o)
                                0x2ba (size before relaxing)
 .debug_str     0x00004404       0x53 .\CortexM0\ARM_GCC_493\Debug\2F5S1SOC.a(I2C_Slave_I2C_INT.o)
                                0x2d4 (size before relaxing)
 .debug_str     0x00004457      0x2d8 C:\Program Files (x86)\Cypress\PSoC Creator\4.0\PSoC Creator\psoc\content\cycomponentlibrary\CyComponentLibrary.cylib\CapSense_CSD_P4_v2_40\PSoC4\Library\CapsenseP4Library_GCC.a(CSD_P4_SmartSense_v2_40.o)
                                0x59f (size before relaxing)

.debug_loc      0x00000000      0x68e
 *(.debug_loc)
 .debug_loc     0x00000000      0x68e C:\Program Files (x86)\Cypress\PSoC Creator\4.0\PSoC Creator\psoc\content\cycomponentlibrary\CyComponentLibrary.cylib\CapSense_CSD_P4_v2_40\PSoC4\Library\CapsenseP4Library_GCC.a(CSD_P4_SmartSense_v2_40.o)

.debug_macinfo
 *(.debug_macinfo)

.debug_ranges   0x00000000     0x11c8
 *(.debug_ranges)
 .debug_ranges  0x00000000       0x40 .\CortexM0\ARM_GCC_493\Debug\main.o
 .debug_ranges  0x00000040       0x38 .\CortexM0\ARM_GCC_493\Debug\Cm0Start.o
 .debug_ranges  0x00000078       0x48 .\CortexM0\ARM_GCC_493\Debug\2F5S1SOC.a(cyfitter_cfg.o)
 .debug_ranges  0x000000c0       0x30 .\CortexM0\ARM_GCC_493\Debug\2F5S1SOC.a(CyFlash.o)
 .debug_ranges  0x000000f0      0x1a8 .\CortexM0\ARM_GCC_493\Debug\2F5S1SOC.a(CyLib.o)
 .debug_ranges  0x00000298      0x148 .\CortexM0\ARM_GCC_493\Debug\2F5S1SOC.a(CyLFClk.o)
 .debug_ranges  0x000003e0       0x58 .\CortexM0\ARM_GCC_493\Debug\2F5S1SOC.a(I2C_Slave.o)
 .debug_ranges  0x00000438       0x18 .\CortexM0\ARM_GCC_493\Debug\2F5S1SOC.a(I2C_Slave_I2C.o)
 .debug_ranges  0x00000450       0x60 .\CortexM0\ARM_GCC_493\Debug\2F5S1SOC.a(I2C_Slave_I2C_SLAVE.o)
 .debug_ranges  0x000004b0      0x148 .\CortexM0\ARM_GCC_493\Debug\2F5S1SOC.a(CapSense.o)
 .debug_ranges  0x000005f8      0x138 .\CortexM0\ARM_GCC_493\Debug\2F5S1SOC.a(CapSense_CSHL.o)
 .debug_ranges  0x00000730       0x10 .\CortexM0\ARM_GCC_493\Debug\2F5S1SOC.a(CapSense_INT.o)
 .debug_ranges  0x00000740       0x50 .\CortexM0\ARM_GCC_493\Debug\2F5S1SOC.a(CapSense_SMS.o)
 .debug_ranges  0x00000790       0x38 .\CortexM0\ARM_GCC_493\Debug\2F5S1SOC.a(LED1.o)
 .debug_ranges  0x000007c8       0x38 .\CortexM0\ARM_GCC_493\Debug\2F5S1SOC.a(LED2.o)
 .debug_ranges  0x00000800       0x38 .\CortexM0\ARM_GCC_493\Debug\2F5S1SOC.a(LED3.o)
 .debug_ranges  0x00000838       0x38 .\CortexM0\ARM_GCC_493\Debug\2F5S1SOC.a(LED4.o)
 .debug_ranges  0x00000870       0x38 .\CortexM0\ARM_GCC_493\Debug\2F5S1SOC.a(LED5.o)
 .debug_ranges  0x000008a8       0x30 .\CortexM0\ARM_GCC_493\Debug\2F5S1SOC.a(CapSense_SampleClk.o)
 .debug_ranges  0x000008d8       0x30 .\CortexM0\ARM_GCC_493\Debug\2F5S1SOC.a(CapSense_SenseClk.o)
 .debug_ranges  0x00000908       0x38 .\CortexM0\ARM_GCC_493\Debug\2F5S1SOC.a(InterPin.o)
 .debug_ranges  0x00000940       0x50 .\CortexM0\ARM_GCC_493\Debug\2F5S1SOC.a(UART.o)
 .debug_ranges  0x00000990       0x50 .\CortexM0\ARM_GCC_493\Debug\2F5S1SOC.a(UART_SPI_UART.o)
 .debug_ranges  0x000009e0       0x78 .\CortexM0\ARM_GCC_493\Debug\2F5S1SOC.a(UART_UART.o)
 .debug_ranges  0x00000a58       0x38 .\CortexM0\ARM_GCC_493\Debug\2F5S1SOC.a(LED6.o)
 .debug_ranges  0x00000a90       0x38 .\CortexM0\ARM_GCC_493\Debug\2F5S1SOC.a(LED7.o)
 .debug_ranges  0x00000ac8       0x38 .\CortexM0\ARM_GCC_493\Debug\2F5S1SOC.a(LED11.o)
 .debug_ranges  0x00000b00       0x38 .\CortexM0\ARM_GCC_493\Debug\2F5S1SOC.a(LED12.o)
 .debug_ranges  0x00000b38       0x38 .\CortexM0\ARM_GCC_493\Debug\2F5S1SOC.a(LED13.o)
 .debug_ranges  0x00000b70       0x38 .\CortexM0\ARM_GCC_493\Debug\2F5S1SOC.a(LED14.o)
 .debug_ranges  0x00000ba8       0x38 .\CortexM0\ARM_GCC_493\Debug\2F5S1SOC.a(LED15.o)
 .debug_ranges  0x00000be0       0x38 .\CortexM0\ARM_GCC_493\Debug\2F5S1SOC.a(LED10.o)
 .debug_ranges  0x00000c18       0x38 .\CortexM0\ARM_GCC_493\Debug\2F5S1SOC.a(LED9.o)
 .debug_ranges  0x00000c50       0x38 .\CortexM0\ARM_GCC_493\Debug\2F5S1SOC.a(LED8.o)
 .debug_ranges  0x00000c88       0x38 .\CortexM0\ARM_GCC_493\Debug\2F5S1SOC.a(LED16.o)
 .debug_ranges  0x00000cc0      0x148 .\CortexM0\ARM_GCC_493\Debug\2F5S1SOC.a(LED_CONTROL1.o)
 .debug_ranges  0x00000e08      0x148 .\CortexM0\ARM_GCC_493\Debug\2F5S1SOC.a(LED_CONTROL2.o)
 .debug_ranges  0x00000f50       0x38 .\CortexM0\ARM_GCC_493\Debug\2F5S1SOC.a(Triac1.o)
 .debug_ranges  0x00000f88       0x38 .\CortexM0\ARM_GCC_493\Debug\2F5S1SOC.a(Triac4.o)
 .debug_ranges  0x00000fc0       0x38 .\CortexM0\ARM_GCC_493\Debug\2F5S1SOC.a(Triac3.o)
 .debug_ranges  0x00000ff8       0x38 .\CortexM0\ARM_GCC_493\Debug\2F5S1SOC.a(Triac2.o)
 .debug_ranges  0x00001030       0x38 .\CortexM0\ARM_GCC_493\Debug\2F5S1SOC.a(Triac8.o)
 .debug_ranges  0x00001068       0x38 .\CortexM0\ARM_GCC_493\Debug\2F5S1SOC.a(Triac7.o)
 .debug_ranges  0x000010a0       0x38 .\CortexM0\ARM_GCC_493\Debug\2F5S1SOC.a(Triac5.o)
 .debug_ranges  0x000010d8       0x38 .\CortexM0\ARM_GCC_493\Debug\2F5S1SOC.a(Triac6.o)
 .debug_ranges  0x00001110       0x70 .\CortexM0\ARM_GCC_493\Debug\2F5S1SOC.a(WdtIsr.o)
 .debug_ranges  0x00001180       0x10 .\CortexM0\ARM_GCC_493\Debug\2F5S1SOC.a(I2C_Slave_I2C_INT.o)
 .debug_ranges  0x00001190       0x38 C:\Program Files (x86)\Cypress\PSoC Creator\4.0\PSoC Creator\psoc\content\cycomponentlibrary\CyComponentLibrary.cylib\CapSense_CSD_P4_v2_40\PSoC4\Library\CapsenseP4Library_GCC.a(CSD_P4_SmartSense_v2_40.o)

.comment        0x00000000       0x70
 .comment       0x00000000       0x70 .\CortexM0\ARM_GCC_493\Debug\main.o
                                 0x71 (size before relaxing)
 .comment       0x00000000       0x71 .\CortexM0\ARM_GCC_493\Debug\cymetadata.o
 .comment       0x00000000       0x71 .\CortexM0\ARM_GCC_493\Debug\Cm0Start.o
 .comment       0x00000000       0x71 .\CortexM0\ARM_GCC_493\Debug\2F5S1SOC.a(cyfitter_cfg.o)
 .comment       0x00000000       0x71 .\CortexM0\ARM_GCC_493\Debug\2F5S1SOC.a(CyFlash.o)
 .comment       0x00000000       0x71 .\CortexM0\ARM_GCC_493\Debug\2F5S1SOC.a(CyLib.o)
 .comment       0x00000000       0x71 .\CortexM0\ARM_GCC_493\Debug\2F5S1SOC.a(CyLFClk.o)
 .comment       0x00000000       0x71 .\CortexM0\ARM_GCC_493\Debug\2F5S1SOC.a(I2C_Slave.o)
 .comment       0x00000000       0x71 .\CortexM0\ARM_GCC_493\Debug\2F5S1SOC.a(I2C_Slave_I2C.o)
 .comment       0x00000000       0x71 .\CortexM0\ARM_GCC_493\Debug\2F5S1SOC.a(I2C_Slave_I2C_SLAVE.o)
 .comment       0x00000000       0x71 .\CortexM0\ARM_GCC_493\Debug\2F5S1SOC.a(CapSense.o)
 .comment       0x00000000       0x71 .\CortexM0\ARM_GCC_493\Debug\2F5S1SOC.a(CapSense_CSHL.o)
 .comment       0x00000000       0x71 .\CortexM0\ARM_GCC_493\Debug\2F5S1SOC.a(CapSense_INT.o)
 .comment       0x00000000       0x71 .\CortexM0\ARM_GCC_493\Debug\2F5S1SOC.a(CapSense_SMS.o)
 .comment       0x00000000       0x71 .\CortexM0\ARM_GCC_493\Debug\2F5S1SOC.a(LED1.o)
 .comment       0x00000000       0x71 .\CortexM0\ARM_GCC_493\Debug\2F5S1SOC.a(LED2.o)
 .comment       0x00000000       0x71 .\CortexM0\ARM_GCC_493\Debug\2F5S1SOC.a(LED3.o)
 .comment       0x00000000       0x71 .\CortexM0\ARM_GCC_493\Debug\2F5S1SOC.a(LED4.o)
 .comment       0x00000000       0x71 .\CortexM0\ARM_GCC_493\Debug\2F5S1SOC.a(LED5.o)
 .comment       0x00000000       0x71 .\CortexM0\ARM_GCC_493\Debug\2F5S1SOC.a(CapSense_SampleClk.o)
 .comment       0x00000000       0x71 .\CortexM0\ARM_GCC_493\Debug\2F5S1SOC.a(CapSense_SenseClk.o)
 .comment       0x00000000       0x71 .\CortexM0\ARM_GCC_493\Debug\2F5S1SOC.a(InterPin.o)
 .comment       0x00000000       0x71 .\CortexM0\ARM_GCC_493\Debug\2F5S1SOC.a(UART.o)
 .comment       0x00000000       0x71 .\CortexM0\ARM_GCC_493\Debug\2F5S1SOC.a(UART_SPI_UART.o)
 .comment       0x00000000       0x71 .\CortexM0\ARM_GCC_493\Debug\2F5S1SOC.a(UART_UART.o)
 .comment       0x00000000       0x71 .\CortexM0\ARM_GCC_493\Debug\2F5S1SOC.a(LED6.o)
 .comment       0x00000000       0x71 .\CortexM0\ARM_GCC_493\Debug\2F5S1SOC.a(LED7.o)
 .comment       0x00000000       0x71 .\CortexM0\ARM_GCC_493\Debug\2F5S1SOC.a(LED11.o)