Archive member included because of file (symbol)

.\CortexM0\ARM_GCC_493\Debug\2F5S1SOC.a(cyfitter_cfg.o)
                              .\CortexM0\ARM_GCC_493\Debug\Cm0Start.o (cyfitter_cfg)
.\CortexM0\ARM_GCC_493\Debug\2F5S1SOC.a(CyFlash.o)
                              .\CortexM0\ARM_GCC_493\Debug\main.o (CySysFlashWriteRow)
.\CortexM0\ARM_GCC_493\Debug\2F5S1SOC.a(CyLib.o)
                              .\CortexM0\ARM_GCC_493\Debug\main.o (CyDelay)
.\CortexM0\ARM_GCC_493\Debug\2F5S1SOC.a(CyLFClk.o)
                              .\CortexM0\ARM_GCC_493\Debug\2F5S1SOC.a(CyLib.o) (CySysClkWcoEnabled)
.\CortexM0\ARM_GCC_493\Debug\2F5S1SOC.a(I2C_Slave.o)
                              .\CortexM0\ARM_GCC_493\Debug\main.o (I2C_Slave_Start)
.\CortexM0\ARM_GCC_493\Debug\2F5S1SOC.a(I2C_Slave_I2C.o)
                              .\CortexM0\ARM_GCC_493\Debug\2F5S1SOC.a(I2C_Slave.o) (I2C_Slave_I2CInit)
.\CortexM0\ARM_GCC_493\Debug\2F5S1SOC.a(I2C_Slave_I2C_SLAVE.o)
                              .\CortexM0\ARM_GCC_493\Debug\2F5S1SOC.a(I2C_Slave_I2C.o) (I2C_Slave_slStatus)
.\CortexM0\ARM_GCC_493\Debug\2F5S1SOC.a(CapSense.o)
                              .\CortexM0\ARM_GCC_493\Debug\main.o (CapSense_Start)
.\CortexM0\ARM_GCC_493\Debug\2F5S1SOC.a(CapSense_CSHL.o)
                              .\CortexM0\ARM_GCC_493\Debug\2F5S1SOC.a(CapSense.o) (CapSense_rawDataIndex)
.\CortexM0\ARM_GCC_493\Debug\2F5S1SOC.a(CapSense_INT.o)
                              .\CortexM0\ARM_GCC_493\Debug\2F5S1SOC.a(CapSense.o) (CapSense_ISR)
.\CortexM0\ARM_GCC_493\Debug\2F5S1SOC.a(CapSense_SMS.o)
                              .\CortexM0\ARM_GCC_493\Debug\2F5S1SOC.a(CapSense_CSHL.o) (CapSense_config)
.\CortexM0\ARM_GCC_493\Debug\2F5S1SOC.a(LED1.o)
                              .\CortexM0\ARM_GCC_493\Debug\main.o (LED1_Write)
.\CortexM0\ARM_GCC_493\Debug\2F5S1SOC.a(LED2.o)
                              .\CortexM0\ARM_GCC_493\Debug\main.o (LED2_Write)
.\CortexM0\ARM_GCC_493\Debug\2F5S1SOC.a(LED3.o)
                              .\CortexM0\ARM_GCC_493\Debug\main.o (LED3_Write)
.\CortexM0\ARM_GCC_493\Debug\2F5S1SOC.a(LED4.o)
                              .\CortexM0\ARM_GCC_493\Debug\main.o (LED4_Write)
.\CortexM0\ARM_GCC_493\Debug\2F5S1SOC.a(LED5.o)
                              .\CortexM0\ARM_GCC_493\Debug\main.o (LED5_Write)
.\CortexM0\ARM_GCC_493\Debug\2F5S1SOC.a(CapSense_SampleClk.o)
                              .\CortexM0\ARM_GCC_493\Debug\2F5S1SOC.a(CapSense.o) (CapSense_SampleClk_StartEx)
.\CortexM0\ARM_GCC_493\Debug\2F5S1SOC.a(CapSense_SenseClk.o)
                              .\CortexM0\ARM_GCC_493\Debug\2F5S1SOC.a(CapSense.o) (CapSense_SenseClk_StartEx)
.\CortexM0\ARM_GCC_493\Debug\2F5S1SOC.a(InterPin.o)
                              .\CortexM0\ARM_GCC_493\Debug\main.o (InterPin_Write)
.\CortexM0\ARM_GCC_493\Debug\2F5S1SOC.a(UART.o)
                              .\CortexM0\ARM_GCC_493\Debug\main.o (UART_Start)
.\CortexM0\ARM_GCC_493\Debug\2F5S1SOC.a(UART_UART.o)
                              .\CortexM0\ARM_GCC_493\Debug\2F5S1SOC.a(UART.o) (UART_UartInit)
.\CortexM0\ARM_GCC_493\Debug\2F5S1SOC.a(LED6.o)
                              .\CortexM0\ARM_GCC_493\Debug\main.o (LED6_Write)
.\CortexM0\ARM_GCC_493\Debug\2F5S1SOC.a(LED7.o)
                              .\CortexM0\ARM_GCC_493\Debug\main.o (LED7_Write)
.\CortexM0\ARM_GCC_493\Debug\2F5S1SOC.a(LED11.o)
                              .\CortexM0\ARM_GCC_493\Debug\main.o (LED11_Write)
.\CortexM0\ARM_GCC_493\Debug\2F5S1SOC.a(LED12.o)
                              .\CortexM0\ARM_GCC_493\Debug\main.o (LED12_Write)
.\CortexM0\ARM_GCC_493\Debug\2F5S1SOC.a(LED13.o)
                              .\CortexM0\ARM_GCC_493\Debug\main.o (LED13_Write)
.\CortexM0\ARM_GCC_493\Debug\2F5S1SOC.a(LED14.o)
                              .\CortexM0\ARM_GCC_493\Debug\main.o (LED14_Write)
.\CortexM0\ARM_GCC_493\Debug\2F5S1SOC.a(LED15.o)
                              .\CortexM0\ARM_GCC_493\Debug\main.o (LED15_Write)
.\CortexM0\ARM_GCC_493\Debug\2F5S1SOC.a(LED10.o)
                              .\CortexM0\ARM_GCC_493\Debug\main.o (LED10_Write)
.\CortexM0\ARM_GCC_493\Debug\2F5S1SOC.a(LED9.o)
                              .\CortexM0\ARM_GCC_493\Debug\main.o (LED9_Write)
.\CortexM0\ARM_GCC_493\Debug\2F5S1SOC.a(LED8.o)
                              .\CortexM0\ARM_GCC_493\Debug\main.o (LED8_Write)
.\CortexM0\ARM_GCC_493\Debug\2F5S1SOC.a(LED16.o)
                              .\CortexM0\ARM_GCC_493\Debug\main.o (LED16_Write)
.\CortexM0\ARM_GCC_493\Debug\2F5S1SOC.a(LED_CONTROL1.o)
                              .\CortexM0\ARM_GCC_493\Debug\main.o (LED_CONTROL1_WriteCompare)
.\CortexM0\ARM_GCC_493\Debug\2F5S1SOC.a(LED_CONTROL2.o)
                              .\CortexM0\ARM_GCC_493\Debug\main.o (LED_CONTROL2_WriteCompare)
.\CortexM0\ARM_GCC_493\Debug\2F5S1SOC.a(Triac1.o)
                              .\CortexM0\ARM_GCC_493\Debug\main.o (Triac1_Write)
.\CortexM0\ARM_GCC_493\Debug\2F5S1SOC.a(Triac4.o)
[...]
Memory Configuration

Name             Origin             Length             Attributes
rom              0x00000000         0x00020000         xr
ram              0x20000000         0x00004000         xrw
*default*        0x00000000         0xffffffff

Linker script and memory map

LOAD c:/program files (x86)/cypress/psoc creator/4.0/psoc creator/import/gnu/arm/4.9.3/bin/../lib/gcc/arm-none-eabi/4.9.3/armv6-m/crti.o
LOAD c:/program files (x86)/cypress/psoc creator/4.0/psoc creator/import/gnu/arm/4.9.3/bin/../lib/gcc/arm-none-eabi/4.9.3/armv6-m/crtbegin.o
LOAD c:/program files (x86)/cypress/psoc creator/4.0/psoc creator/import/gnu/arm/4.9.3/bin/../lib/gcc/arm-none-eabi/4.9.3/../../../../arm-none-eabi/lib/armv6-m/crt0.o
START GROUP
LOAD .\CortexM0\ARM_GCC_493\Debug\main.o
LOAD .\CortexM0\ARM_GCC_493\Debug\cymetadata.o
LOAD .\CortexM0\ARM_GCC_493\Debug\Cm0Start.o
LOAD .\CortexM0\ARM_GCC_493\Debug\2F5S1SOC.a
LOAD C:\Program Files (x86)\Cypress\PSoC Creator\4.0\PSoC Creator\psoc\content\cycomponentlibrary\CyComponentLibrary.cylib\CapSense_CSD_P4_v2_40\PSoC4\Library\CapsenseP4Library_GCC.a
LOAD C:\Program Files (x86)\Cypress\PSoC Creator\4.0\PSoC Creator\psoc\content\cycomponentlibrary\CyComponentLibrary.cylib\CortexM0\ARM_GCC_493\Debug\CyComponentLibrary.a
END GROUP
START GROUP
LOAD c:/program files (x86)/cypress/psoc creator/4.0/psoc creator/import/gnu/arm/4.9.3/bin/../lib/gcc/arm-none-eabi/4.9.3/armv6-m\libgcc.a
LOAD c:/program files (x86)/cypress/psoc creator/4.0/psoc creator/import/gnu/arm/4.9.3/bin/../lib/gcc/arm-none-eabi/4.9.3/../../../../arm-none-eabi/lib/armv6-m\libg_nano.a
LOAD c:/program files (x86)/cypress/psoc creator/4.0/psoc creator/import/gnu/arm/4.9.3/bin/../lib/gcc/arm-none-eabi/4.9.3/../../../../arm-none-eabi/lib/armv6-m\libc_nano.a
END GROUP
START GROUP
LOAD c:/program files (x86)/cypress/psoc creator/4.0/psoc creator/import/gnu/arm/4.9.3/bin/../lib/gcc/arm-none-eabi/4.9.3/armv6-m\libgcc.a
LOAD c:/program files (x86)/cypress/psoc creator/4.0/psoc creator/import/gnu/arm/4.9.3/bin/../lib/gcc/arm-none-eabi/4.9.3/../../../../arm-none-eabi/lib/armv6-m\libc_nano.a
END GROUP
LOAD c:/program files (x86)/cypress/psoc creator/4.0/psoc creator/import/gnu/arm/4.9.3/bin/../lib/gcc/arm-none-eabi/4.9.3/armv6-m/crtend.o
LOAD c:/program files (x86)/cypress/psoc creator/4.0/psoc creator/import/gnu/arm/4.9.3/bin/../lib/gcc/arm-none-eabi/4.9.3/armv6-m/crtn.o
START GROUP
LOAD c:/program files (x86)/cypress/psoc creator/4.0/psoc creator/import/gnu/arm/4.9.3/bin/../lib/gcc/arm-none-eabi/4.9.3/armv6-m\libgcc.a
LOAD c:/program files (x86)/cypress/psoc creator/4.0/psoc creator/import/gnu/arm/4.9.3/bin/../lib/gcc/arm-none-eabi/4.9.3/../../../../arm-none-eabi/lib/armv6-m\libc.a
LOAD c:/program files (x86)/cypress/psoc creator/4.0/psoc creator/import/gnu/arm/4.9.3/bin/../lib/gcc/arm-none-eabi/4.9.3/../../../../arm-none-eabi/lib/armv6-m\libnosys.a
END GROUP
                0x00000000                CY_APPL_ORIGIN = 0x0
                0x00000080                CY_FLASH_ROW_SIZE = 0x80
                0x00000001                CY_APPL_NUM = 0x1
                0x00000001                CY_APPL_MAX = 0x1
                0x00000040                CY_METADATA_SIZE = 0x40
                0x00000000                CY_APPL_LOADABLE = 0x0
                0x00000000                CY_CHECKSUM_EXCLUDE_SIZE = ALIGN (0x0, CY_FLASH_ROW_SIZE)
                0x00000000                CY_APP_FOR_STACK_AND_COPIER = 0x0
                0x200004e8                PROVIDE (__cy_heap_start, _end)
                0x00000001                PROVIDE (__cy_region_num, ((__cy_regions_end - __cy_regions) / 0x10))
                0x20004000                PROVIDE (__cy_stack, (ORIGIN (ram) + 0x4000))
                0x20003c00                PROVIDE (__cy_heap_end, (__cy_stack - 0x400))

.cybootloader   0x00000000        0x0
 *(.cybootloader)
                0x00000000                appl1_start = CY_APPL_ORIGIN?CY_APPL_ORIGIN:ALIGN (CY_FLASH_ROW_SIZE)
                0x0000ff80                appl2_start = (appl1_start + ALIGN ((((0x20000 - appl1_start) - (0x2 * CY_FLASH_ROW_SIZE)) / 0x2), CY_FLASH_ROW_SIZE))
                0x00000000                appl_start = (CY_APPL_NUM == 0x1)?appl1_start:appl2_start
                0x00000001                cy_project_type_bootloader = (appl_start == 0x0)?0x1:0x0
                0x00000000                cy_project_type_app_for_stack_and_copier = (CY_APP_FOR_STACK_AND_COPIER == 0x1)?0x1:0x0

.text           0x00000000     0x4cc6
 CREATE_OBJECT_SYMBOLS
                0x00000000                PROVIDE (__cy_interrupt_vector, RomVectors)
 *(.romvectors)
 .romvectors    0x00000000       0x10 .\CortexM0\ARM_GCC_493\Debug\Cm0Start.o
                0x00000000                RomVectors
                0x00000001                ASSERT ((. != __cy_interrupt_vector), No interrupt vector)
                0x00000001                ASSERT (CY_APPL_ORIGIN?(SIZEOF (.cybootloader) <= CY_APPL_ORIGIN):0x1, Wrong image location)
                0x00000010                PROVIDE (__cy_reset, Reset)
 *(.text.Reset)
 .text.Reset    0x00000010        0x8 .\CortexM0\ARM_GCC_493\Debug\Cm0Start.o
                0x00000010                Reset
                0x00000001                ASSERT ((. != __cy_reset), No reset code)
 *(.psocinit)
 .psocinit      0x00000018      0x2bc .\CortexM0\ARM_GCC_493\Debug\2F5S1SOC.a(cyfitter_cfg.o)
                0x00000110                cyfitter_cfg
                0x000002d4                . = MAX (., 0x100)
 *(.text .text.* .gnu.linkonce.t.*)
 .text          0x000002d4       0x60 c:/program files (x86)/cypress/psoc creator/4.0/psoc creator/import/gnu/arm/4.9.3/bin/../lib/gcc/arm-none-eabi/4.9.3/armv6-m/crtbegin.o
 .text.main     0x00000334      0x290 .\CortexM0\ARM_GCC_493\Debug\main.o
                0x00000334                main
 .text.CapSense_DisplayState
                0x000005c4      0x4ec .\CortexM0\ARM_GCC_493\Debug\main.o
                0x000005c4                CapSense_DisplayState
 .text.ExecuteCommand
                0x00000ab0       0x64 .\CortexM0\ARM_GCC_493\Debug\main.o
                0x00000ab0                ExecuteCommand
 .text.UpdateSwitchLeds
                0x00000b14      0x268 .\CortexM0\ARM_GCC_493\Debug\main.o
                0x00000b14                UpdateSwitchLeds
 .text.UpdateLedsFan1
                0x00000d7c      0x124 .\CortexM0\ARM_GCC_493\Debug\main.o
                0x00000d7c                UpdateLedsFan1
 .text.UpdateLedsFan2
                0x00000ea0      0x110 .\CortexM0\ARM_GCC_493\Debug\main.o
                0x00000ea0                UpdateLedsFan2
 .text.WdtIsrHandler
                0x00000fb0       0x20 .\CortexM0\ARM_GCC_493\Debug\main.o
                0x00000fb0                WdtIsrHandler
 .text.IntDefaultHandler
                0x00000fd0        0x8 .\CortexM0\ARM_GCC_493\Debug\Cm0Start.o
                0x00000fd0                IntDefaultHandler
 .text.Start_c  0x00000fd8       0x98 .\CortexM0\ARM_GCC_493\Debug\Cm0Start.o
                0x00000fd8                Start_c
 .text.initialize_psoc
                0x00001070       0x70 .\CortexM0\ARM_GCC_493\Debug\Cm0Start.o
                0x00001070                initialize_psoc
 .text.CYMEMZERO
                0x000010e0       0x20 .\CortexM0\ARM_GCC_493\Debug\2F5S1SOC.a(cyfitter_cfg.o)
 .text.cfg_write_bytes32
                0x00001100       0x80 .\CortexM0\ARM_GCC_493\Debug\2F5S1SOC.a(cyfitter_cfg.o)
 .text.AnalogSetDefault
                0x00001180       0x2c .\CortexM0\ARM_GCC_493\Debug\2F5S1SOC.a(cyfitter_cfg.o)
 .text.SetAnalogRoutingPumps
                0x000011ac       0x70 .\CortexM0\ARM_GCC_493\Debug\2F5S1SOC.a(cyfitter_cfg.o)
                0x000011ac                SetAnalogRoutingPumps
 .text.CySysFlashWriteRow
                0x0000121c      0x164 .\CortexM0\ARM_GCC_493\Debug\2F5S1SOC.a(CyFlash.o)
                0x0000121c                CySysFlashWriteRow
 .text.CySysFlashSetWaitCycles
                0x00001380       0x74 .\CortexM0\ARM_GCC_493\Debug\2F5S1SOC.a(CyFlash.o)
                0x00001380                CySysFlashSetWaitCycles
 .text.CySysFlashClockBackup
                0x000013f4       0x14 .\CortexM0\ARM_GCC_493\Debug\2F5S1SOC.a(CyFlash.o)
 .text.CySysFlashClockRestore
                0x00001408       0x14 .\CortexM0\ARM_GCC_493\Debug\2F5S1SOC.a(CyFlash.o)
 .text.CySysClkImoEnableWcoLock
                0x0000141c      0x144 .\CortexM0\ARM_GCC_493\Debug\2F5S1SOC.a(CyLib.o)
                0x0000141c                CySysClkImoEnableWcoLock
 .text.CySysClkImoDisableWcoLock
                0x00001560       0x1c .\CortexM0\ARM_GCC_493\Debug\2F5S1SOC.a(CyLib.o)
                0x00001560                CySysClkImoDisableWcoLock
 .text.CySysClkImoGetWcoLock
                0x0000157c       0x20 .\CortexM0\ARM_GCC_493\Debug\2F5S1SOC.a(CyLib.o)
                0x0000157c                CySysClkImoGetWcoLock
 .text.CySysClkWriteImoFreq
                0x0000159c       0xb8 .\CortexM0\ARM_GCC_493\Debug\2F5S1SOC.a(CyLib.o)
                0x0000159c                CySysClkWriteImoFreq
 .text.CyIntSetVector
                0x00001654       0x4c .\CortexM0\ARM_GCC_493\Debug\2F5S1SOC.a(CyLib.o)
                0x00001654                CyIntSetVector
 .text.CyIntSetPriority
                0x000016a0       0xa8 .\CortexM0\ARM_GCC_493\Debug\2F5S1SOC.a(CyLib.o)
                0x000016a0                CyIntSetPriority
 .text.CyIntEnable
                0x00001748       0x28 .\CortexM0\ARM_GCC_493\Debug\2F5S1SOC.a(CyLib.o)
                0x00001748                CyIntEnable
 .text.CyIntDisable
                0x00001770       0x28 .\CortexM0\ARM_GCC_493\Debug\2F5S1SOC.a(CyLib.o)
                0x00001770                CyIntDisable
 .text.CyHalt   0x00001798       0x14 .\CortexM0\ARM_GCC_493\Debug\2F5S1SOC.a(CyLib.o)
                0x00001798                CyHalt
 .text.CyDelay  0x000017ac       0x48 .\CortexM0\ARM_GCC_493\Debug\2F5S1SOC.a(CyLib.o)
                0x000017ac                CyDelay
 .text.CyDelayUs
                0x000017f4       0x28 .\CortexM0\ARM_GCC_493\Debug\2F5S1SOC.a(CyLib.o)
                0x000017f4                CyDelayUs
 .text.CySysClkWcoEnabled
                0x0000181c       0x1c .\CortexM0\ARM_GCC_493\Debug\2F5S1SOC.a(CyLFClk.o)
                0x0000181c                CySysClkWcoEnabled
 .text.CySysWdtLock
                0x00001838       0x34 .\CortexM0\ARM_GCC_493\Debug\2F5S1SOC.a(CyLFClk.o)
                0x00001838                CySysWdtLock
 .text.CySysWdtLocked
                0x0000186c       0x20 .\CortexM0\ARM_GCC_493\Debug\2F5S1SOC.a(CyLFClk.o)
 .text.CySysWdtUnlock
                0x0000188c       0x4c .\CortexM0\ARM_GCC_493\Debug\2F5S1SOC.a(CyLFClk.o)
                0x0000188c                CySysWdtUnlock
 .text.CySysWdtGetEnabledStatus
                0x000018d8       0x30 .\CortexM0\ARM_GCC_493\Debug\2F5S1SOC.a(CyLFClk.o)
                0x000018d8                CySysWdtGetEnabledStatus
 .text.CySysWdtSetMode
                0x00001908       0x58 .\CortexM0\ARM_GCC_493\Debug\2F5S1SOC.a(CyLFClk.o)
                0x00001908                CySysWdtSetMode
 .text.CySysWdtSetClearOnMatch
                0x00001960       0x6c .\CortexM0\ARM_GCC_493\Debug\2F5S1SOC.a(CyLFClk.o)
                0x00001960                CySysWdtSetClearOnMatch
 .text.CySysWdtEnable
                0x000019cc       0x60 .\CortexM0\ARM_GCC_493\Debug\2F5S1SOC.a(CyLFClk.o)
                0x000019cc                CySysWdtEnable
 .text.CySysWdtDisable
                0x00001a2c       0x68 .\CortexM0\ARM_GCC_493\Debug\2F5S1SOC.a(CyLFClk.o)
                0x00001a2c                CySysWdtDisable
 .text.CySysWdtSetCascade
                0x00001a94       0x58 .\CortexM0\ARM_GCC_493\Debug\2F5S1SOC.a(CyLFClk.o)
                0x00001a94                CySysWdtSetCascade
 .text.CySysWdtSetMatch
                0x00001aec       0x90 .\CortexM0\ARM_GCC_493\Debug\2F5S1SOC.a(CyLFClk.o)
                0x00001aec                CySysWdtSetMatch
 .text.CySysWdtClearInterrupt
                0x00001b7c       0x70 .\CortexM0\ARM_GCC_493\Debug\2F5S1SOC.a(CyLFClk.o)
                0x00001b7c                CySysWdtClearInterrupt
 .text.I2C_Slave_Init
                0x00001bec        0xc .\CortexM0\ARM_GCC_493\Debug\2F5S1SOC.a(I2C_Slave.o)
                0x00001bec                I2C_Slave_Init
 .text.I2C_Slave_Enable
                0x00001bf8       0x24 .\CortexM0\ARM_GCC_493\Debug\2F5S1SOC.a(I2C_Slave.o)
                0x00001bf8                I2C_Slave_Enable
 .text.I2C_Slave_Start
                0x00001c1c       0x24 .\CortexM0\ARM_GCC_493\Debug\2F5S1SOC.a(I2C_Slave.o)
                0x00001c1c                I2C_Slave_Start
 .text.I2C_Slave_ScbEnableIntr
                0x00001c40       0x10 .\CortexM0\ARM_GCC_493\Debug\2F5S1SOC.a(I2C_Slave.o)
 .text.I2C_Slave_ScbModePostEnable
                0x00001c50        0x8 .\CortexM0\ARM_GCC_493\Debug\2F5S1SOC.a(I2C_Slave.o)
 .text.I2C_Slave_I2CInit
                0x00001c58       0xe8 .\CortexM0\ARM_GCC_493\Debug\2F5S1SOC.a(I2C_Slave_I2C.o)
                0x00001c58                I2C_Slave_I2CInit
 .text.I2C_Slave_I2CSlaveStatus
                0x00001d40       0x14 .\CortexM0\ARM_GCC_493\Debug\2F5S1SOC.a(I2C_Slave_I2C_SLAVE.o)
                0x00001d40                I2C_Slave_I2CSlaveStatus
 .text.I2C_Slave_I2CSlaveClearReadStatus
                0x00001d54       0x40 .\CortexM0\ARM_GCC_493\Debug\2F5S1SOC.a(I2C_Slave_I2C_SLAVE.o)
                0x00001d54                I2C_Slave_I2CSlaveClearReadStatus
 .text.I2C_Slave_I2CSlaveClearWriteStatus
                0x00001d94       0x40 .\CortexM0\ARM_GCC_493\Debug\2F5S1SOC.a(I2C_Slave_I2C_SLAVE.o)
                0x00001d94                I2C_Slave_I2CSlaveClearWriteStatus
 .text.I2C_Slave_I2CSlaveInitReadBuf
                0x00001dd4       0x4c .\CortexM0\ARM_GCC_493\Debug\2F5S1SOC.a(I2C_Slave_I2C_SLAVE.o)
                0x00001dd4                I2C_Slave_I2CSlaveInitReadBuf
 .text.I2C_Slave_I2CSlaveInitWriteBuf
                0x00001e20       0x40 .\CortexM0\ARM_GCC_493\Debug\2F5S1SOC.a(I2C_Slave_I2C_SLAVE.o)
                0x00001e20                I2C_Slave_I2CSlaveInitWriteBuf
 .text.I2C_Slave_I2CSlaveGetWriteBufSize
                0x00001e60       0x14 .\CortexM0\ARM_GCC_493\Debug\2F5S1SOC.a(I2C_Slave_I2C_SLAVE.o)
                0x00001e60                I2C_Slave_I2CSlaveGetWriteBufSize
 .text.I2C_Slave_I2CSlaveClearReadBuf
                0x00001e74       0x14 .\CortexM0\ARM_GCC_493\Debug\2F5S1SOC.a(I2C_Slave_I2C_SLAVE.o)
                0x00001e74                I2C_Slave_I2CSlaveClearReadBuf
 .text.I2C_Slave_I2CSlaveClearWriteBuf
                0x00001e88       0x14 .\CortexM0\ARM_GCC_493\Debug\2F5S1SOC.a(I2C_Slave_I2C_SLAVE.o)
                0x00001e88                I2C_Slave_I2CSlaveClearWriteBuf
 .text.CapSense_Init
                0x00001e9c       0x38 .\CortexM0\ARM_GCC_493\Debug\2F5S1SOC.a(CapSense.o)
                0x00001e9c                CapSense_Init
 .text.CapSense_CsdHwBlockInit
                0x00001ed4       0xc0 .\CortexM0\ARM_GCC_493\Debug\2F5S1SOC.a(CapSense.o)
                0x00001ed4                CapSense_CsdHwBlockInit
 .text.CapSense_Enable
                0x00001f94       0x54 .\CortexM0\ARM_GCC_493\Debug\2F5S1SOC.a(CapSense.o)
                0x00001f94                CapSense_Enable
 .text.CapSense_Start
                0x00001fe8       0x44 .\CortexM0\ARM_GCC_493\Debug\2F5S1SOC.a(CapSense.o)
                0x00001fe8                CapSense_Start
 .text.CapSense_FindNextSensor
                0x0000202c       0x48 .\CortexM0\ARM_GCC_493\Debug\2F5S1SOC.a(CapSense.o)
                0x0000202c                CapSense_FindNextSensor
 .text.CapSense_ScanSensor
                0x00002074       0x34 .\CortexM0\ARM_GCC_493\Debug\2F5S1SOC.a(CapSense.o)
                0x00002074                CapSense_ScanSensor
 .text.CapSense_ScanEnabledWidgets
                0x000020a8       0x58 .\CortexM0\ARM_GCC_493\Debug\2F5S1SOC.a(CapSense.o)
                0x000020a8                CapSense_ScanEnabledWidgets
 .text.CapSense_IsBusy
                0x00002100       0x1c .\CortexM0\ARM_GCC_493\Debug\2F5S1SOC.a(CapSense.o)
                0x00002100                CapSense_IsBusy
 .text.CapSense_ReadSensorRaw
                0x0000211c       0x1c .\CortexM0\ARM_GCC_493\Debug\2F5S1SOC.a(CapSense.o)
                0x0000211c                CapSense_ReadSensorRaw
 .text.CapSense_ClearSensors
                0x00002138       0x28 .\CortexM0\ARM_GCC_493\Debug\2F5S1SOC.a(CapSense.o)
                0x00002138                CapSense_ClearSensors
 .text.CapSense_EnableSensor
                0x00002160       0xc8 .\CortexM0\ARM_GCC_493\Debug\2F5S1SOC.a(CapSense.o)
                0x00002160                CapSense_EnableSensor
 .text.CapSense_DisableSensor
                0x00002228      0x118 .\CortexM0\ARM_GCC_493\Debug\2F5S1SOC.a(CapSense.o)
                0x00002228                CapSense_DisableSensor
 .text.CapSense_PreScan
                0x00002340      0x14c .\CortexM0\ARM_GCC_493\Debug\2F5S1SOC.a(CapSense.o)
                0x00002340                CapSense_PreScan
 .text.CapSense_PostScan
                0x0000248c       0x74 .\CortexM0\ARM_GCC_493\Debug\2F5S1SOC.a(CapSense.o)
                0x0000248c                CapSense_PostScan
 .text.CapSense_SetShieldDelay
                0x00002500       0x30 .\CortexM0\ARM_GCC_493\Debug\2F5S1SOC.a(CapSense.o)
                0x00002500                CapSense_SetShieldDelay
 .text.CapSense_GetBitValue
                0x00002530       0x44 .\CortexM0\ARM_GCC_493\Debug\2F5S1SOC.a(CapSense.o)
                0x00002530                CapSense_GetBitValue
 .text.CapSense_SetBitValue
                0x00002574       0x68 .\CortexM0\ARM_GCC_493\Debug\2F5S1SOC.a(CapSense.o)
                0x00002574                CapSense_SetBitValue
 .text.CapSense_GetSensorRaw
                0x000025dc       0x50 .\CortexM0\ARM_GCC_493\Debug\2F5S1SOC.a(CapSense.o)
                0x000025dc                CapSense_GetSensorRaw
 .text.CapSense_SetUnscannedSensorState
                0x0000262c       0x24 .\CortexM0\ARM_GCC_493\Debug\2F5S1SOC.a(CapSense.o)
                0x0000262c                CapSense_SetUnscannedSensorState
 .text.CapSense_NormalizeWidgets
                0x00002650       0x9c .\CortexM0\ARM_GCC_493\Debug\2F5S1SOC.a(CapSense.o)
                0x00002650                CapSense_NormalizeWidgets
 .text.CapSense_BaseInit
                0x000026ec       0x90 .\CortexM0\ARM_GCC_493\Debug\2F5S1SOC.a(CapSense_CSHL.o)
                0x000026ec                CapSense_BaseInit
 .text.CapSense_InitializeSensorBaseline
                0x0000277c       0x28 .\CortexM0\ARM_GCC_493\Debug\2F5S1SOC.a(CapSense_CSHL.o)
                0x0000277c                CapSense_InitializeSensorBaseline
 .text.CapSense_InitializeAllBaselines
                0x000027a4       0x28 .\CortexM0\ARM_GCC_493\Debug\2F5S1SOC.a(CapSense_CSHL.o)
                0x000027a4                CapSense_InitializeAllBaselines
 .text.CapSense_UpdateBaselineNoThreshold
                0x000027cc      0x238 .\CortexM0\ARM_GCC_493\Debug\2F5S1SOC.a(CapSense_CSHL.o)
                0x000027cc                CapSense_UpdateBaselineNoThreshold
 .text.CapSense_UpdateSensorBaseline
                0x00002a04       0x20 .\CortexM0\ARM_GCC_493\Debug\2F5S1SOC.a(CapSense_CSHL.o)
                0x00002a04                CapSense_UpdateSensorBaseline
 .text.CapSense_UpdateEnabledBaselines
                0x00002a24       0x40 .\CortexM0\ARM_GCC_493\Debug\2F5S1SOC.a(CapSense_CSHL.o)
                0x00002a24                CapSense_UpdateEnabledBaselines
 .text.CapSense_CheckIsSensorActive
                0x00002a64      0x158 .\CortexM0\ARM_GCC_493\Debug\2F5S1SOC.a(CapSense_CSHL.o)
                0x00002a64                CapSense_CheckIsSensorActive
 .text.CapSense_CheckIsWidgetActive
                0x00002bbc       0x58 .\CortexM0\ARM_GCC_493\Debug\2F5S1SOC.a(CapSense_CSHL.o)
                0x00002bbc                CapSense_CheckIsWidgetActive
 .text.CapSense_FindMaximum
                0x00002c14       0xb8 .\CortexM0\ARM_GCC_493\Debug\2F5S1SOC.a(CapSense_CSHL.o)
                0x00002c14                CapSense_FindMaximum
 .text.CapSense_CalcCentroid
                0x00002ccc      0x194 .\CortexM0\ARM_GCC_493\Debug\2F5S1SOC.a(CapSense_CSHL.o)
                0x00002ccc                CapSense_CalcCentroid
 .text.CapSense_GetRadialCentroidPos
                0x00002e60      0x178 .\CortexM0\ARM_GCC_493\Debug\2F5S1SOC.a(CapSense_CSHL.o)
                0x00002e60                CapSense_GetRadialCentroidPos
 .text.CapSense_IIR4Filter
                0x00002fd8       0x3c .\CortexM0\ARM_GCC_493\Debug\2F5S1SOC.a(CapSense_CSHL.o)
                0x00002fd8                CapSense_IIR4Filter
 .text.CapSense_ISR
                0x00003014       0xd8 .\CortexM0\ARM_GCC_493\Debug\2F5S1SOC.a(CapSense_INT.o)
                0x00003014                CapSense_ISR
 .text.CapSense_AutoTune
                0x000030ec      0x10c .\CortexM0\ARM_GCC_493\Debug\2F5S1SOC.a(CapSense_SMS.o)
                0x000030ec                CapSense_AutoTune
 .text.CapSense_UpdateThresholds
                0x000031f8       0xf0 .\CortexM0\ARM_GCC_493\Debug\2F5S1SOC.a(CapSense_SMS.o)
                0x000031f8                CapSense_UpdateThresholds
 .text.CapSense_SetAnalogSwitchesSrcDirect
                0x000032e8       0x18 .\CortexM0\ARM_GCC_493\Debug\2F5S1SOC.a(CapSense_SMS.o)
                0x000032e8                CapSense_SetAnalogSwitchesSrcDirect
 .text.CapSense_DisableBaselineIDAC
                0x00003300       0x34 .\CortexM0\ARM_GCC_493\Debug\2F5S1SOC.a(CapSense_SMS.o)
                0x00003300                CapSense_DisableBaselineIDAC
 .text.CapSense_EnableBaselineIDAC
                0x00003334       0x90 .\CortexM0\ARM_GCC_493\Debug\2F5S1SOC.a(CapSense_SMS.o)
                0x00003334                CapSense_EnableBaselineIDAC
 .text.LED1_Write
                0x000033c4       0x4c .\CortexM0\ARM_GCC_493\Debug\2F5S1SOC.a(LED1.o)
                0x000033c4                LED1_Write
 .text.LED2_Write
                0x00003410       0x4c .\CortexM0\ARM_GCC_493\Debug\2F5S1SOC.a(LED2.o)
                0x00003410                LED2_Write
 .text.LED3_Write
                0x0000345c       0x48 .\CortexM0\ARM_GCC_493\Debug\2F5S1SOC.a(LED3.o)
                0x0000345c                LED3_Write
 .text.LED4_Write
                0x000034a4       0x4c .\CortexM0\ARM_GCC_493\Debug\2F5S1SOC.a(LED4.o)
                0x000034a4                LED4_Write
 .text.LED5_Write
                0x000034f0       0x4c .\CortexM0\ARM_GCC_493\Debug\2F5S1SOC.a(LED5.o)
                0x000034f0                LED5_Write
 .text.CapSense_SampleClk_StartEx
                0x0000353c       0x2c .\CortexM0\ARM_GCC_493\Debug\2F5S1SOC.a(CapSense_SampleClk.o)
                0x0000353c                CapSense_SampleClk_StartEx
 .text.CapSense_SampleClk_Stop
                0x00003568       0x20 .\CortexM0\ARM_GCC_493\Debug\2F5S1SOC.a(CapSense_SampleClk.o)
                0x00003568                CapSense_SampleClk_Stop
 .text.CapSense_SampleClk_SetFractionalDividerRegister
                0x00003588       0x44 .\CortexM0\ARM_GCC_493\Debug\2F5S1SOC.a(CapSense_SampleClk.o)
                0x00003588                CapSense_SampleClk_SetFractionalDividerRegister
 .text.CapSense_SenseClk_StartEx
                0x000035cc       0x2c .\CortexM0\ARM_GCC_493\Debug\2F5S1SOC.a(CapSense_SenseClk.o)
                0x000035cc                CapSense_SenseClk_StartEx
 .text.CapSense_SenseClk_Stop
                0x000035f8       0x20 .\CortexM0\ARM_GCC_493\Debug\2F5S1SOC.a(CapSense_SenseClk.o)
                0x000035f8                CapSense_SenseClk_Stop
 .text.CapSense_SenseClk_SetFractionalDividerRegister
                0x00003618       0x44 .\CortexM0\ARM_GCC_493\Debug\2F5S1SOC.a(CapSense_SenseClk.o)
                0x00003618                CapSense_SenseClk_SetFractionalDividerRegister
 .text.InterPin_Write
                0x0000365c       0x4c .\CortexM0\ARM_GCC_493\Debug\2F5S1SOC.a(InterPin.o)
                0x0000365c                InterPin_Write
 .text.InterPin_Read
                0x000036a8       0x1c .\CortexM0\ARM_GCC_493\Debug\2F5S1SOC.a(InterPin.o)
                0x000036a8                InterPin_Read
 .text.UART_Init
                0x000036c4        0xc .\CortexM0\ARM_GCC_493\Debug\2F5S1SOC.a(UART.o)
                0x000036c4                UART_Init
 .text.UART_Enable
                0x000036d0       0x24 .\CortexM0\ARM_GCC_493\Debug\2F5S1SOC.a(UART.o)
                0x000036d0                UART_Enable
 .text.UART_Start
                0x000036f4       0x24 .\CortexM0\ARM_GCC_493\Debug\2F5S1SOC.a(UART.o)
                0x000036f4                UART_Start
 .text.UART_ScbEnableIntr
                0x00003718        0x8 .\CortexM0\ARM_GCC_493\Debug\2F5S1SOC.a(UART.o)
 .text.UART_ScbModePostEnable
                0x00003720        0xc .\CortexM0\ARM_GCC_493\Debug\2F5S1SOC.a(UART.o)
 .text.UART_UartInit
                0x0000372c       0xb0 .\CortexM0\ARM_GCC_493\Debug\2F5S1SOC.a(UART_UART.o)
                0x0000372c                UART_UartInit
 .text.UART_UartPostEnable
                0x000037dc       0x1c .\CortexM0\ARM_GCC_493\Debug\2F5S1SOC.a(UART_UART.o)
                0x000037dc                UART_UartPostEnable
 .text.UART_UartPutString
                0x000037f8       0x34 .\CortexM0\ARM_GCC_493\Debug\2F5S1SOC.a(UART_UART.o)
                0x000037f8                UART_UartPutString
 .text.LED6_Write
                0x0000382c       0x4c .\CortexM0\ARM_GCC_493\Debug\2F5S1SOC.a(LED6.o)
                0x0000382c                LED6_Write
 .text.LED7_Write
                0x00003878       0x4c .\CortexM0\ARM_GCC_493\Debug\2F5S1SOC.a(LED7.o)
                0x00003878                LED7_Write
 .text.LED11_Write
                0x000038c4       0x48 .\CortexM0\ARM_GCC_493\Debug\2F5S1SOC.a(LED11.o)
                0x000038c4                LED11_Write
 .text.LED12_Write
                0x0000390c       0x4c .\CortexM0\ARM_GCC_493\Debug\2F5S1SOC.a(LED12.o)
                0x0000390c                LED12_Write
 .text.LED13_Write
                0x00003958       0x4c .\CortexM0\ARM_GCC_493\Debug\2F5S1SOC.a(LED13.o)
                0x00003958                LED13_Write
 .text.LED14_Write
                0x000039a4       0x4c .\CortexM0\ARM_GCC_493\Debug\2F5S1SOC.a(LED14.o)
                0x000039a4                LED14_Write
 .text.LED15_Write
                0x000039f0       0x4c .\CortexM0\ARM_GCC_493\Debug\2F5S1SOC.a(LED15.o)
                0x000039f0                LED15_Write
 .text.LED10_Write
                0x00003a3c       0x48 .\CortexM0\ARM_GCC_493\Debug\2F5S1SOC.a(LED10.o)
                0x00003a3c                LED10_Write
 .text.LED9_Write
                0x00003a84       0x4c .\CortexM0\ARM_GCC_493\Debug\2F5S1SOC.a(LED9.o)
                0x00003a84                LED9_Write
 .text.LED8_Write
                0x00003ad0       0x4c .\CortexM0\ARM_GCC_493\Debug\2F5S1SOC.a(LED8.o)
                0x00003ad0                LED8_Write
 .text.LED16_Write
                0x00003b1c       0x4c .\CortexM0\ARM_GCC_493\Debug\2F5S1SOC.a(LED16.o)
                0x00003b1c                LED16_Write
 .text.LED_CONTROL1_Init
                0x00003b68       0x5c .\CortexM0\ARM_GCC_493\Debug\2F5S1SOC.a(LED_CONTROL1.o)
                0x00003b68                LED_CONTROL1_Init
 .text.LED_CONTROL1_Enable
                0x00003bc4       0x38 .\CortexM0\ARM_GCC_493\Debug\2F5S1SOC.a(LED_CONTROL1.o)
                0x00003bc4                LED_CONTROL1_Enable
 .text.LED_CONTROL1_Start
                0x00003bfc       0x24 .\CortexM0\ARM_GCC_493\Debug\2F5S1SOC.a(LED_CONTROL1.o)
                0x00003bfc                LED_CONTROL1_Start
 .text.LED_CONTROL1_WriteCounter
                0x00003c20       0x1c .\CortexM0\ARM_GCC_493\Debug\2F5S1SOC.a(LED_CONTROL1.o)
                0x00003c20                LED_CONTROL1_WriteCounter
 .text.LED_CONTROL1_WritePeriod
                0x00003c3c       0x1c .\CortexM0\ARM_GCC_493\Debug\2F5S1SOC.a(LED_CONTROL1.o)
                0x00003c3c                LED_CONTROL1_WritePeriod
 .text.LED_CONTROL1_WriteCompare
                0x00003c58       0x1c .\CortexM0\ARM_GCC_493\Debug\2F5S1SOC.a(LED_CONTROL1.o)
                0x00003c58                LED_CONTROL1_WriteCompare
 .text.LED_CONTROL1_TriggerCommand
                0x00003c74       0x38 .\CortexM0\ARM_GCC_493\Debug\2F5S1SOC.a(LED_CONTROL1.o)
                0x00003c74                LED_CONTROL1_TriggerCommand
 .text.LED_CONTROL1_SetInterruptMode
                0x00003cac       0x18 .\CortexM0\ARM_GCC_493\Debug\2F5S1SOC.a(LED_CONTROL1.o)
                0x00003cac                LED_CONTROL1_SetInterruptMode
 .text.LED_CONTROL2_Init
                0x00003cc4       0x5c .\CortexM0\ARM_GCC_493\Debug\2F5S1SOC.a(LED_CONTROL2.o)
                0x00003cc4                LED_CONTROL2_Init
 .text.LED_CONTROL2_Enable
                0x00003d20       0x38 .\CortexM0\ARM_GCC_493\Debug\2F5S1SOC.a(LED_CONTROL2.o)
                0x00003d20                LED_CONTROL2_Enable
 .text.LED_CONTROL2_Start
                0x00003d58       0x24 .\CortexM0\ARM_GCC_493\Debug\2F5S1SOC.a(LED_CONTROL2.o)
                0x00003d58                LED_CONTROL2_Start
 .text.LED_CONTROL2_WriteCounter
                0x00003d7c       0x1c .\CortexM0\ARM_GCC_493\Debug\2F5S1SOC.a(LED_CONTROL2.o)
                0x00003d7c                LED_CONTROL2_WriteCounter
 .text.LED_CONTROL2_WritePeriod
                0x00003d98       0x1c .\CortexM0\ARM_GCC_493\Debug\2F5S1SOC.a(LED_CONTROL2.o)
                0x00003d98                LED_CONTROL2_WritePeriod
 .text.LED_CONTROL2_WriteCompare
                0x00003db4       0x1c .\CortexM0\ARM_GCC_493\Debug\2F5S1SOC.a(LED_CONTROL2.o)
                0x00003db4                LED_CONTROL2_WriteCompare
 .text.LED_CONTROL2_TriggerCommand
                0x00003dd0       0x38 .\CortexM0\ARM_GCC_493\Debug\2F5S1SOC.a(LED_CONTROL2.o)
                0x00003dd0                LED_CONTROL2_TriggerCommand
 .text.LED_CONTROL2_SetInterruptMode
                0x00003e08       0x18 .\CortexM0\ARM_GCC_493\Debug\2F5S1SOC.a(LED_CONTROL2.o)
                0x00003e08                LED_CONTROL2_SetInterruptMode
 .text.Triac1_Write
                0x00003e20       0x4c .\CortexM0\ARM_GCC_493\Debug\2F5S1SOC.a(Triac1.o)
                0x00003e20                Triac1_Write
 .text.Triac4_Write
                0x00003e6c       0x48 .\CortexM0\ARM_GCC_493\Debug\2F5S1SOC.a(Triac4.o)
                0x00003e6c                Triac4_Write
 .text.Triac3_Write
                0x00003eb4       0x4c .\CortexM0\ARM_GCC_493\Debug\2F5S1SOC.a(Triac3.o)
                0x00003eb4                Triac3_Write
 .text.Triac2_Write
                0x00003f00       0x4c .\CortexM0\ARM_GCC_493\Debug\2F5S1SOC.a(Triac2.o)
                0x00003f00                Triac2_Write
 .text.Triac8_Write
                0x00003f4c       0x4c .\CortexM0\ARM_GCC_493\Debug\2F5S1SOC.a(Triac8.o)
                0x00003f4c                Triac8_Write
 .text.Triac7_Write
                0x00003f98       0x4c .\CortexM0\ARM_GCC_493\Debug\2F5S1SOC.a(Triac7.o)
                0x00003f98                Triac7_Write
 .text.Triac5_Write
                0x00003fe4       0x48 .\CortexM0\ARM_GCC_493\Debug\2F5S1SOC.a(Triac5.o)
                0x00003fe4                Triac5_Write
 .text.Triac6_Write
                0x0000402c       0x4c .\CortexM0\ARM_GCC_493\Debug\2F5S1SOC.a(Triac6.o)
                0x0000402c                Triac6_Write
 .text.WdtIsr_StartEx
                0x00004078       0x24 .\CortexM0\ARM_GCC_493\Debug\2F5S1SOC.a(WdtIsr.o)
                0x00004078                WdtIsr_StartEx
 .text.WdtIsr_SetVector
                0x0000409c       0x18 .\CortexM0\ARM_GCC_493\Debug\2F5S1SOC.a(WdtIsr.o)
                0x0000409c                WdtIsr_SetVector
 .text.WdtIsr_SetPriority
                0x000040b4       0x4c .\CortexM0\ARM_GCC_493\Debug\2F5S1SOC.a(WdtIsr.o)
                0x000040b4                WdtIsr_SetPriority
 .text.WdtIsr_Enable
                0x00004100       0x14 .\CortexM0\ARM_GCC_493\Debug\2F5S1SOC.a(WdtIsr.o)
                0x00004100                WdtIsr_Enable
 .text.WdtIsr_Disable
                0x00004114       0x14 .\CortexM0\ARM_GCC_493\Debug\2F5S1SOC.a(WdtIsr.o)
                0x00004114                WdtIsr_Disable
 .text.WdtIsr_ClearPending
                0x00004128       0x14 .\CortexM0\ARM_GCC_493\Debug\2F5S1SOC.a(WdtIsr.o)
                0x00004128                WdtIsr_ClearPending
 *fill*         0x0000413c        0x4 
 .text          0x00004140       0x20 .\CortexM0\ARM_GCC_493\Debug\2F5S1SOC.a(CyBootAsmGnu.o)
                0x00004140                CyDelayCycles
                0x00004152                CyEnterCriticalSection
                0x0000415a                CyExitCriticalSection
 .text.I2C_Slave_I2C_ISR
                0x00004160      0x514 .\CortexM0\ARM_GCC_493\Debug\2F5S1SOC.a(I2C_Slave_I2C_INT.o)
                0x00004160                I2C_Slave_I2C_ISR
 .text.UART_SpiUartWriteTxData
                0x00004674       0x2c .\CortexM0\ARM_GCC_493\Debug\2F5S1SOC.a(UART_SPI_UART.o)
                0x00004674                UART_SpiUartWriteTxData
 .text.CalibrateOneDAC_P4_v2_40
                0x000046a0       0x40 C:\Program Files (x86)\Cypress\PSoC Creator\4.0\PSoC Creator\psoc\content\cycomponentlibrary\CyComponentLibrary.cylib\CapSense_CSD_P4_v2_40\PSoC4\Library\CapsenseP4Library_GCC.a(CSD_P4_SmartSense_v2_40.o)
                0x000046a0                CalibrateOneDAC_P4_v2_40
 .text.CalibrateSensors_P4_v2_40
                0x000046e0       0x22 C:\Program Files (x86)\Cypress\PSoC Creator\4.0\PSoC Creator\psoc\content\cycomponentlibrary\CyComponentLibrary.cylib\CapSense_CSD_P4_v2_40\PSoC4\Library\CapsenseP4Library_GCC.a(CSD_P4_SmartSense_v2_40.o)
                0x000046e0                CalibrateSensors_P4_v2_40
 .text.TunePrescalers_P4_v2_40
                0x00004702       0x42 C:\Program Files (x86)\Cypress\PSoC Creator\4.0\PSoC Creator\psoc\content\cycomponentlibrary\CyComponentLibrary.cylib\CapSense_CSD_P4_v2_40\PSoC4\Library\CapsenseP4Library_GCC.a(CSD_P4_SmartSense_v2_40.o)
                0x00004702                TunePrescalers_P4_v2_40
 .text.TuneSensitivity_P4_v2_40
                0x00004744       0xdc C:\Program Files (x86)\Cypress\PSoC Creator\4.0\PSoC Creator\psoc\content\cycomponentlibrary\CyComponentLibrary.cylib\CapSense_CSD_P4_v2_40\PSoC4\Library\CapsenseP4Library_GCC.a(CSD_P4_SmartSense_v2_40.o)
                0x00004744                TuneSensitivity_P4_v2_40
 .text.MeasureNoiseEnvelope_P4_v2_40
                0x00004820       0xfc C:\Program Files (x86)\Cypress\PSoC Creator\4.0\PSoC Creator\psoc\content\cycomponentlibrary\CyComponentLibrary.cylib\CapSense_CSD_P4_v2_40\PSoC4\Library\CapsenseP4Library_GCC.a(CSD_P4_SmartSense_v2_40.o)
                0x00004820                MeasureNoiseEnvelope_P4_v2_40
 .text.CalculateThresholds_P4_v2_40
                0x0000491c       0x36 C:\Program Files (x86)\Cypress\PSoC Creator\4.0\PSoC Creator\psoc\content\cycomponentlibrary\CyComponentLibrary.cylib\CapSense_CSD_P4_v2_40\PSoC4\Library\CapsenseP4Library_GCC.a(CSD_P4_SmartSense_v2_40.o)
                0x0000491c                CalculateThresholds_P4_v2_40
 *fill*         0x00004952        0x2 
 .text          0x00004954      0x120 c:/program files (x86)/cypress/psoc creator/4.0/psoc creator/import/gnu/arm/4.9.3/bin/../lib/gcc/arm-none-eabi/4.9.3/armv6-m\libgcc.a(_udivsi3.o)
                0x00004954                __aeabi_uidiv
                0x00004954                __udivsi3
                0x00004a60                __aeabi_uidivmod
 .text          0x00004a74      0x1e0 c:/program files (x86)/cypress/psoc creator/4.0/psoc creator/import/gnu/arm/4.9.3/bin/../lib/gcc/arm-none-eabi/4.9.3/armv6-m\libgcc.a(_divsi3.o)
                0x00004a74                __divsi3
                0x00004a74                __aeabi_idiv
                0x00004c40                __aeabi_idivmod
 .text          0x00004c54        0x4 c:/program files (x86)/cypress/psoc creator/4.0/psoc creator/import/gnu/arm/4.9.3/bin/../lib/gcc/arm-none-eabi/4.9.3/armv6-m\libgcc.a(_dvmd_tls.o)
                0x00004c54                __aeabi_idiv0
                0x00004c54                __aeabi_ldiv0
 .text.__libc_init_array
                0x00004c58       0x4c c:/program files (x86)/cypress/psoc creator/4.0/psoc creator/import/gnu/arm/4.9.3/bin/../lib/gcc/arm-none-eabi/4.9.3/../../../../arm-none-eabi/lib/armv6-m\libg_nano.a(lib_a-init.o)
                0x00004c58                __libc_init_array
 .text.memcpy   0x00004ca4       0x12 c:/program files (x86)/cypress/psoc creator/4.0/psoc creator/import/gnu/arm/4.9.3/bin/../lib/gcc/arm-none-eabi/4.9.3/../../../../arm-none-eabi/lib/armv6-m\libg_nano.a(lib_a-memcpy.o)
                0x00004ca4                memcpy
 .text.memset   0x00004cb6       0x10 c:/program files (x86)/cypress/psoc creator/4.0/psoc creator/import/gnu/arm/4.9.3/bin/../lib/gcc/arm-none-eabi/4.9.3/../../../../arm-none-eabi/lib/armv6-m\libg_nano.a(lib_a-memset.o)
                0x00004cb6                memset
 *(.plt)
 *(.gnu.warning)
 *(.glue_7t)
 .glue_7t       0x00000000        0x0 linker stubs
 *(.glue_7)
 .glue_7        0x00000000        0x0 linker stubs
 *(.vfp11_veneer)
 .vfp11_veneer  0x00000000        0x0 linker stubs
 *(.bootloader)
 *(.ARM.extab* .gnu.linkonce.armextab.*)
 *(.gcc_except_table)

.v4_bx          0x00004cc8        0x0
 .v4_bx         0x00000000        0x0 linker stubs

.iplt           0x00004cc8        0x0
 .iplt          0x00000000        0x0 c:/program files (x86)/cypress/psoc creator/4.0/psoc creator/import/gnu/arm/4.9.3/bin/../lib/gcc/arm-none-eabi/4.9.3/armv6-m/crtbegin.o

.eh_frame_hdr
 *(.eh_frame_hdr)

.eh_frame       0x00004cc8        0x4
 *(.eh_frame)
 .eh_frame      0x00004cc8        0x0 c:/program files (x86)/cypress/psoc creator/4.0/psoc creator/import/gnu/arm/4.9.3/bin/../lib/gcc/arm-none-eabi/4.9.3/armv6-m/crtbegin.o
 .eh_frame      0x00004cc8        0x4 c:/program files (x86)/cypress/psoc creator/4.0/psoc creator/import/gnu/arm/4.9.3/bin/../lib/gcc/arm-none-eabi/4.9.3/armv6-m/crtend.o
                0x00004ccc                PROVIDE (__exidx_start, .)

.ARM.exidx
 *(.ARM.exidx* .gnu.linkonce.armexidx.*)
                0x00004ccc                __exidx_end = .

.rodata         0x00004ccc      0x294
 *(.rodata .rodata.* .gnu.linkonce.r.*)
 .rodata        0x00004ccc       0x6c .\CortexM0\ARM_GCC_493\Debug\main.o
 .rodata        0x00004d38       0x58 .\CortexM0\ARM_GCC_493\Debug\2F5S1SOC.a(cyfitter_cfg.o)
 .rodata        0x00004d90       0x48 .\CortexM0\ARM_GCC_493\Debug\2F5S1SOC.a(CyLib.o)
                0x00004d90                cyImoFreqMhz2Reg
                0x00004dc0                cyImoFreqMhz2DpllOffset
 .rodata        0x00004dd8       0xd0 .\CortexM0\ARM_GCC_493\Debug\2F5S1SOC.a(CapSense.o)
                0x00004dd8                CapSense_portTable
                0x00004de8                CapSense_maskTable
                0x00004e28                CapSense_pinShiftTbl
                0x00004e38                CapSense_widgetNumber
                0x00004e48                CapSense_prtSelTbl
                0x00004e68                CapSense_prtCfgTbl
                0x00004e88                CapSense_prtDRTbl
 .rodata        0x00004ea8       0x14 .\CortexM0\ARM_GCC_493\Debug\2F5S1SOC.a(CapSense_CSHL.o)
                0x00004ea8                CapSense_rawDataIndex
                0x00004eb0                CapSense_numberOfSensors
 .rodata        0x00004ebc       0x6c .\CortexM0\ARM_GCC_493\Debug\2F5S1SOC.a(CapSense_SMS.o)
                0x00004ebc                CapSense_prescalerTable
                0x00004ecc                CapSense_configPointers
                0x00004f28                . = ALIGN (0x4)
 *(.init)
 .init          0x00004f28        0x4 c:/program files (x86)/cypress/psoc creator/4.0/psoc creator/import/gnu/arm/4.9.3/bin/../lib/gcc/arm-none-eabi/4.9.3/armv6-m/crti.o
                0x00004f28                _init
 .init          0x00004f2c        0x8 c:/program files (x86)/cypress/psoc creator/4.0/psoc creator/import/gnu/arm/4.9.3/bin/../lib/gcc/arm-none-eabi/4.9.3/armv6-m/crtn.o
                0x00004f34                . = ALIGN (0x4)
                0x00004f34                __preinit_array_start = .
 *(.preinit_array)
                0x00004f34                __preinit_array_end = .
                0x00004f34                . = ALIGN (0x4)
                0x00004f34                __init_array_start = .
 *(SORT(.init_array.*))
 *(.init_array)
 .init_array    0x00004f34        0x4 c:/program files (x86)/cypress/psoc creator/4.0/psoc creator/import/gnu/arm/4.9.3/bin/../lib/gcc/arm-none-eabi/4.9.3/armv6-m/crtbegin.o
 .init_array    0x00004f38        0x4 .\CortexM0\ARM_GCC_493\Debug\Cm0Start.o
                0x00004f3c                __init_array_end = .
                0x00004f3c                . = ALIGN (0x4)
 *(.fini)
 .fini          0x00004f3c        0x4 c:/program files (x86)/cypress/psoc creator/4.0/psoc creator/import/gnu/arm/4.9.3/bin/../lib/gcc/arm-none-eabi/4.9.3/armv6-m/crti.o
                0x00004f3c                _fini
 .fini          0x00004f40        0x8 c:/program files (x86)/cypress/psoc creator/4.0/psoc creator/import/gnu/arm/4.9.3/bin/../lib/gcc/arm-none-eabi/4.9.3/armv6-m/crtn.o
                0x00004f48                . = ALIGN (0x4)
                0x00004f48                __fini_array_start = .
 *(.fini_array)
 .fini_array    0x00004f48        0x4 c:/program files (x86)/cypress/psoc creator/4.0/psoc creator/import/gnu/arm/4.9.3/bin/../lib/gcc/arm-none-eabi/4.9.3/armv6-m/crtbegin.o
 *(SORT(.fini_array.*))
                0x00004f4c                __fini_array_end = .
                0x00004f4c                . = ALIGN (0x4)
 *crtbegin.o(.ctors)
 *(EXCLUDE_FILE(*crtend.o) .ctors)
 *(SORT(.ctors.*))
 *crtend.o(.ctors)
                0x00004f4c                . = ALIGN (0x4)
 *crtbegin.o(.dtors)
 *(EXCLUDE_FILE(*crtend.o) .dtors)
 *(SORT(.dtors.*))
 *crtend.o(.dtors)
                0x00004f4c                . = ALIGN (0x4)
                0x00004f4c                __cy_regions = .
                0x00004f4c        0x4 LONG 0x4f60 __cy_region_init_ram
                0x00004f50        0x4 LONG 0x200000c8 __cy_region_start_data
                0x00004f54        0x4 LONG 0xb0 __cy_region_init_size_ram
                0x00004f58        0x4 LONG 0x370 __cy_region_zero_size_ram
                0x00004f5c                __cy_regions_end = .
                0x00004f60                . = ALIGN (0x8)
 *fill*         0x00004f5c        0x4 
                0x00004f60                _etext = .

.cy_checksum_exclude
                0x00004f60        0x0
 *(.cy_checksum_exclude)

.ramvectors     0x20000000       0xc0
                0x20000000                __cy_region_start_ram = .
 *(.ramvectors)
 .ramvectors    0x20000000       0xc0 .\CortexM0\ARM_GCC_493\Debug\Cm0Start.o
                0x20000000                CyRamVectors

.noinit         0x200000c0        0x4
 *(.noinit)
 .noinit        0x200000c0        0x4 .\CortexM0\ARM_GCC_493\Debug\Cm0Start.o

.data           0x200000c8       0xb0 load address 0x00004f60
                0x200000c8                __cy_region_start_data = .
 *(.jcr)
 .jcr           0x200000c8        0x0 c:/program files (x86)/cypress/psoc creator/4.0/psoc creator/import/gnu/arm/4.9.3/bin/../lib/gcc/arm-none-eabi/4.9.3/armv6-m/crtbegin.o
 .jcr           0x200000c8        0x4 c:/program files (x86)/cypress/psoc creator/4.0/psoc creator/import/gnu/arm/4.9.3/bin/../lib/gcc/arm-none-eabi/4.9.3/armv6-m/crtend.o
 *(.got.plt)
 *(.got)
 *(.shdata)
 *(.data .data.* .gnu.linkonce.d.*)
 .data          0x200000cc       0x10 .\CortexM0\ARM_GCC_493\Debug\2F5S1SOC.a(CyLib.o)
                0x200000cc                cydelayFreqHz
                0x200000d0                cydelayFreqKhz
                0x200000d4                cydelayFreqMhz
                0x200000d8                cydelay32kMs
 .data          0x200000dc       0x64 .\CortexM0\ARM_GCC_493\Debug\2F5S1SOC.a(CapSense.o)
                0x200000dc                CapSense_sensorEnableMask
                0x200000e0                CapSense_pcTable
                0x20000120                CapSense_widgetResolution
 .data          0x20000140       0x28 .\CortexM0\ARM_GCC_493\Debug\2F5S1SOC.a(CapSense_CSHL.o)
                0x20000140                CapSense_lowBaselineReset
                0x20000150                CapSense_enableRawFilters
                0x20000154                CapSense_debounce
 .data          0x20000168       0x10 .\CortexM0\ARM_GCC_493\Debug\2F5S1SOC.a(CapSense_SMS.o)
                0x20000168                CapSense_sensorSensitivity
                0x20000178                . = ALIGN (0x8)
 *(.ram)
                0x20000178                _edata = .

.igot.plt       0x20000178        0x0 load address 0x00005010
 .igot.plt      0x00000000        0x0 c:/program files (x86)/cypress/psoc creator/4.0/psoc creator/import/gnu/arm/4.9.3/bin/../lib/gcc/arm-none-eabi/4.9.3/armv6-m/crtbegin.o

.bss            0x20000178      0x370 load address 0x00005010
                0x20000178                PROVIDE (__bss_start__, .)
 *(.shbss)
 *(.bss .bss.* .gnu.linkonce.b.*)
 .bss           0x20000178       0x1c c:/program files (x86)/cypress/psoc creator/4.0/psoc creator/import/gnu/arm/4.9.3/bin/../lib/gcc/arm-none-eabi/4.9.3/armv6-m/crtbegin.o
 .bss           0x20000194      0x100 .\CortexM0\ARM_GCC_493\Debug\main.o
                0x20000194                cache
                0x20000214                update
 .bss           0x20000294        0x8 .\CortexM0\ARM_GCC_493\Debug\2F5S1SOC.a(I2C_Slave.o)
                0x20000294                I2C_Slave_initVar
                0x20000298                I2C_Slave_customIntrHandler
 .bss           0x2000029c       0x28 .\CortexM0\ARM_GCC_493\Debug\2F5S1SOC.a(CapSense.o)
                0x2000029c                CapSense_lowLevelTuningDone
                0x2000029d                CapSense_prescalersTuningDone
                0x2000029e                CapSense_csdStatusVar
                0x2000029f                CapSense_sensorIndex
                0x200002a0                CapSense_sensorRaw
 .bss           0x200002c4       0x50 .\CortexM0\ARM_GCC_493\Debug\2F5S1SOC.a(CapSense_CSHL.o)
                0x200002c4                CapSense_sensorBaseline
                0x200002e4                CapSense_sensorBaselineLow
                0x200002f4                CapSense_sensorSignal
                0x20000304                CapSense_sensorOnMask
 .bss           0x20000314        0x1 .\CortexM0\ARM_GCC_493\Debug\2F5S1SOC.a(CapSense_INT.o)
 .bss           0x20000315        0x1 .\CortexM0\ARM_GCC_493\Debug\2F5S1SOC.a(UART.o)
                0x20000315                UART_initVar
 .bss           0x20000316        0x1 .\CortexM0\ARM_GCC_493\Debug\2F5S1SOC.a(LED_CONTROL1.o)
                0x20000316                LED_CONTROL1_initVar
 .bss           0x20000317        0x1 .\CortexM0\ARM_GCC_493\Debug\2F5S1SOC.a(LED_CONTROL2.o)
                0x20000317                LED_CONTROL2_initVar
 *(COMMON)
 COMMON         0x20000318       0x50 .\CortexM0\ARM_GCC_493\Debug\main.o
                0x20000318                oldSock1
                0x2000031c                oldCurPos2
                0x20000320                but5
                0x20000324                temp2
                0x20000328                i2cWriteBuffer
                0x2000032c                but1
                0x20000330                but2
                0x20000334                temp5
                0x20000338                oldBut5
                0x2000033c                temp6
                0x2000033d                temp1
                0x2000033e                curPos1
                0x20000340                but4
                0x20000344                temp4
                0x20000348                oldBut3
                0x2000034c                oldBut1
                0x20000350                i2cReadBuffer
                0x20000352                curPos2
                0x20000354                sock1
                0x20000358                but3
                0x2000035c                oldBut2
                0x20000360                temp3
                0x20000362                oldCurPos1
                0x20000364                oldBut4
 COMMON         0x20000368        0x1 .\CortexM0\ARM_GCC_493\Debug\2F5S1SOC.a(I2C_Slave_I2C.o)
                0x20000368                I2C_Slave_state
 *fill*         0x20000369        0x3 
 COMMON         0x2000036c       0x1e .\CortexM0\ARM_GCC_493\Debug\2F5S1SOC.a(I2C_Slave_I2C_SLAVE.o)
                0x2000036c                I2C_Slave_slRdBufIndexTmp
                0x20000370                I2C_Slave_slRdBufIndex
                0x20000374                I2C_Slave_slWrBufSize
                0x20000378                I2C_Slave_slWrBufIndex
                0x2000037c                I2C_Slave_slRdBufPtr
                0x20000380                I2C_Slave_slWrBufPtr
                0x20000384                I2C_Slave_slRdBufSize
                0x20000388                I2C_Slave_slStatus
                0x20000389                I2C_Slave_slOverFlowCount
 *fill*         0x2000038a        0x2 
 COMMON         0x2000038c       0x5c .\CortexM0\ARM_GCC_493\Debug\2F5S1SOC.a(CapSense.o)
                0x2000038c                CapSense_csdTrim1
                0x20000390                CapSense_scanSpeedTbl
                0x20000394                CapSense_sensorEnableMaskBackup
                0x20000398                CapSense_senseClkDividerVal
                0x200003a8                CapSense_modulationIDAC
                0x200003b8                CapSense_compensationIDAC
                0x200003c8                CapSense_unscannedSnsDriveMode
                0x200003d8                CapSense_sampleClkDividerVal
 COMMON         0x200003e8       0x50 .\CortexM0\ARM_GCC_493\Debug\2F5S1SOC.a(CapSense_CSHL.o)
                0x200003e8                CapSense_noiseThreshold
                0x200003f0                CapSense_lowBaselineResetCnt
                0x20000400                CapSense_negativeNoiseThreshold
                0x20000408                CapSense_rawFilterData1
                0x20000428                CapSense_hysteresis
                0x20000430                CapSense_fingerThreshold
 COMMON         0x20000438       0xac .\CortexM0\ARM_GCC_493\Debug\2F5S1SOC.a(CapSense_SMS.o)
                0x20000438                CapSense_runningDifferenceTbl
                0x20000448                CapSense_signRegisterTbl
                0x20000458                CapSense_sampleMaxTbl
                0x20000478                CapSense_noiseEnvelopeTbl
                0x20000488                CapSense_previousSampleTbl
                0x200004a8                CapSense_sampleMinTbl
                0x200004c8                CapSense_config
                0x200004d4                CapSense_kValueTbl
                0x200004e8                . = ALIGN (0x8)
 *fill*         0x200004e4        0x4 
 *(.ram.b)
                0x200004e8                _end = .
                0x200004e8                __end = .
                0x200004e8                PROVIDE (end, .)
                0x200004e8                PROVIDE (__bss_end__, .)
                0x00004f60                __cy_region_init_ram = LOADADDR (.data)
                0x000000b0                __cy_region_init_size_ram = (_edata - ADDR (.data))
                0x00000370                __cy_region_zero_size_ram = (_end - _edata)

.heap           0x200004e8      0x100 load address 0x00005010
                0x200004e8                . = _end
                0x200005e8                . = (. + 0x100)
 *fill*         0x200004e8      0x100 
                0x200005e8                __cy_heap_limit = .

.stack          0x20003c00      0x400
                0x20003c00                __cy_stack_limit = .
                0x20004000                . = (. + 0x400)
 *fill*         0x20003c00      0x400 
                0x00000001                ASSERT ((__cy_stack_limit >= __cy_heap_limit), region RAM overflowed with stack)
                0x00000000                cy_checksum_exclude_size = (CY_APPL_LOADABLE == 0x1)?SIZEOF (.cy_checksum_exclude):0x0
                0x00000001                ASSERT ((cy_checksum_exclude_size <= CY_CHECKSUM_EXCLUDE_SIZE), CY_BOOT: Section .cy_checksum_exclude size exceedes specified limit.)
                0x0001ffc0                cyloadermeta_start = (cy_project_type_bootloader || cy_project_type_app_for_stack_and_copier)?(0x20000 - CY_METADATA_SIZE):0xf0000000

.cyloadermeta
 *(.cyloadermeta)
                0x0001ffc0                cyloadablemeta_start = cy_project_type_app_for_stack_and_copier?((0x20000 - CY_FLASH_ROW_SIZE) - CY_METADATA_SIZE):((0x20000 - (CY_FLASH_ROW_SIZE * (CY_APPL_NUM - 0x1))) - CY_METADATA_SIZE)

.cyloadablemeta
 *(.cyloadablemeta)

.cyflashprotect
                0x90400000       0x80
 *(.cyflashprotect)
 .cyflashprotect
                0x90400000       0x80 .\CortexM0\ARM_GCC_493\Debug\cymetadata.o
                0x90400000                cy_meta_flashprotect

.cymeta         0x90500000        0xc
 *(.cymeta)
 .cymeta        0x90500000        0xc .\CortexM0\ARM_GCC_493\Debug\cymetadata.o
                0x90500000                cy_metadata

.cychipprotect  0x90600000        0x4
 *(.cychipprotect)
 .cychipprotect
                0x90600000        0x4 .\CortexM0\ARM_GCC_493\Debug\cymetadata.o
                0x90600000                cy_meta_chipprotect

.rel.dyn        0x00005010        0x0 load address 0x90600004
 .rel.iplt      0x00000000        0x0 c:/program files (x86)/cypress/psoc creator/4.0/psoc creator/import/gnu/arm/4.9.3/bin/../lib/gcc/arm-none-eabi/4.9.3/armv6-m/crtbegin.o

.stab
 *(.stab)

.stabstr
 *(.stabstr)

.debug
 *(.debug)

.line
 *(.line)

.debug_srcinfo
 *(.debug_srcinfo)

.debug_sfnames
 *(.debug_sfnames)

.debug_aranges  0x00000000     0x1500
 *(.debug_aranges)
 .debug_aranges
                0x00000000       0x50 .\CortexM0\ARM_GCC_493\Debug\main.o
 .debug_aranges
                0x00000050       0x18 .\CortexM0\ARM_GCC_493\Debug\cymetadata.o
 .debug_aranges
                0x00000068       0x48 .\CortexM0\ARM_GCC_493\Debug\Cm0Start.o
 .debug_aranges
                0x000000b0       0x58 .\CortexM0\ARM_GCC_493\Debug\2F5S1SOC.a(cyfitter_cfg.o)
 .debug_aranges
                0x00000108       0x40 .\CortexM0\ARM_GCC_493\Debug\2F5S1SOC.a(CyFlash.o)
 .debug_aranges
                0x00000148      0x1b8 .\CortexM0\ARM_GCC_493\Debug\2F5S1SOC.a(CyLib.o)
 .debug_aranges
                0x00000300      0x158 .\CortexM0\ARM_GCC_493\Debug\2F5S1SOC.a(CyLFClk.o)
 .debug_aranges
                0x00000458       0x68 .\CortexM0\ARM_GCC_493\Debug\2F5S1SOC.a(I2C_Slave.o)
 .debug_aranges
                0x000004c0       0x28 .\CortexM0\ARM_GCC_493\Debug\2F5S1SOC.a(I2C_Slave_I2C.o)
 .debug_aranges
                0x000004e8       0x70 .\CortexM0\ARM_GCC_493\Debug\2F5S1SOC.a(I2C_Slave_I2C_SLAVE.o)
 .debug_aranges
                0x00000558      0x158 .\CortexM0\ARM_GCC_493\Debug\2F5S1SOC.a(CapSense.o)
 .debug_aranges
                0x000006b0      0x148 .\CortexM0\ARM_GCC_493\Debug\2F5S1SOC.a(CapSense_CSHL.o)
 .debug_aranges
                0x000007f8       0x20 .\CortexM0\ARM_GCC_493\Debug\2F5S1SOC.a(CapSense_INT.o)
 .debug_aranges
                0x00000818       0x60 .\CortexM0\ARM_GCC_493\Debug\2F5S1SOC.a(CapSense_SMS.o)
 .debug_aranges
                0x00000878       0x48 .\CortexM0\ARM_GCC_493\Debug\2F5S1SOC.a(LED1.o)
 .debug_aranges
                0x000008c0       0x48 .\CortexM0\ARM_GCC_493\Debug\2F5S1SOC.a(LED2.o)
 .debug_aranges
                0x00000908       0x48 .\CortexM0\ARM_GCC_493\Debug\2F5S1SOC.a(LED3.o)
 .debug_aranges
                0x00000950       0x48 .\CortexM0\ARM_GCC_493\Debug\2F5S1SOC.a(LED4.o)
 .debug_aranges
                0x00000998       0x48 .\CortexM0\ARM_GCC_493\Debug\2F5S1SOC.a(LED5.o)
 .debug_aranges
                0x000009e0       0x40 .\CortexM0\ARM_GCC_493\Debug\2F5S1SOC.a(CapSense_SampleClk.o)
 .debug_aranges
                0x00000a20       0x40 .\CortexM0\ARM_GCC_493\Debug\2F5S1SOC.a(CapSense_SenseClk.o)
 .debug_aranges
                0x00000a60       0x48 .\CortexM0\ARM_GCC_493\Debug\2F5S1SOC.a(InterPin.o)
 .debug_aranges
                0x00000aa8       0x60 .\CortexM0\ARM_GCC_493\Debug\2F5S1SOC.a(UART.o)
 .debug_aranges
                0x00000b08       0x88 .\CortexM0\ARM_GCC_493\Debug\2F5S1SOC.a(UART_UART.o)
 .debug_aranges
                0x00000b90       0x48 .\CortexM0\ARM_GCC_493\Debug\2F5S1SOC.a(LED6.o)
 .debug_aranges
                0x00000bd8       0x48 .\CortexM0\ARM_GCC_493\Debug\2F5S1SOC.a(LED7.o)
 .debug_aranges
                0x00000c20       0x48 .\CortexM0\ARM_GCC_493\Debug\2F5S1SOC.a(LED11.o)
 .debug_aranges
                0x00000c68       0x48 .\CortexM0\ARM_GCC_493\Debug\2F5S1SOC.a(LED12.o)
 .debug_aranges
                0x00000cb0       0x48 .\CortexM0\ARM_GCC_493\Debug\2F5S1SOC.a(LED13.o)
 .debug_aranges
                0x00000cf8       0x48 .\CortexM0\ARM_GCC_493\Debug\2F5S1SOC.a(LED14.o)
 .debug_aranges
                0x00000d40       0x48 .\CortexM0\ARM_GCC_493\Debug\2F5S1SOC.a(LED15.o)
 .debug_aranges
                0x00000d88       0x48 .\CortexM0\ARM_GCC_493\Debug\2F5S1SOC.a(LED10.o)
 .debug_aranges
                0x00000dd0       0x48 .\CortexM0\ARM_GCC_493\Debug\2F5S1SOC.a(LED9.o)
 .debug_aranges
                0x00000e18       0x48 .\CortexM0\ARM_GCC_493\Debug\2F5S1SOC.a(LED8.o)
 .debug_aranges
                0x00000e60       0x48 .\CortexM0\ARM_GCC_493\Debug\2F5S1SOC.a(LED16.o)
 .debug_aranges
                0x00000ea8      0x158 .\CortexM0\ARM_GCC_493\Debug\2F5S1SOC.a(LED_CONTROL1.o)
 .debug_aranges
                0x00001000      0x158 .\CortexM0\ARM_GCC_493\Debug\2F5S1SOC.a(LED_CONTROL2.o)
 .debug_aranges
                0x00001158       0x48 .\CortexM0\ARM_GCC_493\Debug\2F5S1SOC.a(Triac1.o)
 .debug_aranges
                0x000011a0       0x48 .\CortexM0\ARM_GCC_493\Debug\2F5S1SOC.a(Triac4.o)
 .debug_aranges
                0x000011e8       0x48 .\CortexM0\ARM_GCC_493\Debug\2F5S1SOC.a(Triac3.o)
 .debug_aranges
                0x00001230       0x48 .\CortexM0\ARM_GCC_493\Debug\2F5S1SOC.a(Triac2.o)
 .debug_aranges
                0x00001278       0x48 .\CortexM0\ARM_GCC_493\Debug\2F5S1SOC.a(Triac8.o)
 .debug_aranges
                0x000012c0       0x48 .\CortexM0\ARM_GCC_493\Debug\2F5S1SOC.a(Triac7.o)
 .debug_aranges
                0x00001308       0x48 .\CortexM0\ARM_GCC_493\Debug\2F5S1SOC.a(Triac5.o)
 .debug_aranges
                0x00001350       0x48 .\CortexM0\ARM_GCC_493\Debug\2F5S1SOC.a(Triac6.o)
 .debug_aranges
                0x00001398       0x80 .\CortexM0\ARM_GCC_493\Debug\2F5S1SOC.a(WdtIsr.o)
 .debug_aranges
                0x00001418       0x20 .\CortexM0\ARM_GCC_493\Debug\2F5S1SOC.a(CyBootAsmGnu.o)
 .debug_aranges
                0x00001438       0x20 .\CortexM0\ARM_GCC_493\Debug\2F5S1SOC.a(I2C_Slave_I2C_INT.o)
 .debug_aranges
                0x00001458       0x60 .\CortexM0\ARM_GCC_493\Debug\2F5S1SOC.a(UART_SPI_UART.o)
 .debug_aranges
                0x000014b8       0x48 C:\Program Files (x86)\Cypress\PSoC Creator\4.0\PSoC Creator\psoc\content\cycomponentlibrary\CyComponentLibrary.cylib\CapSense_CSD_P4_v2_40\PSoC4\Library\CapsenseP4Library_GCC.a(CSD_P4_SmartSense_v2_40.o)

.debug_pubnames
 *(.debug_pubnames)

.debug_info     0x00000000     0x9177
 *(.debug_info .gnu.linkonce.wi.*)
 .debug_info    0x00000000      0x3ec .\CortexM0\ARM_GCC_493\Debug\main.o
 .debug_info    0x000003ec       0xfe .\CortexM0\ARM_GCC_493\Debug\cymetadata.o
 .debug_info    0x000004ea      0x302 .\CortexM0\ARM_GCC_493\Debug\Cm0Start.o
 .debug_info    0x000007ec      0x38c .\CortexM0\ARM_GCC_493\Debug\2F5S1SOC.a(cyfitter_cfg.o)
 .debug_info    0x00000b78      0x259 .\CortexM0\ARM_GCC_493\Debug\2F5S1SOC.a(CyFlash.o)
 .debug_info    0x00000dd1      0xa77 .\CortexM0\ARM_GCC_493\Debug\2F5S1SOC.a(CyLib.o)
 .debug_info    0x00001848      0x83b .\CortexM0\ARM_GCC_493\Debug\2F5S1SOC.a(CyLFClk.o)
 .debug_info    0x00002083      0x1e4 .\CortexM0\ARM_GCC_493\Debug\2F5S1SOC.a(I2C_Slave.o)
 .debug_info    0x00002267      0x116 .\CortexM0\ARM_GCC_493\Debug\2F5S1SOC.a(I2C_Slave_I2C.o)
 .debug_info    0x0000237d      0x2db .\CortexM0\ARM_GCC_493\Debug\2F5S1SOC.a(I2C_Slave_I2C_SLAVE.o)
 .debug_info    0x00002658      0xc0e .\CortexM0\ARM_GCC_493\Debug\2F5S1SOC.a(CapSense.o)
 .debug_info    0x00003266      0xe5d .\CortexM0\ARM_GCC_493\Debug\2F5S1SOC.a(CapSense_CSHL.o)
 .debug_info    0x000040c3      0x11d .\CortexM0\ARM_GCC_493\Debug\2F5S1SOC.a(CapSense_INT.o)
 .debug_info    0x000041e0      0x643 .\CortexM0\ARM_GCC_493\Debug\2F5S1SOC.a(CapSense_SMS.o)
 .debug_info    0x00004823      0x19a .\CortexM0\ARM_GCC_493\Debug\2F5S1SOC.a(LED1.o)
 .debug_info    0x000049bd      0x19a .\CortexM0\ARM_GCC_493\Debug\2F5S1SOC.a(LED2.o)
 .debug_info    0x00004b57      0x19a .\CortexM0\ARM_GCC_493\Debug\2F5S1SOC.a(LED3.o)
 .debug_info    0x00004cf1      0x19a .\CortexM0\ARM_GCC_493\Debug\2F5S1SOC.a(LED4.o)
 .debug_info    0x00004e8b      0x19a .\CortexM0\ARM_GCC_493\Debug\2F5S1SOC.a(LED5.o)
 .debug_info    0x00005025      0x163 .\CortexM0\ARM_GCC_493\Debug\2F5S1SOC.a(CapSense_SampleClk.o)
 .debug_info    0x00005188      0x163 .\CortexM0\ARM_GCC_493\Debug\2F5S1SOC.a(CapSense_SenseClk.o)
 .debug_info    0x000052eb      0x19a .\CortexM0\ARM_GCC_493\Debug\2F5S1SOC.a(InterPin.o)
 .debug_info    0x00005485      0x1a6 .\CortexM0\ARM_GCC_493\Debug\2F5S1SOC.a(UART.o)
 .debug_info    0x0000562b      0x2ba .\CortexM0\ARM_GCC_493\Debug\2F5S1SOC.a(UART_UART.o)
 .debug_info    0x000058e5      0x19a .\CortexM0\ARM_GCC_493\Debug\2F5S1SOC.a(LED6.o)
 .debug_info    0x00005a7f      0x19a .\CortexM0\ARM_GCC_493\Debug\2F5S1SOC.a(LED7.o)
 .debug_info    0x00005c19      0x19a .\CortexM0\ARM_GCC_493\Debug\2F5S1SOC.a(LED11.o)
 .debug_info    0x00005db3      0x19a .\CortexM0\ARM_GCC_493\Debug\2F5S1SOC.a(LED12.o)
 .debug_info    0x00005f4d      0x19a .\CortexM0\ARM_GCC_493\Debug\2F5S1SOC.a(LED13.o)
 .debug_info    0x000060e7      0x19a .\CortexM0\ARM_GCC_493\Debug\2F5S1SOC.a(LED14.o)
 .debug_info    0x00006281      0x19a .\CortexM0\ARM_GCC_493\Debug\2F5S1SOC.a(LED15.o)
 .debug_info    0x0000641b      0x19a .\CortexM0\ARM_GCC_493\Debug\2F5S1SOC.a(LED10.o)
 .debug_info    0x000065b5      0x19a .\CortexM0\ARM_GCC_493\Debug\2F5S1SOC.a(LED9.o)
 .debug_info    0x0000674f      0x19a .\CortexM0\ARM_GCC_493\Debug\2F5S1SOC.a(LED8.o)
 .debug_info    0x000068e9      0x19a .\CortexM0\ARM_GCC_493\Debug\2F5S1SOC.a(LED16.o)
 .debug_info    0x00006a83      0x6f4 .\CortexM0\ARM_GCC_493\Debug\2F5S1SOC.a(LED_CONTROL1.o)
 .debug_info    0x00007177      0x6f4 .\CortexM0\ARM_GCC_493\Debug\2F5S1SOC.a(LED_CONTROL2.o)
 .debug_info    0x0000786b      0x19a .\CortexM0\ARM_GCC_493\Debug\2F5S1SOC.a(Triac1.o)
 .debug_info    0x00007a05      0x19a .\CortexM0\ARM_GCC_493\Debug\2F5S1SOC.a(Triac4.o)
 .debug_info    0x00007b9f      0x19a .\CortexM0\ARM_GCC_493\Debug\2F5S1SOC.a(Triac3.o)
 .debug_info    0x00007d39      0x19a .\CortexM0\ARM_GCC_493\Debug\2F5S1SOC.a(Triac2.o)
 .debug_info    0x00007ed3      0x19a .\CortexM0\ARM_GCC_493\Debug\2F5S1SOC.a(Triac8.o)
 .debug_info    0x0000806d      0x19a .\CortexM0\ARM_GCC_493\Debug\2F5S1SOC.a(Triac7.o)
 .debug_info    0x00008207      0x19a .\CortexM0\ARM_GCC_493\Debug\2F5S1SOC.a(Triac5.o)
 .debug_info    0x000083a1      0x19a .\CortexM0\ARM_GCC_493\Debug\2F5S1SOC.a(Triac6.o)
 .debug_info    0x0000853b      0x246 .\CortexM0\ARM_GCC_493\Debug\2F5S1SOC.a(WdtIsr.o)
 .debug_info    0x00008781       0x8b .\CortexM0\ARM_GCC_493\Debug\2F5S1SOC.a(CyBootAsmGnu.o)
 .debug_info    0x0000880c      0x17a .\CortexM0\ARM_GCC_493\Debug\2F5S1SOC.a(I2C_Slave_I2C_INT.o)
 .debug_info    0x00008986      0x20f .\CortexM0\ARM_GCC_493\Debug\2F5S1SOC.a(UART_SPI_UART.o)
 .debug_info    0x00008b95      0x5e2 C:\Program Files (x86)\Cypress\PSoC Creator\4.0\PSoC Creator\psoc\content\cycomponentlibrary\CyComponentLibrary.cylib\CapSense_CSD_P4_v2_40\PSoC4\Library\CapsenseP4Library_GCC.a(CSD_P4_SmartSense_v2_40.o)

.debug_abbrev   0x00000000     0x2c3c
 *(.debug_abbrev)
 .debug_abbrev  0x00000000      0x116 .\CortexM0\ARM_GCC_493\Debug\main.o
 .debug_abbrev  0x00000116       0x5d .\CortexM0\ARM_GCC_493\Debug\cymetadata.o
 .debug_abbrev  0x00000173      0x17c .\CortexM0\ARM_GCC_493\Debug\Cm0Start.o
 .debug_abbrev  0x000002ef      0x1b3 .\CortexM0\ARM_GCC_493\Debug\2F5S1SOC.a(cyfitter_cfg.o)
 .debug_abbrev  0x000004a2      0x120 .\CortexM0\ARM_GCC_493\Debug\2F5S1SOC.a(CyFlash.o)
 .debug_abbrev  0x000005c2      0x1e8 .\CortexM0\ARM_GCC_493\Debug\2F5S1SOC.a(CyLib.o)
 .debug_abbrev  0x000007aa      0x224 .\CortexM0\ARM_GCC_493\Debug\2F5S1SOC.a(CyLFClk.o)
 .debug_abbrev  0x000009ce       0xdb .\CortexM0\ARM_GCC_493\Debug\2F5S1SOC.a(I2C_Slave.o)
 .debug_abbrev  0x00000aa9       0x90 .\CortexM0\ARM_GCC_493\Debug\2F5S1SOC.a(I2C_Slave_I2C.o)
 .debug_abbrev  0x00000b39      0x13b .\CortexM0\ARM_GCC_493\Debug\2F5S1SOC.a(I2C_Slave_I2C_SLAVE.o)
 .debug_abbrev  0x00000c74      0x167 .\CortexM0\ARM_GCC_493\Debug\2F5S1SOC.a(CapSense.o)
 .debug_abbrev  0x00000ddb      0x1d1 .\CortexM0\ARM_GCC_493\Debug\2F5S1SOC.a(CapSense_CSHL.o)
 .debug_abbrev  0x00000fac       0x8a .\CortexM0\ARM_GCC_493\Debug\2F5S1SOC.a(CapSense_INT.o)
 .debug_abbrev  0x00001036      0x1a0 .\CortexM0\ARM_GCC_493\Debug\2F5S1SOC.a(CapSense_SMS.o)
 .debug_abbrev  0x000011d6       0xaa .\CortexM0\ARM_GCC_493\Debug\2F5S1SOC.a(LED1.o)
 .debug_abbrev  0x00001280       0xaa .\CortexM0\ARM_GCC_493\Debug\2F5S1SOC.a(LED2.o)
 .debug_abbrev  0x0000132a       0xaa .\CortexM0\ARM_GCC_493\Debug\2F5S1SOC.a(LED3.o)
 .debug_abbrev  0x000013d4       0xaa .\CortexM0\ARM_GCC_493\Debug\2F5S1SOC.a(LED4.o)
 .debug_abbrev  0x0000147e       0xaa .\CortexM0\ARM_GCC_493\Debug\2F5S1SOC.a(LED5.o)
 .debug_abbrev  0x00001528       0xa8 .\CortexM0\ARM_GCC_493\Debug\2F5S1SOC.a(CapSense_SampleClk.o)
 .debug_abbrev  0x000015d0       0xa8 .\CortexM0\ARM_GCC_493\Debug\2F5S1SOC.a(CapSense_SenseClk.o)
 .debug_abbrev  0x00001678       0xaa .\CortexM0\ARM_GCC_493\Debug\2F5S1SOC.a(InterPin.o)
 .debug_abbrev  0x00001722       0xcb .\CortexM0\ARM_GCC_493\Debug\2F5S1SOC.a(UART.o)
 .debug_abbrev  0x000017ed      0x104 .\CortexM0\ARM_GCC_493\Debug\2F5S1SOC.a(UART_UART.o)
 .debug_abbrev  0x000018f1       0xaa .\CortexM0\ARM_GCC_493\Debug\2F5S1SOC.a(LED6.o)
 .debug_abbrev  0x0000199b       0xaa .\CortexM0\ARM_GCC_493\Debug\2F5S1SOC.a(LED7.o)
 .debug_abbrev  0x00001a45       0xaa .\CortexM0\ARM_GCC_493\Debug\2F5S1SOC.a(LED11.o)
 .debug_abbrev  0x00001aef       0xaa .\CortexM0\ARM_GCC_493\Debug\2F5S1SOC.a(LED12.o)
 .debug_abbrev  0x00001b99       0xaa .\CortexM0\ARM_GCC_493\Debug\2F5S1SOC.a(LED13.o)
 .debug_abbrev  0x00001c43       0xaa .\CortexM0\ARM_GCC_493\Debug\2F5S1SOC.a(LED14.o)
 .debug_abbrev  0x00001ced       0xaa .\CortexM0\ARM_GCC_493\Debug\2F5S1SOC.a(LED15.o)
 .debug_abbrev  0x00001d97       0xaa .\CortexM0\ARM_GCC_493\Debug\2F5S1SOC.a(LED10.o)
 .debug_abbrev  0x00001e41       0xaa .\CortexM0\ARM_GCC_493\Debug\2F5S1SOC.a(LED9.o)
 .debug_abbrev  0x00001eeb       0xaa .\CortexM0\ARM_GCC_493\Debug\2F5S1SOC.a(LED8.o)
 .debug_abbrev  0x00001f95       0xaa .\CortexM0\ARM_GCC_493\Debug\2F5S1SOC.a(LED16.o)
 .debug_abbrev  0x0000203f       0xfc .\CortexM0\ARM_GCC_493\Debug\2F5S1SOC.a(LED_CONTROL1.o)
 .debug_abbrev  0x0000213b       0xfc .\CortexM0\ARM_GCC_493\Debug\2F5S1SOC.a(LED_CONTROL2.o)
 .debug_abbrev  0x00002237       0xaa .\CortexM0\ARM_GCC_493\Debug\2F5S1SOC.a(Triac1.o)
 .debug_abbrev  0x000022e1       0xaa .\CortexM0\ARM_GCC_493\Debug\2F5S1SOC.a(Triac4.o)
 .debug_abbrev  0x0000238b       0xaa .\CortexM0\ARM_GCC_493\Debug\2F5S1SOC.a(Triac3.o)
 .debug_abbrev  0x00002435       0xaa .\CortexM0\ARM_GCC_493\Debug\2F5S1SOC.a(Triac2.o)
 .debug_abbrev  0x000024df       0xaa .\CortexM0\ARM_GCC_493\Debug\2F5S1SOC.a(Triac8.o)
 .debug_abbrev  0x00002589       0xaa .\CortexM0\ARM_GCC_493\Debug\2F5S1SOC.a(Triac7.o)
 .debug_abbrev  0x00002633       0xaa .\CortexM0\ARM_GCC_493\Debug\2F5S1SOC.a(Triac5.o)
 .debug_abbrev  0x000026dd       0xaa .\CortexM0\ARM_GCC_493\Debug\2F5S1SOC.a(Triac6.o)
 .debug_abbrev  0x00002787      0x16a .\CortexM0\ARM_GCC_493\Debug\2F5S1SOC.a(WdtIsr.o)
 .debug_abbrev  0x000028f1       0x14 .\CortexM0\ARM_GCC_493\Debug\2F5S1SOC.a(CyBootAsmGnu.o)
 .debug_abbrev  0x00002905       0x88 .\CortexM0\ARM_GCC_493\Debug\2F5S1SOC.a(I2C_Slave_I2C_INT.o)
 .debug_abbrev  0x0000298d      0x14f .\CortexM0\ARM_GCC_493\Debug\2F5S1SOC.a(UART_SPI_UART.o)
 .debug_abbrev  0x00002adc      0x160 C:\Program Files (x86)\Cypress\PSoC Creator\4.0\PSoC Creator\psoc\content\cycomponentlibrary\CyComponentLibrary.cylib\CapSense_CSD_P4_v2_40\PSoC4\Library\CapsenseP4Library_GCC.a(CSD_P4_SmartSense_v2_40.o)

.debug_line     0x00000000     0x44d4
 *(.debug_line)
 .debug_line    0x00000000      0x29f .\CortexM0\ARM_GCC_493\Debug\main.o
 .debug_line    0x0000029f       0x51 .\CortexM0\ARM_GCC_493\Debug\cymetadata.o
 .debug_line    0x000002f0      0x1c8 .\CortexM0\ARM_GCC_493\Debug\Cm0Start.o
 .debug_line    0x000004b8      0x1ca .\CortexM0\ARM_GCC_493\Debug\2F5S1SOC.a(cyfitter_cfg.o)
 .debug_line    0x00000682      0x174 .\CortexM0\ARM_GCC_493\Debug\2F5S1SOC.a(CyFlash.o)
 .debug_line    0x000007f6      0x516 .\CortexM0\ARM_GCC_493\Debug\2F5S1SOC.a(CyLib.o)
 .debug_line    0x00000d0c      0x592 .\CortexM0\ARM_GCC_493\Debug\2F5S1SOC.a(CyLFClk.o)
 .debug_line    0x0000129e      0x122 .\CortexM0\ARM_GCC_493\Debug\2F5S1SOC.a(I2C_Slave.o)
 .debug_line    0x000013c0       0xa7 .\CortexM0\ARM_GCC_493\Debug\2F5S1SOC.a(I2C_Slave_I2C.o)
 .debug_line    0x00001467      0x139 .\CortexM0\ARM_GCC_493\Debug\2F5S1SOC.a(I2C_Slave_I2C_SLAVE.o)
 .debug_line    0x000015a0      0x4d2 .\CortexM0\ARM_GCC_493\Debug\2F5S1SOC.a(CapSense.o)
 .debug_line    0x00001a72      0x4a1 .\CortexM0\ARM_GCC_493\Debug\2F5S1SOC.a(CapSense_CSHL.o)
 .debug_line    0x00001f13       0x8f .\CortexM0\ARM_GCC_493\Debug\2F5S1SOC.a(CapSense_INT.o)
 .debug_line    0x00001fa2      0x1a2 .\CortexM0\ARM_GCC_493\Debug\2F5S1SOC.a(CapSense_SMS.o)
 .debug_line    0x00002144       0xbc .\CortexM0\ARM_GCC_493\Debug\2F5S1SOC.a(LED1.o)
 .debug_line    0x00002200       0xbc .\CortexM0\ARM_GCC_493\Debug\2F5S1SOC.a(LED2.o)
 .debug_line    0x000022bc       0xbc .\CortexM0\ARM_GCC_493\Debug\2F5S1SOC.a(LED3.o)
 .debug_line    0x00002378       0xbc .\CortexM0\ARM_GCC_493\Debug\2F5S1SOC.a(LED4.o)
 .debug_line    0x00002434       0xbc .\CortexM0\ARM_GCC_493\Debug\2F5S1SOC.a(LED5.o)
 .debug_line    0x000024f0       0xcf .\CortexM0\ARM_GCC_493\Debug\2F5S1SOC.a(CapSense_SampleClk.o)
 .debug_line    0x000025bf       0xce .\CortexM0\ARM_GCC_493\Debug\2F5S1SOC.a(CapSense_SenseClk.o)
 .debug_line    0x0000268d       0xc0 .\CortexM0\ARM_GCC_493\Debug\2F5S1SOC.a(InterPin.o)
 .debug_line    0x0000274d      0x105 .\CortexM0\ARM_GCC_493\Debug\2F5S1SOC.a(UART.o)
 .debug_line    0x00002852      0x18c .\CortexM0\ARM_GCC_493\Debug\2F5S1SOC.a(UART_UART.o)
 .debug_line    0x000029de       0xbc .\CortexM0\ARM_GCC_493\Debug\2F5S1SOC.a(LED6.o)
 .debug_line    0x00002a9a       0xbc .\CortexM0\ARM_GCC_493\Debug\2F5S1SOC.a(LED7.o)
 .debug_line    0x00002b56       0xbd .\CortexM0\ARM_GCC_493\Debug\2F5S1SOC.a(LED11.o)
 .debug_line    0x00002c13       0xbd .\CortexM0\ARM_GCC_493\Debug\2F5S1SOC.a(LED12.o)
 .debug_line    0x00002cd0       0xbd .\CortexM0\ARM_GCC_493\Debug\2F5S1SOC.a(LED13.o)
 .debug_line    0x00002d8d       0xbd .\CortexM0\ARM_GCC_493\Debug\2F5S1SOC.a(LED14.o)
 .debug_line    0x00002e4a       0xbd .\CortexM0\ARM_GCC_493\Debug\2F5S1SOC.a(LED15.o)
 .debug_line    0x00002f07       0xbd .\CortexM0\ARM_GCC_493\Debug\2F5S1SOC.a(LED10.o)
 .debug_line    0x00002fc4       0xbc .\CortexM0\ARM_GCC_493\Debug\2F5S1SOC.a(LED9.o)
 .debug_line    0x00003080       0xbc .\CortexM0\ARM_GCC_493\Debug\2F5S1SOC.a(LED8.o)
 .debug_line    0x0000313c       0xbd .\CortexM0\ARM_GCC_493\Debug\2F5S1SOC.a(LED16.o)
 .debug_line    0x000031f9      0x37a .\CortexM0\ARM_GCC_493\Debug\2F5S1SOC.a(LED_CONTROL1.o)
 .debug_line    0x00003573      0x37a .\CortexM0\ARM_GCC_493\Debug\2F5S1SOC.a(LED_CONTROL2.o)
 .debug_line    0x000038ed       0xbe .\CortexM0\ARM_GCC_493\Debug\2F5S1SOC.a(Triac1.o)
 .debug_line    0x000039ab       0xbe .\CortexM0\ARM_GCC_493\Debug\2F5S1SOC.a(Triac4.o)
 .debug_line    0x00003a69       0xbe .\CortexM0\ARM_GCC_493\Debug\2F5S1SOC.a(Triac3.o)
 .debug_line    0x00003b27       0xbe .\CortexM0\ARM_GCC_493\Debug\2F5S1SOC.a(Triac2.o)
 .debug_line    0x00003be5       0xbe .\CortexM0\ARM_GCC_493\Debug\2F5S1SOC.a(Triac8.o)
 .debug_line    0x00003ca3       0xbe .\CortexM0\ARM_GCC_493\Debug\2F5S1SOC.a(Triac7.o)
 .debug_line    0x00003d61       0xbe .\CortexM0\ARM_GCC_493\Debug\2F5S1SOC.a(Triac5.o)
 .debug_line    0x00003e1f       0xbe .\CortexM0\ARM_GCC_493\Debug\2F5S1SOC.a(Triac6.o)
 .debug_line    0x00003edd      0x155 .\CortexM0\ARM_GCC_493\Debug\2F5S1SOC.a(WdtIsr.o)
 .debug_line    0x00004032       0x66 .\CortexM0\ARM_GCC_493\Debug\2F5S1SOC.a(CyBootAsmGnu.o)
 .debug_line    0x00004098      0x144 .\CortexM0\ARM_GCC_493\Debug\2F5S1SOC.a(I2C_Slave_I2C_INT.o)
 .debug_line    0x000041dc      0x123 .\CortexM0\ARM_GCC_493\Debug\2F5S1SOC.a(UART_SPI_UART.o)
 .debug_line    0x000042ff      0x1d5 C:\Program Files (x86)\Cypress\PSoC Creator\4.0\PSoC Creator\psoc\content\cycomponentlibrary\CyComponentLibrary.cylib\CapSense_CSD_P4_v2_40\PSoC4\Library\CapsenseP4Library_GCC.a(CSD_P4_SmartSense_v2_40.o)

.debug_frame    0x00000000     0x43bc
 *(.debug_frame)
 .debug_frame   0x00000000       0xe8 .\CortexM0\ARM_GCC_493\Debug\main.o
 .debug_frame   0x000000e8       0xc8 .\CortexM0\ARM_GCC_493\Debug\Cm0Start.o
 .debug_frame   0x000001b0      0x108 .\CortexM0\ARM_GCC_493\Debug\2F5S1SOC.a(cyfitter_cfg.o)
 .debug_frame   0x000002b8       0xbc .\CortexM0\ARM_GCC_493\Debug\2F5S1SOC.a(CyFlash.o)
 .debug_frame   0x00000374      0x664 .\CortexM0\ARM_GCC_493\Debug\2F5S1SOC.a(CyLib.o)
 .debug_frame   0x000009d8      0x500 .\CortexM0\ARM_GCC_493\Debug\2F5S1SOC.a(CyLFClk.o)
 .debug_frame   0x00000ed8      0x134 .\CortexM0\ARM_GCC_493\Debug\2F5S1SOC.a(I2C_Slave.o)
 .debug_frame   0x0000100c       0x48 .\CortexM0\ARM_GCC_493\Debug\2F5S1SOC.a(I2C_Slave_I2C.o)
 .debug_frame   0x00001054      0x15c .\CortexM0\ARM_GCC_493\Debug\2F5S1SOC.a(I2C_Slave_I2C_SLAVE.o)
 .debug_frame   0x000011b0      0x504 .\CortexM0\ARM_GCC_493\Debug\2F5S1SOC.a(CapSense.o)
 .debug_frame   0x000016b4      0x4e4 .\CortexM0\ARM_GCC_493\Debug\2F5S1SOC.a(CapSense_CSHL.o)
 .debug_frame   0x00001b98       0x2c .\CortexM0\ARM_GCC_493\Debug\2F5S1SOC.a(CapSense_INT.o)
 .debug_frame   0x00001bc4      0x130 .\CortexM0\ARM_GCC_493\Debug\2F5S1SOC.a(CapSense_SMS.o)
 .debug_frame   0x00001cf4       0xc8 .\CortexM0\ARM_GCC_493\Debug\2F5S1SOC.a(LED1.o)
 .debug_frame   0x00001dbc       0xc8 .\CortexM0\ARM_GCC_493\Debug\2F5S1SOC.a(LED2.o)
 .debug_frame   0x00001e84       0xc8 .\CortexM0\ARM_GCC_493\Debug\2F5S1SOC.a(LED3.o)
 .debug_frame   0x00001f4c       0xc8 .\CortexM0\ARM_GCC_493\Debug\2F5S1SOC.a(LED4.o)
 .debug_frame   0x00002014       0xc8 .\CortexM0\ARM_GCC_493\Debug\2F5S1SOC.a(LED5.o)
 .debug_frame   0x000020dc       0xa4 .\CortexM0\ARM_GCC_493\Debug\2F5S1SOC.a(CapSense_SampleClk.o)
 .debug_frame   0x00002180       0xa4 .\CortexM0\ARM_GCC_493\Debug\2F5S1SOC.a(CapSense_SenseClk.o)
 .debug_frame   0x00002224       0xc8 .\CortexM0\ARM_GCC_493\Debug\2F5S1SOC.a(InterPin.o)
 .debug_frame   0x000022ec      0x114 .\CortexM0\ARM_GCC_493\Debug\2F5S1SOC.a(UART.o)
 .debug_frame   0x00002400      0x1bc .\CortexM0\ARM_GCC_493\Debug\2F5S1SOC.a(UART_UART.o)
 .debug_frame   0x000025bc       0xc8 .\CortexM0\ARM_GCC_493\Debug\2F5S1SOC.a(LED6.o)
 .debug_frame   0x00002684       0xc8 .\CortexM0\ARM_GCC_493\Debug\2F5S1SOC.a(LED7.o)
 .debug_frame   0x0000274c       0xc8 .\CortexM0\ARM_GCC_493\Debug\2F5S1SOC.a(LED11.o)
 .debug_frame   0x00002814       0xc8 .\CortexM0\ARM_GCC_493\Debug\2F5S1SOC.a(LED12.o)
 .debug_frame   0x000028dc       0xc8 .\CortexM0\ARM_GCC_493\Debug\2F5S1SOC.a(LED13.o)
 .debug_frame   0x000029a4       0xc8 .\CortexM0\ARM_GCC_493\Debug\2F5S1SOC.a(LED14.o)
 .debug_frame   0x00002a6c       0xc8 .\CortexM0\ARM_GCC_493\Debug\2F5S1SOC.a(LED15.o)
 .debug_frame   0x00002b34       0xc8 .\CortexM0\ARM_GCC_493\Debug\2F5S1SOC.a(LED10.o)
 .debug_frame   0x00002bfc       0xc8 .\CortexM0\ARM_GCC_493\Debug\2F5S1SOC.a(LED9.o)
 .debug_frame   0x00002cc4       0xc8 .\CortexM0\ARM_GCC_493\Debug\2F5S1SOC.a(LED8.o)
 .debug_frame   0x00002d8c       0xc8 .\CortexM0\ARM_GCC_493\Debug\2F5S1SOC.a(LED16.o)
 .debug_frame   0x00002e54      0x52c .\CortexM0\ARM_GCC_493\Debug\2F5S1SOC.a(LED_CONTROL1.o)
 .debug_frame   0x00003380      0x52c .\CortexM0\ARM_GCC_493\Debug\2F5S1SOC.a(LED_CONTROL2.o)
 .debug_frame   0x000038ac       0xc8 .\CortexM0\ARM_GCC_493\Debug\2F5S1SOC.a(Triac1.o)
 .debug_frame   0x00003974       0xc8 .\CortexM0\ARM_GCC_493\Debug\2F5S1SOC.a(Triac4.o)
 .debug_frame   0x00003a3c       0xc8 .\CortexM0\ARM_GCC_493\Debug\2F5S1SOC.a(Triac3.o)
 .debug_frame   0x00003b04       0xc8 .\CortexM0\ARM_GCC_493\Debug\2F5S1SOC.a(Triac2.o)
 .debug_frame   0x00003bcc       0xc8 .\CortexM0\ARM_GCC_493\Debug\2F5S1SOC.a(Triac8.o)
 .debug_frame   0x00003c94       0xc8 .\CortexM0\ARM_GCC_493\Debug\2F5S1SOC.a(Triac7.o)
 .debug_frame   0x00003d5c       0xc8 .\CortexM0\ARM_GCC_493\Debug\2F5S1SOC.a(Triac5.o)
 .debug_frame   0x00003e24       0xc8 .\CortexM0\ARM_GCC_493\Debug\2F5S1SOC.a(Triac6.o)
 .debug_frame   0x00003eec      0x190 .\CortexM0\ARM_GCC_493\Debug\2F5S1SOC.a(WdtIsr.o)
 .debug_frame   0x0000407c       0x30 .\CortexM0\ARM_GCC_493\Debug\2F5S1SOC.a(I2C_Slave_I2C_INT.o)
 .debug_frame   0x000040ac      0x128 .\CortexM0\ARM_GCC_493\Debug\2F5S1SOC.a(UART_SPI_UART.o)
 .debug_frame   0x000041d4       0xec C:\Program Files (x86)\Cypress\PSoC Creator\4.0\PSoC Creator\psoc\content\cycomponentlibrary\CyComponentLibrary.cylib\CapSense_CSD_P4_v2_40\PSoC4\Library\CapsenseP4Library_GCC.a(CSD_P4_SmartSense_v2_40.o)
 .debug_frame   0x000042c0       0x20 c:/program files (x86)/cypress/psoc creator/4.0/psoc creator/import/gnu/arm/4.9.3/bin/../lib/gcc/arm-none-eabi/4.9.3/armv6-m\libgcc.a(_udivsi3.o)
 .debug_frame   0x000042e0       0x20 c:/program files (x86)/cypress/psoc creator/4.0/psoc creator/import/gnu/arm/4.9.3/bin/../lib/gcc/arm-none-eabi/4.9.3/armv6-m\libgcc.a(_divsi3.o)
 .debug_frame   0x00004300       0x20 c:/program files (x86)/cypress/psoc creator/4.0/psoc creator/import/gnu/arm/4.9.3/bin/../lib/gcc/arm-none-eabi/4.9.3/../../../../arm-none-eabi/lib/armv6-m\libg_nano.a(lib_a-errno.o)
 .debug_frame   0x00004320       0x28 c:/program files (x86)/cypress/psoc creator/4.0/psoc creator/import/gnu/arm/4.9.3/bin/../lib/gcc/arm-none-eabi/4.9.3/../../../../arm-none-eabi/lib/armv6-m\libg_nano.a(lib_a-exit.o)
 .debug_frame   0x00004348       0x2c c:/program files (x86)/cypress/psoc creator/4.0/psoc creator/import/gnu/arm/4.9.3/bin/../lib/gcc/arm-none-eabi/4.9.3/../../../../arm-none-eabi/lib/armv6-m\libg_nano.a(lib_a-init.o)
 .debug_frame   0x00004374       0x28 c:/program files (x86)/cypress/psoc creator/4.0/psoc creator/import/gnu/arm/4.9.3/bin/../lib/gcc/arm-none-eabi/4.9.3/../../../../arm-none-eabi/lib/armv6-m\libg_nano.a(lib_a-memcpy.o)
 .debug_frame   0x0000439c       0x20 c:/program files (x86)/cypress/psoc creator/4.0/psoc creator/import/gnu/arm/4.9.3/bin/../lib/gcc/arm-none-eabi/4.9.3/../../../../arm-none-eabi/lib/armv6-m\libg_nano.a(lib_a-memset.o)

.debug_str      0x00000000     0x472f
 *(.debug_str)
 .debug_str     0x00000000      0x297 .\CortexM0\ARM_GCC_493\Debug\main.o
                                0x2d7 (size before relaxing)
 .debug_str     0x00000297       0x59 .\CortexM0\ARM_GCC_493\Debug\cymetadata.o
                                0x1c9 (size before relaxing)
 .debug_str     0x000002f0      0x12c .\CortexM0\ARM_GCC_493\Debug\Cm0Start.o
                                0x2bd (size before relaxing)
 .debug_str     0x0000041c      0x11c .\CortexM0\ARM_GCC_493\Debug\2F5S1SOC.a(cyfitter_cfg.o)
                                0x2d6 (size before relaxing)
 .debug_str     0x00000538       0xe0 .\CortexM0\ARM_GCC_493\Debug\2F5S1SOC.a(CyFlash.o)
                                0x264 (size before relaxing)
 .debug_str     0x00000618      0x594 .\CortexM0\ARM_GCC_493\Debug\2F5S1SOC.a(CyLib.o)
                                0x757 (size before relaxing)
 .debug_str     0x00000bac      0x50d .\CortexM0\ARM_GCC_493\Debug\2F5S1SOC.a(CyLFClk.o)
                                0x6c0 (size before relaxing)
 .debug_str     0x000010b9      0x151 .\CortexM0\ARM_GCC_493\Debug\2F5S1SOC.a(I2C_Slave.o)
                                0x2ce (size before relaxing)
 .debug_str     0x0000120a       0xb6 .\CortexM0\ARM_GCC_493\Debug\2F5S1SOC.a(I2C_Slave_I2C.o)
                                0x233 (size before relaxing)
 .debug_str     0x000012c0      0x221 .\CortexM0\ARM_GCC_493\Debug\2F5S1SOC.a(I2C_Slave_I2C_SLAVE.o)
                                0x408 (size before relaxing)
 .debug_str     0x000014e1      0x7d3 .\CortexM0\ARM_GCC_493\Debug\2F5S1SOC.a(CapSense.o)
                                0x984 (size before relaxing)
 .debug_str     0x00001cb4      0x7ea .\CortexM0\ARM_GCC_493\Debug\2F5S1SOC.a(CapSense_CSHL.o)
                                0xb2e (size before relaxing)
 .debug_str     0x0000249e       0x48 .\CortexM0\ARM_GCC_493\Debug\2F5S1SOC.a(CapSense_INT.o)
                                0x22a (size before relaxing)
 .debug_str     0x000024e6      0x21e .\CortexM0\ARM_GCC_493\Debug\2F5S1SOC.a(CapSense_SMS.o)
                                0x757 (size before relaxing)
 .debug_str     0x00002704       0x9b .\CortexM0\ARM_GCC_493\Debug\2F5S1SOC.a(LED1.o)
                                0x22a (size before relaxing)
 .debug_str     0x0000279f       0x80 .\CortexM0\ARM_GCC_493\Debug\2F5S1SOC.a(LED2.o)
                                0x22a (size before relaxing)
 .debug_str     0x0000281f       0x80 .\CortexM0\ARM_GCC_493\Debug\2F5S1SOC.a(LED3.o)
                                0x22a (size before relaxing)
 .debug_str     0x0000289f       0x80 .\CortexM0\ARM_GCC_493\Debug\2F5S1SOC.a(LED4.o)
                                0x22a (size before relaxing)
 .debug_str     0x0000291f       0x80 .\CortexM0\ARM_GCC_493\Debug\2F5S1SOC.a(LED5.o)
                                0x22a (size before relaxing)
 .debug_str     0x0000299f      0x119 .\CortexM0\ARM_GCC_493\Debug\2F5S1SOC.a(CapSense_SampleClk.o)
                                0x294 (size before relaxing)
 .debug_str     0x00002ab8       0xdf .\CortexM0\ARM_GCC_493\Debug\2F5S1SOC.a(CapSense_SenseClk.o)
                                0x28e (size before relaxing)
 .debug_str     0x00002b97       0x9c .\CortexM0\ARM_GCC_493\Debug\2F5S1SOC.a(InterPin.o)
                                0x246 (size before relaxing)
 .debug_str     0x00002c33       0xb9 .\CortexM0\ARM_GCC_493\Debug\2F5S1SOC.a(UART.o)
                                0x252 (size before relaxing)
 .debug_str     0x00002cec      0x17b .\CortexM0\ARM_GCC_493\Debug\2F5S1SOC.a(UART_UART.o)
                                0x31b (size before relaxing)
 .debug_str     0x00002e67       0x80 .\CortexM0\ARM_GCC_493\Debug\2F5S1SOC.a(LED6.o)
                                0x22a (size before relaxing)
 .debug_str     0x00002ee7       0x80 .\CortexM0\ARM_GCC_493\Debug\2F5S1SOC.a(LED7.o)
                                0x22a (size before relaxing)
 .debug_str     0x00002f67       0x87 .\CortexM0\ARM_GCC_493\Debug\2F5S1SOC.a(LED11.o)
                                0x231 (size before relaxing)
 .debug_str     0x00002fee       0x87 .\CortexM0\ARM_GCC_493\Debug\2F5S1SOC.a(LED12.o)
                                0x231 (size before relaxing)
 .debug_str     0x00003075       0x87 .\CortexM0\ARM_GCC_493\Debug\2F5S1SOC.a(LED13.o)
                                0x231 (size before relaxing)
 .debug_str     0x000030fc       0x87 .\CortexM0\ARM_GCC_493\Debug\2F5S1SOC.a(LED14.o)
                                0x231 (size before relaxing)
 .debug_str     0x00003183       0x87 .\CortexM0\ARM_GCC_493\Debug\2F5S1SOC.a(LED15.o)
                                0x231 (size before relaxing)
 .debug_str     0x0000320a       0x87 .\CortexM0\ARM_GCC_493\Debug\2F5S1SOC.a(LED10.o)
                                0x231 (size before relaxing)
 .debug_str     0x00003291       0x80 .\CortexM0\ARM_GCC_493\Debug\2F5S1SOC.a(LED9.o)
                                0x22a (size before relaxing)
 .debug_str     0x00003311       0x80 .\CortexM0\ARM_GCC_493\Debug\2F5S1SOC.a(LED8.o)
                                0x22a (size before relaxing)
 .debug_str     0x00003391       0x87 .\CortexM0\ARM_GCC_493\Debug\2F5S1SOC.a(LED16.o)
                                0x231 (size before relaxing)
 .debug_str     0x00003418      0x504 .\CortexM0\ARM_GCC_493\Debug\2F5S1SOC.a(LED_CONTROL1.o)
                                0x699 (size before relaxing)
 .debug_str     0x0000391c      0x44d .\CortexM0\ARM_GCC_493\Debug\2F5S1SOC.a(LED_CONTROL2.o)
                                0x699 (size before relaxing)
 .debug_str     0x00003d69       0x8e .\CortexM0\ARM_GCC_493\Debug\2F5S1SOC.a(Triac1.o)
                                0x238 (size before relaxing)
 .debug_str     0x00003df7       0x8e .\CortexM0\ARM_GCC_493\Debug\2F5S1SOC.a(Triac4.o)
                                0x238 (size before relaxing)
 .debug_str     0x00003e85       0x8e .\CortexM0\ARM_GCC_493\Debug\2F5S1SOC.a(Triac3.o)
                                0x238 (size before relaxing)
 .debug_str     0x00003f13       0x8e .\CortexM0\ARM_GCC_493\Debug\2F5S1SOC.a(Triac2.o)
                                0x238 (size before relaxing)
 .debug_str     0x00003fa1       0x8e .\CortexM0\ARM_GCC_493\Debug\2F5S1SOC.a(Triac8.o)
                                0x238 (size before relaxing)
 .debug_str     0x0000402f       0x8e .\CortexM0\ARM_GCC_493\Debug\2F5S1SOC.a(Triac7.o)
                                0x238 (size before relaxing)
 .debug_str     0x000040bd       0x8e .\CortexM0\ARM_GCC_493\Debug\2F5S1SOC.a(Triac5.o)
                                0x238 (size before relaxing)
 .debug_str     0x0000414b       0x8e .\CortexM0\ARM_GCC_493\Debug\2F5S1SOC.a(Triac6.o)
                                0x238 (size before relaxing)
 .debug_str     0x000041d9      0x103 .\CortexM0\ARM_GCC_493\Debug\2F5S1SOC.a(WdtIsr.o)
                                0x2ba (size before relaxing)
 .debug_str     0x000042dc       0x53 .\CortexM0\ARM_GCC_493\Debug\2F5S1SOC.a(I2C_Slave_I2C_INT.o)
                                0x2d4 (size before relaxing)
 .debug_str     0x0000432f      0x128 .\CortexM0\ARM_GCC_493\Debug\2F5S1SOC.a(UART_SPI_UART.o)
                                0x2bd (size before relaxing)
 .debug_str     0x00004457      0x2d8 C:\Program Files (x86)\Cypress\PSoC Creator\4.0\PSoC Creator\psoc\content\cycomponentlibrary\CyComponentLibrary.cylib\CapSense_CSD_P4_v2_40\PSoC4\Library\CapsenseP4Library_GCC.a(CSD_P4_SmartSense_v2_40.o)
                                0x59f (size before relaxing)

.debug_loc      0x00000000      0x68e
 *(.debug_loc)
 .debug_loc     0x00000000      0x68e C:\Program Files (x86)\Cypress\PSoC Creator\4.0\PSoC Creator\psoc\content\cycomponentlibrary\CyComponentLibrary.cylib\CapSense_CSD_P4_v2_40\PSoC4\Library\CapsenseP4Library_GCC.a(CSD_P4_SmartSense_v2_40.o)

.debug_macinfo
 *(.debug_macinfo)

.debug_ranges   0x00000000     0x11c8
 *(.debug_ranges)
 .debug_ranges  0x00000000       0x40 .\CortexM0\ARM_GCC_493\Debug\main.o
 .debug_ranges  0x00000040       0x38 .\CortexM0\ARM_GCC_493\Debug\Cm0Start.o
 .debug_ranges  0x00000078       0x48 .\CortexM0\ARM_GCC_493\Debug\2F5S1SOC.a(cyfitter_cfg.o)
 .debug_ranges  0x000000c0       0x30 .\CortexM0\ARM_GCC_493\Debug\2F5S1SOC.a(CyFlash.o)
 .debug_ranges  0x000000f0      0x1a8 .\CortexM0\ARM_GCC_493\Debug\2F5S1SOC.a(CyLib.o)
 .debug_ranges  0x00000298      0x148 .\CortexM0\ARM_GCC_493\Debug\2F5S1SOC.a(CyLFClk.o)
 .debug_ranges  0x000003e0       0x58 .\CortexM0\ARM_GCC_493\Debug\2F5S1SOC.a(I2C_Slave.o)
 .debug_ranges  0x00000438       0x18 .\CortexM0\ARM_GCC_493\Debug\2F5S1SOC.a(I2C_Slave_I2C.o)
 .debug_ranges  0x00000450       0x60 .\CortexM0\ARM_GCC_493\Debug\2F5S1SOC.a(I2C_Slave_I2C_SLAVE.o)
 .debug_ranges  0x000004b0      0x148 .\CortexM0\ARM_GCC_493\Debug\2F5S1SOC.a(CapSense.o)
 .debug_ranges  0x000005f8      0x138 .\CortexM0\ARM_GCC_493\Debug\2F5S1SOC.a(CapSense_CSHL.o)
 .debug_ranges  0x00000730       0x10 .\CortexM0\ARM_GCC_493\Debug\2F5S1SOC.a(CapSense_INT.o)
 .debug_ranges  0x00000740       0x50 .\CortexM0\ARM_GCC_493\Debug\2F5S1SOC.a(CapSense_SMS.o)
 .debug_ranges  0x00000790       0x38 .\CortexM0\ARM_GCC_493\Debug\2F5S1SOC.a(LED1.o)
 .debug_ranges  0x000007c8       0x38 .\CortexM0\ARM_GCC_493\Debug\2F5S1SOC.a(LED2.o)
 .debug_ranges  0x00000800       0x38 .\CortexM0\ARM_GCC_493\Debug\2F5S1SOC.a(LED3.o)
 .debug_ranges  0x00000838       0x38 .\CortexM0\ARM_GCC_493\Debug\2F5S1SOC.a(LED4.o)
 .debug_ranges  0x00000870       0x38 .\CortexM0\ARM_GCC_493\Debug\2F5S1SOC.a(LED5.o)
 .debug_ranges  0x000008a8       0x30 .\CortexM0\ARM_GCC_493\Debug\2F5S1SOC.a(CapSense_SampleClk.o)
 .debug_ranges  0x000008d8       0x30 .\CortexM0\ARM_GCC_493\Debug\2F5S1SOC.a(CapSense_SenseClk.o)
 .debug_ranges  0x00000908       0x38 .\CortexM0\ARM_GCC_493\Debug\2F5S1SOC.a(InterPin.o)
 .debug_ranges  0x00000940       0x50 .\CortexM0\ARM_GCC_493\Debug\2F5S1SOC.a(UART.o)
 .debug_ranges  0x00000990       0x78 .\CortexM0\ARM_GCC_493\Debug\2F5S1SOC.a(UART_UART.o)
 .debug_ranges  0x00000a08       0x38 .\CortexM0\ARM_GCC_493\Debug\2F5S1SOC.a(LED6.o)
 .debug_ranges  0x00000a40       0x38 .\CortexM0\ARM_GCC_493\Debug\2F5S1SOC.a(LED7.o)
 .debug_ranges  0x00000a78       0x38 .\CortexM0\ARM_GCC_493\Debug\2F5S1SOC.a(LED11.o)
 .debug_ranges  0x00000ab0       0x38 .\CortexM0\ARM_GCC_493\Debug\2F5S1SOC.a(LED12.o)
 .debug_ranges  0x00000ae8       0x38 .\CortexM0\ARM_GCC_493\Debug\2F5S1SOC.a(LED13.o)
 .debug_ranges  0x00000b20       0x38 .\CortexM0\ARM_GCC_493\Debug\2F5S1SOC.a(LED14.o)
 .debug_ranges  0x00000b58       0x38 .\CortexM0\ARM_GCC_493\Debug\2F5S1SOC.a(LED15.o)
 .debug_ranges  0x00000b90       0x38 .\CortexM0\ARM_GCC_493\Debug\2F5S1SOC.a(LED10.o)
 .debug_ranges  0x00000bc8       0x38 .\CortexM0\ARM_GCC_493\Debug\2F5S1SOC.a(LED9.o)
 .debug_ranges  0x00000c00       0x38 .\CortexM0\ARM_GCC_493\Debug\2F5S1SOC.a(LED8.o)
 .debug_ranges  0x00000c38       0x38 .\CortexM0\ARM_GCC_493\Debug\2F5S1SOC.a(LED16.o)
 .debug_ranges  0x00000c70      0x148 .\CortexM0\ARM_GCC_493\Debug\2F5S1SOC.a(LED_CONTROL1.o)
 .debug_ranges  0x00000db8      0x148 .\CortexM0\ARM_GCC_493\Debug\2F5S1SOC.a(LED_CONTROL2.o)
 .debug_ranges  0x00000f00       0x38 .\CortexM0\ARM_GCC_493\Debug\2F5S1SOC.a(Triac1.o)
 .debug_ranges  0x00000f38       0x38 .\CortexM0\ARM_GCC_493\Debug\2F5S1SOC.a(Triac4.o)
 .debug_ranges  0x00000f70       0x38 .\CortexM0\ARM_GCC_493\Debug\2F5S1SOC.a(Triac3.o)
 .debug_ranges  0x00000fa8       0x38 .\CortexM0\ARM_GCC_493\Debug\2F5S1SOC.a(Triac2.o)
 .debug_ranges  0x00000fe0       0x38 .\CortexM0\ARM_GCC_493\Debug\2F5S1SOC.a(Triac8.o)
 .debug_ranges  0x00001018       0x38 .\CortexM0\ARM_GCC_493\Debug\2F5S1SOC.a(Triac7.o)
 .debug_ranges  0x00001050       0x38 .\CortexM0\ARM_GCC_493\Debug\2F5S1SOC.a(Triac5.o)
 .debug_ranges  0x00001088       0x38 .\CortexM0\ARM_GCC_493\Debug\2F5S1SOC.a(Triac6.o)
 .debug_ranges  0x000010c0       0x70 .\CortexM0\ARM_GCC_493\Debug\2F5S1SOC.a(WdtIsr.o)
 .debug_ranges  0x00001130       0x10 .\CortexM0\ARM_GCC_493\Debug\2F5S1SOC.a(I2C_Slave_I2C_INT.o)
 .debug_ranges  0x00001140       0x50 .\CortexM0\ARM_GCC_493\Debug\2F5S1SOC.a(UART_SPI_UART.o)
 .debug_ranges  0x00001190       0x38 C:\Program Files (x86)\Cypress\PSoC Creator\4.0\PSoC Creator\psoc\content\cycomponentlibrary\CyComponentLibrary.cylib\CapSense_CSD_P4_v2_40\PSoC4\Library\CapsenseP4Library_GCC.a(CSD_P4_SmartSense_v2_40.o)

.comment        0x00000000       0x70
 .comment       0x00000000       0x70 .\CortexM0\ARM_GCC_493\Debug\main.o
                                 0x71 (size before relaxing)
 .comment       0x00000000       0x71 .\CortexM0\ARM_GCC_493\Debug\cymetadata.o
 .comment       0x00000000       0x71 .\CortexM0\ARM_GCC_493\Debug\Cm0Start.o
 .comment       0x00000000       0x71 .\CortexM0\ARM_GCC_493\Debug\2F5S1SOC.a(cyfitter_cfg.o)
 .comment       0x00000000       0x71 .\CortexM0\ARM_GCC_493\Debug\2F5S1SOC.a(CyFlash.o)
 .comment       0x00000000       0x71 .\CortexM0\ARM_GCC_493\Debug\2F5S1SOC.a(CyLib.o)
 .comment       0x00000000       0x71 .\CortexM0\ARM_GCC_493\Debug\2F5S1SOC.a(CyLFClk.o)
 .comment       0x00000000       0x71 .\CortexM0\ARM_GCC_493\Debug\2F5S1SOC.a(I2C_Slave.o)
 .comment       0x00000000       0x71 .\CortexM0\ARM_GCC_493\Debug\2F5S1SOC.a(I2C_Slave_I2C.o)
 .comment       0x00000000       0x71 .\CortexM0\ARM_GCC_493\Debug\2F5S1SOC.a(I2C_Slave_I2C_SLAVE.o)
 .comment       0x00000000       0x71 .\CortexM0\ARM_GCC_493\Debug\2F5S1SOC.a(CapSense.o)
 .comment       0x00000000       0x71 .\CortexM0\ARM_GCC_493\Debug\2F5S1SOC.a(CapSense_CSHL.o)
 .comment       0x00000000       0x71 .\CortexM0\ARM_GCC_493\Debug\2F5S1SOC.a(CapSense_INT.o)
 .comment       0x00000000       0x71 .\CortexM0\ARM_GCC_493\Debug\2F5S1SOC.a(CapSense_SMS.o)
 .comment       0x00000000       0x71 .\CortexM0\ARM_GCC_493\Debug\2F5S1SOC.a(LED1.o)
 .comment       0x00000000       0x71 .\CortexM0\ARM_GCC_493\Debug\2F5S1SOC.a(LED2.o)
 .comment       0x00000000       0x71 .\CortexM0\ARM_GCC_493\Debug\2F5S1SOC.a(LED3.o)
 .comment       0x00000000       0x71 .\CortexM0\ARM_GCC_493\Debug\2F5S1SOC.a(LED4.o)
 .comment       0x00000000       0x71 .\CortexM0\ARM_GCC_493\Debug\2F5S1SOC.a(LED5.o)
 .comment       0x00000000       0x71 .\CortexM0\ARM_GCC_493\Debug\2F5S1SOC.a(CapSense_SampleClk.o)
 .comment       0x00000000       0x71 .\CortexM0\ARM_GCC_493\Debug\2F5S1SOC.a(CapSense_SenseClk.o)
 .comment       0x00000000       0x71 .\CortexM0\ARM_GCC_493\Debug\2F5S1SOC.a(InterPin.o)
 .comment       0x00000000       0x71 .\CortexM0\ARM_GCC_493\Debug\2F5S1SOC.a(UART.o)
 .comment       0x00000000       0x71 .\CortexM0\ARM_GCC_493\Debug\2F5S1SOC.a(UART_UART.o)
 .comment       0x00000000       0x71 .\CortexM0\ARM_GCC_493\Debug\2F5S1SOC.a(LED6.o)
 .comment       0x00000000       0x71 .\CortexM0\ARM_GCC_493\Debug\2F5S1SOC.a(LED7.o)
 .comment       0x00000000       0x71 .\CortexM0\ARM_GCC_493\Debug\2F5S1SOC.a(LED11.o)
 .comment       0x00000000       0x71 .\CortexM0\ARM_GCC_493\Debug\2F5S1SOC.a(LED12.o)