Archive member included because of file (symbol)

.\CortexM0\ARM_GCC_493\Debug\8S.a(cyfitter_cfg.o)
                              .\CortexM0\ARM_GCC_493\Debug\Cm0Start.o (cyfitter_cfg)
.\CortexM0\ARM_GCC_493\Debug\8S.a(CyFlash.o)
                              .\CortexM0\ARM_GCC_493\Debug\main.o (CySysFlashWriteRow)
.\CortexM0\ARM_GCC_493\Debug\8S.a(CyLib.o)
                              .\CortexM0\ARM_GCC_493\Debug\main.o (CyDelay)
.\CortexM0\ARM_GCC_493\Debug\8S.a(CyLFClk.o)
                              .\CortexM0\ARM_GCC_493\Debug\8S.a(CyLib.o) (CySysClkWcoEnabled)
.\CortexM0\ARM_GCC_493\Debug\8S.a(I2C_Slave.o)
                              .\CortexM0\ARM_GCC_493\Debug\main.o (I2C_Slave_Start)
.\CortexM0\ARM_GCC_493\Debug\8S.a(I2C_Slave_I2C.o)
                              .\CortexM0\ARM_GCC_493\Debug\8S.a(I2C_Slave.o) (I2C_Slave_I2CInit)
.\CortexM0\ARM_GCC_493\Debug\8S.a(I2C_Slave_I2C_SLAVE.o)
                              .\CortexM0\ARM_GCC_493\Debug\8S.a(I2C_Slave_I2C.o) (I2C_Slave_slStatus)
.\CortexM0\ARM_GCC_493\Debug\8S.a(CapSense.o)
                              .\CortexM0\ARM_GCC_493\Debug\main.o (CapSense_Start)
.\CortexM0\ARM_GCC_493\Debug\8S.a(CapSense_CSHL.o)
                              .\CortexM0\ARM_GCC_493\Debug\8S.a(CapSense.o) (CapSense_rawDataIndex)
.\CortexM0\ARM_GCC_493\Debug\8S.a(CapSense_INT.o)
                              .\CortexM0\ARM_GCC_493\Debug\8S.a(CapSense.o) (CapSense_ISR)
.\CortexM0\ARM_GCC_493\Debug\8S.a(CapSense_SMS.o)
                              .\CortexM0\ARM_GCC_493\Debug\8S.a(CapSense_CSHL.o) (CapSense_config)
.\CortexM0\ARM_GCC_493\Debug\8S.a(LED1.o)
                              .\CortexM0\ARM_GCC_493\Debug\main.o (LED1_Write)
.\CortexM0\ARM_GCC_493\Debug\8S.a(LED2.o)
                              .\CortexM0\ARM_GCC_493\Debug\main.o (LED2_Write)
.\CortexM0\ARM_GCC_493\Debug\8S.a(LED3.o)
                              .\CortexM0\ARM_GCC_493\Debug\main.o (LED3_Write)
.\CortexM0\ARM_GCC_493\Debug\8S.a(LED4.o)
                              .\CortexM0\ARM_GCC_493\Debug\main.o (LED4_Write)
.\CortexM0\ARM_GCC_493\Debug\8S.a(LED5.o)
                              .\CortexM0\ARM_GCC_493\Debug\main.o (LED5_Write)
.\CortexM0\ARM_GCC_493\Debug\8S.a(CapSense_SampleClk.o)
                              .\CortexM0\ARM_GCC_493\Debug\8S.a(CapSense.o) (CapSense_SampleClk_StartEx)
.\CortexM0\ARM_GCC_493\Debug\8S.a(CapSense_SenseClk.o)
                              .\CortexM0\ARM_GCC_493\Debug\8S.a(CapSense.o) (CapSense_SenseClk_StartEx)
.\CortexM0\ARM_GCC_493\Debug\8S.a(InterPin.o)
                              .\CortexM0\ARM_GCC_493\Debug\main.o (InterPin_Write)
.\CortexM0\ARM_GCC_493\Debug\8S.a(UART.o)
                              .\CortexM0\ARM_GCC_493\Debug\main.o (UART_Start)
.\CortexM0\ARM_GCC_493\Debug\8S.a(UART_UART.o)
                              .\CortexM0\ARM_GCC_493\Debug\8S.a(UART.o) (UART_UartInit)
.\CortexM0\ARM_GCC_493\Debug\8S.a(LED6.o)
                              .\CortexM0\ARM_GCC_493\Debug\main.o (LED6_Write)
.\CortexM0\ARM_GCC_493\Debug\8S.a(LED7.o)
                              .\CortexM0\ARM_GCC_493\Debug\main.o (LED7_Write)
.\CortexM0\ARM_GCC_493\Debug\8S.a(LED8.o)
                              .\CortexM0\ARM_GCC_493\Debug\main.o (LED8_Write)
.\CortexM0\ARM_GCC_493\Debug\8S.a(Triac1.o)
                              .\CortexM0\ARM_GCC_493\Debug\main.o (Triac1_Write)
.\CortexM0\ARM_GCC_493\Debug\8S.a(Triac4.o)
                              .\CortexM0\ARM_GCC_493\Debug\main.o (Triac4_Write)
.\CortexM0\ARM_GCC_493\Debug\8S.a(Triac3.o)
                              .\CortexM0\ARM_GCC_493\Debug\main.o (Triac3_Write)
.\CortexM0\ARM_GCC_493\Debug\8S.a(Triac2.o)
                              .\CortexM0\ARM_GCC_493\Debug\main.o (Triac2_Write)
.\CortexM0\ARM_GCC_493\Debug\8S.a(Triac8.o)
                              .\CortexM0\ARM_GCC_493\Debug\main.o (Triac8_Write)
.\CortexM0\ARM_GCC_493\Debug\8S.a(Triac7.o)
                              .\CortexM0\ARM_GCC_493\Debug\main.o (Triac7_Write)
.\CortexM0\ARM_GCC_493\Debug\8S.a(Triac5.o)
                              .\CortexM0\ARM_GCC_493\Debug\main.o (Triac5_Write)
.\CortexM0\ARM_GCC_493\Debug\8S.a(Triac6.o)
                              .\CortexM0\ARM_GCC_493\Debug\main.o (Triac6_Write)
.\CortexM0\ARM_GCC_493\Debug\8S.a(CyBootAsmGnu.o)
                              .\CortexM0\ARM_GCC_493\Debug\8S.a(CyLib.o) (CyDelayCycles)
.\CortexM0\ARM_GCC_493\Debug\8S.a(I2C_Slave_I2C_INT.o)
                              .\CortexM0\ARM_GCC_493\Debug\8S.a(I2C_Slave_I2C.o) (I2C_Slave_I2C_ISR)
.\CortexM0\ARM_GCC_493\Debug\8S.a(UART_SPI_UART.o)
                              .\CortexM0\ARM_GCC_493\Debug\8S.a(UART_UART.o) (UART_SpiUartReadRxData)
C:\Program Files (x86)\Cypress\PSoC Creator\4.0\PSoC Creator\psoc\content\cycomponentlibrary\CyComponentLibrary.cylib\CapSense_CSD_P4_v2_40\PSoC4\Library\CapsenseP4Library_GCC.a(CSD_P4_SmartSense_v2_40.o)
[...]
Memory Configuration

Name             Origin             Length             Attributes
rom              0x00000000         0x00020000         xr
ram              0x20000000         0x00004000         xrw
*default*        0x00000000         0xffffffff

Linker script and memory map

LOAD c:/program files (x86)/cypress/psoc creator/4.0/psoc creator/import/gnu/arm/4.9.3/bin/../lib/gcc/arm-none-eabi/4.9.3/armv6-m/crti.o
LOAD c:/program files (x86)/cypress/psoc creator/4.0/psoc creator/import/gnu/arm/4.9.3/bin/../lib/gcc/arm-none-eabi/4.9.3/armv6-m/crtbegin.o
LOAD c:/program files (x86)/cypress/psoc creator/4.0/psoc creator/import/gnu/arm/4.9.3/bin/../lib/gcc/arm-none-eabi/4.9.3/../../../../arm-none-eabi/lib/armv6-m/crt0.o
START GROUP
LOAD .\CortexM0\ARM_GCC_493\Debug\main.o
LOAD .\CortexM0\ARM_GCC_493\Debug\cymetadata.o
LOAD .\CortexM0\ARM_GCC_493\Debug\Cm0Start.o
LOAD .\CortexM0\ARM_GCC_493\Debug\8S.a
LOAD C:\Program Files (x86)\Cypress\PSoC Creator\4.0\PSoC Creator\psoc\content\cycomponentlibrary\CyComponentLibrary.cylib\CapSense_CSD_P4_v2_40\PSoC4\Library\CapsenseP4Library_GCC.a
LOAD C:\Program Files (x86)\Cypress\PSoC Creator\4.0\PSoC Creator\psoc\content\cycomponentlibrary\CyComponentLibrary.cylib\CortexM0\ARM_GCC_493\Debug\CyComponentLibrary.a
END GROUP
START GROUP
LOAD c:/program files (x86)/cypress/psoc creator/4.0/psoc creator/import/gnu/arm/4.9.3/bin/../lib/gcc/arm-none-eabi/4.9.3/armv6-m\libgcc.a
LOAD c:/program files (x86)/cypress/psoc creator/4.0/psoc creator/import/gnu/arm/4.9.3/bin/../lib/gcc/arm-none-eabi/4.9.3/../../../../arm-none-eabi/lib/armv6-m\libg_nano.a
LOAD c:/program files (x86)/cypress/psoc creator/4.0/psoc creator/import/gnu/arm/4.9.3/bin/../lib/gcc/arm-none-eabi/4.9.3/../../../../arm-none-eabi/lib/armv6-m\libc_nano.a
END GROUP
START GROUP
LOAD c:/program files (x86)/cypress/psoc creator/4.0/psoc creator/import/gnu/arm/4.9.3/bin/../lib/gcc/arm-none-eabi/4.9.3/armv6-m\libgcc.a
LOAD c:/program files (x86)/cypress/psoc creator/4.0/psoc creator/import/gnu/arm/4.9.3/bin/../lib/gcc/arm-none-eabi/4.9.3/../../../../arm-none-eabi/lib/armv6-m\libc_nano.a
END GROUP
LOAD c:/program files (x86)/cypress/psoc creator/4.0/psoc creator/import/gnu/arm/4.9.3/bin/../lib/gcc/arm-none-eabi/4.9.3/armv6-m/crtend.o
LOAD c:/program files (x86)/cypress/psoc creator/4.0/psoc creator/import/gnu/arm/4.9.3/bin/../lib/gcc/arm-none-eabi/4.9.3/armv6-m/crtn.o
START GROUP
LOAD c:/program files (x86)/cypress/psoc creator/4.0/psoc creator/import/gnu/arm/4.9.3/bin/../lib/gcc/arm-none-eabi/4.9.3/armv6-m\libgcc.a
LOAD c:/program files (x86)/cypress/psoc creator/4.0/psoc creator/import/gnu/arm/4.9.3/bin/../lib/gcc/arm-none-eabi/4.9.3/../../../../arm-none-eabi/lib/armv6-m\libc.a
LOAD c:/program files (x86)/cypress/psoc creator/4.0/psoc creator/import/gnu/arm/4.9.3/bin/../lib/gcc/arm-none-eabi/4.9.3/../../../../arm-none-eabi/lib/armv6-m\libnosys.a
END GROUP
                0x00000000                CY_APPL_ORIGIN = 0x0
                0x00000080                CY_FLASH_ROW_SIZE = 0x80
                0x00000001                CY_APPL_NUM = 0x1
                0x00000001                CY_APPL_MAX = 0x1
                0x00000040                CY_METADATA_SIZE = 0x40
                0x00000000                CY_APPL_LOADABLE = 0x0
                0x00000000                CY_CHECKSUM_EXCLUDE_SIZE = ALIGN (0x0, CY_FLASH_ROW_SIZE)
                0x00000000                CY_APP_FOR_STACK_AND_COPIER = 0x0
                0x20000400                PROVIDE (__cy_heap_start, _end)
                0x00000001                PROVIDE (__cy_region_num, ((__cy_regions_end - __cy_regions) / 0x10))
                0x20004000                PROVIDE (__cy_stack, (ORIGIN (ram) + 0x4000))
                0x20003c00                PROVIDE (__cy_heap_end, (__cy_stack - 0x400))

.cybootloader   0x00000000        0x0
 *(.cybootloader)
                0x00000000                appl1_start = CY_APPL_ORIGIN?CY_APPL_ORIGIN:ALIGN (CY_FLASH_ROW_SIZE)
                0x0000ff80                appl2_start = (appl1_start + ALIGN ((((0x20000 - appl1_start) - (0x2 * CY_FLASH_ROW_SIZE)) / 0x2), CY_FLASH_ROW_SIZE))
                0x00000000                appl_start = (CY_APPL_NUM == 0x1)?appl1_start:appl2_start
                0x00000001                cy_project_type_bootloader = (appl_start == 0x0)?0x1:0x0
                0x00000000                cy_project_type_app_for_stack_and_copier = (CY_APP_FOR_STACK_AND_COPIER == 0x1)?0x1:0x0

.text           0x00000000     0x3d76
 CREATE_OBJECT_SYMBOLS
                0x00000000                PROVIDE (__cy_interrupt_vector, RomVectors)
 *(.romvectors)
 .romvectors    0x00000000       0x10 .\CortexM0\ARM_GCC_493\Debug\Cm0Start.o
                0x00000000                RomVectors
                0x00000001                ASSERT ((. != __cy_interrupt_vector), No interrupt vector)
                0x00000001                ASSERT (CY_APPL_ORIGIN?(SIZEOF (.cybootloader) <= CY_APPL_ORIGIN):0x1, Wrong image location)
                0x00000010                PROVIDE (__cy_reset, Reset)
 *(.text.Reset)
 .text.Reset    0x00000010        0x8 .\CortexM0\ARM_GCC_493\Debug\Cm0Start.o
                0x00000010                Reset
                0x00000001                ASSERT ((. != __cy_reset), No reset code)
 *(.psocinit)
 .psocinit      0x00000018      0x258 .\CortexM0\ARM_GCC_493\Debug\8S.a(cyfitter_cfg.o)
                0x000000e8                cyfitter_cfg
                0x00000270                . = MAX (., 0x100)
 *(.text .text.* .gnu.linkonce.t.*)
 .text          0x00000270       0x60 c:/program files (x86)/cypress/psoc creator/4.0/psoc creator/import/gnu/arm/4.9.3/bin/../lib/gcc/arm-none-eabi/4.9.3/armv6-m/crtbegin.o
 .text.main     0x000002d0      0x208 .\CortexM0\ARM_GCC_493\Debug\main.o
                0x000002d0                main
 .text.ExecuteCommand
                0x000004d8       0x40 .\CortexM0\ARM_GCC_493\Debug\main.o
                0x000004d8                ExecuteCommand
 .text.CapSense_DisplayState
                0x00000518      0x5f4 .\CortexM0\ARM_GCC_493\Debug\main.o
                0x00000518                CapSense_DisplayState
 .text.UpdateSwitchLeds
                0x00000b0c      0x3d0 .\CortexM0\ARM_GCC_493\Debug\main.o
                0x00000b0c                UpdateSwitchLeds
 .text.IntDefaultHandler
                0x00000edc        0x8 .\CortexM0\ARM_GCC_493\Debug\Cm0Start.o
                0x00000edc                IntDefaultHandler
 .text.Start_c  0x00000ee4       0x98 .\CortexM0\ARM_GCC_493\Debug\Cm0Start.o
                0x00000ee4                Start_c
 .text.initialize_psoc
                0x00000f7c       0x70 .\CortexM0\ARM_GCC_493\Debug\Cm0Start.o
                0x00000f7c                initialize_psoc
 .text.CYMEMZERO
                0x00000fec       0x20 .\CortexM0\ARM_GCC_493\Debug\8S.a(cyfitter_cfg.o)
 .text.cfg_write_bytes32
                0x0000100c       0x80 .\CortexM0\ARM_GCC_493\Debug\8S.a(cyfitter_cfg.o)
 .text.AnalogSetDefault
                0x0000108c       0x2c .\CortexM0\ARM_GCC_493\Debug\8S.a(cyfitter_cfg.o)
 .text.SetAnalogRoutingPumps
                0x000010b8       0x70 .\CortexM0\ARM_GCC_493\Debug\8S.a(cyfitter_cfg.o)
                0x000010b8                SetAnalogRoutingPumps
 .text.CySysFlashWriteRow
                0x00001128      0x164 .\CortexM0\ARM_GCC_493\Debug\8S.a(CyFlash.o)
                0x00001128                CySysFlashWriteRow
 .text.CySysFlashSetWaitCycles
                0x0000128c       0x74 .\CortexM0\ARM_GCC_493\Debug\8S.a(CyFlash.o)
                0x0000128c                CySysFlashSetWaitCycles
 .text.CySysFlashClockBackup
                0x00001300       0x14 .\CortexM0\ARM_GCC_493\Debug\8S.a(CyFlash.o)
 .text.CySysFlashClockRestore
                0x00001314       0x14 .\CortexM0\ARM_GCC_493\Debug\8S.a(CyFlash.o)
 .text.CySysClkImoEnableWcoLock
                0x00001328      0x144 .\CortexM0\ARM_GCC_493\Debug\8S.a(CyLib.o)
                0x00001328                CySysClkImoEnableWcoLock
 .text.CySysClkImoDisableWcoLock
                0x0000146c       0x1c .\CortexM0\ARM_GCC_493\Debug\8S.a(CyLib.o)
                0x0000146c                CySysClkImoDisableWcoLock
 .text.CySysClkImoGetWcoLock
                0x00001488       0x20 .\CortexM0\ARM_GCC_493\Debug\8S.a(CyLib.o)
                0x00001488                CySysClkImoGetWcoLock
 .text.CySysClkWriteImoFreq
                0x000014a8       0xb8 .\CortexM0\ARM_GCC_493\Debug\8S.a(CyLib.o)
                0x000014a8                CySysClkWriteImoFreq
 .text.CyIntSetVector
                0x00001560       0x4c .\CortexM0\ARM_GCC_493\Debug\8S.a(CyLib.o)
                0x00001560                CyIntSetVector
 .text.CyIntSetPriority
                0x000015ac       0xa8 .\CortexM0\ARM_GCC_493\Debug\8S.a(CyLib.o)
                0x000015ac                CyIntSetPriority
 .text.CyIntEnable
                0x00001654       0x28 .\CortexM0\ARM_GCC_493\Debug\8S.a(CyLib.o)
                0x00001654                CyIntEnable
 .text.CyIntDisable
                0x0000167c       0x28 .\CortexM0\ARM_GCC_493\Debug\8S.a(CyLib.o)
                0x0000167c                CyIntDisable
 .text.CyHalt   0x000016a4       0x14 .\CortexM0\ARM_GCC_493\Debug\8S.a(CyLib.o)
                0x000016a4                CyHalt
 .text.CyDelay  0x000016b8       0x48 .\CortexM0\ARM_GCC_493\Debug\8S.a(CyLib.o)
                0x000016b8                CyDelay
 .text.CySysClkWcoEnabled
                0x00001700       0x1c .\CortexM0\ARM_GCC_493\Debug\8S.a(CyLFClk.o)
                0x00001700                CySysClkWcoEnabled
 .text.I2C_Slave_Init
                0x0000171c        0xc .\CortexM0\ARM_GCC_493\Debug\8S.a(I2C_Slave.o)
                0x0000171c                I2C_Slave_Init
 .text.I2C_Slave_Enable
                0x00001728       0x24 .\CortexM0\ARM_GCC_493\Debug\8S.a(I2C_Slave.o)
                0x00001728                I2C_Slave_Enable
 .text.I2C_Slave_Start
                0x0000174c       0x24 .\CortexM0\ARM_GCC_493\Debug\8S.a(I2C_Slave.o)
                0x0000174c                I2C_Slave_Start
 .text.I2C_Slave_ScbEnableIntr
                0x00001770       0x10 .\CortexM0\ARM_GCC_493\Debug\8S.a(I2C_Slave.o)
 .text.I2C_Slave_ScbModePostEnable
                0x00001780        0x8 .\CortexM0\ARM_GCC_493\Debug\8S.a(I2C_Slave.o)
 .text.I2C_Slave_I2CInit
                0x00001788       0xe8 .\CortexM0\ARM_GCC_493\Debug\8S.a(I2C_Slave_I2C.o)
                0x00001788                I2C_Slave_I2CInit
 .text.I2C_Slave_I2CSlaveStatus
                0x00001870       0x14 .\CortexM0\ARM_GCC_493\Debug\8S.a(I2C_Slave_I2C_SLAVE.o)
                0x00001870                I2C_Slave_I2CSlaveStatus
 .text.I2C_Slave_I2CSlaveClearReadStatus
                0x00001884       0x40 .\CortexM0\ARM_GCC_493\Debug\8S.a(I2C_Slave_I2C_SLAVE.o)
                0x00001884                I2C_Slave_I2CSlaveClearReadStatus
 .text.I2C_Slave_I2CSlaveClearWriteStatus
                0x000018c4       0x40 .\CortexM0\ARM_GCC_493\Debug\8S.a(I2C_Slave_I2C_SLAVE.o)
                0x000018c4                I2C_Slave_I2CSlaveClearWriteStatus
 .text.I2C_Slave_I2CSlaveInitReadBuf
                0x00001904       0x4c .\CortexM0\ARM_GCC_493\Debug\8S.a(I2C_Slave_I2C_SLAVE.o)
                0x00001904                I2C_Slave_I2CSlaveInitReadBuf
 .text.I2C_Slave_I2CSlaveInitWriteBuf
                0x00001950       0x40 .\CortexM0\ARM_GCC_493\Debug\8S.a(I2C_Slave_I2C_SLAVE.o)
                0x00001950                I2C_Slave_I2CSlaveInitWriteBuf
 .text.I2C_Slave_I2CSlaveGetWriteBufSize
                0x00001990       0x14 .\CortexM0\ARM_GCC_493\Debug\8S.a(I2C_Slave_I2C_SLAVE.o)
                0x00001990                I2C_Slave_I2CSlaveGetWriteBufSize
 .text.I2C_Slave_I2CSlaveClearReadBuf
                0x000019a4       0x14 .\CortexM0\ARM_GCC_493\Debug\8S.a(I2C_Slave_I2C_SLAVE.o)
                0x000019a4                I2C_Slave_I2CSlaveClearReadBuf
 .text.I2C_Slave_I2CSlaveClearWriteBuf
                0x000019b8       0x14 .\CortexM0\ARM_GCC_493\Debug\8S.a(I2C_Slave_I2C_SLAVE.o)
                0x000019b8                I2C_Slave_I2CSlaveClearWriteBuf
 .text.CapSense_Init
                0x000019cc       0x38 .\CortexM0\ARM_GCC_493\Debug\8S.a(CapSense.o)
                0x000019cc                CapSense_Init
 .text.CapSense_CsdHwBlockInit
                0x00001a04       0xc0 .\CortexM0\ARM_GCC_493\Debug\8S.a(CapSense.o)
                0x00001a04                CapSense_CsdHwBlockInit
 .text.CapSense_Enable
                0x00001ac4       0x54 .\CortexM0\ARM_GCC_493\Debug\8S.a(CapSense.o)
                0x00001ac4                CapSense_Enable
 .text.CapSense_Start
                0x00001b18       0x44 .\CortexM0\ARM_GCC_493\Debug\8S.a(CapSense.o)
                0x00001b18                CapSense_Start
 .text.CapSense_FindNextSensor
                0x00001b5c       0x48 .\CortexM0\ARM_GCC_493\Debug\8S.a(CapSense.o)
                0x00001b5c                CapSense_FindNextSensor
 .text.CapSense_ScanSensor
                0x00001ba4       0x34 .\CortexM0\ARM_GCC_493\Debug\8S.a(CapSense.o)
                0x00001ba4                CapSense_ScanSensor
 .text.CapSense_ScanEnabledWidgets
                0x00001bd8       0x58 .\CortexM0\ARM_GCC_493\Debug\8S.a(CapSense.o)
                0x00001bd8                CapSense_ScanEnabledWidgets
 .text.CapSense_IsBusy
                0x00001c30       0x1c .\CortexM0\ARM_GCC_493\Debug\8S.a(CapSense.o)
                0x00001c30                CapSense_IsBusy
 .text.CapSense_ReadSensorRaw
                0x00001c4c       0x1c .\CortexM0\ARM_GCC_493\Debug\8S.a(CapSense.o)
                0x00001c4c                CapSense_ReadSensorRaw
 .text.CapSense_ClearSensors
                0x00001c68       0x28 .\CortexM0\ARM_GCC_493\Debug\8S.a(CapSense.o)
                0x00001c68                CapSense_ClearSensors
 .text.CapSense_EnableSensor
                0x00001c90       0xc8 .\CortexM0\ARM_GCC_493\Debug\8S.a(CapSense.o)
                0x00001c90                CapSense_EnableSensor
 .text.CapSense_DisableSensor
                0x00001d58      0x118 .\CortexM0\ARM_GCC_493\Debug\8S.a(CapSense.o)
                0x00001d58                CapSense_DisableSensor
 .text.CapSense_PreScan
                0x00001e70      0x14c .\CortexM0\ARM_GCC_493\Debug\8S.a(CapSense.o)
                0x00001e70                CapSense_PreScan
 .text.CapSense_PostScan
                0x00001fbc       0x74 .\CortexM0\ARM_GCC_493\Debug\8S.a(CapSense.o)
                0x00001fbc                CapSense_PostScan
 .text.CapSense_SetShieldDelay
                0x00002030       0x30 .\CortexM0\ARM_GCC_493\Debug\8S.a(CapSense.o)
                0x00002030                CapSense_SetShieldDelay
 .text.CapSense_GetBitValue
                0x00002060       0x44 .\CortexM0\ARM_GCC_493\Debug\8S.a(CapSense.o)
                0x00002060                CapSense_GetBitValue
 .text.CapSense_SetBitValue
                0x000020a4       0x68 .\CortexM0\ARM_GCC_493\Debug\8S.a(CapSense.o)
                0x000020a4                CapSense_SetBitValue
 .text.CapSense_GetSensorRaw
                0x0000210c       0x50 .\CortexM0\ARM_GCC_493\Debug\8S.a(CapSense.o)
                0x0000210c                CapSense_GetSensorRaw
 .text.CapSense_SetUnscannedSensorState
                0x0000215c       0x24 .\CortexM0\ARM_GCC_493\Debug\8S.a(CapSense.o)
                0x0000215c                CapSense_SetUnscannedSensorState
 .text.CapSense_BaseInit
                0x00002180       0x84 .\CortexM0\ARM_GCC_493\Debug\8S.a(CapSense_CSHL.o)
                0x00002180                CapSense_BaseInit
 .text.CapSense_InitializeSensorBaseline
                0x00002204       0x28 .\CortexM0\ARM_GCC_493\Debug\8S.a(CapSense_CSHL.o)
                0x00002204                CapSense_InitializeSensorBaseline
 .text.CapSense_InitializeAllBaselines
                0x0000222c       0x28 .\CortexM0\ARM_GCC_493\Debug\8S.a(CapSense_CSHL.o)
                0x0000222c                CapSense_InitializeAllBaselines
 .text.CapSense_UpdateBaselineNoThreshold
                0x00002254      0x238 .\CortexM0\ARM_GCC_493\Debug\8S.a(CapSense_CSHL.o)
                0x00002254                CapSense_UpdateBaselineNoThreshold
 .text.CapSense_UpdateSensorBaseline
                0x0000248c       0x20 .\CortexM0\ARM_GCC_493\Debug\8S.a(CapSense_CSHL.o)
                0x0000248c                CapSense_UpdateSensorBaseline
 .text.CapSense_UpdateEnabledBaselines
                0x000024ac       0x40 .\CortexM0\ARM_GCC_493\Debug\8S.a(CapSense_CSHL.o)
                0x000024ac                CapSense_UpdateEnabledBaselines
 .text.CapSense_CheckIsSensorActive
                0x000024ec      0x134 .\CortexM0\ARM_GCC_493\Debug\8S.a(CapSense_CSHL.o)
                0x000024ec                CapSense_CheckIsSensorActive
 .text.CapSense_CheckIsWidgetActive
                0x00002620       0x58 .\CortexM0\ARM_GCC_493\Debug\8S.a(CapSense_CSHL.o)
                0x00002620                CapSense_CheckIsWidgetActive
 .text.CapSense_IIR4Filter
                0x00002678       0x3c .\CortexM0\ARM_GCC_493\Debug\8S.a(CapSense_CSHL.o)
                0x00002678                CapSense_IIR4Filter
 .text.CapSense_ISR
                0x000026b4       0xd8 .\CortexM0\ARM_GCC_493\Debug\8S.a(CapSense_INT.o)
                0x000026b4                CapSense_ISR
 .text.CapSense_AutoTune
                0x0000278c       0xf4 .\CortexM0\ARM_GCC_493\Debug\8S.a(CapSense_SMS.o)
                0x0000278c                CapSense_AutoTune
 .text.CapSense_UpdateThresholds
                0x00002880       0xf0 .\CortexM0\ARM_GCC_493\Debug\8S.a(CapSense_SMS.o)
                0x00002880                CapSense_UpdateThresholds
 .text.CapSense_SetAnalogSwitchesSrcDirect
                0x00002970       0x18 .\CortexM0\ARM_GCC_493\Debug\8S.a(CapSense_SMS.o)
                0x00002970                CapSense_SetAnalogSwitchesSrcDirect
 .text.CapSense_DisableBaselineIDAC
                0x00002988       0x34 .\CortexM0\ARM_GCC_493\Debug\8S.a(CapSense_SMS.o)
                0x00002988                CapSense_DisableBaselineIDAC
 .text.CapSense_EnableBaselineIDAC
                0x000029bc       0x90 .\CortexM0\ARM_GCC_493\Debug\8S.a(CapSense_SMS.o)
                0x000029bc                CapSense_EnableBaselineIDAC
 .text.LED1_Write
                0x00002a4c       0x48 .\CortexM0\ARM_GCC_493\Debug\8S.a(LED1.o)
                0x00002a4c                LED1_Write
 .text.LED2_Write
                0x00002a94       0x4c .\CortexM0\ARM_GCC_493\Debug\8S.a(LED2.o)
                0x00002a94                LED2_Write
 .text.LED3_Write
                0x00002ae0       0x4c .\CortexM0\ARM_GCC_493\Debug\8S.a(LED3.o)
                0x00002ae0                LED3_Write
 .text.LED4_Write
                0x00002b2c       0x4c .\CortexM0\ARM_GCC_493\Debug\8S.a(LED4.o)
                0x00002b2c                LED4_Write
 .text.LED5_Write
                0x00002b78       0x4c .\CortexM0\ARM_GCC_493\Debug\8S.a(LED5.o)
                0x00002b78                LED5_Write
 .text.CapSense_SampleClk_StartEx
                0x00002bc4       0x2c .\CortexM0\ARM_GCC_493\Debug\8S.a(CapSense_SampleClk.o)
                0x00002bc4                CapSense_SampleClk_StartEx
 .text.CapSense_SampleClk_Stop
                0x00002bf0       0x20 .\CortexM0\ARM_GCC_493\Debug\8S.a(CapSense_SampleClk.o)
                0x00002bf0                CapSense_SampleClk_Stop
 .text.CapSense_SampleClk_SetFractionalDividerRegister
                0x00002c10       0x44 .\CortexM0\ARM_GCC_493\Debug\8S.a(CapSense_SampleClk.o)
                0x00002c10                CapSense_SampleClk_SetFractionalDividerRegister
 .text.CapSense_SenseClk_StartEx
                0x00002c54       0x2c .\CortexM0\ARM_GCC_493\Debug\8S.a(CapSense_SenseClk.o)
                0x00002c54                CapSense_SenseClk_StartEx
 .text.CapSense_SenseClk_Stop
                0x00002c80       0x20 .\CortexM0\ARM_GCC_493\Debug\8S.a(CapSense_SenseClk.o)
                0x00002c80                CapSense_SenseClk_Stop
 .text.CapSense_SenseClk_SetFractionalDividerRegister
                0x00002ca0       0x44 .\CortexM0\ARM_GCC_493\Debug\8S.a(CapSense_SenseClk.o)
                0x00002ca0                CapSense_SenseClk_SetFractionalDividerRegister
 .text.InterPin_Write
                0x00002ce4       0x4c .\CortexM0\ARM_GCC_493\Debug\8S.a(InterPin.o)
                0x00002ce4                InterPin_Write
 .text.InterPin_Read
                0x00002d30       0x1c .\CortexM0\ARM_GCC_493\Debug\8S.a(InterPin.o)
                0x00002d30                InterPin_Read
 .text.UART_Init
                0x00002d4c        0xc .\CortexM0\ARM_GCC_493\Debug\8S.a(UART.o)
                0x00002d4c                UART_Init
 .text.UART_Enable
                0x00002d58       0x24 .\CortexM0\ARM_GCC_493\Debug\8S.a(UART.o)
                0x00002d58                UART_Enable
 .text.UART_Start
                0x00002d7c       0x24 .\CortexM0\ARM_GCC_493\Debug\8S.a(UART.o)
                0x00002d7c                UART_Start
 .text.UART_ScbEnableIntr
                0x00002da0        0x8 .\CortexM0\ARM_GCC_493\Debug\8S.a(UART.o)
 .text.UART_ScbModePostEnable
                0x00002da8        0xc .\CortexM0\ARM_GCC_493\Debug\8S.a(UART.o)
 .text.UART_UartInit
                0x00002db4       0xb0 .\CortexM0\ARM_GCC_493\Debug\8S.a(UART_UART.o)
                0x00002db4                UART_UartInit
 .text.UART_UartPostEnable
                0x00002e64       0x1c .\CortexM0\ARM_GCC_493\Debug\8S.a(UART_UART.o)
                0x00002e64                UART_UartPostEnable
 .text.UART_UartPutString
                0x00002e80       0x34 .\CortexM0\ARM_GCC_493\Debug\8S.a(UART_UART.o)
                0x00002e80                UART_UartPutString
 .text.LED6_Write
                0x00002eb4       0x4c .\CortexM0\ARM_GCC_493\Debug\8S.a(LED6.o)
                0x00002eb4                LED6_Write
 .text.LED7_Write
                0x00002f00       0x4c .\CortexM0\ARM_GCC_493\Debug\8S.a(LED7.o)
                0x00002f00                LED7_Write
 .text.LED8_Write
                0x00002f4c       0x4c .\CortexM0\ARM_GCC_493\Debug\8S.a(LED8.o)
                0x00002f4c                LED8_Write
 .text.Triac1_Write
                0x00002f98       0x4c .\CortexM0\ARM_GCC_493\Debug\8S.a(Triac1.o)
                0x00002f98                Triac1_Write
 .text.Triac4_Write
                0x00002fe4       0x48 .\CortexM0\ARM_GCC_493\Debug\8S.a(Triac4.o)
                0x00002fe4                Triac4_Write
 .text.Triac3_Write
                0x0000302c       0x4c .\CortexM0\ARM_GCC_493\Debug\8S.a(Triac3.o)
                0x0000302c                Triac3_Write
 .text.Triac2_Write
                0x00003078       0x4c .\CortexM0\ARM_GCC_493\Debug\8S.a(Triac2.o)
                0x00003078                Triac2_Write
 .text.Triac8_Write
                0x000030c4       0x4c .\CortexM0\ARM_GCC_493\Debug\8S.a(Triac8.o)
                0x000030c4                Triac8_Write
 .text.Triac7_Write
                0x00003110       0x4c .\CortexM0\ARM_GCC_493\Debug\8S.a(Triac7.o)
                0x00003110                Triac7_Write
 .text.Triac5_Write
                0x0000315c       0x48 .\CortexM0\ARM_GCC_493\Debug\8S.a(Triac5.o)
                0x0000315c                Triac5_Write
 .text.Triac6_Write
                0x000031a4       0x4c .\CortexM0\ARM_GCC_493\Debug\8S.a(Triac6.o)
                0x000031a4                Triac6_Write
 .text          0x000031f0       0x20 .\CortexM0\ARM_GCC_493\Debug\8S.a(CyBootAsmGnu.o)
                0x000031f0                CyDelayCycles
                0x00003202                CyEnterCriticalSection
                0x0000320a                CyExitCriticalSection
 .text.I2C_Slave_I2C_ISR
                0x00003210      0x514 .\CortexM0\ARM_GCC_493\Debug\8S.a(I2C_Slave_I2C_INT.o)
                0x00003210                I2C_Slave_I2C_ISR
 .text.UART_SpiUartWriteTxData
                0x00003724       0x2c .\CortexM0\ARM_GCC_493\Debug\8S.a(UART_SPI_UART.o)
                0x00003724                UART_SpiUartWriteTxData
 .text.CalibrateOneDAC_P4_v2_40
                0x00003750       0x40 C:\Program Files (x86)\Cypress\PSoC Creator\4.0\PSoC Creator\psoc\content\cycomponentlibrary\CyComponentLibrary.cylib\CapSense_CSD_P4_v2_40\PSoC4\Library\CapsenseP4Library_GCC.a(CSD_P4_SmartSense_v2_40.o)
                0x00003750                CalibrateOneDAC_P4_v2_40
 .text.CalibrateSensors_P4_v2_40
                0x00003790       0x22 C:\Program Files (x86)\Cypress\PSoC Creator\4.0\PSoC Creator\psoc\content\cycomponentlibrary\CyComponentLibrary.cylib\CapSense_CSD_P4_v2_40\PSoC4\Library\CapsenseP4Library_GCC.a(CSD_P4_SmartSense_v2_40.o)
                0x00003790                CalibrateSensors_P4_v2_40
 .text.TunePrescalers_P4_v2_40
                0x000037b2       0x42 C:\Program Files (x86)\Cypress\PSoC Creator\4.0\PSoC Creator\psoc\content\cycomponentlibrary\CyComponentLibrary.cylib\CapSense_CSD_P4_v2_40\PSoC4\Library\CapsenseP4Library_GCC.a(CSD_P4_SmartSense_v2_40.o)
                0x000037b2                TunePrescalers_P4_v2_40
 .text.TuneSensitivity_P4_v2_40
                0x000037f4       0xdc C:\Program Files (x86)\Cypress\PSoC Creator\4.0\PSoC Creator\psoc\content\cycomponentlibrary\CyComponentLibrary.cylib\CapSense_CSD_P4_v2_40\PSoC4\Library\CapsenseP4Library_GCC.a(CSD_P4_SmartSense_v2_40.o)
                0x000037f4                TuneSensitivity_P4_v2_40
 .text.MeasureNoiseEnvelope_P4_v2_40
                0x000038d0       0xfc C:\Program Files (x86)\Cypress\PSoC Creator\4.0\PSoC Creator\psoc\content\cycomponentlibrary\CyComponentLibrary.cylib\CapSense_CSD_P4_v2_40\PSoC4\Library\CapsenseP4Library_GCC.a(CSD_P4_SmartSense_v2_40.o)
                0x000038d0                MeasureNoiseEnvelope_P4_v2_40
 .text.CalculateThresholds_P4_v2_40
                0x000039cc       0x36 C:\Program Files (x86)\Cypress\PSoC Creator\4.0\PSoC Creator\psoc\content\cycomponentlibrary\CyComponentLibrary.cylib\CapSense_CSD_P4_v2_40\PSoC4\Library\CapsenseP4Library_GCC.a(CSD_P4_SmartSense_v2_40.o)
                0x000039cc                CalculateThresholds_P4_v2_40
 *fill*         0x00003a02        0x2 
 .text          0x00003a04      0x120 c:/program files (x86)/cypress/psoc creator/4.0/psoc creator/import/gnu/arm/4.9.3/bin/../lib/gcc/arm-none-eabi/4.9.3/armv6-m\libgcc.a(_udivsi3.o)
                0x00003a04                __aeabi_uidiv
                0x00003a04                __udivsi3
                0x00003b10                __aeabi_uidivmod
 .text          0x00003b24      0x1e0 c:/program files (x86)/cypress/psoc creator/4.0/psoc creator/import/gnu/arm/4.9.3/bin/../lib/gcc/arm-none-eabi/4.9.3/armv6-m\libgcc.a(_divsi3.o)
                0x00003b24                __divsi3
                0x00003b24                __aeabi_idiv
                0x00003cf0                __aeabi_idivmod
 .text          0x00003d04        0x4 c:/program files (x86)/cypress/psoc creator/4.0/psoc creator/import/gnu/arm/4.9.3/bin/../lib/gcc/arm-none-eabi/4.9.3/armv6-m\libgcc.a(_dvmd_tls.o)
                0x00003d04                __aeabi_idiv0
                0x00003d04                __aeabi_ldiv0
 .text.__libc_init_array
                0x00003d08       0x4c c:/program files (x86)/cypress/psoc creator/4.0/psoc creator/import/gnu/arm/4.9.3/bin/../lib/gcc/arm-none-eabi/4.9.3/../../../../arm-none-eabi/lib/armv6-m\libg_nano.a(lib_a-init.o)
                0x00003d08                __libc_init_array
 .text.memcpy   0x00003d54       0x12 c:/program files (x86)/cypress/psoc creator/4.0/psoc creator/import/gnu/arm/4.9.3/bin/../lib/gcc/arm-none-eabi/4.9.3/../../../../arm-none-eabi/lib/armv6-m\libg_nano.a(lib_a-memcpy.o)
                0x00003d54                memcpy
 .text.memset   0x00003d66       0x10 c:/program files (x86)/cypress/psoc creator/4.0/psoc creator/import/gnu/arm/4.9.3/bin/../lib/gcc/arm-none-eabi/4.9.3/../../../../arm-none-eabi/lib/armv6-m\libg_nano.a(lib_a-memset.o)
                0x00003d66                memset
 *(.plt)
 *(.gnu.warning)
 *(.glue_7t)
 .glue_7t       0x00000000        0x0 linker stubs
 *(.glue_7)
 .glue_7        0x00000000        0x0 linker stubs
 *(.vfp11_veneer)
 .vfp11_veneer  0x00000000        0x0 linker stubs
 *(.bootloader)
 *(.ARM.extab* .gnu.linkonce.armextab.*)
 *(.gcc_except_table)

.v4_bx          0x00003d78        0x0
 .v4_bx         0x00000000        0x0 linker stubs

.iplt           0x00003d78        0x0
 .iplt          0x00000000        0x0 c:/program files (x86)/cypress/psoc creator/4.0/psoc creator/import/gnu/arm/4.9.3/bin/../lib/gcc/arm-none-eabi/4.9.3/armv6-m/crtbegin.o

.eh_frame_hdr
 *(.eh_frame_hdr)

.eh_frame       0x00003d78        0x4
 *(.eh_frame)
 .eh_frame      0x00003d78        0x0 c:/program files (x86)/cypress/psoc creator/4.0/psoc creator/import/gnu/arm/4.9.3/bin/../lib/gcc/arm-none-eabi/4.9.3/armv6-m/crtbegin.o
 .eh_frame      0x00003d78        0x4 c:/program files (x86)/cypress/psoc creator/4.0/psoc creator/import/gnu/arm/4.9.3/bin/../lib/gcc/arm-none-eabi/4.9.3/armv6-m/crtend.o
                0x00003d7c                PROVIDE (__exidx_start, .)

.ARM.exidx
 *(.ARM.exidx* .gnu.linkonce.armexidx.*)
                0x00003d7c                __exidx_end = .

.rodata         0x00003d7c      0x62c
 *(.rodata .rodata.* .gnu.linkonce.r.*)
 .rodata        0x00003d7c      0x464 .\CortexM0\ARM_GCC_493\Debug\main.o
 .rodata        0x000041e0       0x38 .\CortexM0\ARM_GCC_493\Debug\8S.a(cyfitter_cfg.o)
 .rodata        0x00004218       0x48 .\CortexM0\ARM_GCC_493\Debug\8S.a(CyLib.o)
                0x00004218                cyImoFreqMhz2Reg
                0x00004248                cyImoFreqMhz2DpllOffset
 .rodata        0x00004260       0x98 .\CortexM0\ARM_GCC_493\Debug\8S.a(CapSense.o)
                0x00004260                CapSense_portTable
                0x00004268                CapSense_maskTable
                0x00004288                CapSense_pinShiftTbl
                0x00004290                CapSense_widgetNumber
                0x00004298                CapSense_prtSelTbl
                0x000042b8                CapSense_prtCfgTbl
                0x000042d8                CapSense_prtDRTbl
 .rodata        0x000042f8       0x10 .\CortexM0\ARM_GCC_493\Debug\8S.a(CapSense_CSHL.o)
                0x000042f8                CapSense_rawDataIndex
                0x00004300                CapSense_numberOfSensors
 .rodata        0x00004308       0x6c .\CortexM0\ARM_GCC_493\Debug\8S.a(CapSense_SMS.o)
                0x00004308                CapSense_prescalerTable
                0x00004318                CapSense_configPointers
                0x00004374                . = ALIGN (0x4)
 *(.init)
 .init          0x00004374        0x4 c:/program files (x86)/cypress/psoc creator/4.0/psoc creator/import/gnu/arm/4.9.3/bin/../lib/gcc/arm-none-eabi/4.9.3/armv6-m/crti.o
                0x00004374                _init
 .init          0x00004378        0x8 c:/program files (x86)/cypress/psoc creator/4.0/psoc creator/import/gnu/arm/4.9.3/bin/../lib/gcc/arm-none-eabi/4.9.3/armv6-m/crtn.o
                0x00004380                . = ALIGN (0x4)
                0x00004380                __preinit_array_start = .
 *(.preinit_array)
                0x00004380                __preinit_array_end = .
                0x00004380                . = ALIGN (0x4)
                0x00004380                __init_array_start = .
 *(SORT(.init_array.*))
 *(.init_array)
 .init_array    0x00004380        0x4 c:/program files (x86)/cypress/psoc creator/4.0/psoc creator/import/gnu/arm/4.9.3/bin/../lib/gcc/arm-none-eabi/4.9.3/armv6-m/crtbegin.o
 .init_array    0x00004384        0x4 .\CortexM0\ARM_GCC_493\Debug\Cm0Start.o
                0x00004388                __init_array_end = .
                0x00004388                . = ALIGN (0x4)
 *(.fini)
 .fini          0x00004388        0x4 c:/program files (x86)/cypress/psoc creator/4.0/psoc creator/import/gnu/arm/4.9.3/bin/../lib/gcc/arm-none-eabi/4.9.3/armv6-m/crti.o
                0x00004388                _fini
 .fini          0x0000438c        0x8 c:/program files (x86)/cypress/psoc creator/4.0/psoc creator/import/gnu/arm/4.9.3/bin/../lib/gcc/arm-none-eabi/4.9.3/armv6-m/crtn.o
                0x00004394                . = ALIGN (0x4)
                0x00004394                __fini_array_start = .
 *(.fini_array)
 .fini_array    0x00004394        0x4 c:/program files (x86)/cypress/psoc creator/4.0/psoc creator/import/gnu/arm/4.9.3/bin/../lib/gcc/arm-none-eabi/4.9.3/armv6-m/crtbegin.o
 *(SORT(.fini_array.*))
                0x00004398                __fini_array_end = .
                0x00004398                . = ALIGN (0x4)
 *crtbegin.o(.ctors)
 *(EXCLUDE_FILE(*crtend.o) .ctors)
 *(SORT(.ctors.*))
 *crtend.o(.ctors)
                0x00004398                . = ALIGN (0x4)
 *crtbegin.o(.dtors)
 *(EXCLUDE_FILE(*crtend.o) .dtors)
 *(SORT(.dtors.*))
 *crtend.o(.dtors)
                0x00004398                . = ALIGN (0x4)
                0x00004398                __cy_regions = .
                0x00004398        0x4 LONG 0x43a8 __cy_region_init_ram
                0x0000439c        0x4 LONG 0x200000c8 __cy_region_start_data
                0x000043a0        0x4 LONG 0x78 __cy_region_init_size_ram
                0x000043a4        0x4 LONG 0x2c0 __cy_region_zero_size_ram
                0x000043a8                __cy_regions_end = .
                0x000043a8                . = ALIGN (0x8)
                0x000043a8                _etext = .

.cy_checksum_exclude
                0x000043a8        0x0
 *(.cy_checksum_exclude)

.ramvectors     0x20000000       0xc0
                0x20000000                __cy_region_start_ram = .
 *(.ramvectors)
 .ramvectors    0x20000000       0xc0 .\CortexM0\ARM_GCC_493\Debug\Cm0Start.o
                0x20000000                CyRamVectors

.noinit         0x200000c0        0x4
 *(.noinit)
 .noinit        0x200000c0        0x4 .\CortexM0\ARM_GCC_493\Debug\Cm0Start.o

.data           0x200000c8       0x78 load address 0x000043a8
                0x200000c8                __cy_region_start_data = .
 *(.jcr)
 .jcr           0x200000c8        0x0 c:/program files (x86)/cypress/psoc creator/4.0/psoc creator/import/gnu/arm/4.9.3/bin/../lib/gcc/arm-none-eabi/4.9.3/armv6-m/crtbegin.o
 .jcr           0x200000c8        0x4 c:/program files (x86)/cypress/psoc creator/4.0/psoc creator/import/gnu/arm/4.9.3/bin/../lib/gcc/arm-none-eabi/4.9.3/armv6-m/crtend.o
 *(.got.plt)
 *(.got)
 *(.shdata)
 *(.data .data.* .gnu.linkonce.d.*)
 .data          0x200000cc       0x10 .\CortexM0\ARM_GCC_493\Debug\8S.a(CyLib.o)
                0x200000cc                cydelayFreqHz
                0x200000d0                cydelayFreqKhz
                0x200000d4                cydelayFreqMhz
                0x200000d8                cydelay32kMs
 .data          0x200000dc       0x44 .\CortexM0\ARM_GCC_493\Debug\8S.a(CapSense.o)
                0x200000dc                CapSense_sensorEnableMask
                0x200000e0                CapSense_pcTable
                0x20000100                CapSense_widgetResolution
 .data          0x20000120       0x14 .\CortexM0\ARM_GCC_493\Debug\8S.a(CapSense_CSHL.o)
                0x20000120                CapSense_lowBaselineReset
                0x20000128                CapSense_enableRawFilters
                0x2000012c                CapSense_debounce
 .data          0x20000134        0x8 .\CortexM0\ARM_GCC_493\Debug\8S.a(CapSense_SMS.o)
                0x20000134                CapSense_sensorSensitivity
                0x20000140                . = ALIGN (0x8)
 *fill*         0x2000013c        0x4 
 *(.ram)
                0x20000140                _edata = .

.igot.plt       0x20000140        0x0 load address 0x00004420
 .igot.plt      0x00000000        0x0 c:/program files (x86)/cypress/psoc creator/4.0/psoc creator/import/gnu/arm/4.9.3/bin/../lib/gcc/arm-none-eabi/4.9.3/armv6-m/crtbegin.o

.bss            0x20000140      0x2c0 load address 0x00004420
                0x20000140                PROVIDE (__bss_start__, .)
 *(.shbss)
 *(.bss .bss.* .gnu.linkonce.b.*)
 .bss           0x20000140       0x1c c:/program files (x86)/cypress/psoc creator/4.0/psoc creator/import/gnu/arm/4.9.3/bin/../lib/gcc/arm-none-eabi/4.9.3/armv6-m/crtbegin.o
 .bss           0x2000015c      0x100 .\CortexM0\ARM_GCC_493\Debug\main.o
                0x2000015c                cache
                0x200001dc                update
 .bss           0x2000025c        0x8 .\CortexM0\ARM_GCC_493\Debug\8S.a(I2C_Slave.o)
                0x2000025c                I2C_Slave_initVar
                0x20000260                I2C_Slave_customIntrHandler
 .bss           0x20000264       0x18 .\CortexM0\ARM_GCC_493\Debug\8S.a(CapSense.o)
                0x20000264                CapSense_lowLevelTuningDone
                0x20000265                CapSense_prescalersTuningDone
                0x20000266                CapSense_csdStatusVar
                0x20000267                CapSense_sensorIndex
                0x20000268                CapSense_sensorRaw
 .bss           0x2000027c       0x30 .\CortexM0\ARM_GCC_493\Debug\8S.a(CapSense_CSHL.o)
                0x2000027c                CapSense_sensorBaseline
                0x2000028c                CapSense_sensorBaselineLow
                0x20000294                CapSense_sensorSignal
                0x2000029c                CapSense_sensorOnMask
 .bss           0x200002ac        0x1 .\CortexM0\ARM_GCC_493\Debug\8S.a(CapSense_INT.o)
 .bss           0x200002ad        0x1 .\CortexM0\ARM_GCC_493\Debug\8S.a(UART.o)
                0x200002ad                UART_initVar
 *(COMMON)
 *fill*         0x200002ae        0x2 
 COMMON         0x200002b0       0x60 .\CortexM0\ARM_GCC_493\Debug\main.o
                0x200002b0                but5
                0x200002b4                temp2
                0x200002b8                i2cWriteBuffer
                0x200002bc                but1
                0x200002c0                but2
                0x200002c4                temp5
                0x200002c8                but6
                0x200002cc                temp8
                0x200002d0                oldBut8
                0x200002d4                oldBut5
                0x200002d8                temp6
                0x200002d9                temp1
                0x200002dc                but4
                0x200002e0                oldBut7
                0x200002e4                temp4
                0x200002e5                temp7
                0x200002e8                but8
                0x200002ec                oldBut6
                0x200002f0                oldBut3
                0x200002f4                oldBut1
                0x200002f8                i2cReadBuffer
                0x200002fc                but7
                0x20000300                but3
                0x20000304                oldBut2
                0x20000308                temp3
                0x2000030c                oldBut4
 COMMON         0x20000310        0x1 .\CortexM0\ARM_GCC_493\Debug\8S.a(I2C_Slave_I2C.o)
                0x20000310                I2C_Slave_state
 *fill*         0x20000311        0x3 
 COMMON         0x20000314       0x1e .\CortexM0\ARM_GCC_493\Debug\8S.a(I2C_Slave_I2C_SLAVE.o)
                0x20000314                I2C_Slave_slRdBufIndexTmp
                0x20000318                I2C_Slave_slRdBufIndex
                0x2000031c                I2C_Slave_slWrBufSize
                0x20000320                I2C_Slave_slWrBufIndex
                0x20000324                I2C_Slave_slRdBufPtr
                0x20000328                I2C_Slave_slWrBufPtr
                0x2000032c                I2C_Slave_slRdBufSize
                0x20000330                I2C_Slave_slStatus
                0x20000331                I2C_Slave_slOverFlowCount
 *fill*         0x20000332        0x2 
 COMMON         0x20000334       0x34 .\CortexM0\ARM_GCC_493\Debug\8S.a(CapSense.o)
                0x20000334                CapSense_csdTrim1
                0x20000338                CapSense_scanSpeedTbl
                0x2000033c                CapSense_sensorEnableMaskBackup
                0x20000340                CapSense_senseClkDividerVal
                0x20000348                CapSense_modulationIDAC
                0x20000350                CapSense_compensationIDAC
                0x20000358                CapSense_unscannedSnsDriveMode
                0x20000360                CapSense_sampleClkDividerVal
 COMMON         0x20000368       0x38 .\CortexM0\ARM_GCC_493\Debug\8S.a(CapSense_CSHL.o)
                0x20000368                CapSense_noiseThreshold
                0x20000370                CapSense_lowBaselineResetCnt
                0x20000378                CapSense_negativeNoiseThreshold
                0x20000380                CapSense_rawFilterData1
                0x20000390                CapSense_hysteresis
                0x20000398                CapSense_fingerThreshold
 COMMON         0x200003a0       0x5c .\CortexM0\ARM_GCC_493\Debug\8S.a(CapSense_SMS.o)
                0x200003a0                CapSense_runningDifferenceTbl
                0x200003a8                CapSense_signRegisterTbl
                0x200003b0                CapSense_sampleMaxTbl
                0x200003c0                CapSense_noiseEnvelopeTbl
                0x200003c8                CapSense_previousSampleTbl
                0x200003d8                CapSense_sampleMinTbl
                0x200003e8                CapSense_config
                0x200003f4                CapSense_kValueTbl
                0x20000400                . = ALIGN (0x8)
 *fill*         0x200003fc        0x4 
 *(.ram.b)
                0x20000400                _end = .
                0x20000400                __end = .
                0x20000400                PROVIDE (end, .)
                0x20000400                PROVIDE (__bss_end__, .)
                0x000043a8                __cy_region_init_ram = LOADADDR (.data)
                0x00000078                __cy_region_init_size_ram = (_edata - ADDR (.data))
                0x000002c0                __cy_region_zero_size_ram = (_end - _edata)

.heap           0x20000400      0x100 load address 0x00004420
                0x20000400                . = _end
                0x20000500                . = (. + 0x100)
 *fill*         0x20000400      0x100 
                0x20000500                __cy_heap_limit = .

.stack          0x20003c00      0x400
                0x20003c00                __cy_stack_limit = .
                0x20004000                . = (. + 0x400)
 *fill*         0x20003c00      0x400 
                0x00000001                ASSERT ((__cy_stack_limit >= __cy_heap_limit), region RAM overflowed with stack)
                0x00000000                cy_checksum_exclude_size = (CY_APPL_LOADABLE == 0x1)?SIZEOF (.cy_checksum_exclude):0x0
                0x00000001                ASSERT ((cy_checksum_exclude_size <= CY_CHECKSUM_EXCLUDE_SIZE), CY_BOOT: Section .cy_checksum_exclude size exceedes specified limit.)
                0x0001ffc0                cyloadermeta_start = (cy_project_type_bootloader || cy_project_type_app_for_stack_and_copier)?(0x20000 - CY_METADATA_SIZE):0xf0000000

.cyloadermeta
 *(.cyloadermeta)
                0x0001ffc0                cyloadablemeta_start = cy_project_type_app_for_stack_and_copier?((0x20000 - CY_FLASH_ROW_SIZE) - CY_METADATA_SIZE):((0x20000 - (CY_FLASH_ROW_SIZE * (CY_APPL_NUM - 0x1))) - CY_METADATA_SIZE)

.cyloadablemeta
 *(.cyloadablemeta)

.cyflashprotect
                0x90400000       0x80
 *(.cyflashprotect)
 .cyflashprotect
                0x90400000       0x80 .\CortexM0\ARM_GCC_493\Debug\cymetadata.o
                0x90400000                cy_meta_flashprotect

.cymeta         0x90500000        0xc
 *(.cymeta)
 .cymeta        0x90500000        0xc .\CortexM0\ARM_GCC_493\Debug\cymetadata.o
                0x90500000                cy_metadata

.cychipprotect  0x90600000        0x4
 *(.cychipprotect)
 .cychipprotect
                0x90600000        0x4 .\CortexM0\ARM_GCC_493\Debug\cymetadata.o
                0x90600000                cy_meta_chipprotect

.rel.dyn        0x00004420        0x0 load address 0x90600004
 .rel.iplt      0x00000000        0x0 c:/program files (x86)/cypress/psoc creator/4.0/psoc creator/import/gnu/arm/4.9.3/bin/../lib/gcc/arm-none-eabi/4.9.3/armv6-m/crtbegin.o

.stab
 *(.stab)

.stabstr
 *(.stabstr)

.debug
 *(.debug)

.line
 *(.line)

.debug_srcinfo
 *(.debug_srcinfo)

.debug_sfnames
 *(.debug_sfnames)

.debug_aranges  0x00000000      0xf50
 *(.debug_aranges)
 .debug_aranges
                0x00000000       0x38 .\CortexM0\ARM_GCC_493\Debug\main.o
 .debug_aranges
                0x00000038       0x18 .\CortexM0\ARM_GCC_493\Debug\cymetadata.o
 .debug_aranges
                0x00000050       0x48 .\CortexM0\ARM_GCC_493\Debug\Cm0Start.o
 .debug_aranges
                0x00000098       0x58 .\CortexM0\ARM_GCC_493\Debug\8S.a(cyfitter_cfg.o)
 .debug_aranges
                0x000000f0       0x40 .\CortexM0\ARM_GCC_493\Debug\8S.a(CyFlash.o)
 .debug_aranges
                0x00000130      0x1b8 .\CortexM0\ARM_GCC_493\Debug\8S.a(CyLib.o)
 .debug_aranges
                0x000002e8      0x158 .\CortexM0\ARM_GCC_493\Debug\8S.a(CyLFClk.o)
 .debug_aranges
                0x00000440       0x68 .\CortexM0\ARM_GCC_493\Debug\8S.a(I2C_Slave.o)
 .debug_aranges
                0x000004a8       0x28 .\CortexM0\ARM_GCC_493\Debug\8S.a(I2C_Slave_I2C.o)
 .debug_aranges
                0x000004d0       0x70 .\CortexM0\ARM_GCC_493\Debug\8S.a(I2C_Slave_I2C_SLAVE.o)
 .debug_aranges
                0x00000540      0x150 .\CortexM0\ARM_GCC_493\Debug\8S.a(CapSense.o)
 .debug_aranges
                0x00000690      0x128 .\CortexM0\ARM_GCC_493\Debug\8S.a(CapSense_CSHL.o)
 .debug_aranges
                0x000007b8       0x20 .\CortexM0\ARM_GCC_493\Debug\8S.a(CapSense_INT.o)
 .debug_aranges
                0x000007d8       0x60 .\CortexM0\ARM_GCC_493\Debug\8S.a(CapSense_SMS.o)
 .debug_aranges
                0x00000838       0x48 .\CortexM0\ARM_GCC_493\Debug\8S.a(LED1.o)
 .debug_aranges
                0x00000880       0x48 .\CortexM0\ARM_GCC_493\Debug\8S.a(LED2.o)
 .debug_aranges
                0x000008c8       0x48 .\CortexM0\ARM_GCC_493\Debug\8S.a(LED3.o)
 .debug_aranges
                0x00000910       0x48 .\CortexM0\ARM_GCC_493\Debug\8S.a(LED4.o)
 .debug_aranges
                0x00000958       0x48 .\CortexM0\ARM_GCC_493\Debug\8S.a(LED5.o)
 .debug_aranges
                0x000009a0       0x40 .\CortexM0\ARM_GCC_493\Debug\8S.a(CapSense_SampleClk.o)
 .debug_aranges
                0x000009e0       0x40 .\CortexM0\ARM_GCC_493\Debug\8S.a(CapSense_SenseClk.o)
 .debug_aranges
                0x00000a20       0x48 .\CortexM0\ARM_GCC_493\Debug\8S.a(InterPin.o)
 .debug_aranges
                0x00000a68       0x60 .\CortexM0\ARM_GCC_493\Debug\8S.a(UART.o)
 .debug_aranges
                0x00000ac8       0x88 .\CortexM0\ARM_GCC_493\Debug\8S.a(UART_UART.o)
 .debug_aranges
                0x00000b50       0x48 .\CortexM0\ARM_GCC_493\Debug\8S.a(LED6.o)
 .debug_aranges
                0x00000b98       0x48 .\CortexM0\ARM_GCC_493\Debug\8S.a(LED7.o)
 .debug_aranges
                0x00000be0       0x48 .\CortexM0\ARM_GCC_493\Debug\8S.a(LED8.o)
 .debug_aranges
                0x00000c28       0x48 .\CortexM0\ARM_GCC_493\Debug\8S.a(Triac1.o)
 .debug_aranges
                0x00000c70       0x48 .\CortexM0\ARM_GCC_493\Debug\8S.a(Triac4.o)
 .debug_aranges
                0x00000cb8       0x48 .\CortexM0\ARM_GCC_493\Debug\8S.a(Triac3.o)
 .debug_aranges
                0x00000d00       0x48 .\CortexM0\ARM_GCC_493\Debug\8S.a(Triac2.o)
 .debug_aranges
                0x00000d48       0x48 .\CortexM0\ARM_GCC_493\Debug\8S.a(Triac8.o)
 .debug_aranges
                0x00000d90       0x48 .\CortexM0\ARM_GCC_493\Debug\8S.a(Triac7.o)
 .debug_aranges
                0x00000dd8       0x48 .\CortexM0\ARM_GCC_493\Debug\8S.a(Triac5.o)
 .debug_aranges
                0x00000e20       0x48 .\CortexM0\ARM_GCC_493\Debug\8S.a(Triac6.o)
 .debug_aranges
                0x00000e68       0x20 .\CortexM0\ARM_GCC_493\Debug\8S.a(CyBootAsmGnu.o)
 .debug_aranges
                0x00000e88       0x20 .\CortexM0\ARM_GCC_493\Debug\8S.a(I2C_Slave_I2C_INT.o)
 .debug_aranges
                0x00000ea8       0x60 .\CortexM0\ARM_GCC_493\Debug\8S.a(UART_SPI_UART.o)
 .debug_aranges
                0x00000f08       0x48 C:\Program Files (x86)\Cypress\PSoC Creator\4.0\PSoC Creator\psoc\content\cycomponentlibrary\CyComponentLibrary.cylib\CapSense_CSD_P4_v2_40\PSoC4\Library\CapsenseP4Library_GCC.a(CSD_P4_SmartSense_v2_40.o)

.debug_pubnames
 *(.debug_pubnames)

.debug_info     0x00000000     0x7091
 *(.debug_info .gnu.linkonce.wi.*)
 .debug_info    0x00000000      0x379 .\CortexM0\ARM_GCC_493\Debug\main.o
 .debug_info    0x00000379       0xfe .\CortexM0\ARM_GCC_493\Debug\cymetadata.o
 .debug_info    0x00000477      0x302 .\CortexM0\ARM_GCC_493\Debug\Cm0Start.o
 .debug_info    0x00000779      0x38c .\CortexM0\ARM_GCC_493\Debug\8S.a(cyfitter_cfg.o)
 .debug_info    0x00000b05      0x259 .\CortexM0\ARM_GCC_493\Debug\8S.a(CyFlash.o)
 .debug_info    0x00000d5e      0xa77 .\CortexM0\ARM_GCC_493\Debug\8S.a(CyLib.o)
 .debug_info    0x000017d5      0x83b .\CortexM0\ARM_GCC_493\Debug\8S.a(CyLFClk.o)
 .debug_info    0x00002010      0x1e4 .\CortexM0\ARM_GCC_493\Debug\8S.a(I2C_Slave.o)
 .debug_info    0x000021f4      0x116 .\CortexM0\ARM_GCC_493\Debug\8S.a(I2C_Slave_I2C.o)
 .debug_info    0x0000230a      0x2db .\CortexM0\ARM_GCC_493\Debug\8S.a(I2C_Slave_I2C_SLAVE.o)
 .debug_info    0x000025e5      0xb5e .\CortexM0\ARM_GCC_493\Debug\8S.a(CapSense.o)
 .debug_info    0x00003143      0xb9e .\CortexM0\ARM_GCC_493\Debug\8S.a(CapSense_CSHL.o)
 .debug_info    0x00003ce1      0x11d .\CortexM0\ARM_GCC_493\Debug\8S.a(CapSense_INT.o)
 .debug_info    0x00003dfe      0x643 .\CortexM0\ARM_GCC_493\Debug\8S.a(CapSense_SMS.o)
 .debug_info    0x00004441      0x19a .\CortexM0\ARM_GCC_493\Debug\8S.a(LED1.o)
 .debug_info    0x000045db      0x19a .\CortexM0\ARM_GCC_493\Debug\8S.a(LED2.o)
 .debug_info    0x00004775      0x19a .\CortexM0\ARM_GCC_493\Debug\8S.a(LED3.o)
 .debug_info    0x0000490f      0x19a .\CortexM0\ARM_GCC_493\Debug\8S.a(LED4.o)
 .debug_info    0x00004aa9      0x19a .\CortexM0\ARM_GCC_493\Debug\8S.a(LED5.o)
 .debug_info    0x00004c43      0x163 .\CortexM0\ARM_GCC_493\Debug\8S.a(CapSense_SampleClk.o)
 .debug_info    0x00004da6      0x163 .\CortexM0\ARM_GCC_493\Debug\8S.a(CapSense_SenseClk.o)
 .debug_info    0x00004f09      0x19a .\CortexM0\ARM_GCC_493\Debug\8S.a(InterPin.o)
 .debug_info    0x000050a3      0x1a6 .\CortexM0\ARM_GCC_493\Debug\8S.a(UART.o)
 .debug_info    0x00005249      0x2ba .\CortexM0\ARM_GCC_493\Debug\8S.a(UART_UART.o)
 .debug_info    0x00005503      0x19a .\CortexM0\ARM_GCC_493\Debug\8S.a(LED6.o)
 .debug_info    0x0000569d      0x19a .\CortexM0\ARM_GCC_493\Debug\8S.a(LED7.o)
 .debug_info    0x00005837      0x19a .\CortexM0\ARM_GCC_493\Debug\8S.a(LED8.o)
 .debug_info    0x000059d1      0x19a .\CortexM0\ARM_GCC_493\Debug\8S.a(Triac1.o)
 .debug_info    0x00005b6b      0x19a .\CortexM0\ARM_GCC_493\Debug\8S.a(Triac4.o)
 .debug_info    0x00005d05      0x19a .\CortexM0\ARM_GCC_493\Debug\8S.a(Triac3.o)
 .debug_info    0x00005e9f      0x19a .\CortexM0\ARM_GCC_493\Debug\8S.a(Triac2.o)
 .debug_info    0x00006039      0x19a .\CortexM0\ARM_GCC_493\Debug\8S.a(Triac8.o)
 .debug_info    0x000061d3      0x19a .\CortexM0\ARM_GCC_493\Debug\8S.a(Triac7.o)
 .debug_info    0x0000636d      0x19a .\CortexM0\ARM_GCC_493\Debug\8S.a(Triac5.o)
 .debug_info    0x00006507      0x19a .\CortexM0\ARM_GCC_493\Debug\8S.a(Triac6.o)
 .debug_info    0x000066a1       0x85 .\CortexM0\ARM_GCC_493\Debug\8S.a(CyBootAsmGnu.o)
 .debug_info    0x00006726      0x17a .\CortexM0\ARM_GCC_493\Debug\8S.a(I2C_Slave_I2C_INT.o)
 .debug_info    0x000068a0      0x20f .\CortexM0\ARM_GCC_493\Debug\8S.a(UART_SPI_UART.o)
 .debug_info    0x00006aaf      0x5e2 C:\Program Files (x86)\Cypress\PSoC Creator\4.0\PSoC Creator\psoc\content\cycomponentlibrary\CyComponentLibrary.cylib\CapSense_CSD_P4_v2_40\PSoC4\Library\CapsenseP4Library_GCC.a(CSD_P4_SmartSense_v2_40.o)

.debug_abbrev   0x00000000     0x2390
 *(.debug_abbrev)
 .debug_abbrev  0x00000000      0x11c .\CortexM0\ARM_GCC_493\Debug\main.o
 .debug_abbrev  0x0000011c       0x5d .\CortexM0\ARM_GCC_493\Debug\cymetadata.o
 .debug_abbrev  0x00000179      0x17c .\CortexM0\ARM_GCC_493\Debug\Cm0Start.o
 .debug_abbrev  0x000002f5      0x1b3 .\CortexM0\ARM_GCC_493\Debug\8S.a(cyfitter_cfg.o)
 .debug_abbrev  0x000004a8      0x120 .\CortexM0\ARM_GCC_493\Debug\8S.a(CyFlash.o)
 .debug_abbrev  0x000005c8      0x1e8 .\CortexM0\ARM_GCC_493\Debug\8S.a(CyLib.o)
 .debug_abbrev  0x000007b0      0x224 .\CortexM0\ARM_GCC_493\Debug\8S.a(CyLFClk.o)
 .debug_abbrev  0x000009d4       0xdb .\CortexM0\ARM_GCC_493\Debug\8S.a(I2C_Slave.o)
 .debug_abbrev  0x00000aaf       0x90 .\CortexM0\ARM_GCC_493\Debug\8S.a(I2C_Slave_I2C.o)
 .debug_abbrev  0x00000b3f      0x13b .\CortexM0\ARM_GCC_493\Debug\8S.a(I2C_Slave_I2C_SLAVE.o)
 .debug_abbrev  0x00000c7a      0x167 .\CortexM0\ARM_GCC_493\Debug\8S.a(CapSense.o)
 .debug_abbrev  0x00000de1      0x1d1 .\CortexM0\ARM_GCC_493\Debug\8S.a(CapSense_CSHL.o)
 .debug_abbrev  0x00000fb2       0x8a .\CortexM0\ARM_GCC_493\Debug\8S.a(CapSense_INT.o)
 .debug_abbrev  0x0000103c      0x1a0 .\CortexM0\ARM_GCC_493\Debug\8S.a(CapSense_SMS.o)
 .debug_abbrev  0x000011dc       0xaa .\CortexM0\ARM_GCC_493\Debug\8S.a(LED1.o)
 .debug_abbrev  0x00001286       0xaa .\CortexM0\ARM_GCC_493\Debug\8S.a(LED2.o)
 .debug_abbrev  0x00001330       0xaa .\CortexM0\ARM_GCC_493\Debug\8S.a(LED3.o)
 .debug_abbrev  0x000013da       0xaa .\CortexM0\ARM_GCC_493\Debug\8S.a(LED4.o)
 .debug_abbrev  0x00001484       0xaa .\CortexM0\ARM_GCC_493\Debug\8S.a(LED5.o)
 .debug_abbrev  0x0000152e       0xa8 .\CortexM0\ARM_GCC_493\Debug\8S.a(CapSense_SampleClk.o)
 .debug_abbrev  0x000015d6       0xa8 .\CortexM0\ARM_GCC_493\Debug\8S.a(CapSense_SenseClk.o)
 .debug_abbrev  0x0000167e       0xaa .\CortexM0\ARM_GCC_493\Debug\8S.a(InterPin.o)
 .debug_abbrev  0x00001728       0xcb .\CortexM0\ARM_GCC_493\Debug\8S.a(UART.o)
 .debug_abbrev  0x000017f3      0x104 .\CortexM0\ARM_GCC_493\Debug\8S.a(UART_UART.o)
 .debug_abbrev  0x000018f7       0xaa .\CortexM0\ARM_GCC_493\Debug\8S.a(LED6.o)
 .debug_abbrev  0x000019a1       0xaa .\CortexM0\ARM_GCC_493\Debug\8S.a(LED7.o)
 .debug_abbrev  0x00001a4b       0xaa .\CortexM0\ARM_GCC_493\Debug\8S.a(LED8.o)
 .debug_abbrev  0x00001af5       0xaa .\CortexM0\ARM_GCC_493\Debug\8S.a(Triac1.o)
 .debug_abbrev  0x00001b9f       0xaa .\CortexM0\ARM_GCC_493\Debug\8S.a(Triac4.o)
 .debug_abbrev  0x00001c49       0xaa .\CortexM0\ARM_GCC_493\Debug\8S.a(Triac3.o)
 .debug_abbrev  0x00001cf3       0xaa .\CortexM0\ARM_GCC_493\Debug\8S.a(Triac2.o)
 .debug_abbrev  0x00001d9d       0xaa .\CortexM0\ARM_GCC_493\Debug\8S.a(Triac8.o)
 .debug_abbrev  0x00001e47       0xaa .\CortexM0\ARM_GCC_493\Debug\8S.a(Triac7.o)
 .debug_abbrev  0x00001ef1       0xaa .\CortexM0\ARM_GCC_493\Debug\8S.a(Triac5.o)
 .debug_abbrev  0x00001f9b       0xaa .\CortexM0\ARM_GCC_493\Debug\8S.a(Triac6.o)
 .debug_abbrev  0x00002045       0x14 .\CortexM0\ARM_GCC_493\Debug\8S.a(CyBootAsmGnu.o)
 .debug_abbrev  0x00002059       0x88 .\CortexM0\ARM_GCC_493\Debug\8S.a(I2C_Slave_I2C_INT.o)
 .debug_abbrev  0x000020e1      0x14f .\CortexM0\ARM_GCC_493\Debug\8S.a(UART_SPI_UART.o)
 .debug_abbrev  0x00002230      0x160 C:\Program Files (x86)\Cypress\PSoC Creator\4.0\PSoC Creator\psoc\content\cycomponentlibrary\CyComponentLibrary.cylib\CapSense_CSD_P4_v2_40\PSoC4\Library\CapsenseP4Library_GCC.a(CSD_P4_SmartSense_v2_40.o)

.debug_line     0x00000000     0x356d
 *(.debug_line)
 .debug_line    0x00000000      0x264 .\CortexM0\ARM_GCC_493\Debug\main.o
 .debug_line    0x00000264       0x51 .\CortexM0\ARM_GCC_493\Debug\cymetadata.o
 .debug_line    0x000002b5      0x1c8 .\CortexM0\ARM_GCC_493\Debug\Cm0Start.o
 .debug_line    0x0000047d      0x1c1 .\CortexM0\ARM_GCC_493\Debug\8S.a(cyfitter_cfg.o)
 .debug_line    0x0000063e      0x174 .\CortexM0\ARM_GCC_493\Debug\8S.a(CyFlash.o)
 .debug_line    0x000007b2      0x516 .\CortexM0\ARM_GCC_493\Debug\8S.a(CyLib.o)
 .debug_line    0x00000cc8      0x592 .\CortexM0\ARM_GCC_493\Debug\8S.a(CyLFClk.o)
 .debug_line    0x0000125a      0x122 .\CortexM0\ARM_GCC_493\Debug\8S.a(I2C_Slave.o)
 .debug_line    0x0000137c       0xa7 .\CortexM0\ARM_GCC_493\Debug\8S.a(I2C_Slave_I2C.o)
 .debug_line    0x00001423      0x139 .\CortexM0\ARM_GCC_493\Debug\8S.a(I2C_Slave_I2C_SLAVE.o)
 .debug_line    0x0000155c      0x49e .\CortexM0\ARM_GCC_493\Debug\8S.a(CapSense.o)
 .debug_line    0x000019fa      0x3e4 .\CortexM0\ARM_GCC_493\Debug\8S.a(CapSense_CSHL.o)
 .debug_line    0x00001dde       0x8f .\CortexM0\ARM_GCC_493\Debug\8S.a(CapSense_INT.o)
 .debug_line    0x00001e6d      0x1a0 .\CortexM0\ARM_GCC_493\Debug\8S.a(CapSense_SMS.o)
 .debug_line    0x0000200d       0xbc .\CortexM0\ARM_GCC_493\Debug\8S.a(LED1.o)
 .debug_line    0x000020c9       0xbc .\CortexM0\ARM_GCC_493\Debug\8S.a(LED2.o)
 .debug_line    0x00002185       0xbc .\CortexM0\ARM_GCC_493\Debug\8S.a(LED3.o)
 .debug_line    0x00002241       0xbc .\CortexM0\ARM_GCC_493\Debug\8S.a(LED4.o)
 .debug_line    0x000022fd       0xbc .\CortexM0\ARM_GCC_493\Debug\8S.a(LED5.o)
 .debug_line    0x000023b9       0xcf .\CortexM0\ARM_GCC_493\Debug\8S.a(CapSense_SampleClk.o)
 .debug_line    0x00002488       0xce .\CortexM0\ARM_GCC_493\Debug\8S.a(CapSense_SenseClk.o)
 .debug_line    0x00002556       0xc0 .\CortexM0\ARM_GCC_493\Debug\8S.a(InterPin.o)
 .debug_line    0x00002616      0x105 .\CortexM0\ARM_GCC_493\Debug\8S.a(UART.o)
 .debug_line    0x0000271b      0x18c .\CortexM0\ARM_GCC_493\Debug\8S.a(UART_UART.o)
 .debug_line    0x000028a7       0xbc .\CortexM0\ARM_GCC_493\Debug\8S.a(LED6.o)
 .debug_line    0x00002963       0xbc .\CortexM0\ARM_GCC_493\Debug\8S.a(LED7.o)
 .debug_line    0x00002a1f       0xbc .\CortexM0\ARM_GCC_493\Debug\8S.a(LED8.o)
 .debug_line    0x00002adb       0xbe .\CortexM0\ARM_GCC_493\Debug\8S.a(Triac1.o)
 .debug_line    0x00002b99       0xbe .\CortexM0\ARM_GCC_493\Debug\8S.a(Triac4.o)
 .debug_line    0x00002c57       0xbe .\CortexM0\ARM_GCC_493\Debug\8S.a(Triac3.o)
 .debug_line    0x00002d15       0xbe .\CortexM0\ARM_GCC_493\Debug\8S.a(Triac2.o)
 .debug_line    0x00002dd3       0xbe .\CortexM0\ARM_GCC_493\Debug\8S.a(Triac8.o)
 .debug_line    0x00002e91       0xbe .\CortexM0\ARM_GCC_493\Debug\8S.a(Triac7.o)
 .debug_line    0x00002f4f       0xbe .\CortexM0\ARM_GCC_493\Debug\8S.a(Triac5.o)
 .debug_line    0x0000300d       0xbe .\CortexM0\ARM_GCC_493\Debug\8S.a(Triac6.o)
 .debug_line    0x000030cb       0x66 .\CortexM0\ARM_GCC_493\Debug\8S.a(CyBootAsmGnu.o)
 .debug_line    0x00003131      0x144 .\CortexM0\ARM_GCC_493\Debug\8S.a(I2C_Slave_I2C_INT.o)
 .debug_line    0x00003275      0x123 .\CortexM0\ARM_GCC_493\Debug\8S.a(UART_SPI_UART.o)
 .debug_line    0x00003398      0x1d5 C:\Program Files (x86)\Cypress\PSoC Creator\4.0\PSoC Creator\psoc\content\cycomponentlibrary\CyComponentLibrary.cylib\CapSense_CSD_P4_v2_40\PSoC4\Library\CapsenseP4Library_GCC.a(CSD_P4_SmartSense_v2_40.o)

.debug_frame    0x00000000     0x3084
 *(.debug_frame)
 .debug_frame   0x00000000       0x8c .\CortexM0\ARM_GCC_493\Debug\main.o
 .debug_frame   0x0000008c       0xc8 .\CortexM0\ARM_GCC_493\Debug\Cm0Start.o
 .debug_frame   0x00000154      0x108 .\CortexM0\ARM_GCC_493\Debug\8S.a(cyfitter_cfg.o)
 .debug_frame   0x0000025c       0xbc .\CortexM0\ARM_GCC_493\Debug\8S.a(CyFlash.o)
 .debug_frame   0x00000318      0x664 .\CortexM0\ARM_GCC_493\Debug\8S.a(CyLib.o)
 .debug_frame   0x0000097c      0x500 .\CortexM0\ARM_GCC_493\Debug\8S.a(CyLFClk.o)
 .debug_frame   0x00000e7c      0x134 .\CortexM0\ARM_GCC_493\Debug\8S.a(I2C_Slave.o)
 .debug_frame   0x00000fb0       0x48 .\CortexM0\ARM_GCC_493\Debug\8S.a(I2C_Slave_I2C.o)
 .debug_frame   0x00000ff8      0x15c .\CortexM0\ARM_GCC_493\Debug\8S.a(I2C_Slave_I2C_SLAVE.o)
 .debug_frame   0x00001154      0x4e4 .\CortexM0\ARM_GCC_493\Debug\8S.a(CapSense.o)
 .debug_frame   0x00001638      0x450 .\CortexM0\ARM_GCC_493\Debug\8S.a(CapSense_CSHL.o)
 .debug_frame   0x00001a88       0x2c .\CortexM0\ARM_GCC_493\Debug\8S.a(CapSense_INT.o)
 .debug_frame   0x00001ab4      0x130 .\CortexM0\ARM_GCC_493\Debug\8S.a(CapSense_SMS.o)
 .debug_frame   0x00001be4       0xc8 .\CortexM0\ARM_GCC_493\Debug\8S.a(LED1.o)
 .debug_frame   0x00001cac       0xc8 .\CortexM0\ARM_GCC_493\Debug\8S.a(LED2.o)
 .debug_frame   0x00001d74       0xc8 .\CortexM0\ARM_GCC_493\Debug\8S.a(LED3.o)
 .debug_frame   0x00001e3c       0xc8 .\CortexM0\ARM_GCC_493\Debug\8S.a(LED4.o)
 .debug_frame   0x00001f04       0xc8 .\CortexM0\ARM_GCC_493\Debug\8S.a(LED5.o)
 .debug_frame   0x00001fcc       0xa4 .\CortexM0\ARM_GCC_493\Debug\8S.a(CapSense_SampleClk.o)
 .debug_frame   0x00002070       0xa4 .\CortexM0\ARM_GCC_493\Debug\8S.a(CapSense_SenseClk.o)
 .debug_frame   0x00002114       0xc8 .\CortexM0\ARM_GCC_493\Debug\8S.a(InterPin.o)
 .debug_frame   0x000021dc      0x114 .\CortexM0\ARM_GCC_493\Debug\8S.a(UART.o)
 .debug_frame   0x000022f0      0x1bc .\CortexM0\ARM_GCC_493\Debug\8S.a(UART_UART.o)
 .debug_frame   0x000024ac       0xc8 .\CortexM0\ARM_GCC_493\Debug\8S.a(LED6.o)
 .debug_frame   0x00002574       0xc8 .\CortexM0\ARM_GCC_493\Debug\8S.a(LED7.o)
 .debug_frame   0x0000263c       0xc8 .\CortexM0\ARM_GCC_493\Debug\8S.a(LED8.o)
 .debug_frame   0x00002704       0xc8 .\CortexM0\ARM_GCC_493\Debug\8S.a(Triac1.o)
 .debug_frame   0x000027cc       0xc8 .\CortexM0\ARM_GCC_493\Debug\8S.a(Triac4.o)
 .debug_frame   0x00002894       0xc8 .\CortexM0\ARM_GCC_493\Debug\8S.a(Triac3.o)
 .debug_frame   0x0000295c       0xc8 .\CortexM0\ARM_GCC_493\Debug\8S.a(Triac2.o)
 .debug_frame   0x00002a24       0xc8 .\CortexM0\ARM_GCC_493\Debug\8S.a(Triac8.o)
 .debug_frame   0x00002aec       0xc8 .\CortexM0\ARM_GCC_493\Debug\8S.a(Triac7.o)
 .debug_frame   0x00002bb4       0xc8 .\CortexM0\ARM_GCC_493\Debug\8S.a(Triac5.o)
 .debug_frame   0x00002c7c       0xc8 .\CortexM0\ARM_GCC_493\Debug\8S.a(Triac6.o)
 .debug_frame   0x00002d44       0x30 .\CortexM0\ARM_GCC_493\Debug\8S.a(I2C_Slave_I2C_INT.o)
 .debug_frame   0x00002d74      0x128 .\CortexM0\ARM_GCC_493\Debug\8S.a(UART_SPI_UART.o)
 .debug_frame   0x00002e9c       0xec C:\Program Files (x86)\Cypress\PSoC Creator\4.0\PSoC Creator\psoc\content\cycomponentlibrary\CyComponentLibrary.cylib\CapSense_CSD_P4_v2_40\PSoC4\Library\CapsenseP4Library_GCC.a(CSD_P4_SmartSense_v2_40.o)
 .debug_frame   0x00002f88       0x20 c:/program files (x86)/cypress/psoc creator/4.0/psoc creator/import/gnu/arm/4.9.3/bin/../lib/gcc/arm-none-eabi/4.9.3/armv6-m\libgcc.a(_udivsi3.o)
 .debug_frame   0x00002fa8       0x20 c:/program files (x86)/cypress/psoc creator/4.0/psoc creator/import/gnu/arm/4.9.3/bin/../lib/gcc/arm-none-eabi/4.9.3/armv6-m\libgcc.a(_divsi3.o)
 .debug_frame   0x00002fc8       0x20 c:/program files (x86)/cypress/psoc creator/4.0/psoc creator/import/gnu/arm/4.9.3/bin/../lib/gcc/arm-none-eabi/4.9.3/../../../../arm-none-eabi/lib/armv6-m\libg_nano.a(lib_a-errno.o)
 .debug_frame   0x00002fe8       0x28 c:/program files (x86)/cypress/psoc creator/4.0/psoc creator/import/gnu/arm/4.9.3/bin/../lib/gcc/arm-none-eabi/4.9.3/../../../../arm-none-eabi/lib/armv6-m\libg_nano.a(lib_a-exit.o)
 .debug_frame   0x00003010       0x2c c:/program files (x86)/cypress/psoc creator/4.0/psoc creator/import/gnu/arm/4.9.3/bin/../lib/gcc/arm-none-eabi/4.9.3/../../../../arm-none-eabi/lib/armv6-m\libg_nano.a(lib_a-init.o)
 .debug_frame   0x0000303c       0x28 c:/program files (x86)/cypress/psoc creator/4.0/psoc creator/import/gnu/arm/4.9.3/bin/../lib/gcc/arm-none-eabi/4.9.3/../../../../arm-none-eabi/lib/armv6-m\libg_nano.a(lib_a-memcpy.o)
 .debug_frame   0x00003064       0x20 c:/program files (x86)/cypress/psoc creator/4.0/psoc creator/import/gnu/arm/4.9.3/bin/../lib/gcc/arm-none-eabi/4.9.3/../../../../arm-none-eabi/lib/armv6-m\libg_nano.a(lib_a-memset.o)

.debug_str      0x00000000     0x371e
 *(.debug_str)
 .debug_str     0x00000000      0x258 .\CortexM0\ARM_GCC_493\Debug\main.o
                                0x298 (size before relaxing)
 .debug_str     0x00000258       0x59 .\CortexM0\ARM_GCC_493\Debug\cymetadata.o
                                0x1c3 (size before relaxing)
 .debug_str     0x000002b1      0x12c .\CortexM0\ARM_GCC_493\Debug\Cm0Start.o
                                0x2b7 (size before relaxing)
 .debug_str     0x000003dd      0x11c .\CortexM0\ARM_GCC_493\Debug\8S.a(cyfitter_cfg.o)
                                0x2d0 (size before relaxing)
 .debug_str     0x000004f9       0xe0 .\CortexM0\ARM_GCC_493\Debug\8S.a(CyFlash.o)
                                0x25e (size before relaxing)
 .debug_str     0x000005d9      0x594 .\CortexM0\ARM_GCC_493\Debug\8S.a(CyLib.o)
                                0x751 (size before relaxing)
 .debug_str     0x00000b6d      0x50d .\CortexM0\ARM_GCC_493\Debug\8S.a(CyLFClk.o)
                                0x6ba (size before relaxing)
 .debug_str     0x0000107a      0x151 .\CortexM0\ARM_GCC_493\Debug\8S.a(I2C_Slave.o)
                                0x2c8 (size before relaxing)
 .debug_str     0x000011cb       0xb6 .\CortexM0\ARM_GCC_493\Debug\8S.a(I2C_Slave_I2C.o)
                                0x22d (size before relaxing)
 .debug_str     0x00001281      0x221 .\CortexM0\ARM_GCC_493\Debug\8S.a(I2C_Slave_I2C_SLAVE.o)
                                0x402 (size before relaxing)
 .debug_str     0x000014a2      0x77d .\CortexM0\ARM_GCC_493\Debug\8S.a(CapSense.o)
                                0x928 (size before relaxing)
 .debug_str     0x00001c1f      0x6ed .\CortexM0\ARM_GCC_493\Debug\8S.a(CapSense_CSHL.o)
                                0x9ea (size before relaxing)
 .debug_str     0x0000230c       0x48 .\CortexM0\ARM_GCC_493\Debug\8S.a(CapSense_INT.o)
                                0x224 (size before relaxing)
 .debug_str     0x00002354      0x21e .\CortexM0\ARM_GCC_493\Debug\8S.a(CapSense_SMS.o)
                                0x751 (size before relaxing)
 .debug_str     0x00002572       0x9b .\CortexM0\ARM_GCC_493\Debug\8S.a(LED1.o)
                                0x224 (size before relaxing)
 .debug_str     0x0000260d       0x80 .\CortexM0\ARM_GCC_493\Debug\8S.a(LED2.o)
                                0x224 (size before relaxing)
 .debug_str     0x0000268d       0x80 .\CortexM0\ARM_GCC_493\Debug\8S.a(LED3.o)
                                0x224 (size before relaxing)
 .debug_str     0x0000270d       0x80 .\CortexM0\ARM_GCC_493\Debug\8S.a(LED4.o)
                                0x224 (size before relaxing)
 .debug_str     0x0000278d       0x80 .\CortexM0\ARM_GCC_493\Debug\8S.a(LED5.o)
                                0x224 (size before relaxing)
 .debug_str     0x0000280d      0x119 .\CortexM0\ARM_GCC_493\Debug\8S.a(CapSense_SampleClk.o)
                                0x28e (size before relaxing)
 .debug_str     0x00002926       0xdf .\CortexM0\ARM_GCC_493\Debug\8S.a(CapSense_SenseClk.o)
                                0x288 (size before relaxing)
 .debug_str     0x00002a05       0x9c .\CortexM0\ARM_GCC_493\Debug\8S.a(InterPin.o)
                                0x240 (size before relaxing)
 .debug_str     0x00002aa1       0xb9 .\CortexM0\ARM_GCC_493\Debug\8S.a(UART.o)
                                0x24c (size before relaxing)
 .debug_str     0x00002b5a      0x181 .\CortexM0\ARM_GCC_493\Debug\8S.a(UART_UART.o)
                                0x315 (size before relaxing)
 .debug_str     0x00002cdb       0x80 .\CortexM0\ARM_GCC_493\Debug\8S.a(LED6.o)
                                0x224 (size before relaxing)
 .debug_str     0x00002d5b       0x80 .\CortexM0\ARM_GCC_493\Debug\8S.a(LED7.o)
                                0x224 (size before relaxing)
 .debug_str     0x00002ddb       0x80 .\CortexM0\ARM_GCC_493\Debug\8S.a(LED8.o)
                                0x224 (size before relaxing)
 .debug_str     0x00002e5b       0x8e .\CortexM0\ARM_GCC_493\Debug\8S.a(Triac1.o)
                                0x232 (size before relaxing)
 .debug_str     0x00002ee9       0x8e .\CortexM0\ARM_GCC_493\Debug\8S.a(Triac4.o)
                                0x232 (size before relaxing)
 .debug_str     0x00002f77       0x8e .\CortexM0\ARM_GCC_493\Debug\8S.a(Triac3.o)
                                0x232 (size before relaxing)
 .debug_str     0x00003005       0x8e .\CortexM0\ARM_GCC_493\Debug\8S.a(Triac2.o)
                                0x232 (size before relaxing)
 .debug_str     0x00003093       0x8e .\CortexM0\ARM_GCC_493\Debug\8S.a(Triac8.o)
                                0x232 (size before relaxing)
 .debug_str     0x00003121       0x8e .\CortexM0\ARM_GCC_493\Debug\8S.a(Triac7.o)
                                0x232 (size before relaxing)
 .debug_str     0x000031af       0x8e .\CortexM0\ARM_GCC_493\Debug\8S.a(Triac5.o)
                                0x232 (size before relaxing)
 .debug_str     0x0000323d       0x8e .\CortexM0\ARM_GCC_493\Debug\8S.a(Triac6.o)
                                0x232 (size before relaxing)
 .debug_str     0x000032cb       0x53 .\CortexM0\ARM_GCC_493\Debug\8S.a(I2C_Slave_I2C_INT.o)
                                0x2ce (size before relaxing)
 .debug_str     0x0000331e      0x128 .\CortexM0\ARM_GCC_493\Debug\8S.a(UART_SPI_UART.o)
                                0x2b7 (size before relaxing)
 .debug_str     0x00003446      0x2d8 C:\Program Files (x86)\Cypress\PSoC Creator\4.0\PSoC Creator\psoc\content\cycomponentlibrary\CyComponentLibrary.cylib\CapSense_CSD_P4_v2_40\PSoC4\Library\CapsenseP4Library_GCC.a(CSD_P4_SmartSense_v2_40.o)
                                0x59f (size before relaxing)

.debug_loc      0x00000000      0x68e
 *(.debug_loc)
 .debug_loc     0x00000000      0x68e C:\Program Files (x86)\Cypress\PSoC Creator\4.0\PSoC Creator\psoc\content\cycomponentlibrary\CyComponentLibrary.cylib\CapSense_CSD_P4_v2_40\PSoC4\Library\CapsenseP4Library_GCC.a(CSD_P4_SmartSense_v2_40.o)

.debug_macinfo
 *(.debug_macinfo)

.debug_ranges   0x00000000      0xcc8
 *(.debug_ranges)
 .debug_ranges  0x00000000       0x28 .\CortexM0\ARM_GCC_493\Debug\main.o
 .debug_ranges  0x00000028       0x38 .\CortexM0\ARM_GCC_493\Debug\Cm0Start.o
 .debug_ranges  0x00000060       0x48 .\CortexM0\ARM_GCC_493\Debug\8S.a(cyfitter_cfg.o)
 .debug_ranges  0x000000a8       0x30 .\CortexM0\ARM_GCC_493\Debug\8S.a(CyFlash.o)
 .debug_ranges  0x000000d8      0x1a8 .\CortexM0\ARM_GCC_493\Debug\8S.a(CyLib.o)
 .debug_ranges  0x00000280      0x148 .\CortexM0\ARM_GCC_493\Debug\8S.a(CyLFClk.o)
 .debug_ranges  0x000003c8       0x58 .\CortexM0\ARM_GCC_493\Debug\8S.a(I2C_Slave.o)
 .debug_ranges  0x00000420       0x18 .\CortexM0\ARM_GCC_493\Debug\8S.a(I2C_Slave_I2C.o)
 .debug_ranges  0x00000438       0x60 .\CortexM0\ARM_GCC_493\Debug\8S.a(I2C_Slave_I2C_SLAVE.o)
 .debug_ranges  0x00000498      0x140 .\CortexM0\ARM_GCC_493\Debug\8S.a(CapSense.o)
 .debug_ranges  0x000005d8      0x118 .\CortexM0\ARM_GCC_493\Debug\8S.a(CapSense_CSHL.o)
 .debug_ranges  0x000006f0       0x10 .\CortexM0\ARM_GCC_493\Debug\8S.a(CapSense_INT.o)
 .debug_ranges  0x00000700       0x50 .\CortexM0\ARM_GCC_493\Debug\8S.a(CapSense_SMS.o)
 .debug_ranges  0x00000750       0x38 .\CortexM0\ARM_GCC_493\Debug\8S.a(LED1.o)
 .debug_ranges  0x00000788       0x38 .\CortexM0\ARM_GCC_493\Debug\8S.a(LED2.o)
 .debug_ranges  0x000007c0       0x38 .\CortexM0\ARM_GCC_493\Debug\8S.a(LED3.o)
 .debug_ranges  0x000007f8       0x38 .\CortexM0\ARM_GCC_493\Debug\8S.a(LED4.o)
 .debug_ranges  0x00000830       0x38 .\CortexM0\ARM_GCC_493\Debug\8S.a(LED5.o)
 .debug_ranges  0x00000868       0x30 .\CortexM0\ARM_GCC_493\Debug\8S.a(CapSense_SampleClk.o)
 .debug_ranges  0x00000898       0x30 .\CortexM0\ARM_GCC_493\Debug\8S.a(CapSense_SenseClk.o)
 .debug_ranges  0x000008c8       0x38 .\CortexM0\ARM_GCC_493\Debug\8S.a(InterPin.o)
 .debug_ranges  0x00000900       0x50 .\CortexM0\ARM_GCC_493\Debug\8S.a(UART.o)
 .debug_ranges  0x00000950       0x78 .\CortexM0\ARM_GCC_493\Debug\8S.a(UART_UART.o)
 .debug_ranges  0x000009c8       0x38 .\CortexM0\ARM_GCC_493\Debug\8S.a(LED6.o)
 .debug_ranges  0x00000a00       0x38 .\CortexM0\ARM_GCC_493\Debug\8S.a(LED7.o)
 .debug_ranges  0x00000a38       0x38 .\CortexM0\ARM_GCC_493\Debug\8S.a(LED8.o)
 .debug_ranges  0x00000a70       0x38 .\CortexM0\ARM_GCC_493\Debug\8S.a(Triac1.o)
 .debug_ranges  0x00000aa8       0x38 .\CortexM0\ARM_GCC_493\Debug\8S.a(Triac4.o)
 .debug_ranges  0x00000ae0       0x38 .\CortexM0\ARM_GCC_493\Debug\8S.a(Triac3.o)
 .debug_ranges  0x00000b18       0x38 .\CortexM0\ARM_GCC_493\Debug\8S.a(Triac2.o)
 .debug_ranges  0x00000b50       0x38 .\CortexM0\ARM_GCC_493\Debug\8S.a(Triac8.o)
 .debug_ranges  0x00000b88       0x38 .\CortexM0\ARM_GCC_493\Debug\8S.a(Triac7.o)
 .debug_ranges  0x00000bc0       0x38 .\CortexM0\ARM_GCC_493\Debug\8S.a(Triac5.o)
 .debug_ranges  0x00000bf8       0x38 .\CortexM0\ARM_GCC_493\Debug\8S.a(Triac6.o)
 .debug_ranges  0x00000c30       0x10 .\CortexM0\ARM_GCC_493\Debug\8S.a(I2C_Slave_I2C_INT.o)
 .debug_ranges  0x00000c40       0x50 .\CortexM0\ARM_GCC_493\Debug\8S.a(UART_SPI_UART.o)
 .debug_ranges  0x00000c90       0x38 C:\Program Files (x86)\Cypress\PSoC Creator\4.0\PSoC Creator\psoc\content\cycomponentlibrary\CyComponentLibrary.cylib\CapSense_CSD_P4_v2_40\PSoC4\Library\CapsenseP4Library_GCC.a(CSD_P4_SmartSense_v2_40.o)

.comment        0x00000000       0x70
 .comment       0x00000000       0x70 .\CortexM0\ARM_GCC_493\Debug\main.o
                                 0x71 (size before relaxing)
 .comment       0x00000000       0x71 .\CortexM0\ARM_GCC_493\Debug\cymetadata.o
 .comment       0x00000000       0x71 .\CortexM0\ARM_GCC_493\Debug\Cm0Start.o
 .comment       0x00000000       0x71 .\CortexM0\ARM_GCC_493\Debug\8S.a(cyfitter_cfg.o)
 .comment       0x00000000       0x71 .\CortexM0\ARM_GCC_493\Debug\8S.a(CyFlash.o)
 .comment       0x00000000       0x71 .\CortexM0\ARM_GCC_493\Debug\8S.a(CyLib.o)
 .comment       0x00000000       0x71 .\CortexM0\ARM_GCC_493\Debug\8S.a(CyLFClk.o)
 .comment       0x00000000       0x71 .\CortexM0\ARM_GCC_493\Debug\8S.a(I2C_Slave.o)
 .comment       0x00000000       0x71 .\CortexM0\ARM_GCC_493\Debug\8S.a(I2C_Slave_I2C.o)
 .comment       0x00000000       0x71 .\CortexM0\ARM_GCC_493\Debug\8S.a(I2C_Slave_I2C_SLAVE.o)
 .comment       0x00000000       0x71 .\CortexM0\ARM_GCC_493\Debug\8S.a(CapSense.o)
 .comment       0x00000000       0x71 .\CortexM0\ARM_GCC_493\Debug\8S.a(CapSense_CSHL.o)
 .comment       0x00000000       0x71 .\CortexM0\ARM_GCC_493\Debug\8S.a(CapSense_INT.o)
 .comment       0x00000000       0x71 .\CortexM0\ARM_GCC_493\Debug\8S.a(CapSense_SMS.o)
 .comment       0x00000000       0x71 .\CortexM0\ARM_GCC_493\Debug\8S.a(LED1.o)
 .comment       0x00000000       0x71 .\CortexM0\ARM_GCC_493\Debug\8S.a(LED2.o)
 .comment       0x00000000       0x71 .\CortexM0\ARM_GCC_493\Debug\8S.a(LED3.o)
 .comment       0x00000000       0x71 .\CortexM0\ARM_GCC_493\Debug\8S.a(LED4.o)
 .comment       0x00000000       0x71 .\CortexM0\ARM_GCC_493\Debug\8S.a(LED5.o)
 .comment       0x00000000       0x71 .\CortexM0\ARM_GCC_493\Debug\8S.a(CapSense_SampleClk.o)
 .comment       0x00000000       0x71 .\CortexM0\ARM_GCC_493\Debug\8S.a(CapSense_SenseClk.o)
 .comment       0x00000000       0x71 .\CortexM0\ARM_GCC_493\Debug\8S.a(InterPin.o)
 .comment       0x00000000       0x71 .\CortexM0\ARM_GCC_493\Debug\8S.a(UART.o)
 .comment       0x00000000       0x71 .\CortexM0\ARM_GCC_493\Debug\8S.a(UART_UART.o)
 .comment       0x00000000       0x71 .\CortexM0\ARM_GCC_493\Debug\8S.a(LED6.o)
 .comment       0x00000000       0x71 .\CortexM0\ARM_GCC_493\Debug\8S.a(LED7.o)
 .comment       0x00000000       0x71 .\CortexM0\ARM_GCC_493\Debug\8S.a(LED8.o)
 .comment       0x00000000       0x71 .\CortexM0\ARM_GCC_493\Debug\8S.a(Triac1.o)
 .comment       0x00000000       0x71 .\CortexM0\ARM_GCC_493\Debug\8S.a(Triac4.o)
 .comment       0x00000000       0x71 .\CortexM0\ARM_GCC_493\Debug\8S.a(Triac3.o)
 .comment       0x00000000       0x71 .\CortexM0\ARM_GCC_493\Debug\8S.a(Triac2.o)
 .comment       0x00000000       0x71 .\CortexM0\ARM_GCC_493\Debug\8S.a(Triac8.o)
 .comment       0x00000000       0x71 .\CortexM0\ARM_GCC_493\Debug\8S.a(Triac7.o)
 .comment       0x00000000       0x71 .\CortexM0\ARM_GCC_493\Debug\8S.a(Triac5.o)
 .comment       0x00000000       0x71 .\CortexM0\ARM_GCC_493\Debug\8S.a(Triac6.o)
 .comment       0x00000000       0x71 .\CortexM0\ARM_GCC_493\Debug\8S.a(I2C_Slave_I2C_INT.o)
 .comment       0x00000000       0x71 .\CortexM0\ARM_GCC_493\Debug\8S.a(UART_SPI_UART.o)
 .comment       0x00000000       0x71 C:\Program Files (x86)\Cypress\PSoC Creator\4.0\PSoC Creator\psoc\content\cycomponentlibrary\CyComponentLibrary.cylib\CapSense_CSD_P4_v2_40\PSoC4\Library\CapsenseP4Library_GCC.a(CSD_P4_SmartSense_v2_40.o)

.debug_weaknames
 *(.debug_weaknames)

.debug_funcnames
 *(.debug_funcnames)

.debug_typenames
 *(.debug_typenames)

.debug_varnames
 *(.debug_varnames)

.note.gnu.arm.ident
 *(.note.gnu.arm.ident)

.ARM.attributes
                0x00000000       0x28
 *(.ARM.attributes)
 .ARM.attributes
                0x00000000       0x1e c:/program files (x86)/cypress/psoc creator/4.0/psoc creator/import/gnu/arm/4.9.3/bin/../lib/gcc/arm-none-eabi/4.9.3/armv6-m/crti.o
 .ARM.attributes
                0x0000001e       0x2c c:/program files (x86)/cypress/psoc creator/4.0/psoc creator/import/gnu/arm/4.9.3/bin/../lib/gcc/arm-none-eabi/4.9.3/armv6-m/crtbegin.o
 .ARM.attributes
                0x0000004a       0x1b c:/program files (x86)/cypress/psoc creator/4.0/psoc creator/import/gnu/arm/4.9.3/bin/../lib/gcc/arm-none-eabi/4.9.3/../../../../arm-none-eabi/lib/armv6-m/crt0.o
 .ARM.attributes
                0x00000065       0x31 .\CortexM0\ARM_GCC_493\Debug\main.o
 .ARM.attributes
                0x00000096       0x31 .\CortexM0\ARM_GCC_493\Debug\cymetadata.o
 .ARM.attributes
                0x000000c7       0x31 .\CortexM0\ARM_GCC_493\Debug\Cm0Start.o
 .ARM.attributes
                0x000000f8       0x31 .\CortexM0\ARM_GCC_493\Debug\8S.a(cyfitter_cfg.o)
 .ARM.attributes
                0x00000129       0x31 .\CortexM0\ARM_GCC_493\Debug\8S.a(CyFlash.o)
 .ARM.attributes
                0x0000015a       0x31 .\CortexM0\ARM_GCC_493\Debug\8S.a(CyLib.o)
 .ARM.attributes
                0x0000018b       0x31 .\CortexM0\ARM_GCC_493\Debug\8S.a(CyLFClk.o)
 .ARM.attributes
                0x000001bc       0x31 .\CortexM0\ARM_GCC_493\Debug\8S.a(I2C_Slave.o)
 .ARM.attributes
                0x000001ed       0x31 .\CortexM0\ARM_GCC_493\Debug\8S.a(I2C_Slave_I2C.o)
 .ARM.attributes
                0x0000021e       0x31 .\CortexM0\ARM_GCC_493\Debug\8S.a(I2C_Slave_I2C_SLAVE.o)
 .ARM.attributes
                0x0000024f       0x31 .\CortexM0\ARM_GCC_493\Debug\8S.a(CapSense.o)
 .ARM.attributes
                0x00000280       0x31 .\CortexM0\ARM_GCC_493\Debug\8S.a(CapSense_CSHL.o)
 .ARM.attributes
                0x000002b1       0x31 .\CortexM0\ARM_GCC_493\Debug\8S.a(CapSense_INT.o)
 .ARM.attributes
                0x000002e2       0x31 .\CortexM0\ARM_GCC_493\Debug\8S.a(CapSense_SMS.o)
 .ARM.attributes
                0x00000313       0x31 .\CortexM0\ARM_GCC_493\Debug\8S.a(LED1.o)
 .ARM.attributes
                0x00000344       0x31 .\CortexM0\ARM_GCC_493\Debug\8S.a(LED2.o)
 .ARM.attributes
                0x00000375       0x31 .\CortexM0\ARM_GCC_493\Debug\8S.a(LED3.o)
 .ARM.attributes
                0x000003a6       0x31 .\CortexM0\ARM_GCC_493\Debug\8S.a(LED4.o)
 .ARM.attributes
                0x000003d7       0x31 .\CortexM0\ARM_GCC_493\Debug\8S.a(LED5.o)
 .ARM.attributes
                0x00000408       0x31 .\CortexM0\ARM_GCC_493\Debug\8S.a(CapSense_SampleClk.o)
 .ARM.attributes
                0x00000439       0x31 .\CortexM0\ARM_GCC_493\Debug\8S.a(CapSense_SenseClk.o)
 .ARM.attributes
                0x0000046a       0x31 .\CortexM0\ARM_GCC_493\Debug\8S.a(InterPin.o)
 .ARM.attributes
                0x0000049b       0x31 .\CortexM0\ARM_GCC_493\Debug\8S.a(UART.o)
 .ARM.attributes
                0x000004cc       0x31 .\CortexM0\ARM_GCC_493\Debug\8S.a(UART_UART.o)
 .ARM.attributes
                0x000004fd       0x31 .\CortexM0\ARM_GCC_493\Debug\8S.a(LED6.o)
 .ARM.attributes
                0x0000052e       0x31 .\CortexM0\ARM_GCC_493\Debug\8S.a(LED7.o)
 .ARM.attributes
                0x0000055f       0x31 .\CortexM0\ARM_GCC_493\Debug\8S.a(LED8.o)
 .ARM.attributes
                0x00000590       0x31 .\CortexM0\ARM_GCC_493\Debug\8S.a(Triac1.o)
 .ARM.attributes
                0x000005c1       0x31 .\CortexM0\ARM_GCC_493\Debug\8S.a(Triac4.o)
 .ARM.attributes
                0x000005f2       0x31 .\CortexM0\ARM_GCC_493\Debug\8S.a(Triac3.o)
 .ARM.attributes
                0x00000623       0x31 .\CortexM0\ARM_GCC_493\Debug\8S.a(Triac2.o)
 .ARM.attributes
                0x00000654       0x31 .\CortexM0\ARM_GCC_493\Debug\8S.a(Triac8.o)
 .ARM.attributes
                0x00000685       0x31 .\CortexM0\ARM_GCC_493\Debug\8S.a(Triac7.o)
 .ARM.attributes
                0x000006b6       0x31 .\CortexM0\ARM_GCC_493\Debug\8S.a(Triac5.o)
 .ARM.attributes
                0x000006e7       0x31 .\CortexM0\ARM_GCC_493\Debug\8S.a(Triac6.o)
 .ARM.attributes
                0x00000718       0x21 .\CortexM0\ARM_GCC_493\Debug\8S.a(CyBootAsmGnu.o)
 .ARM.attributes
                0x00000739       0x31 .\CortexM0\ARM_GCC_493\Debug\8S.a(I2C_Slave_I2C_INT.o)
 .ARM.attributes
                0x0000076a       0x31 .\CortexM0\ARM_GCC_493\Debug\8S.a(UART_SPI_UART.o)
 .ARM.attributes
                0x0000079b       0x31 C:\Program Files (x86)\Cypress\PSoC Creator\4.0\PSoC Creator\psoc\content\cycomponentlibrary\CyComponentLibrary.cylib\CapSense_CSD_P4_v2_40\PSoC4\Library\CapsenseP4Library_GCC.a(CSD_P4_SmartSense_v2_40.o)
 .ARM.attributes
                0x000007cc       0x1e c:/program files (x86)/cypress/psoc creator/4.0/psoc creator/import/gnu/arm/4.9.3/bin/../lib/gcc/arm-none-eabi/4.9.3/armv6-m\libgcc.a(_udivsi3.o)
 .ARM.attributes
                0x000007ea       0x1e c:/program files (x86)/cypress/psoc creator/4.0/psoc creator/import/gnu/arm/4.9.3/bin/../lib/gcc/arm-none-eabi/4.9.3/armv6-m\libgcc.a(_divsi3.o)
 .ARM.attributes
                0x00000808       0x1e c:/program files (x86)/cypress/psoc creator/4.0/psoc creator/import/gnu/arm/4.9.3/bin/../lib/gcc/arm-none-eabi/4.9.3/armv6-m\libgcc.a(_dvmd_tls.o)
 .ARM.attributes
                0x00000826       0x2c c:/program files (x86)/cypress/psoc creator/4.0/psoc creator/import/gnu/arm/4.9.3/bin/../lib/gcc/arm-none-eabi/4.9.3/../../../../arm-none-eabi/lib/armv6-m\libg_nano.a(lib_a-errno.o)
 .ARM.attributes
                0x00000852       0x2c c:/program files (x86)/cypress/psoc creator/4.0/psoc creator/import/gnu/arm/4.9.3/bin/../lib/gcc/arm-none-eabi/4.9.3/../../../../arm-none-eabi/lib/armv6-m\libg_nano.a(lib_a-exit.o)
 .ARM.attributes
                0x0000087e       0x2c c:/program files (x86)/cypress/psoc creator/4.0/psoc creator/import/gnu/arm/4.9.3/bin/../lib/gcc/arm-none-eabi/4.9.3/../../../../arm-none-eabi/lib/armv6-m\libg_nano.a(lib_a-impure.o)
 .ARM.attributes
                0x000008aa       0x2c c:/program files (x86)/cypress/psoc creator/4.0/psoc creator/import/gnu/arm/4.9.3/bin/../lib/gcc/arm-none-eabi/4.9.3/../../../../arm-none-eabi/lib/armv6-m\libg_nano.a(lib_a-init.o)
 .ARM.attributes
                0x000008d6       0x2c c:/program files (x86)/cypress/psoc creator/4.0/psoc creator/import/gnu/arm/4.9.3/bin/../lib/gcc/arm-none-eabi/4.9.3/../../../../arm-none-eabi/lib/armv6-m\libg_nano.a(lib_a-memcpy.o)
 .ARM.attributes
                0x00000902       0x2c c:/program files (x86)/cypress/psoc creator/4.0/psoc creator/import/gnu/arm/4.9.3/bin/../lib/gcc/arm-none-eabi/4.9.3/../../../../arm-none-eabi/lib/armv6-m\libg_nano.a(lib_a-memset.o)
 .ARM.attributes
                0x0000092e       0x2c c:/program files (x86)/cypress/psoc creator/4.0/psoc creator/import/gnu/arm/4.9.3/bin/../lib/gcc/arm-none-eabi/4.9.3/armv6-m/crtend.o
 .ARM.attributes
                0x0000095a       0x1e c:/program files (x86)/cypress/psoc creator/4.0/psoc creator/import/gnu/arm/4.9.3/bin/../lib/gcc/arm-none-eabi/4.9.3/armv6-m/crtn.o

/DISCARD/
 *(.note.GNU-stack)
OUTPUT(.\CortexM0\ARM_GCC_493\Debug\8S.elf elf32-littlearm)
