Archive member included because of file (symbol)

.\CortexM0\ARM_GCC_493\Debug\1F3S1SOC.a(cyfitter_cfg.o)
                              .\CortexM0\ARM_GCC_493\Debug\Cm0Start.o (cyfitter_cfg)
.\CortexM0\ARM_GCC_493\Debug\1F3S1SOC.a(CyFlash.o)
                              .\CortexM0\ARM_GCC_493\Debug\main.o (CySysFlashWriteRow)
.\CortexM0\ARM_GCC_493\Debug\1F3S1SOC.a(CyLib.o)
                              .\CortexM0\ARM_GCC_493\Debug\main.o (CyDelay)
.\CortexM0\ARM_GCC_493\Debug\1F3S1SOC.a(CyLFClk.o)
                              .\CortexM0\ARM_GCC_493\Debug\1F3S1SOC.a(CyLib.o) (CySysClkWcoEnabled)
.\CortexM0\ARM_GCC_493\Debug\1F3S1SOC.a(I2C_Slave.o)
                              .\CortexM0\ARM_GCC_493\Debug\main.o (I2C_Slave_Start)
.\CortexM0\ARM_GCC_493\Debug\1F3S1SOC.a(I2C_Slave_I2C.o)
                              .\CortexM0\ARM_GCC_493\Debug\1F3S1SOC.a(I2C_Slave.o) (I2C_Slave_I2CInit)
.\CortexM0\ARM_GCC_493\Debug\1F3S1SOC.a(I2C_Slave_I2C_SLAVE.o)
                              .\CortexM0\ARM_GCC_493\Debug\1F3S1SOC.a(I2C_Slave_I2C.o) (I2C_Slave_slStatus)
.\CortexM0\ARM_GCC_493\Debug\1F3S1SOC.a(CapSense.o)
                              .\CortexM0\ARM_GCC_493\Debug\main.o (CapSense_Start)
.\CortexM0\ARM_GCC_493\Debug\1F3S1SOC.a(CapSense_CSHL.o)
                              .\CortexM0\ARM_GCC_493\Debug\1F3S1SOC.a(CapSense.o) (CapSense_rawDataIndex)
.\CortexM0\ARM_GCC_493\Debug\1F3S1SOC.a(CapSense_INT.o)
                              .\CortexM0\ARM_GCC_493\Debug\1F3S1SOC.a(CapSense.o) (CapSense_ISR)
.\CortexM0\ARM_GCC_493\Debug\1F3S1SOC.a(CapSense_SMS.o)
                              .\CortexM0\ARM_GCC_493\Debug\1F3S1SOC.a(CapSense_CSHL.o) (CapSense_config)
.\CortexM0\ARM_GCC_493\Debug\1F3S1SOC.a(LED1.o)
                              .\CortexM0\ARM_GCC_493\Debug\main.o (LED1_Write)
.\CortexM0\ARM_GCC_493\Debug\1F3S1SOC.a(LED2.o)
                              .\CortexM0\ARM_GCC_493\Debug\main.o (LED2_Write)
.\CortexM0\ARM_GCC_493\Debug\1F3S1SOC.a(LED3.o)
                              .\CortexM0\ARM_GCC_493\Debug\main.o (LED3_Write)
.\CortexM0\ARM_GCC_493\Debug\1F3S1SOC.a(LED4.o)
                              .\CortexM0\ARM_GCC_493\Debug\main.o (LED4_Write)
.\CortexM0\ARM_GCC_493\Debug\1F3S1SOC.a(LED5.o)
                              .\CortexM0\ARM_GCC_493\Debug\main.o (LED5_Write)
.\CortexM0\ARM_GCC_493\Debug\1F3S1SOC.a(CapSense_SampleClk.o)
                              .\CortexM0\ARM_GCC_493\Debug\1F3S1SOC.a(CapSense.o) (CapSense_SampleClk_StartEx)
.\CortexM0\ARM_GCC_493\Debug\1F3S1SOC.a(CapSense_SenseClk.o)
                              .\CortexM0\ARM_GCC_493\Debug\1F3S1SOC.a(CapSense.o) (CapSense_SenseClk_StartEx)
.\CortexM0\ARM_GCC_493\Debug\1F3S1SOC.a(InterPin.o)
                              .\CortexM0\ARM_GCC_493\Debug\main.o (InterPin_Write)
.\CortexM0\ARM_GCC_493\Debug\1F3S1SOC.a(UART.o)
                              .\CortexM0\ARM_GCC_493\Debug\main.o (UART_Start)
.\CortexM0\ARM_GCC_493\Debug\1F3S1SOC.a(UART_UART.o)
                              .\CortexM0\ARM_GCC_493\Debug\1F3S1SOC.a(UART.o) (UART_UartInit)
.\CortexM0\ARM_GCC_493\Debug\1F3S1SOC.a(LED11.o)
                              .\CortexM0\ARM_GCC_493\Debug\main.o (LED11_Write)
.\CortexM0\ARM_GCC_493\Debug\1F3S1SOC.a(LED12.o)
                              .\CortexM0\ARM_GCC_493\Debug\main.o (LED12_Write)
.\CortexM0\ARM_GCC_493\Debug\1F3S1SOC.a(LED13.o)
                              .\CortexM0\ARM_GCC_493\Debug\main.o (LED13_Write)
.\CortexM0\ARM_GCC_493\Debug\1F3S1SOC.a(LED14.o)
                              .\CortexM0\ARM_GCC_493\Debug\main.o (LED14_Write)
.\CortexM0\ARM_GCC_493\Debug\1F3S1SOC.a(Triac1.o)
                              .\CortexM0\ARM_GCC_493\Debug\main.o (Triac1_Write)
.\CortexM0\ARM_GCC_493\Debug\1F3S1SOC.a(WdtIsr.o)
                              .\CortexM0\ARM_GCC_493\Debug\main.o (WdtIsr_StartEx)
.\CortexM0\ARM_GCC_493\Debug\1F3S1SOC.a(Relay2.o)
                              .\CortexM0\ARM_GCC_493\Debug\main.o (Relay2_Write)
.\CortexM0\ARM_GCC_493\Debug\1F3S1SOC.a(Relay1.o)
                              .\CortexM0\ARM_GCC_493\Debug\main.o (Relay1_Write)
.\CortexM0\ARM_GCC_493\Debug\1F3S1SOC.a(Relay3.o)
                              .\CortexM0\ARM_GCC_493\Debug\main.o (Relay3_Write)
.\CortexM0\ARM_GCC_493\Debug\1F3S1SOC.a(Relay4.o)
                              .\CortexM0\ARM_GCC_493\Debug\main.o (Relay4_Write)
.\CortexM0\ARM_GCC_493\Debug\1F3S1SOC.a(Intr.o)
                              .\CortexM0\ARM_GCC_493\Debug\main.o (Intr_Disable)
.\CortexM0\ARM_GCC_493\Debug\1F3S1SOC.a(zeroCrossing_intr.o)
                              .\CortexM0\ARM_GCC_493\Debug\main.o (zeroCrossing_intr_ClearInterrupt)
.\CortexM0\ARM_GCC_493\Debug\1F3S1SOC.a(CyBootAsmGnu.o)
                              .\CortexM0\ARM_GCC_493\Debug\1F3S1SOC.a(CyLib.o) (CyDelayCycles)
.\CortexM0\ARM_GCC_493\Debug\1F3S1SOC.a(I2C_Slave_I2C_INT.o)
                              .\CortexM0\ARM_GCC_493\Debug\1F3S1SOC.a(I2C_Slave_I2C.o) (I2C_Slave_I2C_ISR)
[...]
Memory Configuration

Name             Origin             Length             Attributes
rom              0x00000000         0x00020000         xr
ram              0x20000000         0x00004000         xrw
*default*        0x00000000         0xffffffff

Linker script and memory map

LOAD c:/program files (x86)/cypress/psoc creator/4.0/psoc creator/import/gnu/arm/4.9.3/bin/../lib/gcc/arm-none-eabi/4.9.3/armv6-m/crti.o
LOAD c:/program files (x86)/cypress/psoc creator/4.0/psoc creator/import/gnu/arm/4.9.3/bin/../lib/gcc/arm-none-eabi/4.9.3/armv6-m/crtbegin.o
LOAD c:/program files (x86)/cypress/psoc creator/4.0/psoc creator/import/gnu/arm/4.9.3/bin/../lib/gcc/arm-none-eabi/4.9.3/../../../../arm-none-eabi/lib/armv6-m/crt0.o
START GROUP
LOAD .\CortexM0\ARM_GCC_493\Debug\main.o
LOAD .\CortexM0\ARM_GCC_493\Debug\cymetadata.o
LOAD .\CortexM0\ARM_GCC_493\Debug\Cm0Start.o
LOAD .\CortexM0\ARM_GCC_493\Debug\1F3S1SOC.a
LOAD C:\Program Files (x86)\Cypress\PSoC Creator\4.0\PSoC Creator\psoc\content\cycomponentlibrary\CyComponentLibrary.cylib\CapSense_CSD_P4_v2_40\PSoC4\Library\CapsenseP4Library_GCC.a
LOAD C:\Program Files (x86)\Cypress\PSoC Creator\4.0\PSoC Creator\psoc\content\cycomponentlibrary\CyComponentLibrary.cylib\CortexM0\ARM_GCC_493\Debug\CyComponentLibrary.a
END GROUP
START GROUP
LOAD c:/program files (x86)/cypress/psoc creator/4.0/psoc creator/import/gnu/arm/4.9.3/bin/../lib/gcc/arm-none-eabi/4.9.3/armv6-m\libgcc.a
LOAD c:/program files (x86)/cypress/psoc creator/4.0/psoc creator/import/gnu/arm/4.9.3/bin/../lib/gcc/arm-none-eabi/4.9.3/../../../../arm-none-eabi/lib/armv6-m\libg_nano.a
LOAD c:/program files (x86)/cypress/psoc creator/4.0/psoc creator/import/gnu/arm/4.9.3/bin/../lib/gcc/arm-none-eabi/4.9.3/../../../../arm-none-eabi/lib/armv6-m\libc_nano.a
END GROUP
START GROUP
LOAD c:/program files (x86)/cypress/psoc creator/4.0/psoc creator/import/gnu/arm/4.9.3/bin/../lib/gcc/arm-none-eabi/4.9.3/armv6-m\libgcc.a
LOAD c:/program files (x86)/cypress/psoc creator/4.0/psoc creator/import/gnu/arm/4.9.3/bin/../lib/gcc/arm-none-eabi/4.9.3/../../../../arm-none-eabi/lib/armv6-m\libc_nano.a
END GROUP
LOAD c:/program files (x86)/cypress/psoc creator/4.0/psoc creator/import/gnu/arm/4.9.3/bin/../lib/gcc/arm-none-eabi/4.9.3/armv6-m/crtend.o
LOAD c:/program files (x86)/cypress/psoc creator/4.0/psoc creator/import/gnu/arm/4.9.3/bin/../lib/gcc/arm-none-eabi/4.9.3/armv6-m/crtn.o
START GROUP
LOAD c:/program files (x86)/cypress/psoc creator/4.0/psoc creator/import/gnu/arm/4.9.3/bin/../lib/gcc/arm-none-eabi/4.9.3/armv6-m\libgcc.a
LOAD c:/program files (x86)/cypress/psoc creator/4.0/psoc creator/import/gnu/arm/4.9.3/bin/../lib/gcc/arm-none-eabi/4.9.3/../../../../arm-none-eabi/lib/armv6-m\libc.a
LOAD c:/program files (x86)/cypress/psoc creator/4.0/psoc creator/import/gnu/arm/4.9.3/bin/../lib/gcc/arm-none-eabi/4.9.3/../../../../arm-none-eabi/lib/armv6-m\libnosys.a
END GROUP
                0x00000000                CY_APPL_ORIGIN = 0x0
                0x00000080                CY_FLASH_ROW_SIZE = 0x80
                0x00000001                CY_APPL_NUM = 0x1
                0x00000001                CY_APPL_MAX = 0x1
                0x00000040                CY_METADATA_SIZE = 0x40
                0x00000000                CY_APPL_LOADABLE = 0x0
                0x00000000                CY_CHECKSUM_EXCLUDE_SIZE = ALIGN (0x0, CY_FLASH_ROW_SIZE)
                0x00000000                CY_APP_FOR_STACK_AND_COPIER = 0x0
                0x20000418                PROVIDE (__cy_heap_start, _end)
                0x00000001                PROVIDE (__cy_region_num, ((__cy_regions_end - __cy_regions) / 0x10))
                0x20004000                PROVIDE (__cy_stack, (ORIGIN (ram) + 0x4000))
                0x20003c00                PROVIDE (__cy_heap_end, (__cy_stack - 0x400))

.cybootloader   0x00000000        0x0
 *(.cybootloader)
                0x00000000                appl1_start = CY_APPL_ORIGIN?CY_APPL_ORIGIN:ALIGN (CY_FLASH_ROW_SIZE)
                0x0000ff80                appl2_start = (appl1_start + ALIGN ((((0x20000 - appl1_start) - (0x2 * CY_FLASH_ROW_SIZE)) / 0x2), CY_FLASH_ROW_SIZE))
                0x00000000                appl_start = (CY_APPL_NUM == 0x1)?appl1_start:appl2_start
                0x00000001                cy_project_type_bootloader = (appl_start == 0x0)?0x1:0x0
                0x00000000                cy_project_type_app_for_stack_and_copier = (CY_APP_FOR_STACK_AND_COPIER == 0x1)?0x1:0x0

.text           0x00000000     0x4b46
 CREATE_OBJECT_SYMBOLS
                0x00000000                PROVIDE (__cy_interrupt_vector, RomVectors)
 *(.romvectors)
 .romvectors    0x00000000       0x10 .\CortexM0\ARM_GCC_493\Debug\Cm0Start.o
                0x00000000                RomVectors
                0x00000001                ASSERT ((. != __cy_interrupt_vector), No interrupt vector)
                0x00000001                ASSERT (CY_APPL_ORIGIN?(SIZEOF (.cybootloader) <= CY_APPL_ORIGIN):0x1, Wrong image location)
                0x00000010                PROVIDE (__cy_reset, Reset)
 *(.text.Reset)
 .text.Reset    0x00000010        0x8 .\CortexM0\ARM_GCC_493\Debug\Cm0Start.o
                0x00000010                Reset
                0x00000001                ASSERT ((. != __cy_reset), No reset code)
 *(.psocinit)
 .psocinit      0x00000018      0x280 .\CortexM0\ARM_GCC_493\Debug\1F3S1SOC.a(cyfitter_cfg.o)
                0x000000e8                cyfitter_cfg
                0x00000298                . = MAX (., 0x100)
 *(.text .text.* .gnu.linkonce.t.*)
 .text          0x00000298       0x60 c:/program files (x86)/cypress/psoc creator/4.0/psoc creator/import/gnu/arm/4.9.3/bin/../lib/gcc/arm-none-eabi/4.9.3/armv6-m/crtbegin.o
 .text.zero_crosss_int
                0x000002f8       0x7c .\CortexM0\ARM_GCC_493\Debug\main.o
                0x000002f8                zero_crosss_int
 .text.WdtIsrHandler
                0x00000374       0x20 .\CortexM0\ARM_GCC_493\Debug\main.o
                0x00000374                WdtIsrHandler
 .text.main     0x00000394      0x2b0 .\CortexM0\ARM_GCC_493\Debug\main.o
                0x00000394                main
 .text.CapSense_DisplayState
                0x00000644      0x3a4 .\CortexM0\ARM_GCC_493\Debug\main.o
                0x00000644                CapSense_DisplayState
 .text.ExecuteCommand
                0x000009e8       0x54 .\CortexM0\ARM_GCC_493\Debug\main.o
                0x000009e8                ExecuteCommand
 .text.UpdateSwitchLeds
                0x00000a3c      0x1b0 .\CortexM0\ARM_GCC_493\Debug\main.o
                0x00000a3c                UpdateSwitchLeds
 .text.UpdateLedsFan1
                0x00000bec      0x118 .\CortexM0\ARM_GCC_493\Debug\main.o
                0x00000bec                UpdateLedsFan1
 .text.IntDefaultHandler
                0x00000d04        0x8 .\CortexM0\ARM_GCC_493\Debug\Cm0Start.o
                0x00000d04                IntDefaultHandler
 .text.Start_c  0x00000d0c       0x98 .\CortexM0\ARM_GCC_493\Debug\Cm0Start.o
                0x00000d0c                Start_c
 .text.initialize_psoc
                0x00000da4       0x70 .\CortexM0\ARM_GCC_493\Debug\Cm0Start.o
                0x00000da4                initialize_psoc
 .text.CYMEMZERO
                0x00000e14       0x20 .\CortexM0\ARM_GCC_493\Debug\1F3S1SOC.a(cyfitter_cfg.o)
 .text.cfg_write_bytes32
                0x00000e34       0x80 .\CortexM0\ARM_GCC_493\Debug\1F3S1SOC.a(cyfitter_cfg.o)
 .text.AnalogSetDefault
                0x00000eb4       0x2c .\CortexM0\ARM_GCC_493\Debug\1F3S1SOC.a(cyfitter_cfg.o)
 .text.SetAnalogRoutingPumps
                0x00000ee0       0x70 .\CortexM0\ARM_GCC_493\Debug\1F3S1SOC.a(cyfitter_cfg.o)
                0x00000ee0                SetAnalogRoutingPumps
 .text.CySysFlashWriteRow
                0x00000f50      0x164 .\CortexM0\ARM_GCC_493\Debug\1F3S1SOC.a(CyFlash.o)
                0x00000f50                CySysFlashWriteRow
 .text.CySysFlashSetWaitCycles
                0x000010b4       0x74 .\CortexM0\ARM_GCC_493\Debug\1F3S1SOC.a(CyFlash.o)
                0x000010b4                CySysFlashSetWaitCycles
 .text.CySysFlashClockBackup
                0x00001128       0x14 .\CortexM0\ARM_GCC_493\Debug\1F3S1SOC.a(CyFlash.o)
 .text.CySysFlashClockRestore
                0x0000113c       0x14 .\CortexM0\ARM_GCC_493\Debug\1F3S1SOC.a(CyFlash.o)
 .text.CySysClkImoEnableWcoLock
                0x00001150      0x144 .\CortexM0\ARM_GCC_493\Debug\1F3S1SOC.a(CyLib.o)
                0x00001150                CySysClkImoEnableWcoLock
 .text.CySysClkImoDisableWcoLock
                0x00001294       0x1c .\CortexM0\ARM_GCC_493\Debug\1F3S1SOC.a(CyLib.o)
                0x00001294                CySysClkImoDisableWcoLock
 .text.CySysClkImoGetWcoLock
                0x000012b0       0x20 .\CortexM0\ARM_GCC_493\Debug\1F3S1SOC.a(CyLib.o)
                0x000012b0                CySysClkImoGetWcoLock
 .text.CySysClkWriteImoFreq
                0x000012d0       0xb8 .\CortexM0\ARM_GCC_493\Debug\1F3S1SOC.a(CyLib.o)
                0x000012d0                CySysClkWriteImoFreq
 .text.CyIntSetVector
                0x00001388       0x4c .\CortexM0\ARM_GCC_493\Debug\1F3S1SOC.a(CyLib.o)
                0x00001388                CyIntSetVector
 .text.CyIntSetPriority
                0x000013d4       0xa8 .\CortexM0\ARM_GCC_493\Debug\1F3S1SOC.a(CyLib.o)
                0x000013d4                CyIntSetPriority
 .text.CyIntEnable
                0x0000147c       0x28 .\CortexM0\ARM_GCC_493\Debug\1F3S1SOC.a(CyLib.o)
                0x0000147c                CyIntEnable
 .text.CyIntDisable
                0x000014a4       0x28 .\CortexM0\ARM_GCC_493\Debug\1F3S1SOC.a(CyLib.o)
                0x000014a4                CyIntDisable
 .text.CyHalt   0x000014cc       0x14 .\CortexM0\ARM_GCC_493\Debug\1F3S1SOC.a(CyLib.o)
                0x000014cc                CyHalt
 .text.CyDelay  0x000014e0       0x48 .\CortexM0\ARM_GCC_493\Debug\1F3S1SOC.a(CyLib.o)
                0x000014e0                CyDelay
 .text.CyDelayUs
                0x00001528       0x28 .\CortexM0\ARM_GCC_493\Debug\1F3S1SOC.a(CyLib.o)
                0x00001528                CyDelayUs
 .text.CySysClkWcoEnabled
                0x00001550       0x1c .\CortexM0\ARM_GCC_493\Debug\1F3S1SOC.a(CyLFClk.o)
                0x00001550                CySysClkWcoEnabled
 .text.CySysWdtLock
                0x0000156c       0x34 .\CortexM0\ARM_GCC_493\Debug\1F3S1SOC.a(CyLFClk.o)
                0x0000156c                CySysWdtLock
 .text.CySysWdtLocked
                0x000015a0       0x20 .\CortexM0\ARM_GCC_493\Debug\1F3S1SOC.a(CyLFClk.o)
 .text.CySysWdtUnlock
                0x000015c0       0x4c .\CortexM0\ARM_GCC_493\Debug\1F3S1SOC.a(CyLFClk.o)
                0x000015c0                CySysWdtUnlock
 .text.CySysWdtGetEnabledStatus
                0x0000160c       0x30 .\CortexM0\ARM_GCC_493\Debug\1F3S1SOC.a(CyLFClk.o)
                0x0000160c                CySysWdtGetEnabledStatus
 .text.CySysWdtSetMode
                0x0000163c       0x58 .\CortexM0\ARM_GCC_493\Debug\1F3S1SOC.a(CyLFClk.o)
                0x0000163c                CySysWdtSetMode
 .text.CySysWdtSetClearOnMatch
                0x00001694       0x6c .\CortexM0\ARM_GCC_493\Debug\1F3S1SOC.a(CyLFClk.o)
                0x00001694                CySysWdtSetClearOnMatch
 .text.CySysWdtEnable
                0x00001700       0x60 .\CortexM0\ARM_GCC_493\Debug\1F3S1SOC.a(CyLFClk.o)
                0x00001700                CySysWdtEnable
 .text.CySysWdtDisable
                0x00001760       0x68 .\CortexM0\ARM_GCC_493\Debug\1F3S1SOC.a(CyLFClk.o)
                0x00001760                CySysWdtDisable
 .text.CySysWdtSetCascade
                0x000017c8       0x58 .\CortexM0\ARM_GCC_493\Debug\1F3S1SOC.a(CyLFClk.o)
                0x000017c8                CySysWdtSetCascade
 .text.CySysWdtSetMatch
                0x00001820       0x90 .\CortexM0\ARM_GCC_493\Debug\1F3S1SOC.a(CyLFClk.o)
                0x00001820                CySysWdtSetMatch
 .text.CySysWdtClearInterrupt
                0x000018b0       0x70 .\CortexM0\ARM_GCC_493\Debug\1F3S1SOC.a(CyLFClk.o)
                0x000018b0                CySysWdtClearInterrupt
 .text.I2C_Slave_Init
                0x00001920        0xc .\CortexM0\ARM_GCC_493\Debug\1F3S1SOC.a(I2C_Slave.o)
                0x00001920                I2C_Slave_Init
 .text.I2C_Slave_Enable
                0x0000192c       0x24 .\CortexM0\ARM_GCC_493\Debug\1F3S1SOC.a(I2C_Slave.o)
                0x0000192c                I2C_Slave_Enable
 .text.I2C_Slave_Start
                0x00001950       0x24 .\CortexM0\ARM_GCC_493\Debug\1F3S1SOC.a(I2C_Slave.o)
                0x00001950                I2C_Slave_Start
 .text.I2C_Slave_ScbEnableIntr
                0x00001974       0x10 .\CortexM0\ARM_GCC_493\Debug\1F3S1SOC.a(I2C_Slave.o)
 .text.I2C_Slave_ScbModePostEnable
                0x00001984        0x8 .\CortexM0\ARM_GCC_493\Debug\1F3S1SOC.a(I2C_Slave.o)
 .text.I2C_Slave_I2CInit
                0x0000198c       0xe8 .\CortexM0\ARM_GCC_493\Debug\1F3S1SOC.a(I2C_Slave_I2C.o)
                0x0000198c                I2C_Slave_I2CInit
 .text.I2C_Slave_I2CSlaveStatus
                0x00001a74       0x14 .\CortexM0\ARM_GCC_493\Debug\1F3S1SOC.a(I2C_Slave_I2C_SLAVE.o)
                0x00001a74                I2C_Slave_I2CSlaveStatus
 .text.I2C_Slave_I2CSlaveClearReadStatus
                0x00001a88       0x40 .\CortexM0\ARM_GCC_493\Debug\1F3S1SOC.a(I2C_Slave_I2C_SLAVE.o)
                0x00001a88                I2C_Slave_I2CSlaveClearReadStatus
 .text.I2C_Slave_I2CSlaveClearWriteStatus
                0x00001ac8       0x40 .\CortexM0\ARM_GCC_493\Debug\1F3S1SOC.a(I2C_Slave_I2C_SLAVE.o)
                0x00001ac8                I2C_Slave_I2CSlaveClearWriteStatus
 .text.I2C_Slave_I2CSlaveInitReadBuf
                0x00001b08       0x4c .\CortexM0\ARM_GCC_493\Debug\1F3S1SOC.a(I2C_Slave_I2C_SLAVE.o)
                0x00001b08                I2C_Slave_I2CSlaveInitReadBuf
 .text.I2C_Slave_I2CSlaveInitWriteBuf
                0x00001b54       0x40 .\CortexM0\ARM_GCC_493\Debug\1F3S1SOC.a(I2C_Slave_I2C_SLAVE.o)
                0x00001b54                I2C_Slave_I2CSlaveInitWriteBuf
 .text.I2C_Slave_I2CSlaveGetWriteBufSize
                0x00001b94       0x14 .\CortexM0\ARM_GCC_493\Debug\1F3S1SOC.a(I2C_Slave_I2C_SLAVE.o)
                0x00001b94                I2C_Slave_I2CSlaveGetWriteBufSize
 .text.I2C_Slave_I2CSlaveClearReadBuf
                0x00001ba8       0x14 .\CortexM0\ARM_GCC_493\Debug\1F3S1SOC.a(I2C_Slave_I2C_SLAVE.o)
                0x00001ba8                I2C_Slave_I2CSlaveClearReadBuf
 .text.I2C_Slave_I2CSlaveClearWriteBuf
                0x00001bbc       0x14 .\CortexM0\ARM_GCC_493\Debug\1F3S1SOC.a(I2C_Slave_I2C_SLAVE.o)
                0x00001bbc                I2C_Slave_I2CSlaveClearWriteBuf
 .text.CapSense_Init
                0x00001bd0       0x38 .\CortexM0\ARM_GCC_493\Debug\1F3S1SOC.a(CapSense.o)
                0x00001bd0                CapSense_Init
 .text.CapSense_CsdHwBlockInit
                0x00001c08       0xc0 .\CortexM0\ARM_GCC_493\Debug\1F3S1SOC.a(CapSense.o)
                0x00001c08                CapSense_CsdHwBlockInit
 .text.CapSense_Enable
                0x00001cc8       0x54 .\CortexM0\ARM_GCC_493\Debug\1F3S1SOC.a(CapSense.o)
                0x00001cc8                CapSense_Enable
 .text.CapSense_Start
                0x00001d1c       0x44 .\CortexM0\ARM_GCC_493\Debug\1F3S1SOC.a(CapSense.o)
                0x00001d1c                CapSense_Start
 .text.CapSense_FindNextSensor
                0x00001d60       0x48 .\CortexM0\ARM_GCC_493\Debug\1F3S1SOC.a(CapSense.o)
                0x00001d60                CapSense_FindNextSensor
 .text.CapSense_ScanSensor
                0x00001da8       0x34 .\CortexM0\ARM_GCC_493\Debug\1F3S1SOC.a(CapSense.o)
                0x00001da8                CapSense_ScanSensor
 .text.CapSense_ScanEnabledWidgets
                0x00001ddc       0x58 .\CortexM0\ARM_GCC_493\Debug\1F3S1SOC.a(CapSense.o)
                0x00001ddc                CapSense_ScanEnabledWidgets
 .text.CapSense_IsBusy
                0x00001e34       0x1c .\CortexM0\ARM_GCC_493\Debug\1F3S1SOC.a(CapSense.o)
                0x00001e34                CapSense_IsBusy
 .text.CapSense_ReadSensorRaw
                0x00001e50       0x1c .\CortexM0\ARM_GCC_493\Debug\1F3S1SOC.a(CapSense.o)
                0x00001e50                CapSense_ReadSensorRaw
 .text.CapSense_ClearSensors
                0x00001e6c       0x28 .\CortexM0\ARM_GCC_493\Debug\1F3S1SOC.a(CapSense.o)
                0x00001e6c                CapSense_ClearSensors
 .text.CapSense_EnableSensor
                0x00001e94       0xc8 .\CortexM0\ARM_GCC_493\Debug\1F3S1SOC.a(CapSense.o)
                0x00001e94                CapSense_EnableSensor
 .text.CapSense_DisableSensor
                0x00001f5c      0x118 .\CortexM0\ARM_GCC_493\Debug\1F3S1SOC.a(CapSense.o)
                0x00001f5c                CapSense_DisableSensor
 .text.CapSense_PreScan
                0x00002074      0x14c .\CortexM0\ARM_GCC_493\Debug\1F3S1SOC.a(CapSense.o)
                0x00002074                CapSense_PreScan
 .text.CapSense_PostScan
                0x000021c0       0x74 .\CortexM0\ARM_GCC_493\Debug\1F3S1SOC.a(CapSense.o)
                0x000021c0                CapSense_PostScan
 .text.CapSense_SetShieldDelay
                0x00002234       0x30 .\CortexM0\ARM_GCC_493\Debug\1F3S1SOC.a(CapSense.o)
                0x00002234                CapSense_SetShieldDelay
 .text.CapSense_GetBitValue
                0x00002264       0x44 .\CortexM0\ARM_GCC_493\Debug\1F3S1SOC.a(CapSense.o)
                0x00002264                CapSense_GetBitValue
 .text.CapSense_SetBitValue
                0x000022a8       0x68 .\CortexM0\ARM_GCC_493\Debug\1F3S1SOC.a(CapSense.o)
                0x000022a8                CapSense_SetBitValue
 .text.CapSense_GetSensorRaw
                0x00002310       0x50 .\CortexM0\ARM_GCC_493\Debug\1F3S1SOC.a(CapSense.o)
                0x00002310                CapSense_GetSensorRaw
 .text.CapSense_SetUnscannedSensorState
                0x00002360       0x24 .\CortexM0\ARM_GCC_493\Debug\1F3S1SOC.a(CapSense.o)
                0x00002360                CapSense_SetUnscannedSensorState
 .text.CapSense_NormalizeWidgets
                0x00002384       0x9c .\CortexM0\ARM_GCC_493\Debug\1F3S1SOC.a(CapSense.o)
                0x00002384                CapSense_NormalizeWidgets
 .text.CapSense_BaseInit
                0x00002420       0x90 .\CortexM0\ARM_GCC_493\Debug\1F3S1SOC.a(CapSense_CSHL.o)
                0x00002420                CapSense_BaseInit
 .text.CapSense_InitializeSensorBaseline
                0x000024b0       0x28 .\CortexM0\ARM_GCC_493\Debug\1F3S1SOC.a(CapSense_CSHL.o)
                0x000024b0                CapSense_InitializeSensorBaseline
 .text.CapSense_InitializeAllBaselines
                0x000024d8       0x28 .\CortexM0\ARM_GCC_493\Debug\1F3S1SOC.a(CapSense_CSHL.o)
                0x000024d8                CapSense_InitializeAllBaselines
 .text.CapSense_UpdateBaselineNoThreshold
                0x00002500      0x238 .\CortexM0\ARM_GCC_493\Debug\1F3S1SOC.a(CapSense_CSHL.o)
                0x00002500                CapSense_UpdateBaselineNoThreshold
 .text.CapSense_UpdateSensorBaseline
                0x00002738       0x20 .\CortexM0\ARM_GCC_493\Debug\1F3S1SOC.a(CapSense_CSHL.o)
                0x00002738                CapSense_UpdateSensorBaseline
 .text.CapSense_UpdateEnabledBaselines
                0x00002758       0x40 .\CortexM0\ARM_GCC_493\Debug\1F3S1SOC.a(CapSense_CSHL.o)
                0x00002758                CapSense_UpdateEnabledBaselines
 .text.CapSense_CheckIsSensorActive
                0x00002798      0x158 .\CortexM0\ARM_GCC_493\Debug\1F3S1SOC.a(CapSense_CSHL.o)
                0x00002798                CapSense_CheckIsSensorActive
 .text.CapSense_CheckIsWidgetActive
                0x000028f0       0x58 .\CortexM0\ARM_GCC_493\Debug\1F3S1SOC.a(CapSense_CSHL.o)
                0x000028f0                CapSense_CheckIsWidgetActive
 .text.CapSense_FindMaximum
                0x00002948       0xb8 .\CortexM0\ARM_GCC_493\Debug\1F3S1SOC.a(CapSense_CSHL.o)
                0x00002948                CapSense_FindMaximum
 .text.CapSense_CalcCentroid
                0x00002a00      0x194 .\CortexM0\ARM_GCC_493\Debug\1F3S1SOC.a(CapSense_CSHL.o)
                0x00002a00                CapSense_CalcCentroid
 .text.CapSense_GetRadialCentroidPos
                0x00002b94      0x170 .\CortexM0\ARM_GCC_493\Debug\1F3S1SOC.a(CapSense_CSHL.o)
                0x00002b94                CapSense_GetRadialCentroidPos
 .text.CapSense_IIR4Filter
                0x00002d04       0x3c .\CortexM0\ARM_GCC_493\Debug\1F3S1SOC.a(CapSense_CSHL.o)
                0x00002d04                CapSense_IIR4Filter
 .text.CapSense_ISR
                0x00002d40       0xd8 .\CortexM0\ARM_GCC_493\Debug\1F3S1SOC.a(CapSense_INT.o)
                0x00002d40                CapSense_ISR
 .text.CapSense_AutoTune
                0x00002e18      0x10c .\CortexM0\ARM_GCC_493\Debug\1F3S1SOC.a(CapSense_SMS.o)
                0x00002e18                CapSense_AutoTune
 .text.CapSense_UpdateThresholds
                0x00002f24       0xf0 .\CortexM0\ARM_GCC_493\Debug\1F3S1SOC.a(CapSense_SMS.o)
                0x00002f24                CapSense_UpdateThresholds
 .text.CapSense_SetAnalogSwitchesSrcDirect
                0x00003014       0x18 .\CortexM0\ARM_GCC_493\Debug\1F3S1SOC.a(CapSense_SMS.o)
                0x00003014                CapSense_SetAnalogSwitchesSrcDirect
 .text.CapSense_DisableBaselineIDAC
                0x0000302c       0x34 .\CortexM0\ARM_GCC_493\Debug\1F3S1SOC.a(CapSense_SMS.o)
                0x0000302c                CapSense_DisableBaselineIDAC
 .text.CapSense_EnableBaselineIDAC
                0x00003060       0x90 .\CortexM0\ARM_GCC_493\Debug\1F3S1SOC.a(CapSense_SMS.o)
                0x00003060                CapSense_EnableBaselineIDAC
 .text.LED1_Write
                0x000030f0       0x4c .\CortexM0\ARM_GCC_493\Debug\1F3S1SOC.a(LED1.o)
                0x000030f0                LED1_Write
 .text.LED2_Write
                0x0000313c       0x4c .\CortexM0\ARM_GCC_493\Debug\1F3S1SOC.a(LED2.o)
                0x0000313c                LED2_Write
 .text.LED2_Read
                0x00003188       0x1c .\CortexM0\ARM_GCC_493\Debug\1F3S1SOC.a(LED2.o)
                0x00003188                LED2_Read
 .text.LED3_Write
                0x000031a4       0x4c .\CortexM0\ARM_GCC_493\Debug\1F3S1SOC.a(LED3.o)
                0x000031a4                LED3_Write
 .text.LED4_Write
                0x000031f0       0x4c .\CortexM0\ARM_GCC_493\Debug\1F3S1SOC.a(LED4.o)
                0x000031f0                LED4_Write
 .text.LED5_Write
                0x0000323c       0x48 .\CortexM0\ARM_GCC_493\Debug\1F3S1SOC.a(LED5.o)
                0x0000323c                LED5_Write
 .text.CapSense_SampleClk_StartEx
                0x00003284       0x2c .\CortexM0\ARM_GCC_493\Debug\1F3S1SOC.a(CapSense_SampleClk.o)
                0x00003284                CapSense_SampleClk_StartEx
 .text.CapSense_SampleClk_Stop
                0x000032b0       0x20 .\CortexM0\ARM_GCC_493\Debug\1F3S1SOC.a(CapSense_SampleClk.o)
                0x000032b0                CapSense_SampleClk_Stop
 .text.CapSense_SampleClk_SetFractionalDividerRegister
                0x000032d0       0x44 .\CortexM0\ARM_GCC_493\Debug\1F3S1SOC.a(CapSense_SampleClk.o)
                0x000032d0                CapSense_SampleClk_SetFractionalDividerRegister
 .text.CapSense_SenseClk_StartEx
                0x00003314       0x2c .\CortexM0\ARM_GCC_493\Debug\1F3S1SOC.a(CapSense_SenseClk.o)
                0x00003314                CapSense_SenseClk_StartEx
 .text.CapSense_SenseClk_Stop
                0x00003340       0x20 .\CortexM0\ARM_GCC_493\Debug\1F3S1SOC.a(CapSense_SenseClk.o)
                0x00003340                CapSense_SenseClk_Stop
 .text.CapSense_SenseClk_SetFractionalDividerRegister
                0x00003360       0x44 .\CortexM0\ARM_GCC_493\Debug\1F3S1SOC.a(CapSense_SenseClk.o)
                0x00003360                CapSense_SenseClk_SetFractionalDividerRegister
 .text.InterPin_Write
                0x000033a4       0x4c .\CortexM0\ARM_GCC_493\Debug\1F3S1SOC.a(InterPin.o)
                0x000033a4                InterPin_Write
 .text.InterPin_Read
                0x000033f0       0x1c .\CortexM0\ARM_GCC_493\Debug\1F3S1SOC.a(InterPin.o)
                0x000033f0                InterPin_Read
 .text.UART_Init
                0x0000340c        0xc .\CortexM0\ARM_GCC_493\Debug\1F3S1SOC.a(UART.o)
                0x0000340c                UART_Init
 .text.UART_Enable
                0x00003418       0x24 .\CortexM0\ARM_GCC_493\Debug\1F3S1SOC.a(UART.o)
                0x00003418                UART_Enable
 .text.UART_Start
                0x0000343c       0x24 .\CortexM0\ARM_GCC_493\Debug\1F3S1SOC.a(UART.o)
                0x0000343c                UART_Start
 .text.UART_ScbEnableIntr
                0x00003460        0x8 .\CortexM0\ARM_GCC_493\Debug\1F3S1SOC.a(UART.o)
 .text.UART_ScbModePostEnable
                0x00003468        0xc .\CortexM0\ARM_GCC_493\Debug\1F3S1SOC.a(UART.o)
 .text.UART_UartInit
                0x00003474       0xb0 .\CortexM0\ARM_GCC_493\Debug\1F3S1SOC.a(UART_UART.o)
                0x00003474                UART_UartInit
 .text.UART_UartPostEnable
                0x00003524       0x1c .\CortexM0\ARM_GCC_493\Debug\1F3S1SOC.a(UART_UART.o)
                0x00003524                UART_UartPostEnable
 .text.UART_UartPutString
                0x00003540       0x34 .\CortexM0\ARM_GCC_493\Debug\1F3S1SOC.a(UART_UART.o)
                0x00003540                UART_UartPutString
 .text.LED11_Write
                0x00003574       0x48 .\CortexM0\ARM_GCC_493\Debug\1F3S1SOC.a(LED11.o)
                0x00003574                LED11_Write
 .text.LED11_Read
                0x000035bc       0x1c .\CortexM0\ARM_GCC_493\Debug\1F3S1SOC.a(LED11.o)
                0x000035bc                LED11_Read
 .text.LED12_Write
                0x000035d8       0x4c .\CortexM0\ARM_GCC_493\Debug\1F3S1SOC.a(LED12.o)
                0x000035d8                LED12_Write
 .text.LED12_Read
                0x00003624       0x1c .\CortexM0\ARM_GCC_493\Debug\1F3S1SOC.a(LED12.o)
                0x00003624                LED12_Read
 .text.LED13_Write
                0x00003640       0x4c .\CortexM0\ARM_GCC_493\Debug\1F3S1SOC.a(LED13.o)
                0x00003640                LED13_Write
 .text.LED13_Read
                0x0000368c       0x1c .\CortexM0\ARM_GCC_493\Debug\1F3S1SOC.a(LED13.o)
                0x0000368c                LED13_Read
 .text.LED14_Write
                0x000036a8       0x4c .\CortexM0\ARM_GCC_493\Debug\1F3S1SOC.a(LED14.o)
                0x000036a8                LED14_Write
 .text.LED14_Read
                0x000036f4       0x1c .\CortexM0\ARM_GCC_493\Debug\1F3S1SOC.a(LED14.o)
                0x000036f4                LED14_Read
 .text.Triac1_Write
                0x00003710       0x4c .\CortexM0\ARM_GCC_493\Debug\1F3S1SOC.a(Triac1.o)
                0x00003710                Triac1_Write
 .text.WdtIsr_StartEx
                0x0000375c       0x24 .\CortexM0\ARM_GCC_493\Debug\1F3S1SOC.a(WdtIsr.o)
                0x0000375c                WdtIsr_StartEx
 .text.WdtIsr_SetVector
                0x00003780       0x18 .\CortexM0\ARM_GCC_493\Debug\1F3S1SOC.a(WdtIsr.o)
                0x00003780                WdtIsr_SetVector
 .text.WdtIsr_SetPriority
                0x00003798       0x4c .\CortexM0\ARM_GCC_493\Debug\1F3S1SOC.a(WdtIsr.o)
                0x00003798                WdtIsr_SetPriority
 .text.WdtIsr_Enable
                0x000037e4       0x14 .\CortexM0\ARM_GCC_493\Debug\1F3S1SOC.a(WdtIsr.o)
                0x000037e4                WdtIsr_Enable
 .text.WdtIsr_Disable
                0x000037f8       0x14 .\CortexM0\ARM_GCC_493\Debug\1F3S1SOC.a(WdtIsr.o)
                0x000037f8                WdtIsr_Disable
 .text.WdtIsr_ClearPending
                0x0000380c       0x14 .\CortexM0\ARM_GCC_493\Debug\1F3S1SOC.a(WdtIsr.o)
                0x0000380c                WdtIsr_ClearPending
 .text.Relay2_Write
                0x00003820       0x48 .\CortexM0\ARM_GCC_493\Debug\1F3S1SOC.a(Relay2.o)
                0x00003820                Relay2_Write
 .text.Relay1_Write
                0x00003868       0x4c .\CortexM0\ARM_GCC_493\Debug\1F3S1SOC.a(Relay1.o)
                0x00003868                Relay1_Write
 .text.Relay3_Write
                0x000038b4       0x48 .\CortexM0\ARM_GCC_493\Debug\1F3S1SOC.a(Relay3.o)
                0x000038b4                Relay3_Write
 .text.Relay4_Write
                0x000038fc       0x4c .\CortexM0\ARM_GCC_493\Debug\1F3S1SOC.a(Relay4.o)
                0x000038fc                Relay4_Write
 .text.Intr_StartEx
                0x00003948       0x24 .\CortexM0\ARM_GCC_493\Debug\1F3S1SOC.a(Intr.o)
                0x00003948                Intr_StartEx
 .text.Intr_SetVector
                0x0000396c       0x18 .\CortexM0\ARM_GCC_493\Debug\1F3S1SOC.a(Intr.o)
                0x0000396c                Intr_SetVector
 .text.Intr_SetPriority
                0x00003984       0x50 .\CortexM0\ARM_GCC_493\Debug\1F3S1SOC.a(Intr.o)
                0x00003984                Intr_SetPriority
 .text.Intr_Enable
                0x000039d4       0x14 .\CortexM0\ARM_GCC_493\Debug\1F3S1SOC.a(Intr.o)
                0x000039d4                Intr_Enable
 .text.Intr_Disable
                0x000039e8       0x14 .\CortexM0\ARM_GCC_493\Debug\1F3S1SOC.a(Intr.o)
                0x000039e8                Intr_Disable
 .text.zeroCrossing_intr_ClearInterrupt
                0x000039fc       0x30 .\CortexM0\ARM_GCC_493\Debug\1F3S1SOC.a(zeroCrossing_intr.o)
                0x000039fc                zeroCrossing_intr_ClearInterrupt
 *fill*         0x00003a2c        0x4 
 .text          0x00003a30       0x20 .\CortexM0\ARM_GCC_493\Debug\1F3S1SOC.a(CyBootAsmGnu.o)
                0x00003a30                CyDelayCycles
                0x00003a42                CyEnterCriticalSection
                0x00003a4a                CyExitCriticalSection
 .text.I2C_Slave_I2C_ISR
                0x00003a50      0x514 .\CortexM0\ARM_GCC_493\Debug\1F3S1SOC.a(I2C_Slave_I2C_INT.o)
                0x00003a50                I2C_Slave_I2C_ISR
 .text.UART_SpiUartWriteTxData
                0x00003f64       0x2c .\CortexM0\ARM_GCC_493\Debug\1F3S1SOC.a(UART_SPI_UART.o)
                0x00003f64                UART_SpiUartWriteTxData
 .text.CalibrateOneDAC_P4_v2_40
                0x00003f90       0x40 C:\Program Files (x86)\Cypress\PSoC Creator\4.0\PSoC Creator\psoc\content\cycomponentlibrary\CyComponentLibrary.cylib\CapSense_CSD_P4_v2_40\PSoC4\Library\CapsenseP4Library_GCC.a(CSD_P4_SmartSense_v2_40.o)
                0x00003f90                CalibrateOneDAC_P4_v2_40
 .text.CalibrateSensors_P4_v2_40
                0x00003fd0       0x22 C:\Program Files (x86)\Cypress\PSoC Creator\4.0\PSoC Creator\psoc\content\cycomponentlibrary\CyComponentLibrary.cylib\CapSense_CSD_P4_v2_40\PSoC4\Library\CapsenseP4Library_GCC.a(CSD_P4_SmartSense_v2_40.o)
                0x00003fd0                CalibrateSensors_P4_v2_40
 .text.TunePrescalers_P4_v2_40
                0x00003ff2       0x42 C:\Program Files (x86)\Cypress\PSoC Creator\4.0\PSoC Creator\psoc\content\cycomponentlibrary\CyComponentLibrary.cylib\CapSense_CSD_P4_v2_40\PSoC4\Library\CapsenseP4Library_GCC.a(CSD_P4_SmartSense_v2_40.o)
                0x00003ff2                TunePrescalers_P4_v2_40
 .text.TuneSensitivity_P4_v2_40
                0x00004034       0xdc C:\Program Files (x86)\Cypress\PSoC Creator\4.0\PSoC Creator\psoc\content\cycomponentlibrary\CyComponentLibrary.cylib\CapSense_CSD_P4_v2_40\PSoC4\Library\CapsenseP4Library_GCC.a(CSD_P4_SmartSense_v2_40.o)
                0x00004034                TuneSensitivity_P4_v2_40
 .text.MeasureNoiseEnvelope_P4_v2_40
                0x00004110       0xfc C:\Program Files (x86)\Cypress\PSoC Creator\4.0\PSoC Creator\psoc\content\cycomponentlibrary\CyComponentLibrary.cylib\CapSense_CSD_P4_v2_40\PSoC4\Library\CapsenseP4Library_GCC.a(CSD_P4_SmartSense_v2_40.o)
                0x00004110                MeasureNoiseEnvelope_P4_v2_40
 .text.CalculateThresholds_P4_v2_40
                0x0000420c       0x36 C:\Program Files (x86)\Cypress\PSoC Creator\4.0\PSoC Creator\psoc\content\cycomponentlibrary\CyComponentLibrary.cylib\CapSense_CSD_P4_v2_40\PSoC4\Library\CapsenseP4Library_GCC.a(CSD_P4_SmartSense_v2_40.o)
                0x0000420c                CalculateThresholds_P4_v2_40
 *fill*         0x00004242        0x2 
 .text          0x00004244      0x120 c:/program files (x86)/cypress/psoc creator/4.0/psoc creator/import/gnu/arm/4.9.3/bin/../lib/gcc/arm-none-eabi/4.9.3/armv6-m\libgcc.a(_udivsi3.o)
                0x00004244                __aeabi_uidiv
                0x00004244                __udivsi3
                0x00004350                __aeabi_uidivmod
 .text          0x00004364      0x1e0 c:/program files (x86)/cypress/psoc creator/4.0/psoc creator/import/gnu/arm/4.9.3/bin/../lib/gcc/arm-none-eabi/4.9.3/armv6-m\libgcc.a(_divsi3.o)
                0x00004364                __divsi3
                0x00004364                __aeabi_idiv
                0x00004530                __aeabi_idivmod
 .text          0x00004544        0x4 c:/program files (x86)/cypress/psoc creator/4.0/psoc creator/import/gnu/arm/4.9.3/bin/../lib/gcc/arm-none-eabi/4.9.3/armv6-m\libgcc.a(_dvmd_tls.o)
                0x00004544                __aeabi_idiv0
                0x00004544                __aeabi_ldiv0
 .text          0x00004548       0x30 c:/program files (x86)/cypress/psoc creator/4.0/psoc creator/import/gnu/arm/4.9.3/bin/../lib/gcc/arm-none-eabi/4.9.3/armv6-m\libgcc.a(_fixunssfsi.o)
                0x00004548                __fixunssfsi
                0x00004548                __aeabi_f2uiz
 .text          0x00004578      0x2fc c:/program files (x86)/cypress/psoc creator/4.0/psoc creator/import/gnu/arm/4.9.3/bin/../lib/gcc/arm-none-eabi/4.9.3/armv6-m\libgcc.a(subsf3.o)
                0x00004578                __aeabi_fsub
 .text          0x00004874       0x40 c:/program files (x86)/cypress/psoc creator/4.0/psoc creator/import/gnu/arm/4.9.3/bin/../lib/gcc/arm-none-eabi/4.9.3/armv6-m\libgcc.a(fixsfsi.o)
                0x00004874                __aeabi_f2iz
 .text          0x000048b4       0x74 c:/program files (x86)/cypress/psoc creator/4.0/psoc creator/import/gnu/arm/4.9.3/bin/../lib/gcc/arm-none-eabi/4.9.3/armv6-m\libgcc.a(_arm_cmpsf2.o)
                0x000048b4                __aeabi_cfrcmple
                0x000048bc                __aeabi_cfcmpeq
                0x000048bc                __aeabi_cfcmple
                0x000048cc                __aeabi_fcmpeq
                0x000048d8                __aeabi_fcmplt
                0x000048ec                __aeabi_fcmple
                0x00004900                __aeabi_fcmpgt
                0x00004914                __aeabi_fcmpge
 .text          0x00004928       0x3c c:/program files (x86)/cypress/psoc creator/4.0/psoc creator/import/gnu/arm/4.9.3/bin/../lib/gcc/arm-none-eabi/4.9.3/armv6-m\libgcc.a(_clzsi2.o)
                0x00004928                __clzsi2
 .text          0x00004964       0x54 c:/program files (x86)/cypress/psoc creator/4.0/psoc creator/import/gnu/arm/4.9.3/bin/../lib/gcc/arm-none-eabi/4.9.3/armv6-m\libgcc.a(eqsf2.o)
                0x00004964                __eqsf2
                0x00004964                __nesf2
 .text          0x000049b8       0x94 c:/program files (x86)/cypress/psoc creator/4.0/psoc creator/import/gnu/arm/4.9.3/bin/../lib/gcc/arm-none-eabi/4.9.3/armv6-m\libgcc.a(gesf2.o)
                0x000049b8                __gesf2
                0x000049b8                __gtsf2
 .text          0x00004a4c       0x8c c:/program files (x86)/cypress/psoc creator/4.0/psoc creator/import/gnu/arm/4.9.3/bin/../lib/gcc/arm-none-eabi/4.9.3/armv6-m\libgcc.a(lesf2.o)
                0x00004a4c                __ltsf2
                0x00004a4c                __lesf2
 .text.__libc_init_array
                0x00004ad8       0x4c c:/program files (x86)/cypress/psoc creator/4.0/psoc creator/import/gnu/arm/4.9.3/bin/../lib/gcc/arm-none-eabi/4.9.3/../../../../arm-none-eabi/lib/armv6-m\libg_nano.a(lib_a-init.o)
                0x00004ad8                __libc_init_array
 .text.memcpy   0x00004b24       0x12 c:/program files (x86)/cypress/psoc creator/4.0/psoc creator/import/gnu/arm/4.9.3/bin/../lib/gcc/arm-none-eabi/4.9.3/../../../../arm-none-eabi/lib/armv6-m\libg_nano.a(lib_a-memcpy.o)
                0x00004b24                memcpy
 .text.memset   0x00004b36       0x10 c:/program files (x86)/cypress/psoc creator/4.0/psoc creator/import/gnu/arm/4.9.3/bin/../lib/gcc/arm-none-eabi/4.9.3/../../../../arm-none-eabi/lib/armv6-m\libg_nano.a(lib_a-memset.o)
                0x00004b36                memset
 *(.plt)
 *(.gnu.warning)
 *(.glue_7t)
 .glue_7t       0x00000000        0x0 linker stubs
 *(.glue_7)
 .glue_7        0x00000000        0x0 linker stubs
 *(.vfp11_veneer)
 .vfp11_veneer  0x00000000        0x0 linker stubs
 *(.bootloader)
 *(.ARM.extab* .gnu.linkonce.armextab.*)
 *(.gcc_except_table)

.v4_bx          0x00004b48        0x0
 .v4_bx         0x00000000        0x0 linker stubs

.iplt           0x00004b48        0x0
 .iplt          0x00000000        0x0 c:/program files (x86)/cypress/psoc creator/4.0/psoc creator/import/gnu/arm/4.9.3/bin/../lib/gcc/arm-none-eabi/4.9.3/armv6-m/crtbegin.o

.eh_frame_hdr
 *(.eh_frame_hdr)

.eh_frame       0x00004b48        0x4
 *(.eh_frame)
 .eh_frame      0x00004b48        0x0 c:/program files (x86)/cypress/psoc creator/4.0/psoc creator/import/gnu/arm/4.9.3/bin/../lib/gcc/arm-none-eabi/4.9.3/armv6-m/crtbegin.o
 .eh_frame      0x00004b48        0x4 c:/program files (x86)/cypress/psoc creator/4.0/psoc creator/import/gnu/arm/4.9.3/bin/../lib/gcc/arm-none-eabi/4.9.3/armv6-m/crtend.o
                0x00004b4c                PROVIDE (__exidx_start, .)

.ARM.exidx
 *(.ARM.exidx* .gnu.linkonce.armexidx.*)
                0x00004b4c                __exidx_end = .

.rodata         0x00004b4c      0x294
 *(.rodata .rodata.* .gnu.linkonce.r.*)
 .rodata        0x00004b4c       0xb4 .\CortexM0\ARM_GCC_493\Debug\main.o
 .rodata        0x00004c00       0x38 .\CortexM0\ARM_GCC_493\Debug\1F3S1SOC.a(cyfitter_cfg.o)
 .rodata        0x00004c38       0x48 .\CortexM0\ARM_GCC_493\Debug\1F3S1SOC.a(CyLib.o)
                0x00004c38                cyImoFreqMhz2Reg
                0x00004c68                cyImoFreqMhz2DpllOffset
 .rodata        0x00004c80       0xa8 .\CortexM0\ARM_GCC_493\Debug\1F3S1SOC.a(CapSense.o)
                0x00004c80                CapSense_portTable
                0x00004c8c                CapSense_maskTable
                0x00004cb0                CapSense_pinShiftTbl
                0x00004cbc                CapSense_widgetNumber
                0x00004cc8                CapSense_prtSelTbl
                0x00004ce8                CapSense_prtCfgTbl
                0x00004d08                CapSense_prtDRTbl
 .rodata        0x00004d28       0x14 .\CortexM0\ARM_GCC_493\Debug\1F3S1SOC.a(CapSense_CSHL.o)
                0x00004d28                CapSense_rawDataIndex
                0x00004d30                CapSense_numberOfSensors
 .rodata        0x00004d3c       0x6c .\CortexM0\ARM_GCC_493\Debug\1F3S1SOC.a(CapSense_SMS.o)
                0x00004d3c                CapSense_prescalerTable
                0x00004d4c                CapSense_configPointers
                0x00004da8                . = ALIGN (0x4)
 *(.init)
 .init          0x00004da8        0x4 c:/program files (x86)/cypress/psoc creator/4.0/psoc creator/import/gnu/arm/4.9.3/bin/../lib/gcc/arm-none-eabi/4.9.3/armv6-m/crti.o
                0x00004da8                _init
 .init          0x00004dac        0x8 c:/program files (x86)/cypress/psoc creator/4.0/psoc creator/import/gnu/arm/4.9.3/bin/../lib/gcc/arm-none-eabi/4.9.3/armv6-m/crtn.o
                0x00004db4                . = ALIGN (0x4)
                0x00004db4                __preinit_array_start = .
 *(.preinit_array)
                0x00004db4                __preinit_array_end = .
                0x00004db4                . = ALIGN (0x4)
                0x00004db4                __init_array_start = .
 *(SORT(.init_array.*))
 *(.init_array)
 .init_array    0x00004db4        0x4 c:/program files (x86)/cypress/psoc creator/4.0/psoc creator/import/gnu/arm/4.9.3/bin/../lib/gcc/arm-none-eabi/4.9.3/armv6-m/crtbegin.o
 .init_array    0x00004db8        0x4 .\CortexM0\ARM_GCC_493\Debug\Cm0Start.o
                0x00004dbc                __init_array_end = .
                0x00004dbc                . = ALIGN (0x4)
 *(.fini)
 .fini          0x00004dbc        0x4 c:/program files (x86)/cypress/psoc creator/4.0/psoc creator/import/gnu/arm/4.9.3/bin/../lib/gcc/arm-none-eabi/4.9.3/armv6-m/crti.o
                0x00004dbc                _fini
 .fini          0x00004dc0        0x8 c:/program files (x86)/cypress/psoc creator/4.0/psoc creator/import/gnu/arm/4.9.3/bin/../lib/gcc/arm-none-eabi/4.9.3/armv6-m/crtn.o
                0x00004dc8                . = ALIGN (0x4)
                0x00004dc8                __fini_array_start = .
 *(.fini_array)
 .fini_array    0x00004dc8        0x4 c:/program files (x86)/cypress/psoc creator/4.0/psoc creator/import/gnu/arm/4.9.3/bin/../lib/gcc/arm-none-eabi/4.9.3/armv6-m/crtbegin.o
 *(SORT(.fini_array.*))
                0x00004dcc                __fini_array_end = .
                0x00004dcc                . = ALIGN (0x4)
 *crtbegin.o(.ctors)
 *(EXCLUDE_FILE(*crtend.o) .ctors)
 *(SORT(.ctors.*))
 *crtend.o(.ctors)
                0x00004dcc                . = ALIGN (0x4)
 *crtbegin.o(.dtors)
 *(EXCLUDE_FILE(*crtend.o) .dtors)
 *(SORT(.dtors.*))
 *crtend.o(.dtors)
                0x00004dcc                . = ALIGN (0x4)
                0x00004dcc                __cy_regions = .
                0x00004dcc        0x4 LONG 0x4de0 __cy_region_init_ram
                0x00004dd0        0x4 LONG 0x200000c8 __cy_region_start_data
                0x00004dd4        0x4 LONG 0x80 __cy_region_init_size_ram
                0x00004dd8        0x4 LONG 0x2d0 __cy_region_zero_size_ram
                0x00004ddc                __cy_regions_end = .
                0x00004de0                . = ALIGN (0x8)
 *fill*         0x00004ddc        0x4 
                0x00004de0                _etext = .

.cy_checksum_exclude
                0x00004de0        0x0
 *(.cy_checksum_exclude)

.ramvectors     0x20000000       0xc0
                0x20000000                __cy_region_start_ram = .
 *(.ramvectors)
 .ramvectors    0x20000000       0xc0 .\CortexM0\ARM_GCC_493\Debug\Cm0Start.o
                0x20000000                CyRamVectors

.noinit         0x200000c0        0x4
 *(.noinit)
 .noinit        0x200000c0        0x4 .\CortexM0\ARM_GCC_493\Debug\Cm0Start.o

.data           0x200000c8       0x80 load address 0x00004de0
                0x200000c8                __cy_region_start_data = .
 *(.jcr)
 .jcr           0x200000c8        0x0 c:/program files (x86)/cypress/psoc creator/4.0/psoc creator/import/gnu/arm/4.9.3/bin/../lib/gcc/arm-none-eabi/4.9.3/armv6-m/crtbegin.o
 .jcr           0x200000c8        0x4 c:/program files (x86)/cypress/psoc creator/4.0/psoc creator/import/gnu/arm/4.9.3/bin/../lib/gcc/arm-none-eabi/4.9.3/armv6-m/crtend.o
 *(.got.plt)
 *(.got)
 *(.shdata)
 *(.data .data.* .gnu.linkonce.d.*)
 .data          0x200000cc        0x1 .\CortexM0\ARM_GCC_493\Debug\main.o
                0x200000cc                frq
 *fill*         0x200000cd        0x3 
 .data          0x200000d0       0x10 .\CortexM0\ARM_GCC_493\Debug\1F3S1SOC.a(CyLib.o)
                0x200000d0                cydelayFreqHz
                0x200000d4                cydelayFreqKhz
                0x200000d8                cydelayFreqMhz
                0x200000dc                cydelay32kMs
 .data          0x200000e0       0x3c .\CortexM0\ARM_GCC_493\Debug\1F3S1SOC.a(CapSense.o)
                0x200000e0                CapSense_sensorEnableMask
                0x200000e4                CapSense_pcTable
                0x20000108                CapSense_widgetResolution
 .data          0x2000011c       0x1c .\CortexM0\ARM_GCC_493\Debug\1F3S1SOC.a(CapSense_CSHL.o)
                0x2000011c                CapSense_lowBaselineReset
                0x20000125                CapSense_enableRawFilters
                0x20000128                CapSense_debounce
 .data          0x20000138        0xc .\CortexM0\ARM_GCC_493\Debug\1F3S1SOC.a(CapSense_SMS.o)
                0x20000138                CapSense_sensorSensitivity
                0x20000148                . = ALIGN (0x8)
 *fill*         0x20000144        0x4 
 *(.ram)
                0x20000148                _edata = .

.igot.plt       0x20000148        0x0 load address 0x00004e60
 .igot.plt      0x00000000        0x0 c:/program files (x86)/cypress/psoc creator/4.0/psoc creator/import/gnu/arm/4.9.3/bin/../lib/gcc/arm-none-eabi/4.9.3/armv6-m/crtbegin.o

.bss            0x20000148      0x2d0 load address 0x00004e60
                0x20000148                PROVIDE (__bss_start__, .)
 *(.shbss)
 *(.bss .bss.* .gnu.linkonce.b.*)
 .bss           0x20000148       0x1c c:/program files (x86)/cypress/psoc creator/4.0/psoc creator/import/gnu/arm/4.9.3/bin/../lib/gcc/arm-none-eabi/4.9.3/armv6-m/crtbegin.o
 .bss           0x20000164      0x100 .\CortexM0\ARM_GCC_493\Debug\main.o
                0x20000164                cache
                0x200001e4                update
 .bss           0x20000264        0x8 .\CortexM0\ARM_GCC_493\Debug\1F3S1SOC.a(I2C_Slave.o)
                0x20000264                I2C_Slave_initVar
                0x20000268                I2C_Slave_customIntrHandler
 .bss           0x2000026c       0x18 .\CortexM0\ARM_GCC_493\Debug\1F3S1SOC.a(CapSense.o)
                0x2000026c                CapSense_lowLevelTuningDone
                0x2000026d                CapSense_prescalersTuningDone
                0x2000026e                CapSense_csdStatusVar
                0x2000026f                CapSense_sensorIndex
                0x20000270                CapSense_sensorRaw
 .bss           0x20000284       0x3c .\CortexM0\ARM_GCC_493\Debug\1F3S1SOC.a(CapSense_CSHL.o)
                0x20000284                CapSense_sensorBaseline
                0x20000298                CapSense_sensorBaselineLow
                0x200002a4                CapSense_sensorSignal
                0x200002b0                CapSense_sensorOnMask
 .bss           0x200002c0        0x1 .\CortexM0\ARM_GCC_493\Debug\1F3S1SOC.a(CapSense_INT.o)
 .bss           0x200002c1        0x1 .\CortexM0\ARM_GCC_493\Debug\1F3S1SOC.a(UART.o)
                0x200002c1                UART_initVar
 *(COMMON)
 *fill*         0x200002c2        0x2 
 COMMON         0x200002c4       0x32 .\CortexM0\ARM_GCC_493\Debug\main.o
                0x200002c4                butPress2
                0x200002c8                i2cWriteBuffer
                0x200002cc                but1
                0x200002d0                dimming1
                0x200002d4                but2
                0x200002d8                curPos1
                0x200002dc                butPress1
                0x200002e0                sockPress1
                0x200002e4                i2cReadBuffer
                0x200002e8                butPress3
                0x200002ec                sock1
                0x200002f0                but3
                0x200002f4                oldCurPos1
 COMMON         0x200002f6        0x1 .\CortexM0\ARM_GCC_493\Debug\1F3S1SOC.a(I2C_Slave_I2C.o)
                0x200002f6                I2C_Slave_state
 *fill*         0x200002f7        0x1 
 COMMON         0x200002f8       0x1e .\CortexM0\ARM_GCC_493\Debug\1F3S1SOC.a(I2C_Slave_I2C_SLAVE.o)
                0x200002f8                I2C_Slave_slRdBufIndexTmp
                0x200002fc                I2C_Slave_slRdBufIndex
                0x20000300                I2C_Slave_slWrBufSize
                0x20000304                I2C_Slave_slWrBufIndex
                0x20000308                I2C_Slave_slRdBufPtr
                0x2000030c                I2C_Slave_slWrBufPtr
                0x20000310                I2C_Slave_slRdBufSize
                0x20000314                I2C_Slave_slStatus
                0x20000315                I2C_Slave_slOverFlowCount
 *fill*         0x20000316        0x2 
 COMMON         0x20000318       0x45 .\CortexM0\ARM_GCC_493\Debug\1F3S1SOC.a(CapSense.o)
                0x20000318                CapSense_csdTrim1
                0x2000031c                CapSense_scanSpeedTbl
                0x20000320                CapSense_sensorEnableMaskBackup
                0x20000324                CapSense_senseClkDividerVal
                0x20000330                CapSense_modulationIDAC
                0x2000033c                CapSense_compensationIDAC
                0x20000348                CapSense_unscannedSnsDriveMode
                0x20000354                CapSense_sampleClkDividerVal
 *fill*         0x2000035d        0x3 
 COMMON         0x20000360       0x3d .\CortexM0\ARM_GCC_493\Debug\1F3S1SOC.a(CapSense_CSHL.o)
                0x20000360                CapSense_noiseThreshold
                0x20000368                CapSense_lowBaselineResetCnt
                0x20000374                CapSense_negativeNoiseThreshold
                0x2000037c                CapSense_rawFilterData1
                0x20000390                CapSense_hysteresis
                0x20000398                CapSense_fingerThreshold
 *fill*         0x2000039d        0x3 
 COMMON         0x200003a0       0x75 .\CortexM0\ARM_GCC_493\Debug\1F3S1SOC.a(CapSense_SMS.o)
                0x200003a0                CapSense_runningDifferenceTbl
                0x200003ac                CapSense_signRegisterTbl
                0x200003b8                CapSense_sampleMaxTbl
                0x200003cc                CapSense_noiseEnvelopeTbl
                0x200003d8                CapSense_previousSampleTbl
                0x200003ec                CapSense_sampleMinTbl
                0x20000400                CapSense_config
                0x2000040c                CapSense_kValueTbl
                0x20000418                . = ALIGN (0x8)
 *fill*         0x20000415        0x3 
 *(.ram.b)
                0x20000418                _end = .
                0x20000418                __end = .
                0x20000418                PROVIDE (end, .)
                0x20000418                PROVIDE (__bss_end__, .)
                0x00004de0                __cy_region_init_ram = LOADADDR (.data)
                0x00000080                __cy_region_init_size_ram = (_edata - ADDR (.data))
                0x000002d0                __cy_region_zero_size_ram = (_end - _edata)

.heap           0x20000418      0x100 load address 0x00004e60
                0x20000418                . = _end
                0x20000518                . = (. + 0x100)
 *fill*         0x20000418      0x100 
                0x20000518                __cy_heap_limit = .

.stack          0x20003c00      0x400
                0x20003c00                __cy_stack_limit = .
                0x20004000                . = (. + 0x400)
 *fill*         0x20003c00      0x400 
                0x00000001                ASSERT ((__cy_stack_limit >= __cy_heap_limit), region RAM overflowed with stack)
                0x00000000                cy_checksum_exclude_size = (CY_APPL_LOADABLE == 0x1)?SIZEOF (.cy_checksum_exclude):0x0
                0x00000001                ASSERT ((cy_checksum_exclude_size <= CY_CHECKSUM_EXCLUDE_SIZE), CY_BOOT: Section .cy_checksum_exclude size exceedes specified limit.)
                0x0001ffc0                cyloadermeta_start = (cy_project_type_bootloader || cy_project_type_app_for_stack_and_copier)?(0x20000 - CY_METADATA_SIZE):0xf0000000

.cyloadermeta
 *(.cyloadermeta)
                0x0001ffc0                cyloadablemeta_start = cy_project_type_app_for_stack_and_copier?((0x20000 - CY_FLASH_ROW_SIZE) - CY_METADATA_SIZE):((0x20000 - (CY_FLASH_ROW_SIZE * (CY_APPL_NUM - 0x1))) - CY_METADATA_SIZE)

.cyloadablemeta
 *(.cyloadablemeta)

.cyflashprotect
                0x90400000       0x80
 *(.cyflashprotect)
 .cyflashprotect
                0x90400000       0x80 .\CortexM0\ARM_GCC_493\Debug\cymetadata.o
                0x90400000                cy_meta_flashprotect

.cymeta         0x90500000        0xc
 *(.cymeta)
 .cymeta        0x90500000        0xc .\CortexM0\ARM_GCC_493\Debug\cymetadata.o
                0x90500000                cy_metadata

.cychipprotect  0x90600000        0x4
 *(.cychipprotect)
 .cychipprotect
                0x90600000        0x4 .\CortexM0\ARM_GCC_493\Debug\cymetadata.o
                0x90600000                cy_meta_chipprotect

.rel.dyn        0x00004e60        0x0 load address 0x90600004
 .rel.iplt      0x00000000        0x0 c:/program files (x86)/cypress/psoc creator/4.0/psoc creator/import/gnu/arm/4.9.3/bin/../lib/gcc/arm-none-eabi/4.9.3/armv6-m/crtbegin.o

.stab
 *(.stab)

.stabstr
 *(.stabstr)

.debug
 *(.debug)

.line
 *(.line)

.debug_srcinfo
 *(.debug_srcinfo)

.debug_sfnames
 *(.debug_sfnames)

.debug_aranges  0x00000000     0x1048
 *(.debug_aranges)
 .debug_aranges
                0x00000000       0x50 .\CortexM0\ARM_GCC_493\Debug\main.o
 .debug_aranges
                0x00000050       0x18 .\CortexM0\ARM_GCC_493\Debug\cymetadata.o
 .debug_aranges
                0x00000068       0x48 .\CortexM0\ARM_GCC_493\Debug\Cm0Start.o
 .debug_aranges
                0x000000b0       0x58 .\CortexM0\ARM_GCC_493\Debug\1F3S1SOC.a(cyfitter_cfg.o)
 .debug_aranges
                0x00000108       0x40 .\CortexM0\ARM_GCC_493\Debug\1F3S1SOC.a(CyFlash.o)
 .debug_aranges
                0x00000148      0x1b8 .\CortexM0\ARM_GCC_493\Debug\1F3S1SOC.a(CyLib.o)
 .debug_aranges
                0x00000300      0x158 .\CortexM0\ARM_GCC_493\Debug\1F3S1SOC.a(CyLFClk.o)
 .debug_aranges
                0x00000458       0x68 .\CortexM0\ARM_GCC_493\Debug\1F3S1SOC.a(I2C_Slave.o)
 .debug_aranges
                0x000004c0       0x28 .\CortexM0\ARM_GCC_493\Debug\1F3S1SOC.a(I2C_Slave_I2C.o)
 .debug_aranges
                0x000004e8       0x70 .\CortexM0\ARM_GCC_493\Debug\1F3S1SOC.a(I2C_Slave_I2C_SLAVE.o)
 .debug_aranges
                0x00000558      0x158 .\CortexM0\ARM_GCC_493\Debug\1F3S1SOC.a(CapSense.o)
 .debug_aranges
                0x000006b0      0x148 .\CortexM0\ARM_GCC_493\Debug\1F3S1SOC.a(CapSense_CSHL.o)
 .debug_aranges
                0x000007f8       0x20 .\CortexM0\ARM_GCC_493\Debug\1F3S1SOC.a(CapSense_INT.o)
 .debug_aranges
                0x00000818       0x60 .\CortexM0\ARM_GCC_493\Debug\1F3S1SOC.a(CapSense_SMS.o)
 .debug_aranges
                0x00000878       0x48 .\CortexM0\ARM_GCC_493\Debug\1F3S1SOC.a(LED1.o)
 .debug_aranges
                0x000008c0       0x48 .\CortexM0\ARM_GCC_493\Debug\1F3S1SOC.a(LED2.o)
 .debug_aranges
                0x00000908       0x48 .\CortexM0\ARM_GCC_493\Debug\1F3S1SOC.a(LED3.o)
 .debug_aranges
                0x00000950       0x48 .\CortexM0\ARM_GCC_493\Debug\1F3S1SOC.a(LED4.o)
 .debug_aranges
                0x00000998       0x48 .\CortexM0\ARM_GCC_493\Debug\1F3S1SOC.a(LED5.o)
 .debug_aranges
                0x000009e0       0x40 .\CortexM0\ARM_GCC_493\Debug\1F3S1SOC.a(CapSense_SampleClk.o)
 .debug_aranges
                0x00000a20       0x40 .\CortexM0\ARM_GCC_493\Debug\1F3S1SOC.a(CapSense_SenseClk.o)
 .debug_aranges
                0x00000a60       0x48 .\CortexM0\ARM_GCC_493\Debug\1F3S1SOC.a(InterPin.o)
 .debug_aranges
                0x00000aa8       0x60 .\CortexM0\ARM_GCC_493\Debug\1F3S1SOC.a(UART.o)
 .debug_aranges
                0x00000b08       0x88 .\CortexM0\ARM_GCC_493\Debug\1F3S1SOC.a(UART_UART.o)
 .debug_aranges
                0x00000b90       0x48 .\CortexM0\ARM_GCC_493\Debug\1F3S1SOC.a(LED11.o)
 .debug_aranges
                0x00000bd8       0x48 .\CortexM0\ARM_GCC_493\Debug\1F3S1SOC.a(LED12.o)
 .debug_aranges
                0x00000c20       0x48 .\CortexM0\ARM_GCC_493\Debug\1F3S1SOC.a(LED13.o)
 .debug_aranges
                0x00000c68       0x48 .\CortexM0\ARM_GCC_493\Debug\1F3S1SOC.a(LED14.o)
 .debug_aranges
                0x00000cb0       0x48 .\CortexM0\ARM_GCC_493\Debug\1F3S1SOC.a(Triac1.o)
 .debug_aranges
                0x00000cf8       0x80 .\CortexM0\ARM_GCC_493\Debug\1F3S1SOC.a(WdtIsr.o)
 .debug_aranges
                0x00000d78       0x48 .\CortexM0\ARM_GCC_493\Debug\1F3S1SOC.a(Relay2.o)
 .debug_aranges
                0x00000dc0       0x48 .\CortexM0\ARM_GCC_493\Debug\1F3S1SOC.a(Relay1.o)
 .debug_aranges
                0x00000e08       0x48 .\CortexM0\ARM_GCC_493\Debug\1F3S1SOC.a(Relay3.o)
 .debug_aranges
                0x00000e50       0x48 .\CortexM0\ARM_GCC_493\Debug\1F3S1SOC.a(Relay4.o)
 .debug_aranges
                0x00000e98       0x80 .\CortexM0\ARM_GCC_493\Debug\1F3S1SOC.a(Intr.o)
 .debug_aranges
                0x00000f18       0x48 .\CortexM0\ARM_GCC_493\Debug\1F3S1SOC.a(zeroCrossing_intr.o)
 .debug_aranges
                0x00000f60       0x20 .\CortexM0\ARM_GCC_493\Debug\1F3S1SOC.a(CyBootAsmGnu.o)
 .debug_aranges
                0x00000f80       0x20 .\CortexM0\ARM_GCC_493\Debug\1F3S1SOC.a(I2C_Slave_I2C_INT.o)
 .debug_aranges
                0x00000fa0       0x60 .\CortexM0\ARM_GCC_493\Debug\1F3S1SOC.a(UART_SPI_UART.o)
 .debug_aranges
                0x00001000       0x48 C:\Program Files (x86)\Cypress\PSoC Creator\4.0\PSoC Creator\psoc\content\cycomponentlibrary\CyComponentLibrary.cylib\CapSense_CSD_P4_v2_40\PSoC4\Library\CapsenseP4Library_GCC.a(CSD_P4_SmartSense_v2_40.o)

.debug_pubnames
 *(.debug_pubnames)

.debug_info     0x00000000     0x7688
 *(.debug_info .gnu.linkonce.wi.*)
 .debug_info    0x00000000      0x309 .\CortexM0\ARM_GCC_493\Debug\main.o
 .debug_info    0x00000309       0xfe .\CortexM0\ARM_GCC_493\Debug\cymetadata.o
 .debug_info    0x00000407      0x302 .\CortexM0\ARM_GCC_493\Debug\Cm0Start.o
 .debug_info    0x00000709      0x38c .\CortexM0\ARM_GCC_493\Debug\1F3S1SOC.a(cyfitter_cfg.o)
 .debug_info    0x00000a95      0x259 .\CortexM0\ARM_GCC_493\Debug\1F3S1SOC.a(CyFlash.o)
 .debug_info    0x00000cee      0xa77 .\CortexM0\ARM_GCC_493\Debug\1F3S1SOC.a(CyLib.o)
 .debug_info    0x00001765      0x83b .\CortexM0\ARM_GCC_493\Debug\1F3S1SOC.a(CyLFClk.o)
 .debug_info    0x00001fa0      0x1e4 .\CortexM0\ARM_GCC_493\Debug\1F3S1SOC.a(I2C_Slave.o)
 .debug_info    0x00002184      0x116 .\CortexM0\ARM_GCC_493\Debug\1F3S1SOC.a(I2C_Slave_I2C.o)
 .debug_info    0x0000229a      0x2db .\CortexM0\ARM_GCC_493\Debug\1F3S1SOC.a(I2C_Slave_I2C_SLAVE.o)
 .debug_info    0x00002575      0xc0e .\CortexM0\ARM_GCC_493\Debug\1F3S1SOC.a(CapSense.o)
 .debug_info    0x00003183      0xe4d .\CortexM0\ARM_GCC_493\Debug\1F3S1SOC.a(CapSense_CSHL.o)
 .debug_info    0x00003fd0      0x11d .\CortexM0\ARM_GCC_493\Debug\1F3S1SOC.a(CapSense_INT.o)
 .debug_info    0x000040ed      0x653 .\CortexM0\ARM_GCC_493\Debug\1F3S1SOC.a(CapSense_SMS.o)
 .debug_info    0x00004740      0x19a .\CortexM0\ARM_GCC_493\Debug\1F3S1SOC.a(LED1.o)
 .debug_info    0x000048da      0x19a .\CortexM0\ARM_GCC_493\Debug\1F3S1SOC.a(LED2.o)
 .debug_info    0x00004a74      0x19a .\CortexM0\ARM_GCC_493\Debug\1F3S1SOC.a(LED3.o)
 .debug_info    0x00004c0e      0x19a .\CortexM0\ARM_GCC_493\Debug\1F3S1SOC.a(LED4.o)
 .debug_info    0x00004da8      0x19a .\CortexM0\ARM_GCC_493\Debug\1F3S1SOC.a(LED5.o)
 .debug_info    0x00004f42      0x163 .\CortexM0\ARM_GCC_493\Debug\1F3S1SOC.a(CapSense_SampleClk.o)
 .debug_info    0x000050a5      0x163 .\CortexM0\ARM_GCC_493\Debug\1F3S1SOC.a(CapSense_SenseClk.o)
 .debug_info    0x00005208      0x19a .\CortexM0\ARM_GCC_493\Debug\1F3S1SOC.a(InterPin.o)
 .debug_info    0x000053a2      0x1a6 .\CortexM0\ARM_GCC_493\Debug\1F3S1SOC.a(UART.o)
 .debug_info    0x00005548      0x2ba .\CortexM0\ARM_GCC_493\Debug\1F3S1SOC.a(UART_UART.o)
 .debug_info    0x00005802      0x19a .\CortexM0\ARM_GCC_493\Debug\1F3S1SOC.a(LED11.o)
 .debug_info    0x0000599c      0x19a .\CortexM0\ARM_GCC_493\Debug\1F3S1SOC.a(LED12.o)
 .debug_info    0x00005b36      0x19a .\CortexM0\ARM_GCC_493\Debug\1F3S1SOC.a(LED13.o)
 .debug_info    0x00005cd0      0x19a .\CortexM0\ARM_GCC_493\Debug\1F3S1SOC.a(LED14.o)
 .debug_info    0x00005e6a      0x19a .\CortexM0\ARM_GCC_493\Debug\1F3S1SOC.a(Triac1.o)
 .debug_info    0x00006004      0x246 .\CortexM0\ARM_GCC_493\Debug\1F3S1SOC.a(WdtIsr.o)
 .debug_info    0x0000624a      0x19a .\CortexM0\ARM_GCC_493\Debug\1F3S1SOC.a(Relay2.o)
 .debug_info    0x000063e4      0x19a .\CortexM0\ARM_GCC_493\Debug\1F3S1SOC.a(Relay1.o)
 .debug_info    0x0000657e      0x19a .\CortexM0\ARM_GCC_493\Debug\1F3S1SOC.a(Relay3.o)
 .debug_info    0x00006718      0x19a .\CortexM0\ARM_GCC_493\Debug\1F3S1SOC.a(Relay4.o)
 .debug_info    0x000068b2      0x246 .\CortexM0\ARM_GCC_493\Debug\1F3S1SOC.a(Intr.o)
 .debug_info    0x00006af8      0x19a .\CortexM0\ARM_GCC_493\Debug\1F3S1SOC.a(zeroCrossing_intr.o)
 .debug_info    0x00006c92       0x8b .\CortexM0\ARM_GCC_493\Debug\1F3S1SOC.a(CyBootAsmGnu.o)
 .debug_info    0x00006d1d      0x17a .\CortexM0\ARM_GCC_493\Debug\1F3S1SOC.a(I2C_Slave_I2C_INT.o)
 .debug_info    0x00006e97      0x20f .\CortexM0\ARM_GCC_493\Debug\1F3S1SOC.a(UART_SPI_UART.o)
 .debug_info    0x000070a6      0x5e2 C:\Program Files (x86)\Cypress\PSoC Creator\4.0\PSoC Creator\psoc\content\cycomponentlibrary\CyComponentLibrary.cylib\CapSense_CSD_P4_v2_40\PSoC4\Library\CapsenseP4Library_GCC.a(CSD_P4_SmartSense_v2_40.o)

.debug_abbrev   0x00000000     0x25d6
 *(.debug_abbrev)
 .debug_abbrev  0x00000000      0x138 .\CortexM0\ARM_GCC_493\Debug\main.o
 .debug_abbrev  0x00000138       0x5d .\CortexM0\ARM_GCC_493\Debug\cymetadata.o
 .debug_abbrev  0x00000195      0x17c .\CortexM0\ARM_GCC_493\Debug\Cm0Start.o
 .debug_abbrev  0x00000311      0x1b3 .\CortexM0\ARM_GCC_493\Debug\1F3S1SOC.a(cyfitter_cfg.o)
 .debug_abbrev  0x000004c4      0x120 .\CortexM0\ARM_GCC_493\Debug\1F3S1SOC.a(CyFlash.o)
 .debug_abbrev  0x000005e4      0x1e8 .\CortexM0\ARM_GCC_493\Debug\1F3S1SOC.a(CyLib.o)
 .debug_abbrev  0x000007cc      0x224 .\CortexM0\ARM_GCC_493\Debug\1F3S1SOC.a(CyLFClk.o)
 .debug_abbrev  0x000009f0       0xdb .\CortexM0\ARM_GCC_493\Debug\1F3S1SOC.a(I2C_Slave.o)
 .debug_abbrev  0x00000acb       0x90 .\CortexM0\ARM_GCC_493\Debug\1F3S1SOC.a(I2C_Slave_I2C.o)
 .debug_abbrev  0x00000b5b      0x13b .\CortexM0\ARM_GCC_493\Debug\1F3S1SOC.a(I2C_Slave_I2C_SLAVE.o)
 .debug_abbrev  0x00000c96      0x167 .\CortexM0\ARM_GCC_493\Debug\1F3S1SOC.a(CapSense.o)
 .debug_abbrev  0x00000dfd      0x1d1 .\CortexM0\ARM_GCC_493\Debug\1F3S1SOC.a(CapSense_CSHL.o)
 .debug_abbrev  0x00000fce       0x8a .\CortexM0\ARM_GCC_493\Debug\1F3S1SOC.a(CapSense_INT.o)
 .debug_abbrev  0x00001058      0x1a0 .\CortexM0\ARM_GCC_493\Debug\1F3S1SOC.a(CapSense_SMS.o)
 .debug_abbrev  0x000011f8       0xaa .\CortexM0\ARM_GCC_493\Debug\1F3S1SOC.a(LED1.o)
 .debug_abbrev  0x000012a2       0xaa .\CortexM0\ARM_GCC_493\Debug\1F3S1SOC.a(LED2.o)
 .debug_abbrev  0x0000134c       0xaa .\CortexM0\ARM_GCC_493\Debug\1F3S1SOC.a(LED3.o)
 .debug_abbrev  0x000013f6       0xaa .\CortexM0\ARM_GCC_493\Debug\1F3S1SOC.a(LED4.o)
 .debug_abbrev  0x000014a0       0xaa .\CortexM0\ARM_GCC_493\Debug\1F3S1SOC.a(LED5.o)
 .debug_abbrev  0x0000154a       0xa8 .\CortexM0\ARM_GCC_493\Debug\1F3S1SOC.a(CapSense_SampleClk.o)
 .debug_abbrev  0x000015f2       0xa8 .\CortexM0\ARM_GCC_493\Debug\1F3S1SOC.a(CapSense_SenseClk.o)
 .debug_abbrev  0x0000169a       0xaa .\CortexM0\ARM_GCC_493\Debug\1F3S1SOC.a(InterPin.o)
 .debug_abbrev  0x00001744       0xcb .\CortexM0\ARM_GCC_493\Debug\1F3S1SOC.a(UART.o)
 .debug_abbrev  0x0000180f      0x104 .\CortexM0\ARM_GCC_493\Debug\1F3S1SOC.a(UART_UART.o)
 .debug_abbrev  0x00001913       0xaa .\CortexM0\ARM_GCC_493\Debug\1F3S1SOC.a(LED11.o)
 .debug_abbrev  0x000019bd       0xaa .\CortexM0\ARM_GCC_493\Debug\1F3S1SOC.a(LED12.o)
 .debug_abbrev  0x00001a67       0xaa .\CortexM0\ARM_GCC_493\Debug\1F3S1SOC.a(LED13.o)
 .debug_abbrev  0x00001b11       0xaa .\CortexM0\ARM_GCC_493\Debug\1F3S1SOC.a(LED14.o)
 .debug_abbrev  0x00001bbb       0xaa .\CortexM0\ARM_GCC_493\Debug\1F3S1SOC.a(Triac1.o)
 .debug_abbrev  0x00001c65      0x16a .\CortexM0\ARM_GCC_493\Debug\1F3S1SOC.a(WdtIsr.o)
 .debug_abbrev  0x00001dcf       0xaa .\CortexM0\ARM_GCC_493\Debug\1F3S1SOC.a(Relay2.o)
 .debug_abbrev  0x00001e79       0xaa .\CortexM0\ARM_GCC_493\Debug\1F3S1SOC.a(Relay1.o)
 .debug_abbrev  0x00001f23       0xaa .\CortexM0\ARM_GCC_493\Debug\1F3S1SOC.a(Relay3.o)
 .debug_abbrev  0x00001fcd       0xaa .\CortexM0\ARM_GCC_493\Debug\1F3S1SOC.a(Relay4.o)
 .debug_abbrev  0x00002077      0x16a .\CortexM0\ARM_GCC_493\Debug\1F3S1SOC.a(Intr.o)
 .debug_abbrev  0x000021e1       0xaa .\CortexM0\ARM_GCC_493\Debug\1F3S1SOC.a(zeroCrossing_intr.o)
 .debug_abbrev  0x0000228b       0x14 .\CortexM0\ARM_GCC_493\Debug\1F3S1SOC.a(CyBootAsmGnu.o)
 .debug_abbrev  0x0000229f       0x88 .\CortexM0\ARM_GCC_493\Debug\1F3S1SOC.a(I2C_Slave_I2C_INT.o)
 .debug_abbrev  0x00002327      0x14f .\CortexM0\ARM_GCC_493\Debug\1F3S1SOC.a(UART_SPI_UART.o)
 .debug_abbrev  0x00002476      0x160 C:\Program Files (x86)\Cypress\PSoC Creator\4.0\PSoC Creator\psoc\content\cycomponentlibrary\CyComponentLibrary.cylib\CapSense_CSD_P4_v2_40\PSoC4\Library\CapsenseP4Library_GCC.a(CSD_P4_SmartSense_v2_40.o)

.debug_line     0x00000000     0x3842
 *(.debug_line)
 .debug_line    0x00000000      0x24c .\CortexM0\ARM_GCC_493\Debug\main.o
 .debug_line    0x0000024c       0x51 .\CortexM0\ARM_GCC_493\Debug\cymetadata.o
 .debug_line    0x0000029d      0x1c8 .\CortexM0\ARM_GCC_493\Debug\Cm0Start.o
 .debug_line    0x00000465      0x1c4 .\CortexM0\ARM_GCC_493\Debug\1F3S1SOC.a(cyfitter_cfg.o)
 .debug_line    0x00000629      0x174 .\CortexM0\ARM_GCC_493\Debug\1F3S1SOC.a(CyFlash.o)
 .debug_line    0x0000079d      0x516 .\CortexM0\ARM_GCC_493\Debug\1F3S1SOC.a(CyLib.o)
 .debug_line    0x00000cb3      0x592 .\CortexM0\ARM_GCC_493\Debug\1F3S1SOC.a(CyLFClk.o)
 .debug_line    0x00001245      0x122 .\CortexM0\ARM_GCC_493\Debug\1F3S1SOC.a(I2C_Slave.o)
 .debug_line    0x00001367       0xa7 .\CortexM0\ARM_GCC_493\Debug\1F3S1SOC.a(I2C_Slave_I2C.o)
 .debug_line    0x0000140e      0x139 .\CortexM0\ARM_GCC_493\Debug\1F3S1SOC.a(I2C_Slave_I2C_SLAVE.o)
 .debug_line    0x00001547      0x4d2 .\CortexM0\ARM_GCC_493\Debug\1F3S1SOC.a(CapSense.o)
 .debug_line    0x00001a19      0x4a1 .\CortexM0\ARM_GCC_493\Debug\1F3S1SOC.a(CapSense_CSHL.o)
 .debug_line    0x00001eba       0x8f .\CortexM0\ARM_GCC_493\Debug\1F3S1SOC.a(CapSense_INT.o)
 .debug_line    0x00001f49      0x1a2 .\CortexM0\ARM_GCC_493\Debug\1F3S1SOC.a(CapSense_SMS.o)
 .debug_line    0x000020eb       0xbc .\CortexM0\ARM_GCC_493\Debug\1F3S1SOC.a(LED1.o)
 .debug_line    0x000021a7       0xbc .\CortexM0\ARM_GCC_493\Debug\1F3S1SOC.a(LED2.o)
 .debug_line    0x00002263       0xbc .\CortexM0\ARM_GCC_493\Debug\1F3S1SOC.a(LED3.o)
 .debug_line    0x0000231f       0xbc .\CortexM0\ARM_GCC_493\Debug\1F3S1SOC.a(LED4.o)
 .debug_line    0x000023db       0xbc .\CortexM0\ARM_GCC_493\Debug\1F3S1SOC.a(LED5.o)
 .debug_line    0x00002497       0xcf .\CortexM0\ARM_GCC_493\Debug\1F3S1SOC.a(CapSense_SampleClk.o)
 .debug_line    0x00002566       0xce .\CortexM0\ARM_GCC_493\Debug\1F3S1SOC.a(CapSense_SenseClk.o)
 .debug_line    0x00002634       0xc0 .\CortexM0\ARM_GCC_493\Debug\1F3S1SOC.a(InterPin.o)
 .debug_line    0x000026f4      0x105 .\CortexM0\ARM_GCC_493\Debug\1F3S1SOC.a(UART.o)
 .debug_line    0x000027f9      0x18c .\CortexM0\ARM_GCC_493\Debug\1F3S1SOC.a(UART_UART.o)
 .debug_line    0x00002985       0xbd .\CortexM0\ARM_GCC_493\Debug\1F3S1SOC.a(LED11.o)
 .debug_line    0x00002a42       0xbd .\CortexM0\ARM_GCC_493\Debug\1F3S1SOC.a(LED12.o)
 .debug_line    0x00002aff       0xbd .\CortexM0\ARM_GCC_493\Debug\1F3S1SOC.a(LED13.o)
 .debug_line    0x00002bbc       0xbd .\CortexM0\ARM_GCC_493\Debug\1F3S1SOC.a(LED14.o)
 .debug_line    0x00002c79       0xbe .\CortexM0\ARM_GCC_493\Debug\1F3S1SOC.a(Triac1.o)
 .debug_line    0x00002d37      0x155 .\CortexM0\ARM_GCC_493\Debug\1F3S1SOC.a(WdtIsr.o)
 .debug_line    0x00002e8c       0xbe .\CortexM0\ARM_GCC_493\Debug\1F3S1SOC.a(Relay2.o)
 .debug_line    0x00002f4a       0xbe .\CortexM0\ARM_GCC_493\Debug\1F3S1SOC.a(Relay1.o)
 .debug_line    0x00003008       0xbe .\CortexM0\ARM_GCC_493\Debug\1F3S1SOC.a(Relay3.o)
 .debug_line    0x000030c6       0xbe .\CortexM0\ARM_GCC_493\Debug\1F3S1SOC.a(Relay4.o)
 .debug_line    0x00003184      0x153 .\CortexM0\ARM_GCC_493\Debug\1F3S1SOC.a(Intr.o)
 .debug_line    0x000032d7       0xc9 .\CortexM0\ARM_GCC_493\Debug\1F3S1SOC.a(zeroCrossing_intr.o)
 .debug_line    0x000033a0       0x66 .\CortexM0\ARM_GCC_493\Debug\1F3S1SOC.a(CyBootAsmGnu.o)
 .debug_line    0x00003406      0x144 .\CortexM0\ARM_GCC_493\Debug\1F3S1SOC.a(I2C_Slave_I2C_INT.o)
 .debug_line    0x0000354a      0x123 .\CortexM0\ARM_GCC_493\Debug\1F3S1SOC.a(UART_SPI_UART.o)
 .debug_line    0x0000366d      0x1d5 C:\Program Files (x86)\Cypress\PSoC Creator\4.0\PSoC Creator\psoc\content\cycomponentlibrary\CyComponentLibrary.cylib\CapSense_CSD_P4_v2_40\PSoC4\Library\CapsenseP4Library_GCC.a(CSD_P4_SmartSense_v2_40.o)

.debug_frame    0x00000000     0x34f0
 *(.debug_frame)
 .debug_frame   0x00000000       0xe8 .\CortexM0\ARM_GCC_493\Debug\main.o
 .debug_frame   0x000000e8       0xc8 .\CortexM0\ARM_GCC_493\Debug\Cm0Start.o
 .debug_frame   0x000001b0      0x108 .\CortexM0\ARM_GCC_493\Debug\1F3S1SOC.a(cyfitter_cfg.o)
 .debug_frame   0x000002b8       0xbc .\CortexM0\ARM_GCC_493\Debug\1F3S1SOC.a(CyFlash.o)
 .debug_frame   0x00000374      0x664 .\CortexM0\ARM_GCC_493\Debug\1F3S1SOC.a(CyLib.o)
 .debug_frame   0x000009d8      0x500 .\CortexM0\ARM_GCC_493\Debug\1F3S1SOC.a(CyLFClk.o)
 .debug_frame   0x00000ed8      0x134 .\CortexM0\ARM_GCC_493\Debug\1F3S1SOC.a(I2C_Slave.o)
 .debug_frame   0x0000100c       0x48 .\CortexM0\ARM_GCC_493\Debug\1F3S1SOC.a(I2C_Slave_I2C.o)
 .debug_frame   0x00001054      0x15c .\CortexM0\ARM_GCC_493\Debug\1F3S1SOC.a(I2C_Slave_I2C_SLAVE.o)
 .debug_frame   0x000011b0      0x504 .\CortexM0\ARM_GCC_493\Debug\1F3S1SOC.a(CapSense.o)
 .debug_frame   0x000016b4      0x4e4 .\CortexM0\ARM_GCC_493\Debug\1F3S1SOC.a(CapSense_CSHL.o)
 .debug_frame   0x00001b98       0x2c .\CortexM0\ARM_GCC_493\Debug\1F3S1SOC.a(CapSense_INT.o)
 .debug_frame   0x00001bc4      0x130 .\CortexM0\ARM_GCC_493\Debug\1F3S1SOC.a(CapSense_SMS.o)
 .debug_frame   0x00001cf4       0xc8 .\CortexM0\ARM_GCC_493\Debug\1F3S1SOC.a(LED1.o)
 .debug_frame   0x00001dbc       0xc8 .\CortexM0\ARM_GCC_493\Debug\1F3S1SOC.a(LED2.o)
 .debug_frame   0x00001e84       0xc8 .\CortexM0\ARM_GCC_493\Debug\1F3S1SOC.a(LED3.o)
 .debug_frame   0x00001f4c       0xc8 .\CortexM0\ARM_GCC_493\Debug\1F3S1SOC.a(LED4.o)
 .debug_frame   0x00002014       0xc8 .\CortexM0\ARM_GCC_493\Debug\1F3S1SOC.a(LED5.o)
 .debug_frame   0x000020dc       0xa4 .\CortexM0\ARM_GCC_493\Debug\1F3S1SOC.a(CapSense_SampleClk.o)
 .debug_frame   0x00002180       0xa4 .\CortexM0\ARM_GCC_493\Debug\1F3S1SOC.a(CapSense_SenseClk.o)
 .debug_frame   0x00002224       0xc8 .\CortexM0\ARM_GCC_493\Debug\1F3S1SOC.a(InterPin.o)
 .debug_frame   0x000022ec      0x114 .\CortexM0\ARM_GCC_493\Debug\1F3S1SOC.a(UART.o)
 .debug_frame   0x00002400      0x1bc .\CortexM0\ARM_GCC_493\Debug\1F3S1SOC.a(UART_UART.o)
 .debug_frame   0x000025bc       0xc8 .\CortexM0\ARM_GCC_493\Debug\1F3S1SOC.a(LED11.o)
 .debug_frame   0x00002684       0xc8 .\CortexM0\ARM_GCC_493\Debug\1F3S1SOC.a(LED12.o)
 .debug_frame   0x0000274c       0xc8 .\CortexM0\ARM_GCC_493\Debug\1F3S1SOC.a(LED13.o)
 .debug_frame   0x00002814       0xc8 .\CortexM0\ARM_GCC_493\Debug\1F3S1SOC.a(LED14.o)
 .debug_frame   0x000028dc       0xc8 .\CortexM0\ARM_GCC_493\Debug\1F3S1SOC.a(Triac1.o)
 .debug_frame   0x000029a4      0x190 .\CortexM0\ARM_GCC_493\Debug\1F3S1SOC.a(WdtIsr.o)
 .debug_frame   0x00002b34       0xc8 .\CortexM0\ARM_GCC_493\Debug\1F3S1SOC.a(Relay2.o)
 .debug_frame   0x00002bfc       0xc8 .\CortexM0\ARM_GCC_493\Debug\1F3S1SOC.a(Relay1.o)
 .debug_frame   0x00002cc4       0xc8 .\CortexM0\ARM_GCC_493\Debug\1F3S1SOC.a(Relay3.o)
 .debug_frame   0x00002d8c       0xc8 .\CortexM0\ARM_GCC_493\Debug\1F3S1SOC.a(Relay4.o)
 .debug_frame   0x00002e54      0x190 .\CortexM0\ARM_GCC_493\Debug\1F3S1SOC.a(Intr.o)
 .debug_frame   0x00002fe4       0xc8 .\CortexM0\ARM_GCC_493\Debug\1F3S1SOC.a(zeroCrossing_intr.o)
 .debug_frame   0x000030ac       0x30 .\CortexM0\ARM_GCC_493\Debug\1F3S1SOC.a(I2C_Slave_I2C_INT.o)
 .debug_frame   0x000030dc      0x128 .\CortexM0\ARM_GCC_493\Debug\1F3S1SOC.a(UART_SPI_UART.o)
 .debug_frame   0x00003204       0xec C:\Program Files (x86)\Cypress\PSoC Creator\4.0\PSoC Creator\psoc\content\cycomponentlibrary\CyComponentLibrary.cylib\CapSense_CSD_P4_v2_40\PSoC4\Library\CapsenseP4Library_GCC.a(CSD_P4_SmartSense_v2_40.o)
 .debug_frame   0x000032f0       0x20 c:/program files (x86)/cypress/psoc creator/4.0/psoc creator/import/gnu/arm/4.9.3/bin/../lib/gcc/arm-none-eabi/4.9.3/armv6-m\libgcc.a(_udivsi3.o)
 .debug_frame   0x00003310       0x20 c:/program files (x86)/cypress/psoc creator/4.0/psoc creator/import/gnu/arm/4.9.3/bin/../lib/gcc/arm-none-eabi/4.9.3/armv6-m\libgcc.a(_divsi3.o)
 .debug_frame   0x00003330       0x28 c:/program files (x86)/cypress/psoc creator/4.0/psoc creator/import/gnu/arm/4.9.3/bin/../lib/gcc/arm-none-eabi/4.9.3/armv6-m\libgcc.a(_fixunssfsi.o)
 .debug_frame   0x00003358       0x30 c:/program files (x86)/cypress/psoc creator/4.0/psoc creator/import/gnu/arm/4.9.3/bin/../lib/gcc/arm-none-eabi/4.9.3/armv6-m\libgcc.a(subsf3.o)
 .debug_frame   0x00003388       0x20 c:/program files (x86)/cypress/psoc creator/4.0/psoc creator/import/gnu/arm/4.9.3/bin/../lib/gcc/arm-none-eabi/4.9.3/armv6-m\libgcc.a(fixsfsi.o)
 .debug_frame   0x000033a8       0x2c c:/program files (x86)/cypress/psoc creator/4.0/psoc creator/import/gnu/arm/4.9.3/bin/../lib/gcc/arm-none-eabi/4.9.3/armv6-m\libgcc.a(eqsf2.o)
 .debug_frame   0x000033d4       0x30 c:/program files (x86)/cypress/psoc creator/4.0/psoc creator/import/gnu/arm/4.9.3/bin/../lib/gcc/arm-none-eabi/4.9.3/armv6-m\libgcc.a(gesf2.o)
 .debug_frame   0x00003404       0x30 c:/program files (x86)/cypress/psoc creator/4.0/psoc creator/import/gnu/arm/4.9.3/bin/../lib/gcc/arm-none-eabi/4.9.3/armv6-m\libgcc.a(lesf2.o)
 .debug_frame   0x00003434       0x20 c:/program files (x86)/cypress/psoc creator/4.0/psoc creator/import/gnu/arm/4.9.3/bin/../lib/gcc/arm-none-eabi/4.9.3/../../../../arm-none-eabi/lib/armv6-m\libg_nano.a(lib_a-errno.o)
 .debug_frame   0x00003454       0x28 c:/program files (x86)/cypress/psoc creator/4.0/psoc creator/import/gnu/arm/4.9.3/bin/../lib/gcc/arm-none-eabi/4.9.3/../../../../arm-none-eabi/lib/armv6-m\libg_nano.a(lib_a-exit.o)
 .debug_frame   0x0000347c       0x2c c:/program files (x86)/cypress/psoc creator/4.0/psoc creator/import/gnu/arm/4.9.3/bin/../lib/gcc/arm-none-eabi/4.9.3/../../../../arm-none-eabi/lib/armv6-m\libg_nano.a(lib_a-init.o)
 .debug_frame   0x000034a8       0x28 c:/program files (x86)/cypress/psoc creator/4.0/psoc creator/import/gnu/arm/4.9.3/bin/../lib/gcc/arm-none-eabi/4.9.3/../../../../arm-none-eabi/lib/armv6-m\libg_nano.a(lib_a-memcpy.o)
 .debug_frame   0x000034d0       0x20 c:/program files (x86)/cypress/psoc creator/4.0/psoc creator/import/gnu/arm/4.9.3/bin/../lib/gcc/arm-none-eabi/4.9.3/../../../../arm-none-eabi/lib/armv6-m\libg_nano.a(lib_a-memset.o)

.debug_str      0x00000000     0x3a1c
 *(.debug_str)
 .debug_str     0x00000000      0x256 .\CortexM0\ARM_GCC_493\Debug\main.o
                                0x296 (size before relaxing)
 .debug_str     0x00000256       0x59 .\CortexM0\ARM_GCC_493\Debug\cymetadata.o
                                0x1c9 (size before relaxing)
 .debug_str     0x000002af      0x12c .\CortexM0\ARM_GCC_493\Debug\Cm0Start.o
                                0x2bd (size before relaxing)
 .debug_str     0x000003db      0x11c .\CortexM0\ARM_GCC_493\Debug\1F3S1SOC.a(cyfitter_cfg.o)
                                0x2d6 (size before relaxing)
 .debug_str     0x000004f7       0xe0 .\CortexM0\ARM_GCC_493\Debug\1F3S1SOC.a(CyFlash.o)
                                0x264 (size before relaxing)
 .debug_str     0x000005d7      0x594 .\CortexM0\ARM_GCC_493\Debug\1F3S1SOC.a(CyLib.o)
                                0x757 (size before relaxing)
 .debug_str     0x00000b6b      0x50d .\CortexM0\ARM_GCC_493\Debug\1F3S1SOC.a(CyLFClk.o)
                                0x6c0 (size before relaxing)
 .debug_str     0x00001078      0x151 .\CortexM0\ARM_GCC_493\Debug\1F3S1SOC.a(I2C_Slave.o)
                                0x2ce (size before relaxing)
 .debug_str     0x000011c9       0xb6 .\CortexM0\ARM_GCC_493\Debug\1F3S1SOC.a(I2C_Slave_I2C.o)
                                0x233 (size before relaxing)
 .debug_str     0x0000127f      0x221 .\CortexM0\ARM_GCC_493\Debug\1F3S1SOC.a(I2C_Slave_I2C_SLAVE.o)
                                0x408 (size before relaxing)
 .debug_str     0x000014a0      0x7d3 .\CortexM0\ARM_GCC_493\Debug\1F3S1SOC.a(CapSense.o)
                                0x984 (size before relaxing)
 .debug_str     0x00001c73      0x7ef .\CortexM0\ARM_GCC_493\Debug\1F3S1SOC.a(CapSense_CSHL.o)
                                0xb2e (size before relaxing)
 .debug_str     0x00002462       0x48 .\CortexM0\ARM_GCC_493\Debug\1F3S1SOC.a(CapSense_INT.o)
                                0x22a (size before relaxing)
 .debug_str     0x000024aa      0x21e .\CortexM0\ARM_GCC_493\Debug\1F3S1SOC.a(CapSense_SMS.o)
                                0x757 (size before relaxing)
 .debug_str     0x000026c8       0x9b .\CortexM0\ARM_GCC_493\Debug\1F3S1SOC.a(LED1.o)
                                0x22a (size before relaxing)
 .debug_str     0x00002763       0x80 .\CortexM0\ARM_GCC_493\Debug\1F3S1SOC.a(LED2.o)
                                0x22a (size before relaxing)
 .debug_str     0x000027e3       0x80 .\CortexM0\ARM_GCC_493\Debug\1F3S1SOC.a(LED3.o)
                                0x22a (size before relaxing)
 .debug_str     0x00002863       0x80 .\CortexM0\ARM_GCC_493\Debug\1F3S1SOC.a(LED4.o)
                                0x22a (size before relaxing)
 .debug_str     0x000028e3       0x80 .\CortexM0\ARM_GCC_493\Debug\1F3S1SOC.a(LED5.o)
                                0x22a (size before relaxing)
 .debug_str     0x00002963      0x119 .\CortexM0\ARM_GCC_493\Debug\1F3S1SOC.a(CapSense_SampleClk.o)
                                0x294 (size before relaxing)
 .debug_str     0x00002a7c       0xdf .\CortexM0\ARM_GCC_493\Debug\1F3S1SOC.a(CapSense_SenseClk.o)
                                0x28e (size before relaxing)
 .debug_str     0x00002b5b       0x9c .\CortexM0\ARM_GCC_493\Debug\1F3S1SOC.a(InterPin.o)
                                0x246 (size before relaxing)
 .debug_str     0x00002bf7       0xb9 .\CortexM0\ARM_GCC_493\Debug\1F3S1SOC.a(UART.o)
                                0x252 (size before relaxing)
 .debug_str     0x00002cb0      0x181 .\CortexM0\ARM_GCC_493\Debug\1F3S1SOC.a(UART_UART.o)
                                0x31b (size before relaxing)
 .debug_str     0x00002e31       0x87 .\CortexM0\ARM_GCC_493\Debug\1F3S1SOC.a(LED11.o)
                                0x231 (size before relaxing)
 .debug_str     0x00002eb8       0x87 .\CortexM0\ARM_GCC_493\Debug\1F3S1SOC.a(LED12.o)
                                0x231 (size before relaxing)
 .debug_str     0x00002f3f       0x87 .\CortexM0\ARM_GCC_493\Debug\1F3S1SOC.a(LED13.o)
                                0x231 (size before relaxing)
 .debug_str     0x00002fc6       0x87 .\CortexM0\ARM_GCC_493\Debug\1F3S1SOC.a(LED14.o)
                                0x231 (size before relaxing)
 .debug_str     0x0000304d       0x8e .\CortexM0\ARM_GCC_493\Debug\1F3S1SOC.a(Triac1.o)
                                0x238 (size before relaxing)
 .debug_str     0x000030db      0x103 .\CortexM0\ARM_GCC_493\Debug\1F3S1SOC.a(WdtIsr.o)
                                0x2ba (size before relaxing)
 .debug_str     0x000031de       0x8e .\CortexM0\ARM_GCC_493\Debug\1F3S1SOC.a(Relay2.o)
                                0x238 (size before relaxing)
 .debug_str     0x0000326c       0x8e .\CortexM0\ARM_GCC_493\Debug\1F3S1SOC.a(Relay1.o)
                                0x238 (size before relaxing)
 .debug_str     0x000032fa       0x8e .\CortexM0\ARM_GCC_493\Debug\1F3S1SOC.a(Relay3.o)
                                0x238 (size before relaxing)
 .debug_str     0x00003388       0x8e .\CortexM0\ARM_GCC_493\Debug\1F3S1SOC.a(Relay4.o)
                                0x238 (size before relaxing)
 .debug_str     0x00003416       0xd8 .\CortexM0\ARM_GCC_493\Debug\1F3S1SOC.a(Intr.o)
                                0x29e (size before relaxing)
 .debug_str     0x000034ee       0xdb .\CortexM0\ARM_GCC_493\Debug\1F3S1SOC.a(zeroCrossing_intr.o)
                                0x285 (size before relaxing)
 .debug_str     0x000035c9       0x53 .\CortexM0\ARM_GCC_493\Debug\1F3S1SOC.a(I2C_Slave_I2C_INT.o)
                                0x2d4 (size before relaxing)
 .debug_str     0x0000361c      0x128 .\CortexM0\ARM_GCC_493\Debug\1F3S1SOC.a(UART_SPI_UART.o)
                                0x2bd (size before relaxing)
 .debug_str     0x00003744      0x2d8 C:\Program Files (x86)\Cypress\PSoC Creator\4.0\PSoC Creator\psoc\content\cycomponentlibrary\CyComponentLibrary.cylib\CapSense_CSD_P4_v2_40\PSoC4\Library\CapsenseP4Library_GCC.a(CSD_P4_SmartSense_v2_40.o)
                                0x59f (size before relaxing)

.debug_loc      0x00000000      0x68e
 *(.debug_loc)
 .debug_loc     0x00000000      0x68e C:\Program Files (x86)\Cypress\PSoC Creator\4.0\PSoC Creator\psoc\content\cycomponentlibrary\CyComponentLibrary.cylib\CapSense_CSD_P4_v2_40\PSoC4\Library\CapsenseP4Library_GCC.a(CSD_P4_SmartSense_v2_40.o)

.debug_macinfo
 *(.debug_macinfo)

.debug_ranges   0x00000000      0xdb0
 *(.debug_ranges)
 .debug_ranges  0x00000000       0x40 .\CortexM0\ARM_GCC_493\Debug\main.o
 .debug_ranges  0x00000040       0x38 .\CortexM0\ARM_GCC_493\Debug\Cm0Start.o
 .debug_ranges  0x00000078       0x48 .\CortexM0\ARM_GCC_493\Debug\1F3S1SOC.a(cyfitter_cfg.o)
 .debug_ranges  0x000000c0       0x30 .\CortexM0\ARM_GCC_493\Debug\1F3S1SOC.a(CyFlash.o)
 .debug_ranges  0x000000f0      0x1a8 .\CortexM0\ARM_GCC_493\Debug\1F3S1SOC.a(CyLib.o)
 .debug_ranges  0x00000298      0x148 .\CortexM0\ARM_GCC_493\Debug\1F3S1SOC.a(CyLFClk.o)
 .debug_ranges  0x000003e0       0x58 .\CortexM0\ARM_GCC_493\Debug\1F3S1SOC.a(I2C_Slave.o)
 .debug_ranges  0x00000438       0x18 .\CortexM0\ARM_GCC_493\Debug\1F3S1SOC.a(I2C_Slave_I2C.o)
 .debug_ranges  0x00000450       0x60 .\CortexM0\ARM_GCC_493\Debug\1F3S1SOC.a(I2C_Slave_I2C_SLAVE.o)
 .debug_ranges  0x000004b0      0x148 .\CortexM0\ARM_GCC_493\Debug\1F3S1SOC.a(CapSense.o)
 .debug_ranges  0x000005f8      0x138 .\CortexM0\ARM_GCC_493\Debug\1F3S1SOC.a(CapSense_CSHL.o)
 .debug_ranges  0x00000730       0x10 .\CortexM0\ARM_GCC_493\Debug\1F3S1SOC.a(CapSense_INT.o)
 .debug_ranges  0x00000740       0x50 .\CortexM0\ARM_GCC_493\Debug\1F3S1SOC.a(CapSense_SMS.o)
 .debug_ranges  0x00000790       0x38 .\CortexM0\ARM_GCC_493\Debug\1F3S1SOC.a(LED1.o)
 .debug_ranges  0x000007c8       0x38 .\CortexM0\ARM_GCC_493\Debug\1F3S1SOC.a(LED2.o)
 .debug_ranges  0x00000800       0x38 .\CortexM0\ARM_GCC_493\Debug\1F3S1SOC.a(LED3.o)
 .debug_ranges  0x00000838       0x38 .\CortexM0\ARM_GCC_493\Debug\1F3S1SOC.a(LED4.o)
 .debug_ranges  0x00000870       0x38 .\CortexM0\ARM_GCC_493\Debug\1F3S1SOC.a(LED5.o)
 .debug_ranges  0x000008a8       0x30 .\CortexM0\ARM_GCC_493\Debug\1F3S1SOC.a(CapSense_SampleClk.o)
 .debug_ranges  0x000008d8       0x30 .\CortexM0\ARM_GCC_493\Debug\1F3S1SOC.a(CapSense_SenseClk.o)
 .debug_ranges  0x00000908       0x38 .\CortexM0\ARM_GCC_493\Debug\1F3S1SOC.a(InterPin.o)
 .debug_ranges  0x00000940       0x50 .\CortexM0\ARM_GCC_493\Debug\1F3S1SOC.a(UART.o)
 .debug_ranges  0x00000990       0x78 .\CortexM0\ARM_GCC_493\Debug\1F3S1SOC.a(UART_UART.o)
 .debug_ranges  0x00000a08       0x38 .\CortexM0\ARM_GCC_493\Debug\1F3S1SOC.a(LED11.o)
 .debug_ranges  0x00000a40       0x38 .\CortexM0\ARM_GCC_493\Debug\1F3S1SOC.a(LED12.o)
 .debug_ranges  0x00000a78       0x38 .\CortexM0\ARM_GCC_493\Debug\1F3S1SOC.a(LED13.o)
 .debug_ranges  0x00000ab0       0x38 .\CortexM0\ARM_GCC_493\Debug\1F3S1SOC.a(LED14.o)
 .debug_ranges  0x00000ae8       0x38 .\CortexM0\ARM_GCC_493\Debug\1F3S1SOC.a(Triac1.o)
 .debug_ranges  0x00000b20       0x70 .\CortexM0\ARM_GCC_493\Debug\1F3S1SOC.a(WdtIsr.o)
 .debug_ranges  0x00000b90       0x38 .\CortexM0\ARM_GCC_493\Debug\1F3S1SOC.a(Relay2.o)
 .debug_ranges  0x00000bc8       0x38 .\CortexM0\ARM_GCC_493\Debug\1F3S1SOC.a(Relay1.o)
 .debug_ranges  0x00000c00       0x38 .\CortexM0\ARM_GCC_493\Debug\1F3S1SOC.a(Relay3.o)
 .debug_ranges  0x00000c38       0x38 .\CortexM0\ARM_GCC_493\Debug\1F3S1SOC.a(Relay4.o)
 .debug_ranges  0x00000c70       0x70 .\CortexM0\ARM_GCC_493\Debug\1F3S1SOC.a(Intr.o)
 .debug_ranges  0x00000ce0       0x38 .\CortexM0\ARM_GCC_493\Debug\1F3S1SOC.a(zeroCrossing_intr.o)
 .debug_ranges  0x00000d18       0x10 .\CortexM0\ARM_GCC_493\Debug\1F3S1SOC.a(I2C_Slave_I2C_INT.o)
 .debug_ranges  0x00000d28       0x50 .\CortexM0\ARM_GCC_493\Debug\1F3S1SOC.a(UART_SPI_UART.o)
 .debug_ranges  0x00000d78       0x38 C:\Program Files (x86)\Cypress\PSoC Creator\4.0\PSoC Creator\psoc\content\cycomponentlibrary\CyComponentLibrary.cylib\CapSense_CSD_P4_v2_40\PSoC4\Library\CapsenseP4Library_GCC.a(CSD_P4_SmartSense_v2_40.o)

.comment        0x00000000       0x70
 .comment       0x00000000       0x70 .\CortexM0\ARM_GCC_493\Debug\main.o
                                 0x71 (size before relaxing)
 .comment       0x00000000       0x71 .\CortexM0\ARM_GCC_493\Debug\cymetadata.o
 .comment       0x00000000       0x71 .\CortexM0\ARM_GCC_493\Debug\Cm0Start.o
 .comment       0x00000000       0x71 .\CortexM0\ARM_GCC_493\Debug\1F3S1SOC.a(cyfitter_cfg.o)
 .comment       0x00000000       0x71 .\CortexM0\ARM_GCC_493\Debug\1F3S1SOC.a(CyFlash.o)
 .comment       0x00000000       0x71 .\CortexM0\ARM_GCC_493\Debug\1F3S1SOC.a(CyLib.o)
 .comment       0x00000000       0x71 .\CortexM0\ARM_GCC_493\Debug\1F3S1SOC.a(CyLFClk.o)
 .comment       0x00000000       0x71 .\CortexM0\ARM_GCC_493\Debug\1F3S1SOC.a(I2C_Slave.o)
 .comment       0x00000000       0x71 .\CortexM0\ARM_GCC_493\Debug\1F3S1SOC.a(I2C_Slave_I2C.o)
 .comment       0x00000000       0x71 .\CortexM0\ARM_GCC_493\Debug\1F3S1SOC.a(I2C_Slave_I2C_SLAVE.o)
 .comment       0x00000000       0x71 .\CortexM0\ARM_GCC_493\Debug\1F3S1SOC.a(CapSense.o)
 .comment       0x00000000       0x71 .\CortexM0\ARM_GCC_493\Debug\1F3S1SOC.a(CapSense_CSHL.o)
 .comment       0x00000000       0x71 .\CortexM0\ARM_GCC_493\Debug\1F3S1SOC.a(CapSense_INT.o)
 .comment       0x00000000       0x71 .\CortexM0\ARM_GCC_493\Debug\1F3S1SOC.a(CapSense_SMS.o)
 .comment       0x00000000       0x71 .\CortexM0\ARM_GCC_493\Debug\1F3S1SOC.a(LED1.o)
 .comment       0x00000000       0x71 .\CortexM0\ARM_GCC_493\Debug\1F3S1SOC.a(LED2.o)
 .comment       0x00000000       0x71 .\CortexM0\ARM_GCC_493\Debug\1F3S1SOC.a(LED3.o)
 .comment       0x00000000       0x71 .\CortexM0\ARM_GCC_493\Debug\1F3S1SOC.a(LED4.o)
 .comment       0x00000000       0x71 .\CortexM0\ARM_GCC_493\Debug\1F3S1SOC.a(LED5.o)
 .comment       0x00000000       0x71 .\CortexM0\ARM_GCC_493\Debug\1F3S1SOC.a(CapSense_SampleClk.o)
 .comment       0x00000000       0x71 .\CortexM0\ARM_GCC_493\Debug\1F3S1SOC.a(CapSense_SenseClk.o)
 .comment       0x00000000       0x71 .\CortexM0\ARM_GCC_493\Debug\1F3S1SOC.a(InterPin.o)
 .comment       0x00000000       0x71 .\CortexM0\ARM_GCC_493\Debug\1F3S1SOC.a(UART.o)
 .comment       0x00000000       0x71 .\CortexM0\ARM_GCC_493\Debug\1F3S1SOC.a(UART_UART.o)
 .comment       0x00000000       0x71 .\CortexM0\ARM_GCC_493\Debug\1F3S1SOC.a(LED11.o)
 .comment       0x00000000       0x71 .\CortexM0\ARM_GCC_493\Debug\1F3S1SOC.a(LED12.o)
 .comment       0x00000000       0x71 .\CortexM0\ARM_GCC_493\Debug\1F3S1SOC.a(LED13.o)
 .comment       0x00000000       0x71 .\CortexM0\ARM_GCC_493\Debug\1F3S1SOC.a(LED14.o)
 .comment       0x00000000       0x71 .\CortexM0\ARM_GCC_493\Debug\1F3S1SOC.a(Triac1.o)
 .comment       0x00000000       0x71 .\CortexM0\ARM_GCC_493\Debug\1F3S1SOC.a(WdtIsr.o)
 .comment       0x00000000       0x71 .\CortexM0\ARM_GCC_493\Debug\1F3S1SOC.a(Relay2.o)
 .comment       0x00000000       0x71 .\CortexM0\ARM_GCC_493\Debug\1F3S1SOC.a(Relay1.o)
 .comment       0x00000000       0x71 .\CortexM0\ARM_GCC_493\Debug\1F3S1SOC.a(Relay3.o)
 .comment       0x00000000       0x71 .\CortexM0\ARM_GCC_493\Debug\1F3S1SOC.a(Relay4.o)
 .comment       0x00000000       0x71 .\CortexM0\ARM_GCC_493\Debug\1F3S1SOC.a(Intr.o)
 .comment       0x00000000       0x71 .\CortexM0\ARM_GCC_493\Debug\1F3S1SOC.a(zeroCrossing_intr.o)
 .comment       0x00000000       0x71 .\CortexM0\ARM_GCC_493\Debug\1F3S1SOC.a(I2C_Slave_I2C_INT.o)
 .comment       0x00000000       0x71 .\CortexM0\ARM_GCC_493\Debug\1F3S1SOC.a(UART_SPI_UART.o)
 .comment       0x00000000       0x71 C:\Program Files (x86)\Cypress\PSoC Creator\4.0\PSoC Creator\psoc\content\cycomponentlibrary\CyComponentLibrary.cylib\CapSense_CSD_P4_v2_40\PSoC4\Library\CapsenseP4Library_GCC.a(CSD_P4_SmartSense_v2_40.o)

.debug_weaknames
 *(.debug_weaknames)

.debug_funcnames
 *(.debug_funcnames)

.debug_typenames
 *(.debug_typenames)

.debug_varnames
 *(.debug_varnames)

.note.gnu.arm.ident
 *(.note.gnu.arm.ident)

.ARM.attributes
                0x00000000       0x28
 *(.ARM.attributes)
 .ARM.attributes
                0x00000000       0x1e c:/program files (x86)/cypress/psoc creator/4.0/psoc creator/import/gnu/arm/4.9.3/bin/../lib/gcc/arm-none-eabi/4.9.3/armv6-m/crti.o
 .ARM.attributes
                0x0000001e       0x2c c:/program files (x86)/cypress/psoc creator/4.0/psoc creator/import/gnu/arm/4.9.3/bin/../lib/gcc/arm-none-eabi/4.9.3/armv6-m/crtbegin.o
 .ARM.attributes
                0x0000004a       0x1b c:/program files (x86)/cypress/psoc creator/4.0/psoc creator/import/gnu/arm/4.9.3/bin/../lib/gcc/arm-none-eabi/4.9.3/../../../../arm-none-eabi/lib/armv6-m/crt0.o
 .ARM.attributes
                0x00000065       0x31 .\CortexM0\ARM_GCC_493\Debug\main.o
 .ARM.attributes
                0x00000096       0x31 .\CortexM0\ARM_GCC_493\Debug\cymetadata.o
 .ARM.attributes
                0x000000c7       0x31 .\CortexM0\ARM_GCC_493\Debug\Cm0Start.o
 .ARM.attributes
                0x000000f8       0x31 .\CortexM0\ARM_GCC_493\Debug\1F3S1SOC.a(cyfitter_cfg.o)
 .ARM.attributes
                0x00000129       0x31 .\CortexM0\ARM_GCC_493\Debug\1F3S1SOC.a(CyFlash.o)
 .ARM.attributes
                0x0000015a       0x31 .\CortexM0\ARM_GCC_493\Debug\1F3S1SOC.a(CyLib.o)
 .ARM.attributes
                0x0000018b       0x31 .\CortexM0\ARM_GCC_493\Debug\1F3S1SOC.a(CyLFClk.o)
 .ARM.attributes
                0x000001bc       0x31 .\CortexM0\ARM_GCC_493\Debug\1F3S1SOC.a(I2C_Slave.o)
 .ARM.attributes
                0x000001ed       0x31 .\CortexM0\ARM_GCC_493\Debug\1F3S1SOC.a(I2C_Slave_I2C.o)
 .ARM.attributes
                0x0000021e       0x31 .\CortexM0\ARM_GCC_493\Debug\1F3S1SOC.a(I2C_Slave_I2C_SLAVE.o)
 .ARM.attributes
                0x0000024f       0x31 .\CortexM0\ARM_GCC_493\Debug\1F3S1SOC.a(CapSense.o)
 .ARM.attributes
                0x00000280       0x31 .\CortexM0\ARM_GCC_493\Debug\1F3S1SOC.a(CapSense_CSHL.o)
 .ARM.attributes
                0x000002b1       0x31 .\CortexM0\ARM_GCC_493\Debug\1F3S1SOC.a(CapSense_INT.o)
 .ARM.attributes
                0x000002e2       0x31 .\CortexM0\ARM_GCC_493\Debug\1F3S1SOC.a(CapSense_SMS.o)
 .ARM.attributes
                0x00000313       0x31 .\CortexM0\ARM_GCC_493\Debug\1F3S1SOC.a(LED1.o)
 .ARM.attributes
                0x00000344       0x31 .\CortexM0\ARM_GCC_493\Debug\1F3S1SOC.a(LED2.o)
 .ARM.attributes
                0x00000375       0x31 .\CortexM0\ARM_GCC_493\Debug\1F3S1SOC.a(LED3.o)
 .ARM.attributes
                0x000003a6       0x31 .\CortexM0\ARM_GCC_493\Debug\1F3S1SOC.a(LED4.o)
 .ARM.attributes
                0x000003d7       0x31 .\CortexM0\ARM_GCC_493\Debug\1F3S1SOC.a(LED5.o)
 .ARM.attributes
                0x00000408       0x31 .\CortexM0\ARM_GCC_493\Debug\1F3S1SOC.a(CapSense_SampleClk.o)
 .ARM.attributes
                0x00000439       0x31 .\CortexM0\ARM_GCC_493\Debug\1F3S1SOC.a(CapSense_SenseClk.o)
 .ARM.attributes
                0x0000046a       0x31 .\CortexM0\ARM_GCC_493\Debug\1F3S1SOC.a(InterPin.o)
 .ARM.attributes
                0x0000049b       0x31 .\CortexM0\ARM_GCC_493\Debug\1F3S1SOC.a(UART.o)
 .ARM.attributes
                0x000004cc       0x31 .\CortexM0\ARM_GCC_493\Debug\1F3S1SOC.a(UART_UART.o)
 .ARM.attributes
                0x000004fd       0x31 .\CortexM0\ARM_GCC_493\Debug\1F3S1SOC.a(LED11.o)
 .ARM.attributes
                0x0000052e       0x31 .\CortexM0\ARM_GCC_493\Debug\1F3S1SOC.a(LED12.o)
 .ARM.attributes
                0x0000055f       0x31 .\CortexM0\ARM_GCC_493\Debug\1F3S1SOC.a(LED13.o)
 .ARM.attributes
                0x00000590       0x31 .\CortexM0\ARM_GCC_493\Debug\1F3S1SOC.a(LED14.o)
 .ARM.attributes
                0x000005c1       0x31 .\CortexM0\ARM_GCC_493\Debug\1F3S1SOC.a(Triac1.o)
 .ARM.attributes
                0x000005f2       0x31 .\CortexM0\ARM_GCC_493\Debug\1F3S1SOC.a(WdtIsr.o)
 .ARM.attributes
                0x00000623       0x31 .\CortexM0\ARM_GCC_493\Debug\1F3S1SOC.a(Relay2.o)
 .ARM.attributes
                0x00000654       0x31 .\CortexM0\ARM_GCC_493\Debug\1F3S1SOC.a(Relay1.o)
 .ARM.attributes
                0x00000685       0x31 .\CortexM0\ARM_GCC_493\Debug\1F3S1SOC.a(Relay3.o)
 .ARM.attributes
                0x000006b6       0x31 .\CortexM0\ARM_GCC_493\Debug\1F3S1SOC.a(Relay4.o)
 .ARM.attributes
                0x000006e7       0x31 .\CortexM0\ARM_GCC_493\Debug\1F3S1SOC.a(Intr.o)
 .ARM.attributes
                0x00000718       0x31 .\CortexM0\ARM_GCC_493\Debug\1F3S1SOC.a(zeroCrossing_intr.o)
 .ARM.attributes
                0x00000749       0x21 .\CortexM0\ARM_GCC_493\Debug\1F3S1SOC.a(CyBootAsmGnu.o)
 .ARM.attributes
                0x0000076a       0x31 .\CortexM0\ARM_GCC_493\Debug\1F3S1SOC.a(I2C_Slave_I2C_INT.o)
 .ARM.attributes
                0x0000079b       0x31 .\CortexM0\ARM_GCC_493\Debug\1F3S1SOC.a(UART_SPI_UART.o)
 .ARM.attributes
                0x000007cc       0x31 C:\Program Files (x86)\Cypress\PSoC Creator\4.0\PSoC Creator\psoc\content\cycomponentlibrary\CyComponentLibrary.cylib\CapSense_CSD_P4_v2_40\PSoC4\Library\CapsenseP4Library_GCC.a(CSD_P4_SmartSense_v2_40.o)
 .ARM.attributes
                0x000007fd       0x1e c:/program files (x86)/cypress/psoc creator/4.0/psoc creator/import/gnu/arm/4.9.3/bin/../lib/gcc/arm-none-eabi/4.9.3/armv6-m\libgcc.a(_udivsi3.o)
 .ARM.attributes