Archive member included because of file (symbol)

.\CortexM0\ARM_GCC_493\Debug\1F3S1SOC.a(cyfitter_cfg.o)
                              .\CortexM0\ARM_GCC_493\Debug\Cm0Start.o (cyfitter_cfg)
.\CortexM0\ARM_GCC_493\Debug\1F3S1SOC.a(CyFlash.o)
                              .\CortexM0\ARM_GCC_493\Debug\main.o (CySysFlashWriteRow)
.\CortexM0\ARM_GCC_493\Debug\1F3S1SOC.a(CyLib.o)
                              .\CortexM0\ARM_GCC_493\Debug\main.o (CyDelay)
.\CortexM0\ARM_GCC_493\Debug\1F3S1SOC.a(CyLFClk.o)
                              .\CortexM0\ARM_GCC_493\Debug\1F3S1SOC.a(CyLib.o) (CySysClkWcoEnabled)
.\CortexM0\ARM_GCC_493\Debug\1F3S1SOC.a(I2C_Slave.o)
                              .\CortexM0\ARM_GCC_493\Debug\main.o (I2C_Slave_Start)
.\CortexM0\ARM_GCC_493\Debug\1F3S1SOC.a(I2C_Slave_I2C.o)
                              .\CortexM0\ARM_GCC_493\Debug\1F3S1SOC.a(I2C_Slave.o) (I2C_Slave_I2CInit)
.\CortexM0\ARM_GCC_493\Debug\1F3S1SOC.a(I2C_Slave_I2C_SLAVE.o)
                              .\CortexM0\ARM_GCC_493\Debug\1F3S1SOC.a(I2C_Slave_I2C.o) (I2C_Slave_slStatus)
.\CortexM0\ARM_GCC_493\Debug\1F3S1SOC.a(CapSense.o)
                              .\CortexM0\ARM_GCC_493\Debug\main.o (CapSense_Start)
.\CortexM0\ARM_GCC_493\Debug\1F3S1SOC.a(CapSense_CSHL.o)
                              .\CortexM0\ARM_GCC_493\Debug\1F3S1SOC.a(CapSense.o) (CapSense_rawDataIndex)
.\CortexM0\ARM_GCC_493\Debug\1F3S1SOC.a(CapSense_INT.o)
                              .\CortexM0\ARM_GCC_493\Debug\1F3S1SOC.a(CapSense.o) (CapSense_ISR)
.\CortexM0\ARM_GCC_493\Debug\1F3S1SOC.a(CapSense_SMS.o)
                              .\CortexM0\ARM_GCC_493\Debug\1F3S1SOC.a(CapSense_CSHL.o) (CapSense_config)
.\CortexM0\ARM_GCC_493\Debug\1F3S1SOC.a(LED1.o)
                              .\CortexM0\ARM_GCC_493\Debug\main.o (LED1_Write)
.\CortexM0\ARM_GCC_493\Debug\1F3S1SOC.a(LED2.o)
                              .\CortexM0\ARM_GCC_493\Debug\main.o (LED2_Write)
.\CortexM0\ARM_GCC_493\Debug\1F3S1SOC.a(LED3.o)
                              .\CortexM0\ARM_GCC_493\Debug\main.o (LED3_Write)
.\CortexM0\ARM_GCC_493\Debug\1F3S1SOC.a(LED4.o)
                              .\CortexM0\ARM_GCC_493\Debug\main.o (LED4_Write)
.\CortexM0\ARM_GCC_493\Debug\1F3S1SOC.a(LED5.o)
                              .\CortexM0\ARM_GCC_493\Debug\main.o (LED5_Write)
.\CortexM0\ARM_GCC_493\Debug\1F3S1SOC.a(CapSense_SampleClk.o)
                              .\CortexM0\ARM_GCC_493\Debug\1F3S1SOC.a(CapSense.o) (CapSense_SampleClk_StartEx)
.\CortexM0\ARM_GCC_493\Debug\1F3S1SOC.a(CapSense_SenseClk.o)
                              .\CortexM0\ARM_GCC_493\Debug\1F3S1SOC.a(CapSense.o) (CapSense_SenseClk_StartEx)
.\CortexM0\ARM_GCC_493\Debug\1F3S1SOC.a(InterPin.o)
                              .\CortexM0\ARM_GCC_493\Debug\main.o (InterPin_Write)
.\CortexM0\ARM_GCC_493\Debug\1F3S1SOC.a(UART.o)
                              .\CortexM0\ARM_GCC_493\Debug\main.o (UART_Start)
.\CortexM0\ARM_GCC_493\Debug\1F3S1SOC.a(UART_UART.o)
                              .\CortexM0\ARM_GCC_493\Debug\1F3S1SOC.a(UART.o) (UART_UartInit)
.\CortexM0\ARM_GCC_493\Debug\1F3S1SOC.a(LED11.o)
                              .\CortexM0\ARM_GCC_493\Debug\main.o (LED11_Write)
.\CortexM0\ARM_GCC_493\Debug\1F3S1SOC.a(LED12.o)
                              .\CortexM0\ARM_GCC_493\Debug\main.o (LED12_Write)
.\CortexM0\ARM_GCC_493\Debug\1F3S1SOC.a(LED13.o)
                              .\CortexM0\ARM_GCC_493\Debug\main.o (LED13_Write)
.\CortexM0\ARM_GCC_493\Debug\1F3S1SOC.a(LED14.o)
                              .\CortexM0\ARM_GCC_493\Debug\main.o (LED14_Write)
.\CortexM0\ARM_GCC_493\Debug\1F3S1SOC.a(LED_CONTROL1.o)
                              .\CortexM0\ARM_GCC_493\Debug\main.o (LED_CONTROL1_WriteCompare)
.\CortexM0\ARM_GCC_493\Debug\1F3S1SOC.a(Triac1.o)
                              .\CortexM0\ARM_GCC_493\Debug\main.o (Triac1_Write)
.\CortexM0\ARM_GCC_493\Debug\1F3S1SOC.a(Triac4.o)
                              .\CortexM0\ARM_GCC_493\Debug\main.o (Triac4_Write)
.\CortexM0\ARM_GCC_493\Debug\1F3S1SOC.a(Triac3.o)
                              .\CortexM0\ARM_GCC_493\Debug\main.o (Triac3_Write)
.\CortexM0\ARM_GCC_493\Debug\1F3S1SOC.a(Triac2.o)
                              .\CortexM0\ARM_GCC_493\Debug\main.o (Triac2_Write)
.\CortexM0\ARM_GCC_493\Debug\1F3S1SOC.a(Triac5.o)
                              .\CortexM0\ARM_GCC_493\Debug\main.o (Triac5_Write)
.\CortexM0\ARM_GCC_493\Debug\1F3S1SOC.a(CyBootAsmGnu.o)
                              .\CortexM0\ARM_GCC_493\Debug\1F3S1SOC.a(CyLib.o) (CyDelayCycles)
.\CortexM0\ARM_GCC_493\Debug\1F3S1SOC.a(I2C_Slave_I2C_INT.o)
                              .\CortexM0\ARM_GCC_493\Debug\1F3S1SOC.a(I2C_Slave_I2C.o) (I2C_Slave_I2C_ISR)
.\CortexM0\ARM_GCC_493\Debug\1F3S1SOC.a(UART_SPI_UART.o)
                              .\CortexM0\ARM_GCC_493\Debug\1F3S1SOC.a(UART_UART.o) (UART_SpiUartReadRxData)
[...]
Memory Configuration

Name             Origin             Length             Attributes
rom              0x00000000         0x00020000         xr
ram              0x20000000         0x00004000         xrw
*default*        0x00000000         0xffffffff

Linker script and memory map

LOAD c:/program files (x86)/cypress/psoc creator/4.0/psoc creator/import/gnu/arm/4.9.3/bin/../lib/gcc/arm-none-eabi/4.9.3/armv6-m/crti.o
LOAD c:/program files (x86)/cypress/psoc creator/4.0/psoc creator/import/gnu/arm/4.9.3/bin/../lib/gcc/arm-none-eabi/4.9.3/armv6-m/crtbegin.o
LOAD c:/program files (x86)/cypress/psoc creator/4.0/psoc creator/import/gnu/arm/4.9.3/bin/../lib/gcc/arm-none-eabi/4.9.3/../../../../arm-none-eabi/lib/armv6-m/crt0.o
START GROUP
LOAD .\CortexM0\ARM_GCC_493\Debug\main.o
LOAD .\CortexM0\ARM_GCC_493\Debug\cymetadata.o
LOAD .\CortexM0\ARM_GCC_493\Debug\Cm0Start.o
LOAD .\CortexM0\ARM_GCC_493\Debug\1F3S1SOC.a
LOAD C:\Program Files (x86)\Cypress\PSoC Creator\4.0\PSoC Creator\psoc\content\cycomponentlibrary\CyComponentLibrary.cylib\CapSense_CSD_P4_v2_40\PSoC4\Library\CapsenseP4Library_GCC.a
LOAD C:\Program Files (x86)\Cypress\PSoC Creator\4.0\PSoC Creator\psoc\content\cycomponentlibrary\CyComponentLibrary.cylib\CortexM0\ARM_GCC_493\Debug\CyComponentLibrary.a
END GROUP
START GROUP
LOAD c:/program files (x86)/cypress/psoc creator/4.0/psoc creator/import/gnu/arm/4.9.3/bin/../lib/gcc/arm-none-eabi/4.9.3/armv6-m\libgcc.a
LOAD c:/program files (x86)/cypress/psoc creator/4.0/psoc creator/import/gnu/arm/4.9.3/bin/../lib/gcc/arm-none-eabi/4.9.3/../../../../arm-none-eabi/lib/armv6-m\libg_nano.a
LOAD c:/program files (x86)/cypress/psoc creator/4.0/psoc creator/import/gnu/arm/4.9.3/bin/../lib/gcc/arm-none-eabi/4.9.3/../../../../arm-none-eabi/lib/armv6-m\libc_nano.a
END GROUP
START GROUP
LOAD c:/program files (x86)/cypress/psoc creator/4.0/psoc creator/import/gnu/arm/4.9.3/bin/../lib/gcc/arm-none-eabi/4.9.3/armv6-m\libgcc.a
LOAD c:/program files (x86)/cypress/psoc creator/4.0/psoc creator/import/gnu/arm/4.9.3/bin/../lib/gcc/arm-none-eabi/4.9.3/../../../../arm-none-eabi/lib/armv6-m\libc_nano.a
END GROUP
LOAD c:/program files (x86)/cypress/psoc creator/4.0/psoc creator/import/gnu/arm/4.9.3/bin/../lib/gcc/arm-none-eabi/4.9.3/armv6-m/crtend.o
LOAD c:/program files (x86)/cypress/psoc creator/4.0/psoc creator/import/gnu/arm/4.9.3/bin/../lib/gcc/arm-none-eabi/4.9.3/armv6-m/crtn.o
START GROUP
LOAD c:/program files (x86)/cypress/psoc creator/4.0/psoc creator/import/gnu/arm/4.9.3/bin/../lib/gcc/arm-none-eabi/4.9.3/armv6-m\libgcc.a
LOAD c:/program files (x86)/cypress/psoc creator/4.0/psoc creator/import/gnu/arm/4.9.3/bin/../lib/gcc/arm-none-eabi/4.9.3/../../../../arm-none-eabi/lib/armv6-m\libc.a
LOAD c:/program files (x86)/cypress/psoc creator/4.0/psoc creator/import/gnu/arm/4.9.3/bin/../lib/gcc/arm-none-eabi/4.9.3/../../../../arm-none-eabi/lib/armv6-m\libnosys.a
END GROUP
                0x00000000                CY_APPL_ORIGIN = 0x0
                0x00000080                CY_FLASH_ROW_SIZE = 0x80
                0x00000001                CY_APPL_NUM = 0x1
                0x00000001                CY_APPL_MAX = 0x1
                0x00000040                CY_METADATA_SIZE = 0x40
                0x00000000                CY_APPL_LOADABLE = 0x0
                0x00000000                CY_CHECKSUM_EXCLUDE_SIZE = ALIGN (0x0, CY_FLASH_ROW_SIZE)
                0x00000000                CY_APP_FOR_STACK_AND_COPIER = 0x0
                0x20000418                PROVIDE (__cy_heap_start, _end)
                0x00000001                PROVIDE (__cy_region_num, ((__cy_regions_end - __cy_regions) / 0x10))
                0x20004000                PROVIDE (__cy_stack, (ORIGIN (ram) + 0x4000))
                0x20003c00                PROVIDE (__cy_heap_end, (__cy_stack - 0x400))

.cybootloader   0x00000000        0x0
 *(.cybootloader)
                0x00000000                appl1_start = CY_APPL_ORIGIN?CY_APPL_ORIGIN:ALIGN (CY_FLASH_ROW_SIZE)
                0x0000ff80                appl2_start = (appl1_start + ALIGN ((((0x20000 - appl1_start) - (0x2 * CY_FLASH_ROW_SIZE)) / 0x2), CY_FLASH_ROW_SIZE))
                0x00000000                appl_start = (CY_APPL_NUM == 0x1)?appl1_start:appl2_start
                0x00000001                cy_project_type_bootloader = (appl_start == 0x0)?0x1:0x0
                0x00000000                cy_project_type_app_for_stack_and_copier = (CY_APP_FOR_STACK_AND_COPIER == 0x1)?0x1:0x0

.text           0x00000000     0x3f46
 CREATE_OBJECT_SYMBOLS
                0x00000000                PROVIDE (__cy_interrupt_vector, RomVectors)
 *(.romvectors)
 .romvectors    0x00000000       0x10 .\CortexM0\ARM_GCC_493\Debug\Cm0Start.o
                0x00000000                RomVectors
                0x00000001                ASSERT ((. != __cy_interrupt_vector), No interrupt vector)
                0x00000001                ASSERT (CY_APPL_ORIGIN?(SIZEOF (.cybootloader) <= CY_APPL_ORIGIN):0x1, Wrong image location)
                0x00000010                PROVIDE (__cy_reset, Reset)
 *(.text.Reset)
 .text.Reset    0x00000010        0x8 .\CortexM0\ARM_GCC_493\Debug\Cm0Start.o
                0x00000010                Reset
                0x00000001                ASSERT ((. != __cy_reset), No reset code)
 *(.psocinit)
 .psocinit      0x00000018      0x2a4 .\CortexM0\ARM_GCC_493\Debug\1F3S1SOC.a(cyfitter_cfg.o)
                0x00000108                cyfitter_cfg
                0x000002bc                . = MAX (., 0x100)
 *(.text .text.* .gnu.linkonce.t.*)
 .text          0x000002bc       0x60 c:/program files (x86)/cypress/psoc creator/4.0/psoc creator/import/gnu/arm/4.9.3/bin/../lib/gcc/arm-none-eabi/4.9.3/armv6-m/crtbegin.o
 .text.main     0x0000031c      0x200 .\CortexM0\ARM_GCC_493\Debug\main.o
                0x0000031c                main
 .text.CapSense_DisplayState
                0x0000051c      0x2f8 .\CortexM0\ARM_GCC_493\Debug\main.o
                0x0000051c                CapSense_DisplayState
 .text.ExecuteCommand
                0x00000814       0x54 .\CortexM0\ARM_GCC_493\Debug\main.o
                0x00000814                ExecuteCommand
 .text.UpdateSwitchLeds
                0x00000868      0x1b0 .\CortexM0\ARM_GCC_493\Debug\main.o
                0x00000868                UpdateSwitchLeds
 .text.UpdateLedsFan1
                0x00000a18      0x130 .\CortexM0\ARM_GCC_493\Debug\main.o
                0x00000a18                UpdateLedsFan1
 .text.IntDefaultHandler
                0x00000b48        0x8 .\CortexM0\ARM_GCC_493\Debug\Cm0Start.o
                0x00000b48                IntDefaultHandler
 .text.Start_c  0x00000b50       0x98 .\CortexM0\ARM_GCC_493\Debug\Cm0Start.o
                0x00000b50                Start_c
 .text.initialize_psoc
                0x00000be8       0x70 .\CortexM0\ARM_GCC_493\Debug\Cm0Start.o
                0x00000be8                initialize_psoc
 .text.CYMEMZERO
                0x00000c58       0x20 .\CortexM0\ARM_GCC_493\Debug\1F3S1SOC.a(cyfitter_cfg.o)
 .text.cfg_write_bytes32
                0x00000c78       0x80 .\CortexM0\ARM_GCC_493\Debug\1F3S1SOC.a(cyfitter_cfg.o)
 .text.AnalogSetDefault
                0x00000cf8       0x2c .\CortexM0\ARM_GCC_493\Debug\1F3S1SOC.a(cyfitter_cfg.o)
 .text.SetAnalogRoutingPumps
                0x00000d24       0x70 .\CortexM0\ARM_GCC_493\Debug\1F3S1SOC.a(cyfitter_cfg.o)
                0x00000d24                SetAnalogRoutingPumps
 .text.CySysFlashWriteRow
                0x00000d94      0x164 .\CortexM0\ARM_GCC_493\Debug\1F3S1SOC.a(CyFlash.o)
                0x00000d94                CySysFlashWriteRow
 .text.CySysFlashSetWaitCycles
                0x00000ef8       0x74 .\CortexM0\ARM_GCC_493\Debug\1F3S1SOC.a(CyFlash.o)
                0x00000ef8                CySysFlashSetWaitCycles
 .text.CySysFlashClockBackup
                0x00000f6c       0x14 .\CortexM0\ARM_GCC_493\Debug\1F3S1SOC.a(CyFlash.o)
 .text.CySysFlashClockRestore
                0x00000f80       0x14 .\CortexM0\ARM_GCC_493\Debug\1F3S1SOC.a(CyFlash.o)
 .text.CySysClkImoEnableWcoLock
                0x00000f94      0x144 .\CortexM0\ARM_GCC_493\Debug\1F3S1SOC.a(CyLib.o)
                0x00000f94                CySysClkImoEnableWcoLock
 .text.CySysClkImoDisableWcoLock
                0x000010d8       0x1c .\CortexM0\ARM_GCC_493\Debug\1F3S1SOC.a(CyLib.o)
                0x000010d8                CySysClkImoDisableWcoLock
 .text.CySysClkImoGetWcoLock
                0x000010f4       0x20 .\CortexM0\ARM_GCC_493\Debug\1F3S1SOC.a(CyLib.o)
                0x000010f4                CySysClkImoGetWcoLock
 .text.CySysClkWriteImoFreq
                0x00001114       0xb8 .\CortexM0\ARM_GCC_493\Debug\1F3S1SOC.a(CyLib.o)
                0x00001114                CySysClkWriteImoFreq
 .text.CyIntSetVector
                0x000011cc       0x4c .\CortexM0\ARM_GCC_493\Debug\1F3S1SOC.a(CyLib.o)
                0x000011cc                CyIntSetVector
 .text.CyIntSetPriority
                0x00001218       0xa8 .\CortexM0\ARM_GCC_493\Debug\1F3S1SOC.a(CyLib.o)
                0x00001218                CyIntSetPriority
 .text.CyIntEnable
                0x000012c0       0x28 .\CortexM0\ARM_GCC_493\Debug\1F3S1SOC.a(CyLib.o)
                0x000012c0                CyIntEnable
 .text.CyIntDisable
                0x000012e8       0x28 .\CortexM0\ARM_GCC_493\Debug\1F3S1SOC.a(CyLib.o)
                0x000012e8                CyIntDisable
 .text.CyHalt   0x00001310       0x14 .\CortexM0\ARM_GCC_493\Debug\1F3S1SOC.a(CyLib.o)
                0x00001310                CyHalt
 .text.CyDelay  0x00001324       0x48 .\CortexM0\ARM_GCC_493\Debug\1F3S1SOC.a(CyLib.o)
                0x00001324                CyDelay
 .text.CySysClkWcoEnabled
                0x0000136c       0x1c .\CortexM0\ARM_GCC_493\Debug\1F3S1SOC.a(CyLFClk.o)
                0x0000136c                CySysClkWcoEnabled
 .text.I2C_Slave_Init
                0x00001388        0xc .\CortexM0\ARM_GCC_493\Debug\1F3S1SOC.a(I2C_Slave.o)
                0x00001388                I2C_Slave_Init
 .text.I2C_Slave_Enable
                0x00001394       0x24 .\CortexM0\ARM_GCC_493\Debug\1F3S1SOC.a(I2C_Slave.o)
                0x00001394                I2C_Slave_Enable
 .text.I2C_Slave_Start
                0x000013b8       0x24 .\CortexM0\ARM_GCC_493\Debug\1F3S1SOC.a(I2C_Slave.o)
                0x000013b8                I2C_Slave_Start
 .text.I2C_Slave_ScbEnableIntr
                0x000013dc       0x10 .\CortexM0\ARM_GCC_493\Debug\1F3S1SOC.a(I2C_Slave.o)
 .text.I2C_Slave_ScbModePostEnable
                0x000013ec        0x8 .\CortexM0\ARM_GCC_493\Debug\1F3S1SOC.a(I2C_Slave.o)
 .text.I2C_Slave_I2CInit
                0x000013f4       0xe8 .\CortexM0\ARM_GCC_493\Debug\1F3S1SOC.a(I2C_Slave_I2C.o)
                0x000013f4                I2C_Slave_I2CInit
 .text.I2C_Slave_I2CSlaveStatus
                0x000014dc       0x14 .\CortexM0\ARM_GCC_493\Debug\1F3S1SOC.a(I2C_Slave_I2C_SLAVE.o)
                0x000014dc                I2C_Slave_I2CSlaveStatus
 .text.I2C_Slave_I2CSlaveClearReadStatus
                0x000014f0       0x40 .\CortexM0\ARM_GCC_493\Debug\1F3S1SOC.a(I2C_Slave_I2C_SLAVE.o)
                0x000014f0                I2C_Slave_I2CSlaveClearReadStatus
 .text.I2C_Slave_I2CSlaveClearWriteStatus
                0x00001530       0x40 .\CortexM0\ARM_GCC_493\Debug\1F3S1SOC.a(I2C_Slave_I2C_SLAVE.o)
                0x00001530                I2C_Slave_I2CSlaveClearWriteStatus
 .text.I2C_Slave_I2CSlaveInitReadBuf
                0x00001570       0x4c .\CortexM0\ARM_GCC_493\Debug\1F3S1SOC.a(I2C_Slave_I2C_SLAVE.o)
                0x00001570                I2C_Slave_I2CSlaveInitReadBuf
 .text.I2C_Slave_I2CSlaveInitWriteBuf
                0x000015bc       0x40 .\CortexM0\ARM_GCC_493\Debug\1F3S1SOC.a(I2C_Slave_I2C_SLAVE.o)
                0x000015bc                I2C_Slave_I2CSlaveInitWriteBuf
 .text.I2C_Slave_I2CSlaveGetWriteBufSize
                0x000015fc       0x14 .\CortexM0\ARM_GCC_493\Debug\1F3S1SOC.a(I2C_Slave_I2C_SLAVE.o)
                0x000015fc                I2C_Slave_I2CSlaveGetWriteBufSize
 .text.I2C_Slave_I2CSlaveClearReadBuf
                0x00001610       0x14 .\CortexM0\ARM_GCC_493\Debug\1F3S1SOC.a(I2C_Slave_I2C_SLAVE.o)
                0x00001610                I2C_Slave_I2CSlaveClearReadBuf
 .text.I2C_Slave_I2CSlaveClearWriteBuf
                0x00001624       0x14 .\CortexM0\ARM_GCC_493\Debug\1F3S1SOC.a(I2C_Slave_I2C_SLAVE.o)
                0x00001624                I2C_Slave_I2CSlaveClearWriteBuf
 .text.CapSense_Init
                0x00001638       0x38 .\CortexM0\ARM_GCC_493\Debug\1F3S1SOC.a(CapSense.o)
                0x00001638                CapSense_Init
 .text.CapSense_CsdHwBlockInit
                0x00001670       0xc0 .\CortexM0\ARM_GCC_493\Debug\1F3S1SOC.a(CapSense.o)
                0x00001670                CapSense_CsdHwBlockInit
 .text.CapSense_Enable
                0x00001730       0x54 .\CortexM0\ARM_GCC_493\Debug\1F3S1SOC.a(CapSense.o)
                0x00001730                CapSense_Enable
 .text.CapSense_Start
                0x00001784       0x44 .\CortexM0\ARM_GCC_493\Debug\1F3S1SOC.a(CapSense.o)
                0x00001784                CapSense_Start
 .text.CapSense_FindNextSensor
                0x000017c8       0x48 .\CortexM0\ARM_GCC_493\Debug\1F3S1SOC.a(CapSense.o)
                0x000017c8                CapSense_FindNextSensor
 .text.CapSense_ScanSensor
                0x00001810       0x34 .\CortexM0\ARM_GCC_493\Debug\1F3S1SOC.a(CapSense.o)
                0x00001810                CapSense_ScanSensor
 .text.CapSense_ScanEnabledWidgets
                0x00001844       0x58 .\CortexM0\ARM_GCC_493\Debug\1F3S1SOC.a(CapSense.o)
                0x00001844                CapSense_ScanEnabledWidgets
 .text.CapSense_IsBusy
                0x0000189c       0x1c .\CortexM0\ARM_GCC_493\Debug\1F3S1SOC.a(CapSense.o)
                0x0000189c                CapSense_IsBusy
 .text.CapSense_ReadSensorRaw
                0x000018b8       0x1c .\CortexM0\ARM_GCC_493\Debug\1F3S1SOC.a(CapSense.o)
                0x000018b8                CapSense_ReadSensorRaw
 .text.CapSense_ClearSensors
                0x000018d4       0x28 .\CortexM0\ARM_GCC_493\Debug\1F3S1SOC.a(CapSense.o)
                0x000018d4                CapSense_ClearSensors
 .text.CapSense_EnableSensor
                0x000018fc       0xc8 .\CortexM0\ARM_GCC_493\Debug\1F3S1SOC.a(CapSense.o)
                0x000018fc                CapSense_EnableSensor
 .text.CapSense_DisableSensor
                0x000019c4      0x118 .\CortexM0\ARM_GCC_493\Debug\1F3S1SOC.a(CapSense.o)
                0x000019c4                CapSense_DisableSensor
 .text.CapSense_PreScan
                0x00001adc      0x14c .\CortexM0\ARM_GCC_493\Debug\1F3S1SOC.a(CapSense.o)
                0x00001adc                CapSense_PreScan
 .text.CapSense_PostScan
                0x00001c28       0x74 .\CortexM0\ARM_GCC_493\Debug\1F3S1SOC.a(CapSense.o)
                0x00001c28                CapSense_PostScan
 .text.CapSense_SetShieldDelay
                0x00001c9c       0x30 .\CortexM0\ARM_GCC_493\Debug\1F3S1SOC.a(CapSense.o)
                0x00001c9c                CapSense_SetShieldDelay
 .text.CapSense_GetBitValue
                0x00001ccc       0x44 .\CortexM0\ARM_GCC_493\Debug\1F3S1SOC.a(CapSense.o)
                0x00001ccc                CapSense_GetBitValue
 .text.CapSense_SetBitValue
                0x00001d10       0x68 .\CortexM0\ARM_GCC_493\Debug\1F3S1SOC.a(CapSense.o)
                0x00001d10                CapSense_SetBitValue
 .text.CapSense_GetSensorRaw
                0x00001d78       0x50 .\CortexM0\ARM_GCC_493\Debug\1F3S1SOC.a(CapSense.o)
                0x00001d78                CapSense_GetSensorRaw
 .text.CapSense_SetUnscannedSensorState
                0x00001dc8       0x24 .\CortexM0\ARM_GCC_493\Debug\1F3S1SOC.a(CapSense.o)
                0x00001dc8                CapSense_SetUnscannedSensorState
 .text.CapSense_NormalizeWidgets
                0x00001dec       0x9c .\CortexM0\ARM_GCC_493\Debug\1F3S1SOC.a(CapSense.o)
                0x00001dec                CapSense_NormalizeWidgets
 .text.CapSense_BaseInit
                0x00001e88       0x90 .\CortexM0\ARM_GCC_493\Debug\1F3S1SOC.a(CapSense_CSHL.o)
                0x00001e88                CapSense_BaseInit
 .text.CapSense_InitializeSensorBaseline
                0x00001f18       0x28 .\CortexM0\ARM_GCC_493\Debug\1F3S1SOC.a(CapSense_CSHL.o)
                0x00001f18                CapSense_InitializeSensorBaseline
 .text.CapSense_InitializeAllBaselines
                0x00001f40       0x28 .\CortexM0\ARM_GCC_493\Debug\1F3S1SOC.a(CapSense_CSHL.o)
                0x00001f40                CapSense_InitializeAllBaselines
 .text.CapSense_UpdateBaselineNoThreshold
                0x00001f68      0x238 .\CortexM0\ARM_GCC_493\Debug\1F3S1SOC.a(CapSense_CSHL.o)
                0x00001f68                CapSense_UpdateBaselineNoThreshold
 .text.CapSense_UpdateSensorBaseline
                0x000021a0       0x20 .\CortexM0\ARM_GCC_493\Debug\1F3S1SOC.a(CapSense_CSHL.o)
                0x000021a0                CapSense_UpdateSensorBaseline
 .text.CapSense_UpdateEnabledBaselines
                0x000021c0       0x40 .\CortexM0\ARM_GCC_493\Debug\1F3S1SOC.a(CapSense_CSHL.o)
                0x000021c0                CapSense_UpdateEnabledBaselines
 .text.CapSense_CheckIsSensorActive
                0x00002200      0x158 .\CortexM0\ARM_GCC_493\Debug\1F3S1SOC.a(CapSense_CSHL.o)
                0x00002200                CapSense_CheckIsSensorActive
 .text.CapSense_CheckIsWidgetActive
                0x00002358       0x58 .\CortexM0\ARM_GCC_493\Debug\1F3S1SOC.a(CapSense_CSHL.o)
                0x00002358                CapSense_CheckIsWidgetActive
 .text.CapSense_FindMaximum
                0x000023b0       0xb8 .\CortexM0\ARM_GCC_493\Debug\1F3S1SOC.a(CapSense_CSHL.o)
                0x000023b0                CapSense_FindMaximum
 .text.CapSense_CalcCentroid
                0x00002468      0x194 .\CortexM0\ARM_GCC_493\Debug\1F3S1SOC.a(CapSense_CSHL.o)
                0x00002468                CapSense_CalcCentroid
 .text.CapSense_GetRadialCentroidPos
                0x000025fc      0x170 .\CortexM0\ARM_GCC_493\Debug\1F3S1SOC.a(CapSense_CSHL.o)
                0x000025fc                CapSense_GetRadialCentroidPos
 .text.CapSense_IIR4Filter
                0x0000276c       0x3c .\CortexM0\ARM_GCC_493\Debug\1F3S1SOC.a(CapSense_CSHL.o)
                0x0000276c                CapSense_IIR4Filter
 .text.CapSense_ISR
                0x000027a8       0xd8 .\CortexM0\ARM_GCC_493\Debug\1F3S1SOC.a(CapSense_INT.o)
                0x000027a8                CapSense_ISR
 .text.CapSense_AutoTune
                0x00002880      0x10c .\CortexM0\ARM_GCC_493\Debug\1F3S1SOC.a(CapSense_SMS.o)
                0x00002880                CapSense_AutoTune
 .text.CapSense_UpdateThresholds
                0x0000298c       0xf0 .\CortexM0\ARM_GCC_493\Debug\1F3S1SOC.a(CapSense_SMS.o)
                0x0000298c                CapSense_UpdateThresholds
 .text.CapSense_SetAnalogSwitchesSrcDirect
                0x00002a7c       0x18 .\CortexM0\ARM_GCC_493\Debug\1F3S1SOC.a(CapSense_SMS.o)
                0x00002a7c                CapSense_SetAnalogSwitchesSrcDirect
 .text.CapSense_DisableBaselineIDAC
                0x00002a94       0x34 .\CortexM0\ARM_GCC_493\Debug\1F3S1SOC.a(CapSense_SMS.o)
                0x00002a94                CapSense_DisableBaselineIDAC
 .text.CapSense_EnableBaselineIDAC
                0x00002ac8       0x90 .\CortexM0\ARM_GCC_493\Debug\1F3S1SOC.a(CapSense_SMS.o)
                0x00002ac8                CapSense_EnableBaselineIDAC
 .text.LED1_Write
                0x00002b58       0x4c .\CortexM0\ARM_GCC_493\Debug\1F3S1SOC.a(LED1.o)
                0x00002b58                LED1_Write
 .text.LED2_Write
                0x00002ba4       0x4c .\CortexM0\ARM_GCC_493\Debug\1F3S1SOC.a(LED2.o)
                0x00002ba4                LED2_Write
 .text.LED3_Write
                0x00002bf0       0x4c .\CortexM0\ARM_GCC_493\Debug\1F3S1SOC.a(LED3.o)
                0x00002bf0                LED3_Write
 .text.LED4_Write
                0x00002c3c       0x4c .\CortexM0\ARM_GCC_493\Debug\1F3S1SOC.a(LED4.o)
                0x00002c3c                LED4_Write
 .text.LED5_Write
                0x00002c88       0x48 .\CortexM0\ARM_GCC_493\Debug\1F3S1SOC.a(LED5.o)
                0x00002c88                LED5_Write
 .text.CapSense_SampleClk_StartEx
                0x00002cd0       0x2c .\CortexM0\ARM_GCC_493\Debug\1F3S1SOC.a(CapSense_SampleClk.o)
                0x00002cd0                CapSense_SampleClk_StartEx
 .text.CapSense_SampleClk_Stop
                0x00002cfc       0x20 .\CortexM0\ARM_GCC_493\Debug\1F3S1SOC.a(CapSense_SampleClk.o)
                0x00002cfc                CapSense_SampleClk_Stop
 .text.CapSense_SampleClk_SetFractionalDividerRegister
                0x00002d1c       0x44 .\CortexM0\ARM_GCC_493\Debug\1F3S1SOC.a(CapSense_SampleClk.o)
                0x00002d1c                CapSense_SampleClk_SetFractionalDividerRegister
 .text.CapSense_SenseClk_StartEx
                0x00002d60       0x2c .\CortexM0\ARM_GCC_493\Debug\1F3S1SOC.a(CapSense_SenseClk.o)
                0x00002d60                CapSense_SenseClk_StartEx
 .text.CapSense_SenseClk_Stop
                0x00002d8c       0x20 .\CortexM0\ARM_GCC_493\Debug\1F3S1SOC.a(CapSense_SenseClk.o)
                0x00002d8c                CapSense_SenseClk_Stop
 .text.CapSense_SenseClk_SetFractionalDividerRegister
                0x00002dac       0x44 .\CortexM0\ARM_GCC_493\Debug\1F3S1SOC.a(CapSense_SenseClk.o)
                0x00002dac                CapSense_SenseClk_SetFractionalDividerRegister
 .text.InterPin_Write
                0x00002df0       0x4c .\CortexM0\ARM_GCC_493\Debug\1F3S1SOC.a(InterPin.o)
                0x00002df0                InterPin_Write
 .text.InterPin_Read
                0x00002e3c       0x1c .\CortexM0\ARM_GCC_493\Debug\1F3S1SOC.a(InterPin.o)
                0x00002e3c                InterPin_Read
 .text.UART_Init
                0x00002e58        0xc .\CortexM0\ARM_GCC_493\Debug\1F3S1SOC.a(UART.o)
                0x00002e58                UART_Init
 .text.UART_Enable
                0x00002e64       0x24 .\CortexM0\ARM_GCC_493\Debug\1F3S1SOC.a(UART.o)
                0x00002e64                UART_Enable
 .text.UART_Start
                0x00002e88       0x24 .\CortexM0\ARM_GCC_493\Debug\1F3S1SOC.a(UART.o)
                0x00002e88                UART_Start
 .text.UART_ScbEnableIntr
                0x00002eac        0x8 .\CortexM0\ARM_GCC_493\Debug\1F3S1SOC.a(UART.o)
 .text.UART_ScbModePostEnable
                0x00002eb4        0xc .\CortexM0\ARM_GCC_493\Debug\1F3S1SOC.a(UART.o)
 .text.UART_UartInit
                0x00002ec0       0xb0 .\CortexM0\ARM_GCC_493\Debug\1F3S1SOC.a(UART_UART.o)
                0x00002ec0                UART_UartInit
 .text.UART_UartPostEnable
                0x00002f70       0x1c .\CortexM0\ARM_GCC_493\Debug\1F3S1SOC.a(UART_UART.o)
                0x00002f70                UART_UartPostEnable
 .text.UART_UartPutString
                0x00002f8c       0x34 .\CortexM0\ARM_GCC_493\Debug\1F3S1SOC.a(UART_UART.o)
                0x00002f8c                UART_UartPutString
 .text.LED11_Write
                0x00002fc0       0x4c .\CortexM0\ARM_GCC_493\Debug\1F3S1SOC.a(LED11.o)
                0x00002fc0                LED11_Write
 .text.LED12_Write
                0x0000300c       0x4c .\CortexM0\ARM_GCC_493\Debug\1F3S1SOC.a(LED12.o)
                0x0000300c                LED12_Write
 .text.LED13_Write
                0x00003058       0x4c .\CortexM0\ARM_GCC_493\Debug\1F3S1SOC.a(LED13.o)
                0x00003058                LED13_Write
 .text.LED14_Write
                0x000030a4       0x4c .\CortexM0\ARM_GCC_493\Debug\1F3S1SOC.a(LED14.o)
                0x000030a4                LED14_Write
 .text.LED_CONTROL1_Init
                0x000030f0       0x5c .\CortexM0\ARM_GCC_493\Debug\1F3S1SOC.a(LED_CONTROL1.o)
                0x000030f0                LED_CONTROL1_Init
 .text.LED_CONTROL1_Enable
                0x0000314c       0x38 .\CortexM0\ARM_GCC_493\Debug\1F3S1SOC.a(LED_CONTROL1.o)
                0x0000314c                LED_CONTROL1_Enable
 .text.LED_CONTROL1_Start
                0x00003184       0x24 .\CortexM0\ARM_GCC_493\Debug\1F3S1SOC.a(LED_CONTROL1.o)
                0x00003184                LED_CONTROL1_Start
 .text.LED_CONTROL1_WriteCounter
                0x000031a8       0x1c .\CortexM0\ARM_GCC_493\Debug\1F3S1SOC.a(LED_CONTROL1.o)
                0x000031a8                LED_CONTROL1_WriteCounter
 .text.LED_CONTROL1_WritePeriod
                0x000031c4       0x1c .\CortexM0\ARM_GCC_493\Debug\1F3S1SOC.a(LED_CONTROL1.o)
                0x000031c4                LED_CONTROL1_WritePeriod
 .text.LED_CONTROL1_WriteCompare
                0x000031e0       0x1c .\CortexM0\ARM_GCC_493\Debug\1F3S1SOC.a(LED_CONTROL1.o)
                0x000031e0                LED_CONTROL1_WriteCompare
 .text.LED_CONTROL1_TriggerCommand
                0x000031fc       0x38 .\CortexM0\ARM_GCC_493\Debug\1F3S1SOC.a(LED_CONTROL1.o)
                0x000031fc                LED_CONTROL1_TriggerCommand
 .text.LED_CONTROL1_SetInterruptMode
                0x00003234       0x18 .\CortexM0\ARM_GCC_493\Debug\1F3S1SOC.a(LED_CONTROL1.o)
                0x00003234                LED_CONTROL1_SetInterruptMode
 .text.Triac1_Write
                0x0000324c       0x4c .\CortexM0\ARM_GCC_493\Debug\1F3S1SOC.a(Triac1.o)
                0x0000324c                Triac1_Write
 .text.Triac4_Write
                0x00003298       0x48 .\CortexM0\ARM_GCC_493\Debug\1F3S1SOC.a(Triac4.o)
                0x00003298                Triac4_Write
 .text.Triac3_Write
                0x000032e0       0x4c .\CortexM0\ARM_GCC_493\Debug\1F3S1SOC.a(Triac3.o)
                0x000032e0                Triac3_Write
 .text.Triac2_Write
                0x0000332c       0x4c .\CortexM0\ARM_GCC_493\Debug\1F3S1SOC.a(Triac2.o)
                0x0000332c                Triac2_Write
 .text.Triac5_Write
                0x00003378       0x48 .\CortexM0\ARM_GCC_493\Debug\1F3S1SOC.a(Triac5.o)
                0x00003378                Triac5_Write
 .text          0x000033c0       0x20 .\CortexM0\ARM_GCC_493\Debug\1F3S1SOC.a(CyBootAsmGnu.o)
                0x000033c0                CyDelayCycles
                0x000033d2                CyEnterCriticalSection
                0x000033da                CyExitCriticalSection
 .text.I2C_Slave_I2C_ISR
                0x000033e0      0x514 .\CortexM0\ARM_GCC_493\Debug\1F3S1SOC.a(I2C_Slave_I2C_INT.o)
                0x000033e0                I2C_Slave_I2C_ISR
 .text.UART_SpiUartWriteTxData
                0x000038f4       0x2c .\CortexM0\ARM_GCC_493\Debug\1F3S1SOC.a(UART_SPI_UART.o)
                0x000038f4                UART_SpiUartWriteTxData
 .text.CalibrateOneDAC_P4_v2_40
                0x00003920       0x40 C:\Program Files (x86)\Cypress\PSoC Creator\4.0\PSoC Creator\psoc\content\cycomponentlibrary\CyComponentLibrary.cylib\CapSense_CSD_P4_v2_40\PSoC4\Library\CapsenseP4Library_GCC.a(CSD_P4_SmartSense_v2_40.o)
                0x00003920                CalibrateOneDAC_P4_v2_40
 .text.CalibrateSensors_P4_v2_40
                0x00003960       0x22 C:\Program Files (x86)\Cypress\PSoC Creator\4.0\PSoC Creator\psoc\content\cycomponentlibrary\CyComponentLibrary.cylib\CapSense_CSD_P4_v2_40\PSoC4\Library\CapsenseP4Library_GCC.a(CSD_P4_SmartSense_v2_40.o)
                0x00003960                CalibrateSensors_P4_v2_40
 .text.TunePrescalers_P4_v2_40
                0x00003982       0x42 C:\Program Files (x86)\Cypress\PSoC Creator\4.0\PSoC Creator\psoc\content\cycomponentlibrary\CyComponentLibrary.cylib\CapSense_CSD_P4_v2_40\PSoC4\Library\CapsenseP4Library_GCC.a(CSD_P4_SmartSense_v2_40.o)
                0x00003982                TunePrescalers_P4_v2_40
 .text.TuneSensitivity_P4_v2_40
                0x000039c4       0xdc C:\Program Files (x86)\Cypress\PSoC Creator\4.0\PSoC Creator\psoc\content\cycomponentlibrary\CyComponentLibrary.cylib\CapSense_CSD_P4_v2_40\PSoC4\Library\CapsenseP4Library_GCC.a(CSD_P4_SmartSense_v2_40.o)
                0x000039c4                TuneSensitivity_P4_v2_40
 .text.MeasureNoiseEnvelope_P4_v2_40
                0x00003aa0       0xfc C:\Program Files (x86)\Cypress\PSoC Creator\4.0\PSoC Creator\psoc\content\cycomponentlibrary\CyComponentLibrary.cylib\CapSense_CSD_P4_v2_40\PSoC4\Library\CapsenseP4Library_GCC.a(CSD_P4_SmartSense_v2_40.o)
                0x00003aa0                MeasureNoiseEnvelope_P4_v2_40
 .text.CalculateThresholds_P4_v2_40
                0x00003b9c       0x36 C:\Program Files (x86)\Cypress\PSoC Creator\4.0\PSoC Creator\psoc\content\cycomponentlibrary\CyComponentLibrary.cylib\CapSense_CSD_P4_v2_40\PSoC4\Library\CapsenseP4Library_GCC.a(CSD_P4_SmartSense_v2_40.o)
                0x00003b9c                CalculateThresholds_P4_v2_40
 *fill*         0x00003bd2        0x2 
 .text          0x00003bd4      0x120 c:/program files (x86)/cypress/psoc creator/4.0/psoc creator/import/gnu/arm/4.9.3/bin/../lib/gcc/arm-none-eabi/4.9.3/armv6-m\libgcc.a(_udivsi3.o)
                0x00003bd4                __aeabi_uidiv
                0x00003bd4                __udivsi3
                0x00003ce0                __aeabi_uidivmod
 .text          0x00003cf4      0x1e0 c:/program files (x86)/cypress/psoc creator/4.0/psoc creator/import/gnu/arm/4.9.3/bin/../lib/gcc/arm-none-eabi/4.9.3/armv6-m\libgcc.a(_divsi3.o)
                0x00003cf4                __divsi3
                0x00003cf4                __aeabi_idiv
                0x00003ec0                __aeabi_idivmod
 .text          0x00003ed4        0x4 c:/program files (x86)/cypress/psoc creator/4.0/psoc creator/import/gnu/arm/4.9.3/bin/../lib/gcc/arm-none-eabi/4.9.3/armv6-m\libgcc.a(_dvmd_tls.o)
                0x00003ed4                __aeabi_idiv0
                0x00003ed4                __aeabi_ldiv0
 .text.__libc_init_array
                0x00003ed8       0x4c c:/program files (x86)/cypress/psoc creator/4.0/psoc creator/import/gnu/arm/4.9.3/bin/../lib/gcc/arm-none-eabi/4.9.3/../../../../arm-none-eabi/lib/armv6-m\libg_nano.a(lib_a-init.o)
                0x00003ed8                __libc_init_array
 .text.memcpy   0x00003f24       0x12 c:/program files (x86)/cypress/psoc creator/4.0/psoc creator/import/gnu/arm/4.9.3/bin/../lib/gcc/arm-none-eabi/4.9.3/../../../../arm-none-eabi/lib/armv6-m\libg_nano.a(lib_a-memcpy.o)
                0x00003f24                memcpy
 .text.memset   0x00003f36       0x10 c:/program files (x86)/cypress/psoc creator/4.0/psoc creator/import/gnu/arm/4.9.3/bin/../lib/gcc/arm-none-eabi/4.9.3/../../../../arm-none-eabi/lib/armv6-m\libg_nano.a(lib_a-memset.o)
                0x00003f36                memset
 *(.plt)
 *(.gnu.warning)
 *(.glue_7t)
 .glue_7t       0x00000000        0x0 linker stubs
 *(.glue_7)
 .glue_7        0x00000000        0x0 linker stubs
 *(.vfp11_veneer)
 .vfp11_veneer  0x00000000        0x0 linker stubs
 *(.bootloader)
 *(.ARM.extab* .gnu.linkonce.armextab.*)
 *(.gcc_except_table)

.v4_bx          0x00003f48        0x0
 .v4_bx         0x00000000        0x0 linker stubs

.iplt           0x00003f48        0x0
 .iplt          0x00000000        0x0 c:/program files (x86)/cypress/psoc creator/4.0/psoc creator/import/gnu/arm/4.9.3/bin/../lib/gcc/arm-none-eabi/4.9.3/armv6-m/crtbegin.o

.eh_frame_hdr
 *(.eh_frame_hdr)

.eh_frame       0x00003f48        0x4
 *(.eh_frame)
 .eh_frame      0x00003f48        0x0 c:/program files (x86)/cypress/psoc creator/4.0/psoc creator/import/gnu/arm/4.9.3/bin/../lib/gcc/arm-none-eabi/4.9.3/armv6-m/crtbegin.o
 .eh_frame      0x00003f48        0x4 c:/program files (x86)/cypress/psoc creator/4.0/psoc creator/import/gnu/arm/4.9.3/bin/../lib/gcc/arm-none-eabi/4.9.3/armv6-m/crtend.o
                0x00003f4c                PROVIDE (__exidx_start, .)

.ARM.exidx
 *(.ARM.exidx* .gnu.linkonce.armexidx.*)
                0x00003f4c                __exidx_end = .

.rodata         0x00003f4c      0x294
 *(.rodata .rodata.* .gnu.linkonce.r.*)
 .rodata        0x00003f4c       0xa4 .\CortexM0\ARM_GCC_493\Debug\main.o
 .rodata        0x00003ff0       0x4c .\CortexM0\ARM_GCC_493\Debug\1F3S1SOC.a(cyfitter_cfg.o)
 .rodata        0x0000403c       0x48 .\CortexM0\ARM_GCC_493\Debug\1F3S1SOC.a(CyLib.o)
                0x0000403c                cyImoFreqMhz2Reg
                0x0000406c                cyImoFreqMhz2DpllOffset
 .rodata        0x00004084       0xa8 .\CortexM0\ARM_GCC_493\Debug\1F3S1SOC.a(CapSense.o)
                0x00004084                CapSense_portTable
                0x00004090                CapSense_maskTable
                0x000040b4                CapSense_pinShiftTbl
                0x000040c0                CapSense_widgetNumber
                0x000040cc                CapSense_prtSelTbl
                0x000040ec                CapSense_prtCfgTbl
                0x0000410c                CapSense_prtDRTbl
 .rodata        0x0000412c       0x14 .\CortexM0\ARM_GCC_493\Debug\1F3S1SOC.a(CapSense_CSHL.o)
                0x0000412c                CapSense_rawDataIndex
                0x00004134                CapSense_numberOfSensors
 .rodata        0x00004140       0x6c .\CortexM0\ARM_GCC_493\Debug\1F3S1SOC.a(CapSense_SMS.o)
                0x00004140                CapSense_prescalerTable
                0x00004150                CapSense_configPointers
                0x000041ac                . = ALIGN (0x4)
 *(.init)
 .init          0x000041ac        0x4 c:/program files (x86)/cypress/psoc creator/4.0/psoc creator/import/gnu/arm/4.9.3/bin/../lib/gcc/arm-none-eabi/4.9.3/armv6-m/crti.o
                0x000041ac                _init
 .init          0x000041b0        0x8 c:/program files (x86)/cypress/psoc creator/4.0/psoc creator/import/gnu/arm/4.9.3/bin/../lib/gcc/arm-none-eabi/4.9.3/armv6-m/crtn.o
                0x000041b8                . = ALIGN (0x4)
                0x000041b8                __preinit_array_start = .
 *(.preinit_array)
                0x000041b8                __preinit_array_end = .
                0x000041b8                . = ALIGN (0x4)
                0x000041b8                __init_array_start = .
 *(SORT(.init_array.*))
 *(.init_array)
 .init_array    0x000041b8        0x4 c:/program files (x86)/cypress/psoc creator/4.0/psoc creator/import/gnu/arm/4.9.3/bin/../lib/gcc/arm-none-eabi/4.9.3/armv6-m/crtbegin.o
 .init_array    0x000041bc        0x4 .\CortexM0\ARM_GCC_493\Debug\Cm0Start.o
                0x000041c0                __init_array_end = .
                0x000041c0                . = ALIGN (0x4)
 *(.fini)
 .fini          0x000041c0        0x4 c:/program files (x86)/cypress/psoc creator/4.0/psoc creator/import/gnu/arm/4.9.3/bin/../lib/gcc/arm-none-eabi/4.9.3/armv6-m/crti.o
                0x000041c0                _fini
 .fini          0x000041c4        0x8 c:/program files (x86)/cypress/psoc creator/4.0/psoc creator/import/gnu/arm/4.9.3/bin/../lib/gcc/arm-none-eabi/4.9.3/armv6-m/crtn.o
                0x000041cc                . = ALIGN (0x4)
                0x000041cc                __fini_array_start = .
 *(.fini_array)
 .fini_array    0x000041cc        0x4 c:/program files (x86)/cypress/psoc creator/4.0/psoc creator/import/gnu/arm/4.9.3/bin/../lib/gcc/arm-none-eabi/4.9.3/armv6-m/crtbegin.o
 *(SORT(.fini_array.*))
                0x000041d0                __fini_array_end = .
                0x000041d0                . = ALIGN (0x4)
 *crtbegin.o(.ctors)
 *(EXCLUDE_FILE(*crtend.o) .ctors)
 *(SORT(.ctors.*))
 *crtend.o(.ctors)
                0x000041d0                . = ALIGN (0x4)
 *crtbegin.o(.dtors)
 *(EXCLUDE_FILE(*crtend.o) .dtors)
 *(SORT(.dtors.*))
 *crtend.o(.dtors)
                0x000041d0                . = ALIGN (0x4)
                0x000041d0                __cy_regions = .
                0x000041d0        0x4 LONG 0x41e0 __cy_region_init_ram
                0x000041d4        0x4 LONG 0x200000c8 __cy_region_start_data
                0x000041d8        0x4 LONG 0x78 __cy_region_init_size_ram
                0x000041dc        0x4 LONG 0x2d8 __cy_region_zero_size_ram
                0x000041e0                __cy_regions_end = .
                0x000041e0                . = ALIGN (0x8)
                0x000041e0                _etext = .

.cy_checksum_exclude
                0x000041e0        0x0
 *(.cy_checksum_exclude)

.ramvectors     0x20000000       0xc0
                0x20000000                __cy_region_start_ram = .
 *(.ramvectors)
 .ramvectors    0x20000000       0xc0 .\CortexM0\ARM_GCC_493\Debug\Cm0Start.o
                0x20000000                CyRamVectors

.noinit         0x200000c0        0x4
 *(.noinit)
 .noinit        0x200000c0        0x4 .\CortexM0\ARM_GCC_493\Debug\Cm0Start.o

.data           0x200000c8       0x78 load address 0x000041e0
                0x200000c8                __cy_region_start_data = .
 *(.jcr)
 .jcr           0x200000c8        0x0 c:/program files (x86)/cypress/psoc creator/4.0/psoc creator/import/gnu/arm/4.9.3/bin/../lib/gcc/arm-none-eabi/4.9.3/armv6-m/crtbegin.o
 .jcr           0x200000c8        0x4 c:/program files (x86)/cypress/psoc creator/4.0/psoc creator/import/gnu/arm/4.9.3/bin/../lib/gcc/arm-none-eabi/4.9.3/armv6-m/crtend.o
 *(.got.plt)
 *(.got)
 *(.shdata)
 *(.data .data.* .gnu.linkonce.d.*)
 .data          0x200000cc       0x10 .\CortexM0\ARM_GCC_493\Debug\1F3S1SOC.a(CyLib.o)
                0x200000cc                cydelayFreqHz
                0x200000d0                cydelayFreqKhz
                0x200000d4                cydelayFreqMhz
                0x200000d8                cydelay32kMs
 .data          0x200000dc       0x3c .\CortexM0\ARM_GCC_493\Debug\1F3S1SOC.a(CapSense.o)
                0x200000dc                CapSense_sensorEnableMask
                0x200000e0                CapSense_pcTable
                0x20000104                CapSense_widgetResolution
 .data          0x20000118       0x1c .\CortexM0\ARM_GCC_493\Debug\1F3S1SOC.a(CapSense_CSHL.o)
                0x20000118                CapSense_lowBaselineReset
                0x20000121                CapSense_enableRawFilters
                0x20000124                CapSense_debounce
 .data          0x20000134        0xc .\CortexM0\ARM_GCC_493\Debug\1F3S1SOC.a(CapSense_SMS.o)
                0x20000134                CapSense_sensorSensitivity
                0x20000140                . = ALIGN (0x8)
 *(.ram)
                0x20000140                _edata = .

.igot.plt       0x20000140        0x0 load address 0x00004258
 .igot.plt      0x00000000        0x0 c:/program files (x86)/cypress/psoc creator/4.0/psoc creator/import/gnu/arm/4.9.3/bin/../lib/gcc/arm-none-eabi/4.9.3/armv6-m/crtbegin.o

.bss            0x20000140      0x2d8 load address 0x00004258
                0x20000140                PROVIDE (__bss_start__, .)
 *(.shbss)
 *(.bss .bss.* .gnu.linkonce.b.*)
 .bss           0x20000140       0x1c c:/program files (x86)/cypress/psoc creator/4.0/psoc creator/import/gnu/arm/4.9.3/bin/../lib/gcc/arm-none-eabi/4.9.3/armv6-m/crtbegin.o
 .bss           0x2000015c      0x100 .\CortexM0\ARM_GCC_493\Debug\main.o
                0x2000015c                cache
                0x200001dc                update
 .bss           0x2000025c        0x8 .\CortexM0\ARM_GCC_493\Debug\1F3S1SOC.a(I2C_Slave.o)
                0x2000025c                I2C_Slave_initVar
                0x20000260                I2C_Slave_customIntrHandler
 .bss           0x20000264       0x18 .\CortexM0\ARM_GCC_493\Debug\1F3S1SOC.a(CapSense.o)
                0x20000264                CapSense_lowLevelTuningDone
                0x20000265                CapSense_prescalersTuningDone
                0x20000266                CapSense_csdStatusVar
                0x20000267                CapSense_sensorIndex
                0x20000268                CapSense_sensorRaw
 .bss           0x2000027c       0x3c .\CortexM0\ARM_GCC_493\Debug\1F3S1SOC.a(CapSense_CSHL.o)
                0x2000027c                CapSense_sensorBaseline
                0x20000290                CapSense_sensorBaselineLow
                0x2000029c                CapSense_sensorSignal
                0x200002a8                CapSense_sensorOnMask
 .bss           0x200002b8        0x1 .\CortexM0\ARM_GCC_493\Debug\1F3S1SOC.a(CapSense_INT.o)
 .bss           0x200002b9        0x1 .\CortexM0\ARM_GCC_493\Debug\1F3S1SOC.a(UART.o)
                0x200002b9                UART_initVar
 .bss           0x200002ba        0x1 .\CortexM0\ARM_GCC_493\Debug\1F3S1SOC.a(LED_CONTROL1.o)
                0x200002ba                LED_CONTROL1_initVar
 *(COMMON)
 *fill*         0x200002bb        0x1 
 COMMON         0x200002bc       0x38 .\CortexM0\ARM_GCC_493\Debug\main.o
                0x200002bc                oldSock1
                0x200002c0                temp2
                0x200002c4                i2cWriteBuffer
                0x200002c8                but1
                0x200002cc                but2
                0x200002d0                temp1
                0x200002d2                curPos1
                0x200002d4                temp4
                0x200002d8                oldBut3
                0x200002dc                oldBut1
                0x200002e0                i2cReadBuffer
                0x200002e4                sock1
                0x200002e8                but3
                0x200002ec                oldBut2
                0x200002f0                temp3
                0x200002f2                oldCurPos1
 COMMON         0x200002f4        0x1 .\CortexM0\ARM_GCC_493\Debug\1F3S1SOC.a(I2C_Slave_I2C.o)
                0x200002f4                I2C_Slave_state
 *fill*         0x200002f5        0x3 
 COMMON         0x200002f8       0x1e .\CortexM0\ARM_GCC_493\Debug\1F3S1SOC.a(I2C_Slave_I2C_SLAVE.o)
                0x200002f8                I2C_Slave_slRdBufIndexTmp
                0x200002fc                I2C_Slave_slRdBufIndex
                0x20000300                I2C_Slave_slWrBufSize
                0x20000304                I2C_Slave_slWrBufIndex
                0x20000308                I2C_Slave_slRdBufPtr
                0x2000030c                I2C_Slave_slWrBufPtr
                0x20000310                I2C_Slave_slRdBufSize
                0x20000314                I2C_Slave_slStatus
                0x20000315                I2C_Slave_slOverFlowCount
 *fill*         0x20000316        0x2 
 COMMON         0x20000318       0x45 .\CortexM0\ARM_GCC_493\Debug\1F3S1SOC.a(CapSense.o)
                0x20000318                CapSense_csdTrim1
                0x2000031c                CapSense_scanSpeedTbl
                0x20000320                CapSense_sensorEnableMaskBackup
                0x20000324                CapSense_senseClkDividerVal
                0x20000330                CapSense_modulationIDAC
                0x2000033c                CapSense_compensationIDAC
                0x20000348                CapSense_unscannedSnsDriveMode
                0x20000354                CapSense_sampleClkDividerVal
 *fill*         0x2000035d        0x3 
 COMMON         0x20000360       0x3d .\CortexM0\ARM_GCC_493\Debug\1F3S1SOC.a(CapSense_CSHL.o)
                0x20000360                CapSense_noiseThreshold
                0x20000368                CapSense_lowBaselineResetCnt
                0x20000374                CapSense_negativeNoiseThreshold
                0x2000037c                CapSense_rawFilterData1
                0x20000390                CapSense_hysteresis
                0x20000398                CapSense_fingerThreshold
 *fill*         0x2000039d        0x3 
 COMMON         0x200003a0       0x75 .\CortexM0\ARM_GCC_493\Debug\1F3S1SOC.a(CapSense_SMS.o)
                0x200003a0                CapSense_runningDifferenceTbl
                0x200003ac                CapSense_signRegisterTbl
                0x200003b8                CapSense_sampleMaxTbl
                0x200003cc                CapSense_noiseEnvelopeTbl
                0x200003d8                CapSense_previousSampleTbl
                0x200003ec                CapSense_sampleMinTbl
                0x20000400                CapSense_config
                0x2000040c                CapSense_kValueTbl
                0x20000418                . = ALIGN (0x8)
 *fill*         0x20000415        0x3 
 *(.ram.b)
                0x20000418                _end = .
                0x20000418                __end = .
                0x20000418                PROVIDE (end, .)
                0x20000418                PROVIDE (__bss_end__, .)
                0x000041e0                __cy_region_init_ram = LOADADDR (.data)
                0x00000078                __cy_region_init_size_ram = (_edata - ADDR (.data))
                0x000002d8                __cy_region_zero_size_ram = (_end - _edata)

.heap           0x20000418      0x100 load address 0x00004258
                0x20000418                . = _end
                0x20000518                . = (. + 0x100)
 *fill*         0x20000418      0x100 
                0x20000518                __cy_heap_limit = .

.stack          0x20003c00      0x400
                0x20003c00                __cy_stack_limit = .
                0x20004000                . = (. + 0x400)
 *fill*         0x20003c00      0x400 
                0x00000001                ASSERT ((__cy_stack_limit >= __cy_heap_limit), region RAM overflowed with stack)
                0x00000000                cy_checksum_exclude_size = (CY_APPL_LOADABLE == 0x1)?SIZEOF (.cy_checksum_exclude):0x0
                0x00000001                ASSERT ((cy_checksum_exclude_size <= CY_CHECKSUM_EXCLUDE_SIZE), CY_BOOT: Section .cy_checksum_exclude size exceedes specified limit.)
                0x0001ffc0                cyloadermeta_start = (cy_project_type_bootloader || cy_project_type_app_for_stack_and_copier)?(0x20000 - CY_METADATA_SIZE):0xf0000000

.cyloadermeta
 *(.cyloadermeta)
                0x0001ffc0                cyloadablemeta_start = cy_project_type_app_for_stack_and_copier?((0x20000 - CY_FLASH_ROW_SIZE) - CY_METADATA_SIZE):((0x20000 - (CY_FLASH_ROW_SIZE * (CY_APPL_NUM - 0x1))) - CY_METADATA_SIZE)

.cyloadablemeta
 *(.cyloadablemeta)

.cyflashprotect
                0x90400000       0x80
 *(.cyflashprotect)
 .cyflashprotect
                0x90400000       0x80 .\CortexM0\ARM_GCC_493\Debug\cymetadata.o
                0x90400000                cy_meta_flashprotect

.cymeta         0x90500000        0xc
 *(.cymeta)
 .cymeta        0x90500000        0xc .\CortexM0\ARM_GCC_493\Debug\cymetadata.o
                0x90500000                cy_metadata

.cychipprotect  0x90600000        0x4
 *(.cychipprotect)
 .cychipprotect
                0x90600000        0x4 .\CortexM0\ARM_GCC_493\Debug\cymetadata.o
                0x90600000                cy_meta_chipprotect

.rel.dyn        0x00004258        0x0 load address 0x90600004
 .rel.iplt      0x00000000        0x0 c:/program files (x86)/cypress/psoc creator/4.0/psoc creator/import/gnu/arm/4.9.3/bin/../lib/gcc/arm-none-eabi/4.9.3/armv6-m/crtbegin.o

.stab
 *(.stab)

.stabstr
 *(.stabstr)

.debug
 *(.debug)

.line
 *(.line)

.debug_srcinfo
 *(.debug_srcinfo)

.debug_sfnames
 *(.debug_sfnames)

.debug_aranges  0x00000000     0x1048
 *(.debug_aranges)
 .debug_aranges
                0x00000000       0x40 .\CortexM0\ARM_GCC_493\Debug\main.o
 .debug_aranges
                0x00000040       0x18 .\CortexM0\ARM_GCC_493\Debug\cymetadata.o
 .debug_aranges
                0x00000058       0x48 .\CortexM0\ARM_GCC_493\Debug\Cm0Start.o
 .debug_aranges
                0x000000a0       0x58 .\CortexM0\ARM_GCC_493\Debug\1F3S1SOC.a(cyfitter_cfg.o)
 .debug_aranges
                0x000000f8       0x40 .\CortexM0\ARM_GCC_493\Debug\1F3S1SOC.a(CyFlash.o)
 .debug_aranges
                0x00000138      0x1b8 .\CortexM0\ARM_GCC_493\Debug\1F3S1SOC.a(CyLib.o)
 .debug_aranges
                0x000002f0      0x158 .\CortexM0\ARM_GCC_493\Debug\1F3S1SOC.a(CyLFClk.o)
 .debug_aranges
                0x00000448       0x68 .\CortexM0\ARM_GCC_493\Debug\1F3S1SOC.a(I2C_Slave.o)
 .debug_aranges
                0x000004b0       0x28 .\CortexM0\ARM_GCC_493\Debug\1F3S1SOC.a(I2C_Slave_I2C.o)
 .debug_aranges
                0x000004d8       0x70 .\CortexM0\ARM_GCC_493\Debug\1F3S1SOC.a(I2C_Slave_I2C_SLAVE.o)
 .debug_aranges
                0x00000548      0x158 .\CortexM0\ARM_GCC_493\Debug\1F3S1SOC.a(CapSense.o)
 .debug_aranges
                0x000006a0      0x148 .\CortexM0\ARM_GCC_493\Debug\1F3S1SOC.a(CapSense_CSHL.o)
 .debug_aranges
                0x000007e8       0x20 .\CortexM0\ARM_GCC_493\Debug\1F3S1SOC.a(CapSense_INT.o)
 .debug_aranges
                0x00000808       0x60 .\CortexM0\ARM_GCC_493\Debug\1F3S1SOC.a(CapSense_SMS.o)
 .debug_aranges
                0x00000868       0x48 .\CortexM0\ARM_GCC_493\Debug\1F3S1SOC.a(LED1.o)
 .debug_aranges
                0x000008b0       0x48 .\CortexM0\ARM_GCC_493\Debug\1F3S1SOC.a(LED2.o)
 .debug_aranges
                0x000008f8       0x48 .\CortexM0\ARM_GCC_493\Debug\1F3S1SOC.a(LED3.o)
 .debug_aranges
                0x00000940       0x48 .\CortexM0\ARM_GCC_493\Debug\1F3S1SOC.a(LED4.o)
 .debug_aranges
                0x00000988       0x48 .\CortexM0\ARM_GCC_493\Debug\1F3S1SOC.a(LED5.o)
 .debug_aranges
                0x000009d0       0x40 .\CortexM0\ARM_GCC_493\Debug\1F3S1SOC.a(CapSense_SampleClk.o)
 .debug_aranges
                0x00000a10       0x40 .\CortexM0\ARM_GCC_493\Debug\1F3S1SOC.a(CapSense_SenseClk.o)
 .debug_aranges
                0x00000a50       0x48 .\CortexM0\ARM_GCC_493\Debug\1F3S1SOC.a(InterPin.o)
 .debug_aranges
                0x00000a98       0x60 .\CortexM0\ARM_GCC_493\Debug\1F3S1SOC.a(UART.o)
 .debug_aranges
                0x00000af8       0x88 .\CortexM0\ARM_GCC_493\Debug\1F3S1SOC.a(UART_UART.o)
 .debug_aranges
                0x00000b80       0x48 .\CortexM0\ARM_GCC_493\Debug\1F3S1SOC.a(LED11.o)
 .debug_aranges
                0x00000bc8       0x48 .\CortexM0\ARM_GCC_493\Debug\1F3S1SOC.a(LED12.o)
 .debug_aranges
                0x00000c10       0x48 .\CortexM0\ARM_GCC_493\Debug\1F3S1SOC.a(LED13.o)
 .debug_aranges
                0x00000c58       0x48 .\CortexM0\ARM_GCC_493\Debug\1F3S1SOC.a(LED14.o)
 .debug_aranges
                0x00000ca0      0x158 .\CortexM0\ARM_GCC_493\Debug\1F3S1SOC.a(LED_CONTROL1.o)
 .debug_aranges
                0x00000df8       0x48 .\CortexM0\ARM_GCC_493\Debug\1F3S1SOC.a(Triac1.o)
 .debug_aranges
                0x00000e40       0x48 .\CortexM0\ARM_GCC_493\Debug\1F3S1SOC.a(Triac4.o)
 .debug_aranges
                0x00000e88       0x48 .\CortexM0\ARM_GCC_493\Debug\1F3S1SOC.a(Triac3.o)
 .debug_aranges
                0x00000ed0       0x48 .\CortexM0\ARM_GCC_493\Debug\1F3S1SOC.a(Triac2.o)
 .debug_aranges
                0x00000f18       0x48 .\CortexM0\ARM_GCC_493\Debug\1F3S1SOC.a(Triac5.o)
 .debug_aranges
                0x00000f60       0x20 .\CortexM0\ARM_GCC_493\Debug\1F3S1SOC.a(CyBootAsmGnu.o)
 .debug_aranges
                0x00000f80       0x20 .\CortexM0\ARM_GCC_493\Debug\1F3S1SOC.a(I2C_Slave_I2C_INT.o)
 .debug_aranges
                0x00000fa0       0x60 .\CortexM0\ARM_GCC_493\Debug\1F3S1SOC.a(UART_SPI_UART.o)
 .debug_aranges
                0x00001000       0x48 C:\Program Files (x86)\Cypress\PSoC Creator\4.0\PSoC Creator\psoc\content\cycomponentlibrary\CyComponentLibrary.cylib\CapSense_CSD_P4_v2_40\PSoC4\Library\CapsenseP4Library_GCC.a(CSD_P4_SmartSense_v2_40.o)

.debug_pubnames
 *(.debug_pubnames)

.debug_info     0x00000000     0x7746
 *(.debug_info .gnu.linkonce.wi.*)
 .debug_info    0x00000000      0x2f9 .\CortexM0\ARM_GCC_493\Debug\main.o
 .debug_info    0x000002f9       0xfe .\CortexM0\ARM_GCC_493\Debug\cymetadata.o
 .debug_info    0x000003f7      0x302 .\CortexM0\ARM_GCC_493\Debug\Cm0Start.o
 .debug_info    0x000006f9      0x38c .\CortexM0\ARM_GCC_493\Debug\1F3S1SOC.a(cyfitter_cfg.o)
 .debug_info    0x00000a85      0x259 .\CortexM0\ARM_GCC_493\Debug\1F3S1SOC.a(CyFlash.o)
 .debug_info    0x00000cde      0xa77 .\CortexM0\ARM_GCC_493\Debug\1F3S1SOC.a(CyLib.o)
 .debug_info    0x00001755      0x83b .\CortexM0\ARM_GCC_493\Debug\1F3S1SOC.a(CyLFClk.o)
 .debug_info    0x00001f90      0x1e4 .\CortexM0\ARM_GCC_493\Debug\1F3S1SOC.a(I2C_Slave.o)
 .debug_info    0x00002174      0x116 .\CortexM0\ARM_GCC_493\Debug\1F3S1SOC.a(I2C_Slave_I2C.o)
 .debug_info    0x0000228a      0x2db .\CortexM0\ARM_GCC_493\Debug\1F3S1SOC.a(I2C_Slave_I2C_SLAVE.o)
 .debug_info    0x00002565      0xc0e .\CortexM0\ARM_GCC_493\Debug\1F3S1SOC.a(CapSense.o)
 .debug_info    0x00003173      0xe4d .\CortexM0\ARM_GCC_493\Debug\1F3S1SOC.a(CapSense_CSHL.o)
 .debug_info    0x00003fc0      0x11d .\CortexM0\ARM_GCC_493\Debug\1F3S1SOC.a(CapSense_INT.o)
 .debug_info    0x000040dd      0x653 .\CortexM0\ARM_GCC_493\Debug\1F3S1SOC.a(CapSense_SMS.o)
 .debug_info    0x00004730      0x19a .\CortexM0\ARM_GCC_493\Debug\1F3S1SOC.a(LED1.o)
 .debug_info    0x000048ca      0x19a .\CortexM0\ARM_GCC_493\Debug\1F3S1SOC.a(LED2.o)
 .debug_info    0x00004a64      0x19a .\CortexM0\ARM_GCC_493\Debug\1F3S1SOC.a(LED3.o)
 .debug_info    0x00004bfe      0x19a .\CortexM0\ARM_GCC_493\Debug\1F3S1SOC.a(LED4.o)
 .debug_info    0x00004d98      0x19a .\CortexM0\ARM_GCC_493\Debug\1F3S1SOC.a(LED5.o)
 .debug_info    0x00004f32      0x163 .\CortexM0\ARM_GCC_493\Debug\1F3S1SOC.a(CapSense_SampleClk.o)
 .debug_info    0x00005095      0x163 .\CortexM0\ARM_GCC_493\Debug\1F3S1SOC.a(CapSense_SenseClk.o)
 .debug_info    0x000051f8      0x19a .\CortexM0\ARM_GCC_493\Debug\1F3S1SOC.a(InterPin.o)
 .debug_info    0x00005392      0x1a6 .\CortexM0\ARM_GCC_493\Debug\1F3S1SOC.a(UART.o)
 .debug_info    0x00005538      0x2ba .\CortexM0\ARM_GCC_493\Debug\1F3S1SOC.a(UART_UART.o)
 .debug_info    0x000057f2      0x19a .\CortexM0\ARM_GCC_493\Debug\1F3S1SOC.a(LED11.o)
 .debug_info    0x0000598c      0x19a .\CortexM0\ARM_GCC_493\Debug\1F3S1SOC.a(LED12.o)
 .debug_info    0x00005b26      0x19a .\CortexM0\ARM_GCC_493\Debug\1F3S1SOC.a(LED13.o)
 .debug_info    0x00005cc0      0x19a .\CortexM0\ARM_GCC_493\Debug\1F3S1SOC.a(LED14.o)
 .debug_info    0x00005e5a      0x6f4 .\CortexM0\ARM_GCC_493\Debug\1F3S1SOC.a(LED_CONTROL1.o)
 .debug_info    0x0000654e      0x19a .\CortexM0\ARM_GCC_493\Debug\1F3S1SOC.a(Triac1.o)
 .debug_info    0x000066e8      0x19a .\CortexM0\ARM_GCC_493\Debug\1F3S1SOC.a(Triac4.o)
 .debug_info    0x00006882      0x19a .\CortexM0\ARM_GCC_493\Debug\1F3S1SOC.a(Triac3.o)
 .debug_info    0x00006a1c      0x19a .\CortexM0\ARM_GCC_493\Debug\1F3S1SOC.a(Triac2.o)
 .debug_info    0x00006bb6      0x19a .\CortexM0\ARM_GCC_493\Debug\1F3S1SOC.a(Triac5.o)
 .debug_info    0x00006d50       0x8b .\CortexM0\ARM_GCC_493\Debug\1F3S1SOC.a(CyBootAsmGnu.o)
 .debug_info    0x00006ddb      0x17a .\CortexM0\ARM_GCC_493\Debug\1F3S1SOC.a(I2C_Slave_I2C_INT.o)
 .debug_info    0x00006f55      0x20f .\CortexM0\ARM_GCC_493\Debug\1F3S1SOC.a(UART_SPI_UART.o)
 .debug_info    0x00007164      0x5e2 C:\Program Files (x86)\Cypress\PSoC Creator\4.0\PSoC Creator\psoc\content\cycomponentlibrary\CyComponentLibrary.cylib\CapSense_CSD_P4_v2_40\PSoC4\Library\CapsenseP4Library_GCC.a(CSD_P4_SmartSense_v2_40.o)

.debug_abbrev   0x00000000     0x231a
 *(.debug_abbrev)
 .debug_abbrev  0x00000000       0xfe .\CortexM0\ARM_GCC_493\Debug\main.o
 .debug_abbrev  0x000000fe       0x5d .\CortexM0\ARM_GCC_493\Debug\cymetadata.o
 .debug_abbrev  0x0000015b      0x17c .\CortexM0\ARM_GCC_493\Debug\Cm0Start.o
 .debug_abbrev  0x000002d7      0x1b3 .\CortexM0\ARM_GCC_493\Debug\1F3S1SOC.a(cyfitter_cfg.o)
 .debug_abbrev  0x0000048a      0x120 .\CortexM0\ARM_GCC_493\Debug\1F3S1SOC.a(CyFlash.o)
 .debug_abbrev  0x000005aa      0x1e8 .\CortexM0\ARM_GCC_493\Debug\1F3S1SOC.a(CyLib.o)
 .debug_abbrev  0x00000792      0x224 .\CortexM0\ARM_GCC_493\Debug\1F3S1SOC.a(CyLFClk.o)
 .debug_abbrev  0x000009b6       0xdb .\CortexM0\ARM_GCC_493\Debug\1F3S1SOC.a(I2C_Slave.o)
 .debug_abbrev  0x00000a91       0x90 .\CortexM0\ARM_GCC_493\Debug\1F3S1SOC.a(I2C_Slave_I2C.o)
 .debug_abbrev  0x00000b21      0x13b .\CortexM0\ARM_GCC_493\Debug\1F3S1SOC.a(I2C_Slave_I2C_SLAVE.o)
 .debug_abbrev  0x00000c5c      0x167 .\CortexM0\ARM_GCC_493\Debug\1F3S1SOC.a(CapSense.o)
 .debug_abbrev  0x00000dc3      0x1d1 .\CortexM0\ARM_GCC_493\Debug\1F3S1SOC.a(CapSense_CSHL.o)
 .debug_abbrev  0x00000f94       0x8a .\CortexM0\ARM_GCC_493\Debug\1F3S1SOC.a(CapSense_INT.o)
 .debug_abbrev  0x0000101e      0x1a0 .\CortexM0\ARM_GCC_493\Debug\1F3S1SOC.a(CapSense_SMS.o)
 .debug_abbrev  0x000011be       0xaa .\CortexM0\ARM_GCC_493\Debug\1F3S1SOC.a(LED1.o)
 .debug_abbrev  0x00001268       0xaa .\CortexM0\ARM_GCC_493\Debug\1F3S1SOC.a(LED2.o)
 .debug_abbrev  0x00001312       0xaa .\CortexM0\ARM_GCC_493\Debug\1F3S1SOC.a(LED3.o)
 .debug_abbrev  0x000013bc       0xaa .\CortexM0\ARM_GCC_493\Debug\1F3S1SOC.a(LED4.o)
 .debug_abbrev  0x00001466       0xaa .\CortexM0\ARM_GCC_493\Debug\1F3S1SOC.a(LED5.o)
 .debug_abbrev  0x00001510       0xa8 .\CortexM0\ARM_GCC_493\Debug\1F3S1SOC.a(CapSense_SampleClk.o)
 .debug_abbrev  0x000015b8       0xa8 .\CortexM0\ARM_GCC_493\Debug\1F3S1SOC.a(CapSense_SenseClk.o)
 .debug_abbrev  0x00001660       0xaa .\CortexM0\ARM_GCC_493\Debug\1F3S1SOC.a(InterPin.o)
 .debug_abbrev  0x0000170a       0xcb .\CortexM0\ARM_GCC_493\Debug\1F3S1SOC.a(UART.o)
 .debug_abbrev  0x000017d5      0x104 .\CortexM0\ARM_GCC_493\Debug\1F3S1SOC.a(UART_UART.o)
 .debug_abbrev  0x000018d9       0xaa .\CortexM0\ARM_GCC_493\Debug\1F3S1SOC.a(LED11.o)
 .debug_abbrev  0x00001983       0xaa .\CortexM0\ARM_GCC_493\Debug\1F3S1SOC.a(LED12.o)
 .debug_abbrev  0x00001a2d       0xaa .\CortexM0\ARM_GCC_493\Debug\1F3S1SOC.a(LED13.o)
 .debug_abbrev  0x00001ad7       0xaa .\CortexM0\ARM_GCC_493\Debug\1F3S1SOC.a(LED14.o)
 .debug_abbrev  0x00001b81       0xfc .\CortexM0\ARM_GCC_493\Debug\1F3S1SOC.a(LED_CONTROL1.o)
 .debug_abbrev  0x00001c7d       0xaa .\CortexM0\ARM_GCC_493\Debug\1F3S1SOC.a(Triac1.o)
 .debug_abbrev  0x00001d27       0xaa .\CortexM0\ARM_GCC_493\Debug\1F3S1SOC.a(Triac4.o)
 .debug_abbrev  0x00001dd1       0xaa .\CortexM0\ARM_GCC_493\Debug\1F3S1SOC.a(Triac3.o)
 .debug_abbrev  0x00001e7b       0xaa .\CortexM0\ARM_GCC_493\Debug\1F3S1SOC.a(Triac2.o)
 .debug_abbrev  0x00001f25       0xaa .\CortexM0\ARM_GCC_493\Debug\1F3S1SOC.a(Triac5.o)
 .debug_abbrev  0x00001fcf       0x14 .\CortexM0\ARM_GCC_493\Debug\1F3S1SOC.a(CyBootAsmGnu.o)
 .debug_abbrev  0x00001fe3       0x88 .\CortexM0\ARM_GCC_493\Debug\1F3S1SOC.a(I2C_Slave_I2C_INT.o)
 .debug_abbrev  0x0000206b      0x14f .\CortexM0\ARM_GCC_493\Debug\1F3S1SOC.a(UART_SPI_UART.o)
 .debug_abbrev  0x000021ba      0x160 C:\Program Files (x86)\Cypress\PSoC Creator\4.0\PSoC Creator\psoc\content\cycomponentlibrary\CyComponentLibrary.cylib\CapSense_CSD_P4_v2_40\PSoC4\Library\CapsenseP4Library_GCC.a(CSD_P4_SmartSense_v2_40.o)

.debug_line     0x00000000     0x37da
 *(.debug_line)
 .debug_line    0x00000000      0x1d8 .\CortexM0\ARM_GCC_493\Debug\main.o
 .debug_line    0x000001d8       0x51 .\CortexM0\ARM_GCC_493\Debug\cymetadata.o
 .debug_line    0x00000229      0x1c8 .\CortexM0\ARM_GCC_493\Debug\Cm0Start.o
 .debug_line    0x000003f1      0x1c7 .\CortexM0\ARM_GCC_493\Debug\1F3S1SOC.a(cyfitter_cfg.o)
 .debug_line    0x000005b8      0x174 .\CortexM0\ARM_GCC_493\Debug\1F3S1SOC.a(CyFlash.o)
 .debug_line    0x0000072c      0x516 .\CortexM0\ARM_GCC_493\Debug\1F3S1SOC.a(CyLib.o)
 .debug_line    0x00000c42      0x592 .\CortexM0\ARM_GCC_493\Debug\1F3S1SOC.a(CyLFClk.o)
 .debug_line    0x000011d4      0x122 .\CortexM0\ARM_GCC_493\Debug\1F3S1SOC.a(I2C_Slave.o)
 .debug_line    0x000012f6       0xa7 .\CortexM0\ARM_GCC_493\Debug\1F3S1SOC.a(I2C_Slave_I2C.o)
 .debug_line    0x0000139d      0x139 .\CortexM0\ARM_GCC_493\Debug\1F3S1SOC.a(I2C_Slave_I2C_SLAVE.o)
 .debug_line    0x000014d6      0x4d2 .\CortexM0\ARM_GCC_493\Debug\1F3S1SOC.a(CapSense.o)
 .debug_line    0x000019a8      0x4a1 .\CortexM0\ARM_GCC_493\Debug\1F3S1SOC.a(CapSense_CSHL.o)
 .debug_line    0x00001e49       0x8f .\CortexM0\ARM_GCC_493\Debug\1F3S1SOC.a(CapSense_INT.o)
 .debug_line    0x00001ed8      0x1a2 .\CortexM0\ARM_GCC_493\Debug\1F3S1SOC.a(CapSense_SMS.o)
 .debug_line    0x0000207a       0xbc .\CortexM0\ARM_GCC_493\Debug\1F3S1SOC.a(LED1.o)
 .debug_line    0x00002136       0xbc .\CortexM0\ARM_GCC_493\Debug\1F3S1SOC.a(LED2.o)
 .debug_line    0x000021f2       0xbc .\CortexM0\ARM_GCC_493\Debug\1F3S1SOC.a(LED3.o)
 .debug_line    0x000022ae       0xbc .\CortexM0\ARM_GCC_493\Debug\1F3S1SOC.a(LED4.o)
 .debug_line    0x0000236a       0xbc .\CortexM0\ARM_GCC_493\Debug\1F3S1SOC.a(LED5.o)
 .debug_line    0x00002426       0xcf .\CortexM0\ARM_GCC_493\Debug\1F3S1SOC.a(CapSense_SampleClk.o)
 .debug_line    0x000024f5       0xce .\CortexM0\ARM_GCC_493\Debug\1F3S1SOC.a(CapSense_SenseClk.o)
 .debug_line    0x000025c3       0xc0 .\CortexM0\ARM_GCC_493\Debug\1F3S1SOC.a(InterPin.o)
 .debug_line    0x00002683      0x105 .\CortexM0\ARM_GCC_493\Debug\1F3S1SOC.a(UART.o)
 .debug_line    0x00002788      0x18c .\CortexM0\ARM_GCC_493\Debug\1F3S1SOC.a(UART_UART.o)
 .debug_line    0x00002914       0xbd .\CortexM0\ARM_GCC_493\Debug\1F3S1SOC.a(LED11.o)
 .debug_line    0x000029d1       0xbd .\CortexM0\ARM_GCC_493\Debug\1F3S1SOC.a(LED12.o)
 .debug_line    0x00002a8e       0xbd .\CortexM0\ARM_GCC_493\Debug\1F3S1SOC.a(LED13.o)
 .debug_line    0x00002b4b       0xbd .\CortexM0\ARM_GCC_493\Debug\1F3S1SOC.a(LED14.o)
 .debug_line    0x00002c08      0x37a .\CortexM0\ARM_GCC_493\Debug\1F3S1SOC.a(LED_CONTROL1.o)
 .debug_line    0x00002f82       0xbe .\CortexM0\ARM_GCC_493\Debug\1F3S1SOC.a(Triac1.o)
 .debug_line    0x00003040       0xbe .\CortexM0\ARM_GCC_493\Debug\1F3S1SOC.a(Triac4.o)
 .debug_line    0x000030fe       0xbe .\CortexM0\ARM_GCC_493\Debug\1F3S1SOC.a(Triac3.o)
 .debug_line    0x000031bc       0xbe .\CortexM0\ARM_GCC_493\Debug\1F3S1SOC.a(Triac2.o)
 .debug_line    0x0000327a       0xbe .\CortexM0\ARM_GCC_493\Debug\1F3S1SOC.a(Triac5.o)
 .debug_line    0x00003338       0x66 .\CortexM0\ARM_GCC_493\Debug\1F3S1SOC.a(CyBootAsmGnu.o)
 .debug_line    0x0000339e      0x144 .\CortexM0\ARM_GCC_493\Debug\1F3S1SOC.a(I2C_Slave_I2C_INT.o)
 .debug_line    0x000034e2      0x123 .\CortexM0\ARM_GCC_493\Debug\1F3S1SOC.a(UART_SPI_UART.o)
 .debug_line    0x00003605      0x1d5 C:\Program Files (x86)\Cypress\PSoC Creator\4.0\PSoC Creator\psoc\content\cycomponentlibrary\CyComponentLibrary.cylib\CapSense_CSD_P4_v2_40\PSoC4\Library\CapsenseP4Library_GCC.a(CSD_P4_SmartSense_v2_40.o)

.debug_frame    0x00000000     0x34f4
 *(.debug_frame)
 .debug_frame   0x00000000       0xac .\CortexM0\ARM_GCC_493\Debug\main.o
 .debug_frame   0x000000ac       0xc8 .\CortexM0\ARM_GCC_493\Debug\Cm0Start.o
 .debug_frame   0x00000174      0x108 .\CortexM0\ARM_GCC_493\Debug\1F3S1SOC.a(cyfitter_cfg.o)
 .debug_frame   0x0000027c       0xbc .\CortexM0\ARM_GCC_493\Debug\1F3S1SOC.a(CyFlash.o)
 .debug_frame   0x00000338      0x664 .\CortexM0\ARM_GCC_493\Debug\1F3S1SOC.a(CyLib.o)
 .debug_frame   0x0000099c      0x500 .\CortexM0\ARM_GCC_493\Debug\1F3S1SOC.a(CyLFClk.o)
 .debug_frame   0x00000e9c      0x134 .\CortexM0\ARM_GCC_493\Debug\1F3S1SOC.a(I2C_Slave.o)
 .debug_frame   0x00000fd0       0x48 .\CortexM0\ARM_GCC_493\Debug\1F3S1SOC.a(I2C_Slave_I2C.o)
 .debug_frame   0x00001018      0x15c .\CortexM0\ARM_GCC_493\Debug\1F3S1SOC.a(I2C_Slave_I2C_SLAVE.o)
 .debug_frame   0x00001174      0x504 .\CortexM0\ARM_GCC_493\Debug\1F3S1SOC.a(CapSense.o)
 .debug_frame   0x00001678      0x4e4 .\CortexM0\ARM_GCC_493\Debug\1F3S1SOC.a(CapSense_CSHL.o)
 .debug_frame   0x00001b5c       0x2c .\CortexM0\ARM_GCC_493\Debug\1F3S1SOC.a(CapSense_INT.o)
 .debug_frame   0x00001b88      0x130 .\CortexM0\ARM_GCC_493\Debug\1F3S1SOC.a(CapSense_SMS.o)
 .debug_frame   0x00001cb8       0xc8 .\CortexM0\ARM_GCC_493\Debug\1F3S1SOC.a(LED1.o)
 .debug_frame   0x00001d80       0xc8 .\CortexM0\ARM_GCC_493\Debug\1F3S1SOC.a(LED2.o)
 .debug_frame   0x00001e48       0xc8 .\CortexM0\ARM_GCC_493\Debug\1F3S1SOC.a(LED3.o)
 .debug_frame   0x00001f10       0xc8 .\CortexM0\ARM_GCC_493\Debug\1F3S1SOC.a(LED4.o)
 .debug_frame   0x00001fd8       0xc8 .\CortexM0\ARM_GCC_493\Debug\1F3S1SOC.a(LED5.o)
 .debug_frame   0x000020a0       0xa4 .\CortexM0\ARM_GCC_493\Debug\1F3S1SOC.a(CapSense_SampleClk.o)
 .debug_frame   0x00002144       0xa4 .\CortexM0\ARM_GCC_493\Debug\1F3S1SOC.a(CapSense_SenseClk.o)
 .debug_frame   0x000021e8       0xc8 .\CortexM0\ARM_GCC_493\Debug\1F3S1SOC.a(InterPin.o)
 .debug_frame   0x000022b0      0x114 .\CortexM0\ARM_GCC_493\Debug\1F3S1SOC.a(UART.o)
 .debug_frame   0x000023c4      0x1bc .\CortexM0\ARM_GCC_493\Debug\1F3S1SOC.a(UART_UART.o)
 .debug_frame   0x00002580       0xc8 .\CortexM0\ARM_GCC_493\Debug\1F3S1SOC.a(LED11.o)
 .debug_frame   0x00002648       0xc8 .\CortexM0\ARM_GCC_493\Debug\1F3S1SOC.a(LED12.o)
 .debug_frame   0x00002710       0xc8 .\CortexM0\ARM_GCC_493\Debug\1F3S1SOC.a(LED13.o)
 .debug_frame   0x000027d8       0xc8 .\CortexM0\ARM_GCC_493\Debug\1F3S1SOC.a(LED14.o)
 .debug_frame   0x000028a0      0x52c .\CortexM0\ARM_GCC_493\Debug\1F3S1SOC.a(LED_CONTROL1.o)
 .debug_frame   0x00002dcc       0xc8 .\CortexM0\ARM_GCC_493\Debug\1F3S1SOC.a(Triac1.o)
 .debug_frame   0x00002e94       0xc8 .\CortexM0\ARM_GCC_493\Debug\1F3S1SOC.a(Triac4.o)
 .debug_frame   0x00002f5c       0xc8 .\CortexM0\ARM_GCC_493\Debug\1F3S1SOC.a(Triac3.o)
 .debug_frame   0x00003024       0xc8 .\CortexM0\ARM_GCC_493\Debug\1F3S1SOC.a(Triac2.o)
 .debug_frame   0x000030ec       0xc8 .\CortexM0\ARM_GCC_493\Debug\1F3S1SOC.a(Triac5.o)
 .debug_frame   0x000031b4       0x30 .\CortexM0\ARM_GCC_493\Debug\1F3S1SOC.a(I2C_Slave_I2C_INT.o)
 .debug_frame   0x000031e4      0x128 .\CortexM0\ARM_GCC_493\Debug\1F3S1SOC.a(UART_SPI_UART.o)
 .debug_frame   0x0000330c       0xec C:\Program Files (x86)\Cypress\PSoC Creator\4.0\PSoC Creator\psoc\content\cycomponentlibrary\CyComponentLibrary.cylib\CapSense_CSD_P4_v2_40\PSoC4\Library\CapsenseP4Library_GCC.a(CSD_P4_SmartSense_v2_40.o)
 .debug_frame   0x000033f8       0x20 c:/program files (x86)/cypress/psoc creator/4.0/psoc creator/import/gnu/arm/4.9.3/bin/../lib/gcc/arm-none-eabi/4.9.3/armv6-m\libgcc.a(_udivsi3.o)
 .debug_frame   0x00003418       0x20 c:/program files (x86)/cypress/psoc creator/4.0/psoc creator/import/gnu/arm/4.9.3/bin/../lib/gcc/arm-none-eabi/4.9.3/armv6-m\libgcc.a(_divsi3.o)
 .debug_frame   0x00003438       0x20 c:/program files (x86)/cypress/psoc creator/4.0/psoc creator/import/gnu/arm/4.9.3/bin/../lib/gcc/arm-none-eabi/4.9.3/../../../../arm-none-eabi/lib/armv6-m\libg_nano.a(lib_a-errno.o)
 .debug_frame   0x00003458       0x28 c:/program files (x86)/cypress/psoc creator/4.0/psoc creator/import/gnu/arm/4.9.3/bin/../lib/gcc/arm-none-eabi/4.9.3/../../../../arm-none-eabi/lib/armv6-m\libg_nano.a(lib_a-exit.o)
 .debug_frame   0x00003480       0x2c c:/program files (x86)/cypress/psoc creator/4.0/psoc creator/import/gnu/arm/4.9.3/bin/../lib/gcc/arm-none-eabi/4.9.3/../../../../arm-none-eabi/lib/armv6-m\libg_nano.a(lib_a-init.o)
 .debug_frame   0x000034ac       0x28 c:/program files (x86)/cypress/psoc creator/4.0/psoc creator/import/gnu/arm/4.9.3/bin/../lib/gcc/arm-none-eabi/4.9.3/../../../../arm-none-eabi/lib/armv6-m\libg_nano.a(lib_a-memcpy.o)
 .debug_frame   0x000034d4       0x20 c:/program files (x86)/cypress/psoc creator/4.0/psoc creator/import/gnu/arm/4.9.3/bin/../lib/gcc/arm-none-eabi/4.9.3/../../../../arm-none-eabi/lib/armv6-m\libg_nano.a(lib_a-memset.o)

.debug_str      0x00000000     0x3c4a
 *(.debug_str)
 .debug_str     0x00000000      0x236 .\CortexM0\ARM_GCC_493\Debug\main.o
                                0x276 (size before relaxing)
 .debug_str     0x00000236       0x59 .\CortexM0\ARM_GCC_493\Debug\cymetadata.o
                                0x1c9 (size before relaxing)
 .debug_str     0x0000028f      0x12c .\CortexM0\ARM_GCC_493\Debug\Cm0Start.o
                                0x2bd (size before relaxing)
 .debug_str     0x000003bb      0x11c .\CortexM0\ARM_GCC_493\Debug\1F3S1SOC.a(cyfitter_cfg.o)
                                0x2d6 (size before relaxing)
 .debug_str     0x000004d7       0xe0 .\CortexM0\ARM_GCC_493\Debug\1F3S1SOC.a(CyFlash.o)
                                0x264 (size before relaxing)
 .debug_str     0x000005b7      0x594 .\CortexM0\ARM_GCC_493\Debug\1F3S1SOC.a(CyLib.o)
                                0x757 (size before relaxing)
 .debug_str     0x00000b4b      0x50d .\CortexM0\ARM_GCC_493\Debug\1F3S1SOC.a(CyLFClk.o)
                                0x6c0 (size before relaxing)
 .debug_str     0x00001058      0x151 .\CortexM0\ARM_GCC_493\Debug\1F3S1SOC.a(I2C_Slave.o)
                                0x2ce (size before relaxing)
 .debug_str     0x000011a9       0xb6 .\CortexM0\ARM_GCC_493\Debug\1F3S1SOC.a(I2C_Slave_I2C.o)
                                0x233 (size before relaxing)
 .debug_str     0x0000125f      0x221 .\CortexM0\ARM_GCC_493\Debug\1F3S1SOC.a(I2C_Slave_I2C_SLAVE.o)
                                0x408 (size before relaxing)
 .debug_str     0x00001480      0x7d3 .\CortexM0\ARM_GCC_493\Debug\1F3S1SOC.a(CapSense.o)
                                0x984 (size before relaxing)
 .debug_str     0x00001c53      0x7ef .\CortexM0\ARM_GCC_493\Debug\1F3S1SOC.a(CapSense_CSHL.o)
                                0xb2e (size before relaxing)
 .debug_str     0x00002442       0x48 .\CortexM0\ARM_GCC_493\Debug\1F3S1SOC.a(CapSense_INT.o)
                                0x22a (size before relaxing)
 .debug_str     0x0000248a      0x21e .\CortexM0\ARM_GCC_493\Debug\1F3S1SOC.a(CapSense_SMS.o)
                                0x757 (size before relaxing)
 .debug_str     0x000026a8       0x9b .\CortexM0\ARM_GCC_493\Debug\1F3S1SOC.a(LED1.o)
                                0x22a (size before relaxing)
 .debug_str     0x00002743       0x80 .\CortexM0\ARM_GCC_493\Debug\1F3S1SOC.a(LED2.o)
                                0x22a (size before relaxing)
 .debug_str     0x000027c3       0x80 .\CortexM0\ARM_GCC_493\Debug\1F3S1SOC.a(LED3.o)
                                0x22a (size before relaxing)
 .debug_str     0x00002843       0x80 .\CortexM0\ARM_GCC_493\Debug\1F3S1SOC.a(LED4.o)
                                0x22a (size before relaxing)
 .debug_str     0x000028c3       0x80 .\CortexM0\ARM_GCC_493\Debug\1F3S1SOC.a(LED5.o)
                                0x22a (size before relaxing)
 .debug_str     0x00002943      0x119 .\CortexM0\ARM_GCC_493\Debug\1F3S1SOC.a(CapSense_SampleClk.o)
                                0x294 (size before relaxing)
 .debug_str     0x00002a5c       0xdf .\CortexM0\ARM_GCC_493\Debug\1F3S1SOC.a(CapSense_SenseClk.o)
                                0x28e (size before relaxing)
 .debug_str     0x00002b3b       0x9c .\CortexM0\ARM_GCC_493\Debug\1F3S1SOC.a(InterPin.o)
                                0x246 (size before relaxing)
 .debug_str     0x00002bd7       0xb9 .\CortexM0\ARM_GCC_493\Debug\1F3S1SOC.a(UART.o)
                                0x252 (size before relaxing)
 .debug_str     0x00002c90      0x181 .\CortexM0\ARM_GCC_493\Debug\1F3S1SOC.a(UART_UART.o)
                                0x31b (size before relaxing)
 .debug_str     0x00002e11       0x87 .\CortexM0\ARM_GCC_493\Debug\1F3S1SOC.a(LED11.o)
                                0x231 (size before relaxing)
 .debug_str     0x00002e98       0x87 .\CortexM0\ARM_GCC_493\Debug\1F3S1SOC.a(LED12.o)
                                0x231 (size before relaxing)
 .debug_str     0x00002f1f       0x87 .\CortexM0\ARM_GCC_493\Debug\1F3S1SOC.a(LED13.o)
                                0x231 (size before relaxing)
 .debug_str     0x00002fa6       0x87 .\CortexM0\ARM_GCC_493\Debug\1F3S1SOC.a(LED14.o)
                                0x231 (size before relaxing)
 .debug_str     0x0000302d      0x504 .\CortexM0\ARM_GCC_493\Debug\1F3S1SOC.a(LED_CONTROL1.o)
                                0x699 (size before relaxing)
 .debug_str     0x00003531       0x8e .\CortexM0\ARM_GCC_493\Debug\1F3S1SOC.a(Triac1.o)
                                0x238 (size before relaxing)
 .debug_str     0x000035bf       0x8e .\CortexM0\ARM_GCC_493\Debug\1F3S1SOC.a(Triac4.o)
                                0x238 (size before relaxing)
 .debug_str     0x0000364d       0x8e .\CortexM0\ARM_GCC_493\Debug\1F3S1SOC.a(Triac3.o)
                                0x238 (size before relaxing)
 .debug_str     0x000036db       0x8e .\CortexM0\ARM_GCC_493\Debug\1F3S1SOC.a(Triac2.o)
                                0x238 (size before relaxing)
 .debug_str     0x00003769       0x8e .\CortexM0\ARM_GCC_493\Debug\1F3S1SOC.a(Triac5.o)
                                0x238 (size before relaxing)
 .debug_str     0x000037f7       0x53 .\CortexM0\ARM_GCC_493\Debug\1F3S1SOC.a(I2C_Slave_I2C_INT.o)
                                0x2d4 (size before relaxing)
 .debug_str     0x0000384a      0x128 .\CortexM0\ARM_GCC_493\Debug\1F3S1SOC.a(UART_SPI_UART.o)
                                0x2bd (size before relaxing)
 .debug_str     0x00003972      0x2d8 C:\Program Files (x86)\Cypress\PSoC Creator\4.0\PSoC Creator\psoc\content\cycomponentlibrary\CyComponentLibrary.cylib\CapSense_CSD_P4_v2_40\PSoC4\Library\CapsenseP4Library_GCC.a(CSD_P4_SmartSense_v2_40.o)
                                0x59f (size before relaxing)

.debug_loc      0x00000000      0x68e
 *(.debug_loc)
 .debug_loc     0x00000000      0x68e C:\Program Files (x86)\Cypress\PSoC Creator\4.0\PSoC Creator\psoc\content\cycomponentlibrary\CyComponentLibrary.cylib\CapSense_CSD_P4_v2_40\PSoC4\Library\CapsenseP4Library_GCC.a(CSD_P4_SmartSense_v2_40.o)

.debug_macinfo
 *(.debug_macinfo)

.debug_ranges   0x00000000      0xdd0
 *(.debug_ranges)
 .debug_ranges  0x00000000       0x30 .\CortexM0\ARM_GCC_493\Debug\main.o
 .debug_ranges  0x00000030       0x38 .\CortexM0\ARM_GCC_493\Debug\Cm0Start.o
 .debug_ranges  0x00000068       0x48 .\CortexM0\ARM_GCC_493\Debug\1F3S1SOC.a(cyfitter_cfg.o)
 .debug_ranges  0x000000b0       0x30 .\CortexM0\ARM_GCC_493\Debug\1F3S1SOC.a(CyFlash.o)
 .debug_ranges  0x000000e0      0x1a8 .\CortexM0\ARM_GCC_493\Debug\1F3S1SOC.a(CyLib.o)
 .debug_ranges  0x00000288      0x148 .\CortexM0\ARM_GCC_493\Debug\1F3S1SOC.a(CyLFClk.o)
 .debug_ranges  0x000003d0       0x58 .\CortexM0\ARM_GCC_493\Debug\1F3S1SOC.a(I2C_Slave.o)
 .debug_ranges  0x00000428       0x18 .\CortexM0\ARM_GCC_493\Debug\1F3S1SOC.a(I2C_Slave_I2C.o)
 .debug_ranges  0x00000440       0x60 .\CortexM0\ARM_GCC_493\Debug\1F3S1SOC.a(I2C_Slave_I2C_SLAVE.o)
 .debug_ranges  0x000004a0      0x148 .\CortexM0\ARM_GCC_493\Debug\1F3S1SOC.a(CapSense.o)
 .debug_ranges  0x000005e8      0x138 .\CortexM0\ARM_GCC_493\Debug\1F3S1SOC.a(CapSense_CSHL.o)
 .debug_ranges  0x00000720       0x10 .\CortexM0\ARM_GCC_493\Debug\1F3S1SOC.a(CapSense_INT.o)
 .debug_ranges  0x00000730       0x50 .\CortexM0\ARM_GCC_493\Debug\1F3S1SOC.a(CapSense_SMS.o)
 .debug_ranges  0x00000780       0x38 .\CortexM0\ARM_GCC_493\Debug\1F3S1SOC.a(LED1.o)
 .debug_ranges  0x000007b8       0x38 .\CortexM0\ARM_GCC_493\Debug\1F3S1SOC.a(LED2.o)
 .debug_ranges  0x000007f0       0x38 .\CortexM0\ARM_GCC_493\Debug\1F3S1SOC.a(LED3.o)
 .debug_ranges  0x00000828       0x38 .\CortexM0\ARM_GCC_493\Debug\1F3S1SOC.a(LED4.o)
 .debug_ranges  0x00000860       0x38 .\CortexM0\ARM_GCC_493\Debug\1F3S1SOC.a(LED5.o)
 .debug_ranges  0x00000898       0x30 .\CortexM0\ARM_GCC_493\Debug\1F3S1SOC.a(CapSense_SampleClk.o)
 .debug_ranges  0x000008c8       0x30 .\CortexM0\ARM_GCC_493\Debug\1F3S1SOC.a(CapSense_SenseClk.o)
 .debug_ranges  0x000008f8       0x38 .\CortexM0\ARM_GCC_493\Debug\1F3S1SOC.a(InterPin.o)
 .debug_ranges  0x00000930       0x50 .\CortexM0\ARM_GCC_493\Debug\1F3S1SOC.a(UART.o)
 .debug_ranges  0x00000980       0x78 .\CortexM0\ARM_GCC_493\Debug\1F3S1SOC.a(UART_UART.o)
 .debug_ranges  0x000009f8       0x38 .\CortexM0\ARM_GCC_493\Debug\1F3S1SOC.a(LED11.o)
 .debug_ranges  0x00000a30       0x38 .\CortexM0\ARM_GCC_493\Debug\1F3S1SOC.a(LED12.o)
 .debug_ranges  0x00000a68       0x38 .\CortexM0\ARM_GCC_493\Debug\1F3S1SOC.a(LED13.o)
 .debug_ranges  0x00000aa0       0x38 .\CortexM0\ARM_GCC_493\Debug\1F3S1SOC.a(LED14.o)
 .debug_ranges  0x00000ad8      0x148 .\CortexM0\ARM_GCC_493\Debug\1F3S1SOC.a(LED_CONTROL1.o)
 .debug_ranges  0x00000c20       0x38 .\CortexM0\ARM_GCC_493\Debug\1F3S1SOC.a(Triac1.o)
 .debug_ranges  0x00000c58       0x38 .\CortexM0\ARM_GCC_493\Debug\1F3S1SOC.a(Triac4.o)
 .debug_ranges  0x00000c90       0x38 .\CortexM0\ARM_GCC_493\Debug\1F3S1SOC.a(Triac3.o)
 .debug_ranges  0x00000cc8       0x38 .\CortexM0\ARM_GCC_493\Debug\1F3S1SOC.a(Triac2.o)
 .debug_ranges  0x00000d00       0x38 .\CortexM0\ARM_GCC_493\Debug\1F3S1SOC.a(Triac5.o)
 .debug_ranges  0x00000d38       0x10 .\CortexM0\ARM_GCC_493\Debug\1F3S1SOC.a(I2C_Slave_I2C_INT.o)
 .debug_ranges  0x00000d48       0x50 .\CortexM0\ARM_GCC_493\Debug\1F3S1SOC.a(UART_SPI_UART.o)
 .debug_ranges  0x00000d98       0x38 C:\Program Files (x86)\Cypress\PSoC Creator\4.0\PSoC Creator\psoc\content\cycomponentlibrary\CyComponentLibrary.cylib\CapSense_CSD_P4_v2_40\PSoC4\Library\CapsenseP4Library_GCC.a(CSD_P4_SmartSense_v2_40.o)

.comment        0x00000000       0x70
 .comment       0x00000000       0x70 .\CortexM0\ARM_GCC_493\Debug\main.o
                                 0x71 (size before relaxing)
 .comment       0x00000000       0x71 .\CortexM0\ARM_GCC_493\Debug\cymetadata.o
 .comment       0x00000000       0x71 .\CortexM0\ARM_GCC_493\Debug\Cm0Start.o
 .comment       0x00000000       0x71 .\CortexM0\ARM_GCC_493\Debug\1F3S1SOC.a(cyfitter_cfg.o)
 .comment       0x00000000       0x71 .\CortexM0\ARM_GCC_493\Debug\1F3S1SOC.a(CyFlash.o)
 .comment       0x00000000       0x71 .\CortexM0\ARM_GCC_493\Debug\1F3S1SOC.a(CyLib.o)
 .comment       0x00000000       0x71 .\CortexM0\ARM_GCC_493\Debug\1F3S1SOC.a(CyLFClk.o)
 .comment       0x00000000       0x71 .\CortexM0\ARM_GCC_493\Debug\1F3S1SOC.a(I2C_Slave.o)
 .comment       0x00000000       0x71 .\CortexM0\ARM_GCC_493\Debug\1F3S1SOC.a(I2C_Slave_I2C.o)
 .comment       0x00000000       0x71 .\CortexM0\ARM_GCC_493\Debug\1F3S1SOC.a(I2C_Slave_I2C_SLAVE.o)
 .comment       0x00000000       0x71 .\CortexM0\ARM_GCC_493\Debug\1F3S1SOC.a(CapSense.o)
 .comment       0x00000000       0x71 .\CortexM0\ARM_GCC_493\Debug\1F3S1SOC.a(CapSense_CSHL.o)
 .comment       0x00000000       0x71 .\CortexM0\ARM_GCC_493\Debug\1F3S1SOC.a(CapSense_INT.o)
 .comment       0x00000000       0x71 .\CortexM0\ARM_GCC_493\Debug\1F3S1SOC.a(CapSense_SMS.o)
 .comment       0x00000000       0x71 .\CortexM0\ARM_GCC_493\Debug\1F3S1SOC.a(LED1.o)
 .comment       0x00000000       0x71 .\CortexM0\ARM_GCC_493\Debug\1F3S1SOC.a(LED2.o)
 .comment       0x00000000       0x71 .\CortexM0\ARM_GCC_493\Debug\1F3S1SOC.a(LED3.o)
 .comment       0x00000000       0x71 .\CortexM0\ARM_GCC_493\Debug\1F3S1SOC.a(LED4.o)
 .comment       0x00000000       0x71 .\CortexM0\ARM_GCC_493\Debug\1F3S1SOC.a(LED5.o)
 .comment       0x00000000       0x71 .\CortexM0\ARM_GCC_493\Debug\1F3S1SOC.a(CapSense_SampleClk.o)
 .comment       0x00000000       0x71 .\CortexM0\ARM_GCC_493\Debug\1F3S1SOC.a(CapSense_SenseClk.o)
 .comment       0x00000000       0x71 .\CortexM0\ARM_GCC_493\Debug\1F3S1SOC.a(InterPin.o)
 .comment       0x00000000       0x71 .\CortexM0\ARM_GCC_493\Debug\1F3S1SOC.a(UART.o)
 .comment       0x00000000       0x71 .\CortexM0\ARM_GCC_493\Debug\1F3S1SOC.a(UART_UART.o)
 .comment       0x00000000       0x71 .\CortexM0\ARM_GCC_493\Debug\1F3S1SOC.a(LED11.o)
 .comment       0x00000000       0x71 .\CortexM0\ARM_GCC_493\Debug\1F3S1SOC.a(LED12.o)
 .comment       0x00000000       0x71 .\CortexM0\ARM_GCC_493\Debug\1F3S1SOC.a(LED13.o)
 .comment       0x00000000       0x71 .\CortexM0\ARM_GCC_493\Debug\1F3S1SOC.a(LED14.o)
 .comment       0x00000000       0x71 .\CortexM0\ARM_GCC_493\Debug\1F3S1SOC.a(LED_CONTROL1.o)
 .comment       0x00000000       0x71 .\CortexM0\ARM_GCC_493\Debug\1F3S1SOC.a(Triac1.o)
 .comment       0x00000000       0x71 .\CortexM0\ARM_GCC_493\Debug\1F3S1SOC.a(Triac4.o)
 .comment       0x00000000       0x71 .\CortexM0\ARM_GCC_493\Debug\1F3S1SOC.a(Triac3.o)
 .comment       0x00000000       0x71 .\CortexM0\ARM_GCC_493\Debug\1F3S1SOC.a(Triac2.o)
 .comment       0x00000000       0x71 .\CortexM0\ARM_GCC_493\Debug\1F3S1SOC.a(Triac5.o)
 .comment       0x00000000       0x71 .\CortexM0\ARM_GCC_493\Debug\1F3S1SOC.a(I2C_Slave_I2C_INT.o)
 .comment       0x00000000       0x71 .\CortexM0\ARM_GCC_493\Debug\1F3S1SOC.a(UART_SPI_UART.o)
 .comment       0x00000000       0x71 C:\Program Files (x86)\Cypress\PSoC Creator\4.0\PSoC Creator\psoc\content\cycomponentlibrary\CyComponentLibrary.cylib\CapSense_CSD_P4_v2_40\PSoC4\Library\CapsenseP4Library_GCC.a(CSD_P4_SmartSense_v2_40.o)

.debug_weaknames
 *(.debug_weaknames)

.debug_funcnames
 *(.debug_funcnames)

.debug_typenames
 *(.debug_typenames)

.debug_varnames
 *(.debug_varnames)

.note.gnu.arm.ident
 *(.note.gnu.arm.ident)

.ARM.attributes
                0x00000000       0x28
 *(.ARM.attributes)
 .ARM.attributes
                0x00000000       0x1e c:/program files (x86)/cypress/psoc creator/4.0/psoc creator/import/gnu/arm/4.9.3/bin/../lib/gcc/arm-none-eabi/4.9.3/armv6-m/crti.o
 .ARM.attributes
                0x0000001e       0x2c c:/program files (x86)/cypress/psoc creator/4.0/psoc creator/import/gnu/arm/4.9.3/bin/../lib/gcc/arm-none-eabi/4.9.3/armv6-m/crtbegin.o
 .ARM.attributes
                0x0000004a       0x1b c:/program files (x86)/cypress/psoc creator/4.0/psoc creator/import/gnu/arm/4.9.3/bin/../lib/gcc/arm-none-eabi/4.9.3/../../../../arm-none-eabi/lib/armv6-m/crt0.o
 .ARM.attributes
                0x00000065       0x31 .\CortexM0\ARM_GCC_493\Debug\main.o
 .ARM.attributes
                0x00000096       0x31 .\CortexM0\ARM_GCC_493\Debug\cymetadata.o
 .ARM.attributes
                0x000000c7       0x31 .\CortexM0\ARM_GCC_493\Debug\Cm0Start.o
 .ARM.attributes
                0x000000f8       0x31 .\CortexM0\ARM_GCC_493\Debug\1F3S1SOC.a(cyfitter_cfg.o)
 .ARM.attributes
                0x00000129       0x31 .\CortexM0\ARM_GCC_493\Debug\1F3S1SOC.a(CyFlash.o)
 .ARM.attributes
                0x0000015a       0x31 .\CortexM0\ARM_GCC_493\Debug\1F3S1SOC.a(CyLib.o)
 .ARM.attributes
                0x0000018b       0x31 .\CortexM0\ARM_GCC_493\Debug\1F3S1SOC.a(CyLFClk.o)
 .ARM.attributes
                0x000001bc       0x31 .\CortexM0\ARM_GCC_493\Debug\1F3S1SOC.a(I2C_Slave.o)
 .ARM.attributes
                0x000001ed       0x31 .\CortexM0\ARM_GCC_493\Debug\1F3S1SOC.a(I2C_Slave_I2C.o)
 .ARM.attributes
                0x0000021e       0x31 .\CortexM0\ARM_GCC_493\Debug\1F3S1SOC.a(I2C_Slave_I2C_SLAVE.o)
 .ARM.attributes
                0x0000024f       0x31 .\CortexM0\ARM_GCC_493\Debug\1F3S1SOC.a(CapSense.o)
 .ARM.attributes
                0x00000280       0x31 .\CortexM0\ARM_GCC_493\Debug\1F3S1SOC.a(CapSense_CSHL.o)
 .ARM.attributes
                0x000002b1       0x31 .\CortexM0\ARM_GCC_493\Debug\1F3S1SOC.a(CapSense_INT.o)
 .ARM.attributes
                0x000002e2       0x31 .\CortexM0\ARM_GCC_493\Debug\1F3S1SOC.a(CapSense_SMS.o)
 .ARM.attributes
                0x00000313       0x31 .\CortexM0\ARM_GCC_493\Debug\1F3S1SOC.a(LED1.o)
 .ARM.attributes
                0x00000344       0x31 .\CortexM0\ARM_GCC_493\Debug\1F3S1SOC.a(LED2.o)
 .ARM.attributes
                0x00000375       0x31 .\CortexM0\ARM_GCC_493\Debug\1F3S1SOC.a(LED3.o)
 .ARM.attributes
                0x000003a6       0x31 .\CortexM0\ARM_GCC_493\Debug\1F3S1SOC.a(LED4.o)
 .ARM.attributes
                0x000003d7       0x31 .\CortexM0\ARM_GCC_493\Debug\1F3S1SOC.a(LED5.o)
 .ARM.attributes
                0x00000408       0x31 .\CortexM0\ARM_GCC_493\Debug\1F3S1SOC.a(CapSense_SampleClk.o)
 .ARM.attributes
                0x00000439       0x31 .\CortexM0\ARM_GCC_493\Debug\1F3S1SOC.a(CapSense_SenseClk.o)
 .ARM.attributes
                0x0000046a       0x31 .\CortexM0\ARM_GCC_493\Debug\1F3S1SOC.a(InterPin.o)
 .ARM.attributes
                0x0000049b       0x31 .\CortexM0\ARM_GCC_493\Debug\1F3S1SOC.a(UART.o)
 .ARM.attributes
                0x000004cc       0x31 .\CortexM0\ARM_GCC_493\Debug\1F3S1SOC.a(UART_UART.o)
 .ARM.attributes
                0x000004fd       0x31 .\CortexM0\ARM_GCC_493\Debug\1F3S1SOC.a(LED11.o)
 .ARM.attributes
                0x0000052e       0x31 .\CortexM0\ARM_GCC_493\Debug\1F3S1SOC.a(LED12.o)
 .ARM.attributes
                0x0000055f       0x31 .\CortexM0\ARM_GCC_493\Debug\1F3S1SOC.a(LED13.o)
 .ARM.attributes
                0x00000590       0x31 .\CortexM0\ARM_GCC_493\Debug\1F3S1SOC.a(LED14.o)
 .ARM.attributes
                0x000005c1       0x31 .\CortexM0\ARM_GCC_493\Debug\1F3S1SOC.a(LED_CONTROL1.o)
 .ARM.attributes
                0x000005f2       0x31 .\CortexM0\ARM_GCC_493\Debug\1F3S1SOC.a(Triac1.o)
 .ARM.attributes
                0x00000623       0x31 .\CortexM0\ARM_GCC_493\Debug\1F3S1SOC.a(Triac4.o)
 .ARM.attributes
                0x00000654       0x31 .\CortexM0\ARM_GCC_493\Debug\1F3S1SOC.a(Triac3.o)
 .ARM.attributes
                0x00000685       0x31 .\CortexM0\ARM_GCC_493\Debug\1F3S1SOC.a(Triac2.o)
 .ARM.attributes
                0x000006b6       0x31 .\CortexM0\ARM_GCC_493\Debug\1F3S1SOC.a(Triac5.o)
 .ARM.attributes
                0x000006e7       0x21 .\CortexM0\ARM_GCC_493\Debug\1F3S1SOC.a(CyBootAsmGnu.o)
 .ARM.attributes
                0x00000708       0x31 .\CortexM0\ARM_GCC_493\Debug\1F3S1SOC.a(I2C_Slave_I2C_INT.o)
 .ARM.attributes
                0x00000739       0x31 .\CortexM0\ARM_GCC_493\Debug\1F3S1SOC.a(UART_SPI_UART.o)
 .ARM.attributes
                0x0000076a       0x31 C:\Program Files (x86)\Cypress\PSoC Creator\4.0\PSoC Creator\psoc\content\cycomponentlibrary\CyComponentLibrary.cylib\CapSense_CSD_P4_v2_40\PSoC4\Library\CapsenseP4Library_GCC.a(CSD_P4_SmartSense_v2_40.o)
 .ARM.attributes
                0x0000079b       0x1e c:/program files (x86)/cypress/psoc creator/4.0/psoc creator/import/gnu/arm/4.9.3/bin/../lib/gcc/arm-none-eabi/4.9.3/armv6-m\libgcc.a(_udivsi3.o)
 .ARM.attributes
                0x000007b9       0x1e c:/program files (x86)/cypress/psoc creator/4.0/psoc creator/import/gnu/arm/4.9.3/bin/../lib/gcc/arm-none-eabi/4.9.3/armv6-m\libgcc.a(_divsi3.o)
 .ARM.attributes
                0x000007d7       0x1e c:/program files (x86)/cypress/psoc creator/4.0/psoc creator/import/gnu/arm/4.9.3/bin/../lib/gcc/arm-none-eabi/4.9.3/armv6-m\libgcc.a(_dvmd_tls.o)
 .ARM.attributes
                0x000007f5       0x2c c:/program files (x86)/cypress/psoc creator/4.0/psoc creator/import/gnu/arm/4.9.3/bin/../lib/gcc/arm-none-eabi/4.9.3/../../../../arm-none-eabi/lib/armv6-m\libg_nano.a(lib_a-errno.o)
 .ARM.attributes
                0x00000821       0x2c c:/program files (x86)/cypress/psoc creator/4.0/psoc creator/import/gnu/arm/4.9.3/bin/../lib/gcc/arm-none-eabi/4.9.3/../../../../arm-none-eabi/lib/armv6-m\libg_nano.a(lib_a-exit.o)
 .ARM.attributes
                0x0000084d       0x2c c:/program files (x86)/cypress/psoc creator/4.0/psoc creator/import/gnu/arm/4.9.3/bin/../lib/gcc/arm-none-eabi/4.9.3/../../../../arm-none-eabi/lib/armv6-m\libg_nano.a(lib_a-impure.o)
 .ARM.attributes
                0x00000879       0x2c c:/program files (x86)/cypress/psoc creator/4.0/psoc creator/import/gnu/arm/4.9.3/bin/../lib/gcc/arm-none-eabi/4.9.3/../../../../arm-none-eabi/lib/armv6-m\libg_nano.a(lib_a-init.o)
 .ARM.attributes
                0x000008a5       0x2c c:/program files (x86)/cypress/psoc creator/4.0/psoc creator/import/gnu/arm/4.9.3/bin/../lib/gcc/arm-none-eabi/4.9.3/../../../../arm-none-eabi/lib/armv6-m\libg_nano.a(lib_a-memcpy.o)
 .ARM.attributes
                0x000008d1       0x2c c:/program files (x86)/cypress/psoc creator/4.0/psoc creator/import/gnu/arm/4.9.3/bin/../lib/gcc/arm-none-eabi/4.9.3/../../../../arm-none-eabi/lib/armv6-m\libg_nano.a(lib_a-memset.o)
 .ARM.attributes
                0x000008fd       0x2c c:/program files (x86)/cypress/psoc creator/4.0/psoc creator/import/gnu/arm/4.9.3/bin/../lib/gcc/arm-none-eabi/4.9.3/armv6-m/crtend.o
 .ARM.attributes
                0x00000929       0x1e c:/program files (x86)/cypress/psoc creator/4.0/psoc creator/import/gnu/arm/4.9.3/bin/../lib/gcc/arm-none-eabi/4.9.3/armv6-m/crtn.o

/DISCARD/
 *(.note.GNU-stack)
OUTPUT(.\CortexM0\ARM_GCC_493\Debug\1F3S1SOC.elf elf32-littlearm)
